08:14:53 INFO    can.interfaces.socketcan.socketcan Created a socket
08:14:53 INFO    canlink    CAN bus open: socketcan:can0 @ 250000
08:14:53 INFO    autopilot  Autopilot CSV log initialized at logs/autopilot_log_20260726_081453.csv
08:14:53 INFO    autopilot  Autopilot run thread started.
08:14:54 INFO    autopilot  set heading value to 180.642262357596.
08:14:54 INFO    autopilot  set heading value to 180.67089171973984.
08:14:54 INFO    autopilot  set heading value to 180.68779707563604.
08:14:54 INFO    autopilot  set heading value to 180.7127756757457.
08:14:55 INFO    autopilot  set heading value to 180.7413769701162.
08:14:55 INFO    autopilot  set heading value to 180.77298928699668.
08:14:55 INFO    autopilot  set heading value to 180.81199056517252.
08:14:55 INFO    autopilot  set heading value to 180.85720043659623.
08:14:56 INFO    autopilot  set heading value to 180.89330298415288.
08:14:56 INFO    autopilot  set heading value to 180.9280384884768.
08:14:56 INFO    autopilot  set heading value to 180.95703618101365.
08:14:56 INFO    autopilot  set heading value to 180.95030572895539.
08:14:57 INFO    autopilot  set heading value to 180.92836922314697.
08:14:57 INFO    autopilot  set heading value to 180.9113436723822.
08:14:57 INFO    autopilot  set heading value to 180.91521707202546.
08:14:57 INFO    autopilot  set heading value to 180.94806698060881.
08:14:58 INFO    autopilot  set heading value to 180.97580565104286.
08:14:58 INFO    autopilot  set heading value to 180.98465852831106.
08:14:58 INFO    autopilot  set heading value to 180.97881909335274.
08:14:58 INFO    autopilot  set heading value to 180.95763549423322.
08:14:59 INFO    autopilot  set heading value to 180.9337444488479.
08:14:59 INFO    autopilot  set heading value to 180.87566529638534.
08:14:59 INFO    autopilot  set heading value to 180.79577275026975.
08:14:59 INFO    autopilot  set heading value to 180.72188742551586.
08:15:00 INFO    autopilot  set heading value to 180.65297117368067.
08:15:00 INFO    autopilot  set heading value to 180.60292385197.
08:15:00 INFO    autopilot  set heading value to 180.5636586589023.
08:15:00 INFO    autopilot  set heading value to 180.5219601480167.
08:15:01 INFO    autopilot  set heading value to 180.47880295327036.
08:15:01 INFO    autopilot  set heading value to 180.4305343991678.
08:15:01 INFO    autopilot  set heading value to 180.3673708083386.
08:15:02 INFO    autopilot  set heading value to 180.30157178509694.
08:15:02 INFO    autopilot  set heading value to 180.22408389949948.
08:15:02 INFO    autopilot  set heading value to 180.10981742133984.
08:15:02 INFO    autopilot  set heading value to 179.97000528809755.
08:15:03 INFO    autopilot  set heading value to 179.84982706478212.
08:15:03 INFO    autopilot  set heading value to 179.81602629582028.
08:15:03 INFO    autopilot  set heading value to 179.81549708418277.
08:15:03 INFO    autopilot  set heading value to 179.80896936564056.
08:15:04 INFO    autopilot  set heading value to 179.7999755400679.
08:15:04 INFO    autopilot  set heading value to 179.7787516878687.
08:15:04 INFO    autopilot  set heading value to 179.7479037295981.
08:15:04 INFO    autopilot  set heading value to 179.7194446790743.
08:15:05 INFO    autopilot  set heading value to 179.6873289763462.
08:15:05 INFO    autopilot  set heading value to 179.68541053457025.
08:15:05 INFO    autopilot  set heading value to 179.7038870974763.
08:15:05 INFO    autopilot  set heading value to 179.72755343517417.
08:15:06 INFO    autopilot  set heading value to 179.74283181222972.
08:15:06 INFO    autopilot  set heading value to 179.7522491974493.
08:15:06 INFO    autopilot  set heading value to 179.7593161589643.
08:15:06 INFO    autopilot  set heading value to 179.75341516458082.
08:15:07 INFO    autopilot  set heading value to 179.7321979551526.
08:15:07 INFO    autopilot  set heading value to 179.72350413913804.
08:15:07 INFO    autopilot  set heading value to 179.72730995769274.
08:15:07 INFO    autopilot  set heading value to 179.73530253603363.
08:15:08 INFO    autopilot  set heading value to 179.7442343223911.
08:15:08 INFO    autopilot  set heading value to 179.74467095664872.
08:15:08 INFO    autopilot  set heading value to 179.74241816468773.
08:15:08 INFO    autopilot  set heading value to 179.7396729666966.
08:15:09 INFO    autopilot  set heading value to 179.73523902295906.
08:15:09 INFO    autopilot  set heading value to 179.73029575638603.
08:15:09 INFO    autopilot  set heading value to 179.70435507922267.
08:15:09 INFO    autopilot  set heading value to 179.68522459408553.
08:15:10 INFO    autopilot  set heading value to 179.69906464885264.
08:15:10 INFO    autopilot  set heading value to 179.74362417363426.
08:15:10 INFO    autopilot  set heading value to 179.79406351730253.
08:15:10 INFO    autopilot  set heading value to 179.8371334306819.
08:15:11 INFO    autopilot  set heading value to 179.90155772009192.
08:15:11 INFO    autopilot  set heading value to 179.981432549077.
08:15:11 INFO    autopilot  set heading value to 180.05247680212392.
08:15:11 INFO    autopilot  set heading value to 180.1013748830348.
08:15:12 INFO    autopilot  set heading value to 180.11979462382448.
08:15:12 INFO    autopilot  set heading value to 180.11723357301872.
08:15:12 INFO    autopilot  set heading value to 180.0993749108129.
08:15:12 INFO    autopilot  set heading value to 180.06316960500916.
08:15:13 INFO    autopilot  set heading value to 180.0038005598079.
08:15:13 INFO    autopilot  set heading value to 179.9184546542278.
08:15:13 INFO    autopilot  set heading goal to 179.9184546542278.
08:15:13 INFO    autopilot  set heading value to 179.806058651631.
08:15:13 INFO    autopilot  set heading value to 179.7124096227146.
08:15:14 INFO    autopilot  set heading value to 179.63454159956126.
08:15:14 INFO    CAN        Sent CAN steering goal: 1436.1°  c3e9158045ffffff
08:15:14 INFO    autopilot  set heading value to 179.5698887200227.
08:15:14 INFO    autopilot  set heading value to 179.5183430983322.
08:15:14 INFO    autopilot  set heading value to 179.48467653708065.
08:15:15 INFO    autopilot  set heading value to 179.46445088033903.
08:15:15 INFO    CAN        Sent CAN steering goal: 1439.7°  a3f7158045ffffff
08:15:15 INFO    autopilot  set heading value to 179.46182610098847.
08:15:15 INFO    autopilot  set heading value to 179.467952693128.
08:15:15 INFO    autopilot  set heading value to 179.46766593729814.
08:15:16 INFO    autopilot  set heading value to 179.45383045418754.
08:15:16 INFO    autopilot  set heading value to 179.4214608738432.
08:15:16 INFO    autopilot  set heading value to 179.3853098794886.
08:15:16 INFO    autopilot  set heading value to 179.36028570518857.
08:15:17 INFO    autopilot  set heading value to 179.33673203882992.
08:15:17 INFO    autopilot  set heading value to 179.29627653836147.
08:15:17 INFO    autopilot  set heading value to 179.2520313865006.
08:15:17 INFO    autopilot  set heading value to 179.2318015054142.
08:15:18 INFO    autopilot  set heading value to 179.2183793382865.
08:15:18 INFO    autopilot  set heading value to 179.20382441090555.
08:15:18 INFO    autopilot  set heading value to 179.19142712798725.
08:15:18 INFO    autopilot  set heading value to 179.17524216915984.
08:15:19 INFO    autopilot  set heading value to 179.16797947028792.
08:15:19 INFO    autopilot  set heading value to 179.15728529433034.
08:15:19 INFO    autopilot  set heading goal to 180.9184546542278.
08:15:19 INFO    autopilot  set heading value to 179.13746782285213.
08:15:20 INFO    autopilot  set heading value to 179.129416443959.
08:15:20 INFO    autopilot  set heading value to 179.1342078010424.
08:15:20 INFO    autopilot  set heading value to 179.13701857783954.
08:15:20 INFO    autopilot  set heading goal to 181.9184546542278.
08:15:20 INFO    autopilot  set heading value to 179.1279757175902.
08:15:20 INFO    autopilot  set heading goal to 182.9184546542278.
08:15:21 INFO    autopilot  set heading value to 179.12163473668866.
08:15:21 INFO    autopilot  set heading goal to 183.9184546542278.
08:15:21 INFO    autopilot  set heading goal to 184.9184546542278.
08:15:21 INFO    autopilot  set heading value to 179.10307087811967.
08:15:21 INFO    CAN        Sent CAN steering goal: 1638.2°  5bff188045ffffff
08:15:21 INFO    autopilot  set heading goal to 185.9184546542278.
08:15:21 INFO    autopilot  set heading value to 179.06922745458309.
08:15:21 INFO    autopilot  set heading value to 179.04692801434814.
08:15:21 INFO    autopilot  set heading goal to 186.9184546542278.
08:15:22 INFO    autopilot  set heading value to 179.03434006425803.
08:15:22 INFO    autopilot  set heading goal to 187.9184546542278.
08:15:22 INFO    autopilot  set heading goal to 188.9184546542278.
08:15:22 INFO    autopilot  set heading value to 179.02462156969182.
08:15:22 INFO    CAN        Sent CAN steering goal: 1759.5°  ffd81a8045ffffff
08:15:22 INFO    autopilot  set heading goal to 189.9184546542278.
08:15:22 INFO    autopilot  set heading value to 179.040918576085.
08:15:22 INFO    autopilot  set heading goal to 190.9184546542278.
08:15:22 INFO    autopilot  set heading goal to 191.9184546542278.
08:15:22 INFO    autopilot  set heading value to 179.0787659301471.
08:15:22 INFO    autopilot  set heading goal to 192.9184546542278.
08:15:23 INFO    autopilot  set heading value to 179.11635867311168.
08:15:23 INFO    autopilot  set heading value to 179.14799343428905.
08:15:23 INFO    CAN        Sent CAN steering goal: 1851.2°  2f3f1c8045ffffff
08:15:23 INFO    autopilot  set heading value to 179.17914333565892.
08:15:23 INFO    autopilot  set heading value to 179.22729736514182.
08:15:24 INFO    autopilot  set heading value to 179.28813138416342.
08:15:24 INFO    autopilot  set heading value to 179.34251434632122.
08:15:24 INFO    autopilot  set heading value to 179.37007121681089.
08:15:24 INFO    autopilot  set heading value to 179.37813011983982.
08:15:25 INFO    autopilot  set heading value to 179.3750433803278.
08:15:25 INFO    autopilot  set heading value to 179.37744616231606.
08:15:25 INFO    autopilot  set heading value to 179.39634402845962.
08:15:25 INFO    autopilot  set heading value to 179.42114025695295.
08:15:26 INFO    autopilot  set heading value to 179.43380057460791.
08:15:26 INFO    autopilot  set heading value to 179.430364210122.
08:15:26 INFO    autopilot  set heading value to 179.42233047230349.
08:15:26 INFO    autopilot  set heading value to 179.403896746393.
08:15:27 INFO    autopilot  set heading value to 179.37902783351623.
08:15:27 INFO    autopilot  set heading value to 179.36089266267794.
08:15:27 INFO    autopilot  set heading value to 179.36445371883246.
08:15:27 INFO    autopilot  set heading value to 179.3751644595419.
08:15:28 INFO    autopilot  set heading value to 179.39209924642037.
08:15:28 INFO    autopilot  set heading value to 179.4038839330563.
08:15:28 INFO    autopilot  set heading value to 179.3950686464389.
08:15:28 INFO    autopilot  set heading value to 179.38448673006926.
08:15:29 INFO    autopilot  set heading value to 179.36430199605203.
08:15:29 INFO    autopilot  set heading value to 179.34132964223673.
08:15:29 INFO    autopilot  set heading value to 179.33718163686603.
08:15:29 INFO    autopilot  set heading value to 179.3375791260468.
08:15:30 INFO    autopilot  set heading value to 179.3248164110285.
08:15:30 INFO    autopilot  set heading value to 179.303393070023.
08:15:30 INFO    autopilot  set heading value to 179.28993442895452.
08:15:30 INFO    autopilot  set heading value to 179.27569631873567.
08:15:31 INFO    autopilot  set heading value to 179.26007377717.
08:15:31 INFO    autopilot  set heading value to 179.24649785805798.
08:15:31 INFO    autopilot  set heading value to 179.25047397565612.
08:15:31 INFO    autopilot  set heading value to 179.2730075229611.
08:15:32 INFO    autopilot  set heading value to 179.29244678762458.
08:15:32 INFO    autopilot  set heading value to 179.301675373344.
08:15:32 INFO    autopilot  set heading value to 179.30271621763796.
08:15:32 INFO    autopilot  set heading value to 179.29481093063143.
08:15:33 INFO    autopilot  set heading value to 179.2737777240254.
08:15:33 INFO    autopilot  set heading value to 179.2452567248002.
08:15:33 INFO    autopilot  set heading value to 179.21874604241145.
08:15:33 INFO    autopilot  set heading value to 179.1939239617933.
08:15:34 INFO    autopilot  set heading value to 179.16053100556977.
08:15:34 INFO    autopilot  set heading value to 179.12200631137057.
08:15:34 INFO    autopilot  set heading value to 179.08140508560405.
08:15:34 INFO    autopilot  set heading value to 179.04342807611377.
08:15:35 INFO    autopilot  set heading value to 179.00840428215184.
08:15:35 INFO    autopilot  set heading value to 178.98595092428397.
08:15:35 INFO    autopilot  set heading value to 178.97597523245412.
08:15:35 INFO    autopilot  set heading value to 178.96883932893837.
08:15:36 INFO    autopilot  set heading value to 178.94671452892197.
08:15:36 INFO    autopilot  set heading value to 178.9240844754664.
08:15:36 INFO    CAN        Sent CAN steering goal: 1949.6°  92bf1d8045ffffff
08:15:36 INFO    autopilot  set heading value to 178.91273239349607.
08:15:36 INFO    autopilot  set heading value to 178.9074348688308.
08:15:37 INFO    autopilot  set heading value to 178.91500777962153.
08:15:37 INFO    autopilot  set heading value to 178.91991219610784.
08:15:37 INFO    autopilot  set heading value to 178.9098947241511.
08:15:38 INFO    autopilot  set heading value to 178.90067905474555.
08:15:38 INFO    autopilot  set heading value to 178.90212729063856.
08:15:38 INFO    autopilot  set heading value to 178.90600498177503.
08:15:38 INFO    autopilot  set heading value to 178.88460243710898.
08:15:39 INFO    autopilot  set heading value to 178.83951489222576.
08:15:39 INFO    autopilot  set heading value to 178.81780809601744.
08:15:39 INFO    autopilot  set heading value to 178.80874531545444.
08:15:39 INFO    autopilot  set heading value to 178.80389695561874.
08:15:40 INFO    autopilot  set heading value to 178.80382961966964.
08:15:40 INFO    autopilot  set heading value to 178.80413815482038.
08:15:40 INFO    autopilot  set heading value to 178.82034067287447.
08:15:40 INFO    autopilot  set heading value to 178.83649324336298.
08:15:41 INFO    autopilot  set heading value to 178.84754546946039.
08:15:41 INFO    autopilot  set heading value to 178.87545385612827.
08:15:41 INFO    autopilot  set heading value to 178.8955444399572.
08:15:41 INFO    autopilot  set heading value to 178.87678797490824.
08:15:42 INFO    autopilot  set heading value to 178.8256755796887.
08:15:42 INFO    autopilot  set heading value to 178.76492697907884.
08:15:42 INFO    autopilot  set heading value to 178.69908640719643.
08:15:42 INFO    autopilot  set heading value to 178.65194832680152.
08:15:43 INFO    autopilot  set heading value to 178.62096340869246.
08:15:43 INFO    autopilot  set heading value to 178.6084977999149.
08:15:43 INFO    autopilot  set heading value to 178.61144453252132.
08:15:43 INFO    autopilot  set heading value to 178.61812614997845.
08:15:44 INFO    autopilot  set heading goal to 191.9184546542278.
08:15:44 INFO    autopilot  set heading value to 178.63398371566745.
08:15:44 INFO    autopilot  set heading value to 178.65666158262624.
08:15:44 INFO    autopilot  set heading goal to 190.9184546542278.
08:15:44 INFO    autopilot  set heading goal to 189.9184546542278.
08:15:44 INFO    autopilot  set heading value to 178.66284016503337.
08:15:44 INFO    autopilot  set heading goal to 188.9184546542278.
08:15:44 INFO    autopilot  set heading value to 178.6595817259546.
08:15:44 INFO    autopilot  set heading goal to 187.9184546542278.
08:15:45 INFO    autopilot  set heading goal to 186.9184546542278.
08:15:45 INFO    autopilot  set heading value to 178.65170111681783.
08:15:45 INFO    autopilot  set heading value to 178.64699563180994.
08:15:45 INFO    autopilot  set heading goal to 185.9184546542278.
08:15:45 INFO    autopilot  set heading goal to 184.9184546542278.
08:15:45 INFO    autopilot  set heading value to 178.6581224737138.
08:15:45 INFO    autopilot  set heading goal to 183.9184546542278.
08:15:45 INFO    autopilot  set heading goal to 182.9184546542278.
08:15:45 INFO    autopilot  set heading goal to 181.9184546542278.
08:15:45 INFO    CAN        Sent CAN steering goal: 1614.3°  d6a1188045ffffff
08:15:45 INFO    autopilot  set heading goal to 180.9184546542278.
08:15:45 INFO    autopilot  set heading goal to 179.9184546542278.
08:15:45 INFO    autopilot  set heading goal to 178.9184546542278.
08:15:45 INFO    autopilot  set heading goal to 177.9184546542278.
08:15:45 INFO    autopilot  set heading goal to 176.9184546542278.
08:15:45 INFO    autopilot  set heading goal to 175.9184546542278.
08:15:45 INFO    autopilot  set heading value to 178.6926128573443.
08:15:45 INFO    autopilot  set heading goal to 174.9184546542278.
08:15:45 INFO    autopilot  set heading goal to 173.9184546542278.
08:15:45 INFO    autopilot  set heading goal to 172.9184546542278.
08:15:46 INFO    autopilot  set heading goal to 171.9184546542278.
08:15:46 INFO    autopilot  set heading goal to 170.9184546542278.
08:15:46 INFO    autopilot  set heading goal to 169.9184546542278.
08:15:46 INFO    autopilot  set heading goal to 168.9184546542278.
08:15:46 INFO    autopilot  set heading goal to 167.9184546542278.
08:15:46 INFO    autopilot  set heading value to 178.73168269907603.
08:15:46 INFO    autopilot  set heading goal to 166.9184546542278.
08:15:46 INFO    autopilot  set heading goal to 165.9184546542278.
08:15:46 INFO    autopilot  set heading goal to 164.9184546542278.
08:15:46 INFO    autopilot  set heading goal to 163.9184546542278.
08:15:46 INFO    autopilot  set heading goal to 162.9184546542278.
08:15:46 INFO    autopilot  set heading goal to 161.9184546542278.
08:15:46 INFO    autopilot  set heading goal to 160.9184546542278.
08:15:46 INFO    autopilot  set heading goal to 159.9184546542278.
08:15:46 INFO    autopilot  set heading goal to 158.9184546542278.
08:15:46 INFO    autopilot  set heading value to 178.7675640424411.
08:15:46 INFO    autopilot  set heading goal to 157.9184546542278.
08:15:46 INFO    autopilot  set heading goal to 156.9184546542278.
08:15:46 INFO    autopilot  set heading goal to 155.9184546542278.
08:15:46 INFO    autopilot  set heading goal to 154.9184546542278.
08:15:46 INFO    autopilot  set heading goal to 153.9184546542278.
08:15:46 INFO    autopilot  set heading goal to 152.9184546542278.
08:15:46 INFO    autopilot  set heading goal to 151.9184546542278.
08:15:46 INFO    autopilot  set heading goal to 150.9184546542278.
08:15:46 INFO    autopilot  set heading goal to 149.9184546542278.
08:15:46 INFO    autopilot  set heading value to 178.79534460667074.
08:15:46 INFO    CAN        Sent CAN steering goal: 568.5°  c9ac088045ffffff
08:15:46 INFO    autopilot  set heading goal to 148.9184546542278.
08:15:46 INFO    autopilot  set heading goal to 147.9184546542278.
08:15:46 INFO    autopilot  set heading goal to 146.9184546542278.
08:15:46 INFO    autopilot  set heading goal to 145.9184546542278.
08:15:46 INFO    autopilot  set heading goal to 144.9184546542278.
08:15:46 INFO    autopilot  set heading goal to 143.9184546542278.
08:15:46 INFO    autopilot  set heading goal to 142.9184546542278.
08:15:46 INFO    autopilot  set heading goal to 141.9184546542278.
08:15:46 INFO    autopilot  set heading value to 178.801140453964.
08:15:47 INFO    autopilot  set heading value to 178.79216160154172.
08:15:47 INFO    autopilot  set heading value to 178.79819081531934.
08:15:47 INFO    autopilot  set heading value to 178.82073396809477.
08:15:47 INFO    CAN        Sent CAN steering goal: 458.2°  a9fd068045ffffff
08:15:47 INFO    autopilot  set heading value to 178.85210646137884.
08:15:48 INFO    autopilot  set heading value to 178.8739703031989.
08:15:48 INFO    autopilot  set heading value to 178.8844778824145.
08:15:48 INFO    autopilot  set heading value to 178.89900824993396.
08:15:48 INFO    autopilot  set heading value to 178.90525172498806.
08:15:49 INFO    autopilot  set heading value to 178.9023505439599.
08:15:49 INFO    autopilot  set heading value to 178.89281047000108.
08:15:49 INFO    autopilot  set heading value to 178.870969070028.
08:15:49 INFO    autopilot  set heading value to 178.8589957294707.
08:15:50 INFO    autopilot  set heading value to 178.87107293100038.
08:15:50 INFO    autopilot  set heading value to 178.90712171010915.
08:15:50 INFO    autopilot  set heading value to 178.95440730176213.
08:15:50 INFO    autopilot  set heading value to 179.01944285782315.
08:15:51 INFO    autopilot  set heading value to 179.08509003869628.
08:15:51 INFO    autopilot  set heading value to 179.13714798342343.
08:15:51 INFO    autopilot  set heading value to 179.19496122803852.
08:15:51 INFO    autopilot  set heading value to 179.24362872583012.
08:15:52 INFO    autopilot  set heading value to 179.27374934920775.
08:15:52 INFO    autopilot  set heading value to 179.29191349349225.
08:15:52 INFO    autopilot  set heading value to 179.32859782221428.
08:15:52 INFO    autopilot  set heading value to 179.3815082413018.
08:15:53 INFO    autopilot  set heading value to 179.43135935174743.
08:15:53 INFO    autopilot  set heading value to 179.46669122593443.
08:15:53 INFO    autopilot  set heading value to 179.4776887359565.
08:15:54 INFO    autopilot  set heading value to 179.47897326484386.
08:15:54 INFO    autopilot  set heading value to 179.4710697887312.
08:15:54 INFO    autopilot  set heading value to 179.44109725231573.
08:15:54 INFO    autopilot  set heading value to 179.39729099278608.
08:15:54 INFO    CAN        Sent CAN steering goal: 309.4°  7ab8048045ffffff
08:15:55 INFO    autopilot  set heading value to 179.36508916308514.
08:15:55 INFO    autopilot  set heading value to 179.3357838919202.
08:15:55 INFO    autopilot  set heading value to 179.30198608666797.
08:15:55 INFO    autopilot  set heading value to 179.28144605099766.
08:15:56 INFO    autopilot  set heading value to 179.2569755128524.
08:15:56 INFO    autopilot  set heading value to 179.22932760016613.
08:15:56 INFO    autopilot  set heading value to 179.2052460881939.
08:15:56 INFO    autopilot  set heading value to 179.20090074649158.
08:15:57 INFO    autopilot  set heading value to 179.2226800927852.
08:15:57 INFO    autopilot  set heading value to 179.24310937760035.
08:15:57 INFO    autopilot  set heading value to 179.26836125095147.
08:15:57 INFO    autopilot  set heading value to 179.2840558788777.
08:15:58 INFO    autopilot  set heading value to 179.27521046245002.
08:15:58 INFO    autopilot  set heading value to 179.24162619885286.
08:15:58 INFO    autopilot  set heading value to 179.20082686101665.
08:15:58 INFO    autopilot  set heading value to 179.15546310257972.
08:15:59 INFO    autopilot  set heading value to 179.11949045094238.
08:15:59 INFO    autopilot  set heading value to 179.08550610926645.
08:15:59 INFO    autopilot  set heading value to 179.05121747717106.
08:15:59 INFO    autopilot  set heading value to 179.01688779511957.
08:16:00 INFO    autopilot  set heading value to 178.98469924892444.
08:16:00 INFO    autopilot  set heading value to 178.96550297585836.
08:16:00 INFO    autopilot  set heading value to 178.94014297224626.
08:16:00 INFO    autopilot  set heading value to 178.91151101076107.
08:16:01 INFO    autopilot  set heading value to 178.876684589148.
08:16:01 INFO    autopilot  set heading value to 178.8440658901432.
08:16:01 INFO    autopilot  set heading value to 178.82781493227327.
08:16:01 INFO    autopilot  set heading value to 178.80382039109878.
08:16:01 INFO    CAN        Sent CAN steering goal: 194.3°  23f7028045ffffff
08:16:02 INFO    autopilot  set heading value to 178.76592923426622.
08:16:02 INFO    autopilot  set heading value to 178.7543769481346.
08:16:02 INFO    autopilot  set heading value to 178.7658333894645.
08:16:02 INFO    autopilot  set heading value to 178.7797728527329.
08:16:03 INFO    autopilot  set heading value to 178.77873469834776.
08:16:03 INFO    autopilot  set heading value to 178.7730093684607.
08:16:03 INFO    autopilot  set heading value to 178.76655412345164.
08:16:03 INFO    autopilot  set heading value to 178.7590718895196.
08:16:04 INFO    autopilot  set heading value to 178.7460545358282.
08:16:04 INFO    autopilot  set heading value to 178.73571676169922.
08:16:04 INFO    autopilot  set heading value to 178.72980948226953.
08:16:04 INFO    autopilot  set heading value to 178.7286356814469.
08:16:05 INFO    autopilot  set heading value to 178.75297021881607.
08:16:05 INFO    autopilot  set heading value to 178.79509590394656.
08:16:05 INFO    autopilot  set heading value to 178.83649604736138.
08:16:05 INFO    autopilot  set heading value to 178.8619273929141.
08:16:06 INFO    autopilot  set heading value to 178.8734033263406.
08:16:06 INFO    autopilot  set heading value to 178.8861422151431.
08:16:06 INFO    autopilot  set heading value to 178.897569422728.
08:16:06 INFO    autopilot  set heading value to 178.90582329084194.
08:16:07 INFO    autopilot  set heading value to 178.89402107114773.
08:16:07 INFO    autopilot  set heading value to 178.86808234297047.
08:16:07 INFO    autopilot  set heading value to 178.8533535112429.
08:16:07 INFO    autopilot  set heading value to 178.84008028408044.
08:16:08 INFO    CAN        Sent CAN steering goal: 80.3°  9f39018045ffffff
08:16:08 INFO    autopilot  set heading value to 178.81347647244536.
08:16:08 INFO    autopilot  set heading value to 178.784244686708.
08:16:08 INFO    autopilot  set heading value to 178.77221459816232.
08:16:08 INFO    autopilot  set heading value to 178.78773132539172.
08:16:09 INFO    autopilot  set heading value to 178.82775831298378.
08:16:09 INFO    autopilot  set heading value to 178.87338050769043.
08:16:09 INFO    autopilot  set heading value to 178.89874675289954.
08:16:10 INFO    autopilot  set heading value to 178.8982163182738.
08:16:10 INFO    autopilot  set heading value to 178.89458643707118.
08:16:10 INFO    autopilot  set heading value to 178.89923536926113.
08:16:10 INFO    autopilot  set heading value to 178.90843957554767.
08:16:11 INFO    autopilot  set heading value to 178.93524161032246.
08:16:11 INFO    autopilot  set heading value to 178.9691719335666.
08:16:11 INFO    autopilot  set heading value to 178.99596367266247.
08:16:11 INFO    autopilot  set heading value to 179.01026305485985.
08:16:12 INFO    autopilot  set heading value to 179.02485717367645.
08:16:12 INFO    autopilot  set heading value to 179.04028968961535.
08:16:12 INFO    autopilot  set heading value to 179.06498549519378.
08:16:12 INFO    autopilot  set heading value to 179.09113742557955.
08:16:13 INFO    autopilot  set heading value to 179.11474238935944.
08:16:13 INFO    autopilot  set heading value to 179.14488336614798.
08:16:13 INFO    autopilot  set heading value to 179.1730399921939.
08:16:13 INFO    autopilot  set heading value to 179.19455151653275.
08:16:14 INFO    autopilot  set heading value to 179.2184725926058.
08:16:14 INFO    autopilot  set heading value to 179.2431783280096.
08:16:14 INFO    autopilot  set heading value to 179.26718193210274.
08:16:14 INFO    autopilot  set heading value to 179.29772041847255.
08:16:15 INFO    autopilot  set heading value to 179.3333119469544.
08:16:15 INFO    autopilot  set heading value to 179.37738509752742.
08:16:15 INFO    autopilot  set heading value to 179.42239434019766.
08:16:15 INFO    autopilot  set heading value to 179.45638942816802.
08:16:16 INFO    autopilot  set heading value to 179.48018014811984.
08:16:16 INFO    autopilot  set heading value to 179.50684150658614.
08:16:16 INFO    autopilot  set heading value to 179.5425101933768.
08:16:16 INFO    autopilot  set heading value to 179.5677267407252.
08:16:17 INFO    autopilot  set heading value to 179.60113215037023.
08:16:17 INFO    autopilot  set heading value to 179.64737796703744.
08:16:17 INFO    autopilot  set heading value to 179.68639903249434.
08:16:17 INFO    autopilot  set heading value to 179.71324466670904.
08:16:18 INFO    autopilot  set heading value to 179.73920498883663.
08:16:18 INFO    autopilot  set heading value to 179.76851111644504.
08:16:18 INFO    autopilot  set heading value to 179.79671235452028.
08:16:18 INFO    autopilot  set heading value to 179.83547542480827.
08:16:19 INFO    tornado.access 304 GET / (127.0.0.1) 10.86ms
08:16:19 INFO    tornado.access 101 GET /ws (127.0.0.1) 3.57ms
08:16:19 INFO    autopilot  set heading value to 179.871964159823.
08:16:19 INFO    autopilot  set heading goal to 0.0.
08:16:19 INFO    autopilot  set heading value to 179.88839876955512.
08:16:19 INFO    autopilot  set heading value to 179.8870435984632.
08:16:19 INFO    autopilot  set heading value to 179.89075968784684.
08:16:20 INFO    autopilot  set heading value to 179.91107844123832.
08:16:20 INFO    autopilot  set heading value to 179.9398761760988.
08:16:20 INFO    autopilot  set heading value to 179.94720485548623.
08:16:20 INFO    autopilot  set heading value to 179.9353319029543.
08:16:21 INFO    autopilot  set heading value to 179.92098895448214.
08:16:21 INFO    autopilot  set heading value to 179.89634870793952.
08:16:21 INFO    autopilot  set heading value to 179.85117505347014.
08:16:21 INFO    autopilot  set heading value to 179.80412562537683.
08:16:22 INFO    autopilot  set heading value to 179.76252854543458.
08:16:22 INFO    autopilot  set heading value to 179.7274644504219.
08:16:22 INFO    autopilot  set heading value to 179.71139993099032.
08:16:23 INFO    autopilot  set heading value to 179.72883570154883.
08:16:23 INFO    autopilot  set heading value to 179.76528299939335.
08:16:23 INFO    CAN        Servo disabled
08:16:23 INFO    CAN        Sent CAN steering goal: 80.3°  9f39018000000000
08:16:23 INFO    autopilot  set heading value to 179.80619084071736.
08:16:23 INFO    autopilot  set heading value to 179.84670896724367.
08:16:24 INFO    autopilot  set heading value to 179.88193329689923.
08:16:24 INFO    autopilot  set heading value to 179.90094750701846.
08:16:24 INFO    autopilot  set heading value to 179.90810904000267.
08:16:24 INFO    autopilot  set heading value to 179.90281534745114.
08:16:25 INFO    autopilot  set heading value to 179.89248893225667.
08:16:25 INFO    autopilot  set heading value to 179.8887009230919.
08:16:25 INFO    autopilot  set heading value to 179.88853846221178.
08:16:25 INFO    autopilot  set heading value to 179.8905197528312.
08:16:26 INFO    autopilot  set heading value to 179.8878571541369.
08:16:26 INFO    autopilot  set heading value to 179.89470836448038.
08:16:26 INFO    autopilot  set heading value to 179.91566014948825.
08:16:26 INFO    autopilot  set heading value to 179.92823613662122.
08:16:27 INFO    autopilot  set heading value to 179.93594479752258.
08:16:27 INFO    autopilot  set heading value to 179.93951395140974.
08:16:27 INFO    autopilot  set heading value to 179.93681781846053.
08:16:27 INFO    autopilot  set heading value to 179.9571318726467.
08:16:28 INFO    autopilot  set heading value to 179.9949189977078.
08:16:28 INFO    autopilot  set heading value to 180.018444820435.
08:16:28 INFO    autopilot  set heading value to 180.02481915910488.
08:16:28 INFO    autopilot  set heading value to 180.02000911081615.
08:16:29 INFO    autopilot  set heading goal to 180.02000911081615.
08:16:29 INFO    autopilot  set heading value to 179.9997976966134.
08:16:29 INFO    autopilot  set heading value to 179.98211973710647.
08:16:29 INFO    CAN        Sent CAN steering goal: 1426.4°  e2c3158045ffffff
08:16:29 INFO    autopilot  set heading value to 179.97579380352994.
08:16:29 INFO    autopilot  set heading value to 179.95017101545918.
08:16:30 INFO    autopilot  set heading value to 179.90299069670496.
08:16:30 INFO    autopilot  set heading value to 179.84417271541892.
08:16:30 INFO    CAN        Sent CAN steering goal: 1431.2°  a6d6158045ffffff
08:16:30 INFO    autopilot  set heading value to 179.79638876037703.
08:16:30 INFO    autopilot  set heading value to 179.76184434753551.
08:16:31 INFO    autopilot  set heading value to 179.73821107948845.
08:16:31 INFO    autopilot  set heading value to 179.6970489627068.
08:16:31 INFO    autopilot  set heading value to 179.6387856306172.
08:16:31 INFO    autopilot  set heading value to 179.57369619666503.
08:16:32 INFO    autopilot  set heading value to 179.51368163019.
08:16:32 INFO    autopilot  set heading goal to 181.02000911081615.
08:16:32 INFO    autopilot  set heading value to 179.45766040386653.
08:16:32 INFO    autopilot  set heading value to 179.4047763833576.
08:16:32 INFO    autopilot  set heading value to 179.34239276208336.
08:16:33 INFO    autopilot  set heading value to 179.2640556989727.
08:16:33 INFO    autopilot  set heading value to 179.1839751727784.
08:16:33 INFO    autopilot  set heading value to 179.14357653743548.
08:16:33 INFO    autopilot  set heading value to 179.12807492121385.
08:16:34 INFO    autopilot  set heading value to 179.12613822354768.
08:16:34 INFO    autopilot  set heading value to 179.13354773193137.
08:16:34 INFO    autopilot  set heading value to 179.13973140594237.
08:16:35 INFO    autopilot  set heading value to 179.14734125213488.
08:16:35 INFO    autopilot  set heading value to 179.146797492504.
08:16:35 INFO    autopilot  set heading value to 179.14264306602448.
08:16:35 INFO    autopilot  set heading value to 179.16022872340167.
08:16:36 INFO    autopilot  set heading value to 179.1972310685714.
08:16:36 INFO    autopilot  set heading value to 179.23249290521534.
08:16:36 INFO    autopilot  set heading value to 179.2641273145153.
08:16:36 INFO    CAN        Sent CAN steering goal: 1541.4°  1c85178045ffffff
08:16:36 INFO    autopilot  set heading value to 179.29203466337282.
08:16:37 INFO    autopilot  set heading value to 179.29933573942108.
08:16:37 INFO    autopilot  set heading value to 179.30106490571387.
08:16:37 INFO    autopilot  set heading value to 179.31616955188565.
08:16:37 INFO    autopilot  set heading value to 179.3543034488804.
08:16:38 INFO    autopilot  set heading value to 179.38906954875716.
08:16:38 INFO    autopilot  set heading value to 179.40289913702162.
08:16:38 INFO    autopilot  set heading value to 179.40703840969138.
08:16:38 INFO    autopilot  set heading value to 179.420090818059.
08:16:39 INFO    autopilot  set heading value to 179.44138472991943.
08:16:39 INFO    autopilot  set heading value to 179.44594836573393.
08:16:39 INFO    autopilot  set heading value to 179.44169842570827.
08:16:39 INFO    autopilot  set heading value to 179.45177284604705.
08:16:40 INFO    autopilot  set heading value to 179.45599443540422.
08:16:40 INFO    autopilot  set heading value to 179.44634244455372.
08:16:40 INFO    autopilot  set heading value to 179.42675089733353.
08:16:40 INFO    autopilot  set heading value to 179.38495382393126.
08:16:41 INFO    autopilot  set heading value to 179.35444402686088.
08:16:41 INFO    autopilot  set heading value to 179.3420713546174.
08:16:41 INFO    autopilot  set heading value to 179.33561731925045.
08:16:41 INFO    autopilot  set heading value to 179.34276229991704.
08:16:42 INFO    autopilot  set heading value to 179.351258204931.
08:16:42 INFO    autopilot  set heading value to 179.34998200918716.
08:16:42 INFO    autopilot  set heading value to 179.34205345481132.
08:16:42 INFO    autopilot  set heading value to 179.32954690961162.
08:16:43 INFO    autopilot  set heading value to 179.31832087920273.
08:16:43 INFO    autopilot  set heading value to 179.31950660387875.
08:16:43 INFO    autopilot  set heading value to 179.3066316955613.
08:16:43 INFO    autopilot  set heading value to 179.29298272871685.
08:16:44 INFO    autopilot  set heading value to 179.30082229986718.
08:16:44 INFO    autopilot  set heading value to 179.3156143733082.
08:16:44 INFO    autopilot  set heading value to 179.32456322383325.
08:16:44 INFO    CAN        Sent CAN steering goal: 1647.0°  7621198045ffffff
08:16:44 INFO    autopilot  set heading value to 179.33469072999787.
08:16:45 INFO    autopilot  set heading value to 179.35893514231745.
08:16:45 INFO    autopilot  set heading value to 179.39652514834688.
08:16:45 INFO    autopilot  set heading value to 179.4259954967251.
08:16:45 INFO    autopilot  set heading value to 179.43990676611173.
08:16:46 INFO    autopilot  set heading value to 179.4510455301113.
08:16:46 INFO    autopilot  set heading value to 179.46252134142006.
08:16:46 INFO    autopilot  set heading value to 179.4631802367715.
08:16:47 INFO    autopilot  set heading value to 179.45659518071864.
08:16:47 INFO    autopilot  set heading value to 179.45015273838038.
08:16:47 INFO    autopilot  set heading value to 179.45762697042858.
08:16:47 INFO    autopilot  set heading value to 179.4703578183674.
08:16:48 INFO    autopilot  set heading value to 179.48294763351052.
08:16:48 INFO    autopilot  set heading value to 179.49412406240177.
08:16:48 INFO    autopilot  set heading value to 179.48582465368838.
08:16:48 INFO    autopilot  set heading value to 179.46652110582357.
08:16:49 INFO    autopilot  set heading value to 179.4645153651316.
08:16:49 INFO    autopilot  set heading value to 179.47161227388173.
08:16:49 INFO    autopilot  set heading value to 179.48018696060984.
08:16:49 INFO    autopilot  set heading value to 179.48438481430384.
08:16:50 INFO    autopilot  set heading value to 179.4911562828231.
08:16:50 INFO    autopilot  set heading value to 179.51623822645465.
08:16:50 INFO    autopilot  set heading value to 179.54385726361178.
08:16:50 INFO    autopilot  set heading value to 179.56145843999397.
08:16:51 INFO    autopilot  set heading value to 179.575758859168.
08:16:51 INFO    autopilot  set heading value to 179.612827938385.
08:16:51 INFO    autopilot  set heading value to 179.65292445227894.
08:16:51 INFO    autopilot  set heading value to 179.6926677580497.
08:16:52 INFO    autopilot  set heading value to 179.73155523144894.
08:16:52 INFO    CAN        Sent CAN steering goal: 1749.0°  19b01a8045ffffff
08:16:52 INFO    autopilot  set heading value to 179.7797926562834.
08:16:52 INFO    autopilot  set heading value to 179.82484393239469.
08:16:52 INFO    autopilot  set heading value to 179.85233248568457.
08:16:53 INFO    autopilot  set heading value to 179.86740446338493.
08:16:53 INFO    autopilot  set heading value to 179.89156229066054.
08:16:53 INFO    autopilot  set heading value to 179.9124891080977.
08:16:53 INFO    autopilot  set heading value to 179.91985813829874.
08:16:54 INFO    autopilot  set heading value to 179.93417702831542.
08:16:54 INFO    autopilot  set heading value to 179.96598178002998.
08:16:54 INFO    autopilot  set heading value to 179.99813096262554.
08:16:54 INFO    autopilot  set heading value to 180.01433839308976.
08:16:55 INFO    autopilot  set heading value to 180.0340712968996.
08:16:55 INFO    autopilot  set heading value to 180.06929927698357.
08:16:55 INFO    autopilot  set heading value to 180.10262484853138.
08:16:55 INFO    autopilot  set heading value to 180.13276383346033.
08:16:56 INFO    autopilot  set heading value to 180.14735211002883.
08:16:56 INFO    autopilot  set heading value to 180.15543687616236.
08:16:56 INFO    autopilot  set heading value to 180.1560858193833.
08:16:56 INFO    autopilot  set heading value to 180.16376785007355.
08:16:57 INFO    autopilot  set heading value to 180.18922584618727.
08:16:57 INFO    autopilot  set heading value to 180.20600724713162.
08:16:57 INFO    autopilot  set heading value to 180.21264118244451.
08:16:57 INFO    autopilot  set heading value to 180.21188675198763.
08:16:58 INFO    autopilot  set heading value to 180.20122858641523.
08:16:58 INFO    autopilot  set heading value to 180.19239831204874.
08:16:58 INFO    autopilot  set heading value to 180.18628567091912.
08:16:59 INFO    autopilot  set heading value to 180.1818383415143.
08:16:59 INFO    autopilot  set heading value to 180.1984405016178.
08:16:59 INFO    autopilot  set heading value to 180.23185081358275.
08:16:59 INFO    autopilot  set heading value to 180.25640036648747.
08:17:00 INFO    autopilot  set heading value to 180.26525633326926.
08:17:00 INFO    autopilot  set heading value to 180.26637600707906.
08:17:00 INFO    CAN        Sent CAN steering goal: 1862.7°  326c1c8045ffffff
08:17:00 INFO    autopilot  set heading value to 180.26404854129106.
08:17:00 INFO    autopilot  set heading value to 180.25671609009225.
08:17:01 INFO    autopilot  set heading value to 180.2391908254925.
08:17:01 INFO    autopilot  set heading value to 180.21396146963554.
08:17:01 INFO    autopilot  set heading value to 180.19000668007544.
08:17:01 INFO    autopilot  set heading value to 180.17401867135564.
08:17:02 INFO    autopilot  set heading value to 180.15695581663766.
08:17:02 INFO    autopilot  set heading value to 180.140341598212.
08:17:02 INFO    autopilot  set heading value to 180.1331672806365.
08:17:02 INFO    autopilot  set heading value to 180.12266811577857.
08:17:03 INFO    autopilot  set heading value to 180.10567833493656.
08:17:03 INFO    autopilot  set heading value to 180.07677654405242.
08:17:03 INFO    autopilot  set heading value to 180.05670871274486.
08:17:03 INFO    autopilot  set heading value to 180.0366681058773.
08:17:03 INFO    tornado.access 304 GET / (127.0.0.1) 2.11ms
08:17:04 INFO    tornado.access 101 GET /ws (127.0.0.1) 1.81ms
08:17:04 INFO    autopilot  set heading goal to 0.0.
08:17:04 INFO    autopilot  set heading value to 180.0195619432842.
08:17:04 INFO    autopilot  set heading value to 180.015864799894.
08:17:04 INFO    CAN        Sent CAN steering goal: 2950.0°  70032d8045ffffff
08:17:04 INFO    autopilot  set heading value to 179.9998218352553.
08:17:04 INFO    autopilot  set heading value to 179.96082861383363.
08:17:05 INFO    autopilot  set heading value to 179.91689887132816.
08:17:05 INFO    autopilot  set heading value to 179.88367744735118.
08:17:05 INFO    CAN        Sent CAN steering goal: 0.0°  0000008045ffffff
08:17:05 INFO    autopilot  set heading value to 179.85870670595017.
08:17:05 INFO    autopilot  set heading value to 179.83588906052313.
08:17:06 INFO    autopilot  set heading value to 179.79871974201373.
08:17:06 INFO    autopilot  set heading value to 179.760016761585.
08:17:06 INFO    CAN        Sent CAN steering goal: 0.0°  0000008045ffffff
08:17:06 INFO    autopilot  set heading value to 179.73387384996252.
08:17:06 INFO    autopilot  set heading value to 179.74426263615638.
08:17:07 INFO    autopilot  set heading value to 179.78410087506057.
08:17:07 INFO    autopilot  set heading value to 179.82281371633053.
08:17:07 INFO    autopilot  set heading value to 179.8539789901169.
08:17:07 INFO    autopilot  set heading value to 179.867087048699.
08:17:08 INFO    autopilot  set heading value to 179.8582743680585.
08:17:08 INFO    autopilot  set heading value to 179.85968021339548.
08:17:08 INFO    autopilot  set heading value to 179.8835369505303.
08:17:08 INFO    autopilot  set heading value to 179.91190891774565.
08:17:09 INFO    autopilot  set heading value to 179.94724452101462.
08:17:09 INFO    autopilot  set heading value to 179.9848717689483.
08:17:09 INFO    autopilot  set heading value to 180.04221169614158.
08:17:09 INFO    autopilot  set heading value to 180.1062179519363.
08:17:10 INFO    autopilot  set heading value to 180.1496109847376.
08:17:10 INFO    autopilot  set heading value to 180.18593896366633.
08:17:10 INFO    autopilot  set heading value to 180.2268278252796.
08:17:11 INFO    autopilot  set heading value to 180.25429134981286.
08:17:11 INFO    autopilot  set heading value to 180.27094938687904.
08:17:11 INFO    autopilot  set heading value to 180.27908218450045.
08:17:11 INFO    autopilot  set heading value to 180.28633917017345.
08:17:12 INFO    autopilot  set heading value to 180.2776839750856.
08:17:12 INFO    autopilot  set heading value to 180.26459596064944.
08:17:12 INFO    autopilot  set heading value to 180.2574036608545.
08:17:12 INFO    autopilot  set heading value to 180.2483256858998.
08:17:13 INFO    autopilot  set heading value to 180.23944187170827.
08:17:13 INFO    autopilot  set heading value to 180.22967367600472.
08:17:13 INFO    autopilot  set heading value to 180.2069225627991.
08:17:13 INFO    autopilot  set heading value to 180.178802041092.
08:17:14 INFO    autopilot  set heading value to 180.1532072042371.
08:17:14 INFO    autopilot  set heading value to 180.1344399192709.
08:17:14 INFO    autopilot  set heading value to 180.11483718930478.
08:17:14 INFO    autopilot  set heading value to 180.09340179480967.
08:17:15 INFO    autopilot  set heading value to 180.0877687139095.
08:17:15 INFO    autopilot  set heading value to 180.09232760861264.
08:17:15 INFO    autopilot  set heading value to 180.1000316695323.
08:17:15 INFO    autopilot  set heading value to 180.11041538920978.
08:17:16 INFO    autopilot  set heading value to 180.12640802502298.
08:17:16 INFO    autopilot  set heading value to 180.14340638413853.
08:17:16 INFO    autopilot  set heading value to 180.1706446862445.
08:17:16 INFO    autopilot  set heading value to 180.20382945444678.
08:17:17 INFO    autopilot  set heading value to 180.22573439062583.
08:17:17 INFO    autopilot  set heading value to 180.23591771295693.
08:17:17 INFO    autopilot  set heading value to 180.21846134849164.
08:17:17 INFO    autopilot  set heading value to 180.1781358253045.
08:17:18 INFO    autopilot  set heading value to 180.1406387417936.
08:17:18 INFO    autopilot  set heading value to 180.1038890371231.
08:17:18 INFO    autopilot  set heading value to 180.0787049257073.
08:17:18 INFO    autopilot  set heading value to 180.06760942353827.
08:17:19 INFO    autopilot  set heading value to 180.06584227675808.
08:17:19 INFO    autopilot  set heading value to 180.0644616952484.
08:17:19 INFO    autopilot  set heading value to 180.05337000593195.
08:17:19 INFO    autopilot  set heading value to 180.04583655930452.
08:17:20 INFO    autopilot  set heading value to 180.01240973332858.
08:17:20 INFO    autopilot  set heading value to 179.95548569493045.
08:17:20 INFO    autopilot  set heading value to 179.90758234420602.
08:17:20 INFO    autopilot  set heading value to 179.86739701176728.
08:17:21 INFO    autopilot  set heading value to 179.80702667168217.
08:17:21 INFO    autopilot  set heading value to 179.73557102457974.
08:17:21 INFO    autopilot  set heading value to 179.66165886599728.
08:17:21 INFO    autopilot  set heading value to 179.61192298443896.
08:17:22 INFO    autopilot  set heading value to 179.58978254551346.
08:17:22 INFO    autopilot  set heading value to 179.57328508956317.
08:17:22 INFO    autopilot  set heading value to 179.54760844817503.
08:17:22 INFO    autopilot  set heading value to 179.52628608832018.
08:17:23 INFO    autopilot  set heading value to 179.51504740079062.
08:17:23 INFO    autopilot  set heading value to 179.50493329511735.
08:17:23 INFO    autopilot  set heading value to 179.48072581929392.
08:17:24 INFO    autopilot  set heading value to 179.43994300290194.
08:17:24 INFO    autopilot  set heading value to 179.41457575938279.
08:17:24 INFO    autopilot  set heading value to 179.3886279240295.
08:17:24 INFO    autopilot  set heading value to 179.35724659607337.
08:17:25 INFO    autopilot  set heading value to 179.33885271702576.
08:17:25 INFO    autopilot  set heading value to 179.3209443814153.
08:17:25 INFO    autopilot  set heading value to 179.2955512291402.
08:17:25 INFO    autopilot  set heading value to 179.24780333865573.
08:17:26 INFO    autopilot  set heading value to 179.19883424079578.
08:17:26 INFO    autopilot  set heading value to 179.1760979636983.
08:17:26 INFO    autopilot  set heading value to 179.1801772694171.
08:17:26 INFO    autopilot  set heading value to 179.19185414369778.
08:17:27 INFO    autopilot  set heading value to 179.1730347649474.
08:17:27 INFO    autopilot  set heading value to 179.14385785733037.
08:17:27 INFO    autopilot  set heading value to 179.1101889917921.
08:17:27 INFO    autopilot  set heading value to 179.07608425134222.
08:17:28 INFO    autopilot  set heading value to 179.05241187746265.
08:17:28 INFO    autopilot  set heading value to 179.0434382735307.
08:17:28 INFO    autopilot  set heading value to 179.03751279269778.
08:17:28 INFO    autopilot  set heading value to 179.0447453234517.
08:17:29 INFO    autopilot  set heading value to 179.0598255381927.
08:17:29 INFO    autopilot  set heading value to 179.0690492953445.
08:17:29 INFO    autopilot  set heading value to 179.07326563522872.
08:17:29 INFO    autopilot  set heading value to 179.0774747256424.
08:17:30 INFO    autopilot  set heading value to 179.0809488868939.
08:17:30 INFO    autopilot  set heading value to 179.09878439179798.
08:17:30 INFO    autopilot  set heading value to 179.1325377810803.
08:17:30 INFO    autopilot  set heading value to 179.17096816413357.
08:17:31 INFO    autopilot  set heading value to 179.2071289471003.
08:17:31 INFO    autopilot  set heading value to 179.22582103387313.
08:17:31 INFO    autopilot  set heading value to 179.2342535077279.
08:17:31 INFO    autopilot  set heading value to 179.2294912798081.
08:17:32 INFO    autopilot  set heading value to 179.21750054599025.
08:17:32 INFO    autopilot  set heading value to 179.21245871280172.
08:17:32 INFO    autopilot  set heading value to 179.20534346772462.
08:17:32 INFO    autopilot  set heading value to 179.2055281990399.
08:17:33 INFO    autopilot  set heading value to 179.22839218694247.
08:17:33 INFO    autopilot  set heading value to 179.2325383094681.
08:17:33 INFO    autopilot  set heading value to 179.1990806350439.
08:17:33 INFO    autopilot  set heading value to 179.17152405774618.
08:17:34 INFO    autopilot  set heading value to 179.16112132969343.
08:17:34 INFO    autopilot  set heading value to 179.1687696146642.
08:17:34 INFO    autopilot  set heading value to 179.15711300079198.
08:17:35 INFO    autopilot  set heading value to 179.11788264182658.
08:17:35 INFO    autopilot  set heading value to 179.07400406787906.
08:17:35 INFO    autopilot  set heading value to 179.0291854854414.
08:17:35 INFO    autopilot  set heading value to 178.99439177214126.
08:17:36 INFO    autopilot  set heading value to 178.96596238043574.
08:17:36 INFO    autopilot  set heading value to 178.95154891996896.
08:17:36 INFO    autopilot  set heading value to 178.9584325788425.
08:17:36 INFO    autopilot  set heading value to 178.9629556968083.
08:17:37 INFO    autopilot  set heading value to 178.95272427871814.
08:17:37 INFO    autopilot  set heading value to 178.9411244489332.
08:17:37 INFO    autopilot  set heading value to 178.93092084380254.
08:17:37 INFO    autopilot  set heading value to 178.91286948991532.
08:17:38 INFO    autopilot  set heading value to 178.8974326737305.
08:17:38 INFO    autopilot  set heading value to 178.88350373049215.
08:17:38 INFO    autopilot  set heading value to 178.86267561374436.
08:17:38 INFO    autopilot  set heading value to 178.84275865541065.
08:17:39 INFO    autopilot  set heading value to 178.8308373961133.
08:17:39 INFO    autopilot  set heading value to 178.8274921901024.
08:17:39 INFO    autopilot  set heading value to 178.8279518900415.
08:17:39 INFO    autopilot  set heading value to 178.83512351976907.
08:17:40 INFO    autopilot  set heading value to 178.83533195602774.
08:17:40 INFO    autopilot  set heading value to 178.83368853496071.
08:17:40 INFO    autopilot  set heading value to 178.83934724782017.
08:17:40 INFO    autopilot  set heading value to 178.8471142995664.
08:17:41 INFO    autopilot  set heading value to 178.85380127037362.
08:17:41 INFO    autopilot  set heading value to 178.87639889180772.
08:17:41 INFO    autopilot  set heading value to 178.9103501491751.
08:17:41 INFO    autopilot  set heading value to 178.9256173377279.
08:17:42 INFO    autopilot  set heading value to 178.924816835577.
08:17:42 INFO    autopilot  set heading value to 178.91530155682824.
08:17:42 INFO    autopilot  set heading value to 178.8945113923101.
08:17:42 INFO    autopilot  set heading value to 178.87853541161547.
08:17:43 INFO    autopilot  set heading value to 178.8915616281836.
08:17:43 INFO    autopilot  set heading value to 178.91948737628837.
08:17:43 INFO    autopilot  set heading value to 178.94413045038198.
08:17:43 INFO    autopilot  set heading value to 178.96745300016713.
08:17:44 INFO    autopilot  set heading value to 178.999812877051.
08:17:44 INFO    autopilot  set heading value to 179.0254842735607.
08:17:44 INFO    autopilot  set heading value to 179.04578231680074.
08:17:44 INFO    autopilot  set heading value to 179.06448090498995.
08:17:45 INFO    autopilot  set heading value to 179.0735538758763.
08:17:45 INFO    autopilot  set heading value to 179.08833098379773.
08:17:45 INFO    autopilot  set heading value to 179.11009439522135.
08:17:45 INFO    autopilot  set heading value to 179.14694889321052.
08:17:46 INFO    autopilot  set heading value to 179.19261397264233.
08:17:46 INFO    autopilot  set heading value to 179.2209478750667.
08:17:46 INFO    autopilot  set heading value to 179.24526637893368.
08:17:47 INFO    autopilot  set heading value to 179.2642926768467.
08:17:47 INFO    autopilot  set heading value to 179.2656117118015.
08:17:47 INFO    autopilot  set heading value to 179.2605919481037.
08:17:47 INFO    autopilot  set heading value to 179.25690590384073.
08:17:48 INFO    autopilot  set heading value to 179.25510096902974.
08:17:48 INFO    autopilot  set heading value to 179.26107855652697.
08:17:48 INFO    autopilot  set heading value to 179.29955164137752.
08:17:48 INFO    autopilot  set heading value to 179.35911362503057.
08:17:49 INFO    autopilot  set heading value to 179.40146301487692.
08:17:49 INFO    autopilot  set heading value to 179.43572964527328.
08:17:49 INFO    autopilot  set heading value to 179.47571820371942.
08:17:49 INFO    autopilot  set heading value to 179.52793955396305.
08:17:50 INFO    autopilot  set heading value to 179.58901771935106.
08:17:50 INFO    autopilot  set heading value to 179.6332625565697.
08:17:50 INFO    autopilot  set heading value to 179.63893538391284.
08:17:50 INFO    autopilot  set heading value to 179.62810307885215.
08:17:51 INFO    autopilot  set heading value to 179.60603829201938.
08:17:51 INFO    autopilot  set heading value to 179.56923291148308.
08:17:51 INFO    autopilot  set heading value to 179.52946407982165.
08:17:51 INFO    autopilot  set heading value to 179.4847116911189.
08:17:52 INFO    autopilot  set heading value to 179.43251072312145.
08:17:52 INFO    autopilot  set heading value to 179.3940759505118.
08:17:52 INFO    autopilot  set heading value to 179.34511099679435.
08:17:52 INFO    autopilot  set heading value to 179.28710278332437.
08:17:53 INFO    autopilot  set heading value to 179.24108692945782.
08:17:53 INFO    autopilot  set heading value to 179.2124763468148.
08:17:53 INFO    autopilot  set heading value to 179.18590177178478.
08:17:53 INFO    autopilot  set heading value to 179.16867756496163.
08:17:54 INFO    autopilot  set heading value to 179.1617133683113.
08:17:54 INFO    autopilot  set heading value to 179.14341639130365.
08:17:54 INFO    autopilot  set heading value to 179.1083945842651.
08:17:54 INFO    autopilot  set heading value to 179.07932977735226.
08:17:55 INFO    autopilot  set heading value to 179.05816234344857.
08:17:55 INFO    autopilot  set heading value to 179.05598448002937.
08:17:55 INFO    autopilot  set heading value to 179.07262093136734.
08:17:55 INFO    autopilot  set heading value to 179.08864084943482.
08:17:56 INFO    autopilot  set heading value to 179.09217298156852.
08:17:56 INFO    autopilot  set heading value to 179.09537779209396.
08:17:56 INFO    autopilot  set heading value to 179.1088113641312.
08:17:56 INFO    autopilot  set heading value to 179.12209767079568.
08:17:57 INFO    autopilot  set heading value to 179.13349577025787.
08:17:57 INFO    autopilot  set heading value to 179.14971184444738.
08:17:57 INFO    autopilot  set heading value to 179.20078208852132.
08:17:57 INFO    autopilot  set heading value to 179.2725895801579.
08:17:58 INFO    autopilot  set heading value to 179.33916676560142.
08:17:58 INFO    autopilot  set heading value to 179.3842982190026.
08:17:58 INFO    autopilot  set heading value to 179.39764831716812.
08:17:59 INFO    autopilot  set heading value to 179.39444245770378.
08:17:59 INFO    autopilot  set heading value to 179.39817658205698.
08:17:59 INFO    autopilot  set heading value to 179.41279854123474.
08:17:59 INFO    autopilot  set heading value to 179.4330017075814.
08:18:00 INFO    autopilot  set heading value to 179.45761447347235.
08:18:00 INFO    autopilot  set heading value to 179.47024173078324.
08:18:00 INFO    autopilot  set heading value to 179.47377535428035.
08:18:00 INFO    autopilot  set heading value to 179.48082207511894.
08:18:01 INFO    autopilot  set heading value to 179.48372523844242.
08:18:01 INFO    autopilot  set heading value to 179.47414518792604.
08:18:01 INFO    autopilot  set heading value to 179.46470557180115.
08:18:01 INFO    autopilot  set heading value to 179.4769494842617.
08:18:02 INFO    autopilot  set heading value to 179.50738574700583.
08:18:02 INFO    autopilot  set heading value to 179.5304906290913.
08:18:02 INFO    autopilot  set heading value to 179.54721493028566.
08:18:02 INFO    autopilot  set heading value to 179.5542996642582.
08:18:03 INFO    autopilot  set heading value to 179.56064461081547.
08:18:03 INFO    autopilot  set heading value to 179.5630547387562.
08:18:03 INFO    autopilot  set heading value to 179.54901217616026.
08:18:03 INFO    autopilot  set heading value to 179.4993534613538.
08:18:04 INFO    autopilot  set heading value to 179.44109398459048.
08:18:04 INFO    autopilot  set heading value to 179.3711257784799.
08:18:04 INFO    autopilot  set heading value to 179.29858658623425.
08:18:04 INFO    autopilot  set heading value to 179.236804545978.
08:18:05 INFO    autopilot  set heading value to 179.20203707434473.
08:18:05 INFO    autopilot  set heading value to 179.2037922573722.
08:18:05 INFO    autopilot  set heading value to 179.23089246594628.
08:18:05 INFO    autopilot  set heading value to 179.26057700872127.
08:18:06 INFO    autopilot  set heading value to 179.27553019696998.
08:18:06 INFO    autopilot  set heading value to 179.28895955157356.
08:18:06 INFO    autopilot  set heading value to 179.2994026796067.
08:18:06 INFO    autopilot  set heading value to 179.29904326104835.
08:18:07 INFO    autopilot  set heading value to 179.28686102128117.
08:18:07 INFO    autopilot  set heading value to 179.26032294644796.
08:18:07 INFO    autopilot  set heading value to 179.25016657943868.
08:18:07 INFO    autopilot  set heading value to 179.26132535995347.
08:18:08 INFO    autopilot  set heading value to 179.26443231596713.
08:18:08 INFO    autopilot  set heading value to 179.25897777229946.
08:18:08 INFO    autopilot  set heading value to 179.23948553700373.
08:18:08 INFO    autopilot  set heading value to 179.2199034479622.
08:18:09 INFO    autopilot  set heading value to 179.20424323523162.
08:18:09 INFO    autopilot  set heading value to 179.1980307124228.
08:18:09 INFO    autopilot  set heading value to 179.21503300410103.
08:18:09 INFO    autopilot  set heading value to 179.24085910851664.
08:18:10 INFO    autopilot  set heading value to 179.2655652770347.
08:18:10 INFO    autopilot  set heading value to 179.2859668918256.
08:18:10 INFO    autopilot  set heading value to 179.29379293140252.
08:18:11 INFO    autopilot  set heading value to 179.29302483466117.
08:18:11 INFO    autopilot  set heading value to 179.29590050624316.
08:18:11 INFO    autopilot  set heading value to 179.3067743696144.
08:18:11 INFO    autopilot  set heading value to 179.34029590665216.
08:18:12 INFO    autopilot  set heading value to 179.3778009931011.
08:18:12 INFO    autopilot  set heading value to 179.40682195408505.
08:18:12 INFO    autopilot  set heading value to 179.44004492123287.
08:18:12 INFO    autopilot  set heading value to 179.4824827219274.
08:18:13 INFO    autopilot  set heading value to 179.53638640348692.
08:18:13 INFO    autopilot  set heading value to 179.57250641308542.
08:18:13 INFO    autopilot  set heading value to 179.5782993831293.
08:18:13 INFO    autopilot  set heading value to 179.5624415644028.
08:18:14 INFO    autopilot  set heading value to 179.5536544826349.
08:18:14 INFO    autopilot  set heading value to 179.55737973403552.
08:18:14 INFO    autopilot  set heading value to 179.56157077478508.
08:18:14 INFO    autopilot  set heading value to 179.56501484055536.
08:18:15 INFO    autopilot  set heading value to 179.55822454775452.
08:18:15 INFO    autopilot  set heading value to 179.56332572033998.
08:18:15 INFO    autopilot  set heading value to 179.57866349147767.
08:18:15 INFO    autopilot  set heading value to 179.59123321157458.
08:18:16 INFO    autopilot  set heading value to 179.57103318146565.
08:18:16 INFO    autopilot  set heading value to 179.52761607682055.
08:18:16 INFO    autopilot  set heading value to 179.48390694804473.
08:18:16 INFO    autopilot  set heading value to 179.46955102263053.
08:18:17 INFO    autopilot  set heading value to 179.4720367556825.
08:18:17 INFO    autopilot  set heading value to 179.46747149744175.
08:18:17 INFO    autopilot  set heading value to 179.4476380022428.
08:18:17 INFO    autopilot  set heading value to 179.42511091925533.
08:18:18 INFO    autopilot  set heading value to 179.39844748557337.
08:18:18 INFO    autopilot  set heading value to 179.3843563855009.
08:18:18 INFO    autopilot  set heading value to 179.38174128619812.
08:18:18 INFO    autopilot  set heading value to 179.39474209716414.
08:18:19 INFO    autopilot  set heading value to 179.43128539830184.
08:18:19 INFO    autopilot  set heading value to 179.48232374381365.
08:18:19 INFO    autopilot  set heading value to 179.53371298799252.
08:18:19 INFO    autopilot  set heading value to 179.57297642216153.
08:18:20 INFO    autopilot  set heading value to 179.5973263296589.
08:18:20 INFO    autopilot  set heading value to 179.61449907689106.
08:18:20 INFO    autopilot  set heading value to 179.63468013610813.
08:18:20 INFO    autopilot  set heading value to 179.66565598683255.
08:18:21 INFO    autopilot  set heading value to 179.70001533952473.
08:18:21 INFO    autopilot  set heading value to 179.73592719879755.
08:18:21 INFO    autopilot  set heading value to 179.76532746664694.
08:18:22 INFO    autopilot  set heading value to 179.78251704425313.
08:18:22 INFO    autopilot  set heading value to 179.78455330368104.
08:18:22 INFO    autopilot  set heading value to 179.7760280932036.
08:18:22 INFO    autopilot  set heading value to 179.77512924576976.
08:18:23 INFO    autopilot  set heading value to 179.79048969977526.
08:18:23 INFO    autopilot  set heading value to 179.814653597491.
08:18:23 INFO    autopilot  set heading value to 179.84444257849813.
08:18:23 INFO    autopilot  set heading value to 179.86693992088095.
08:18:24 INFO    autopilot  set heading value to 179.8806405353675.
08:18:24 INFO    autopilot  set heading value to 179.90901386590164.
08:18:24 INFO    autopilot  set heading value to 179.95750265422149.
08:18:24 INFO    autopilot  set heading value to 179.99994844411395.
08:18:25 INFO    autopilot  set heading value to 180.0093318877144.
08:18:25 INFO    autopilot  set heading value to 180.00666893472564.
08:18:25 INFO    autopilot  set heading value to 179.9982577563959.
08:18:25 INFO    autopilot  set heading value to 179.99208888254375.
08:18:26 INFO    autopilot  set heading value to 180.0001769447363.
08:18:26 INFO    autopilot  set heading value to 180.0177207424054.
08:18:26 INFO    autopilot  set heading value to 180.0457898986383.
08:18:26 INFO    autopilot  set heading value to 180.09858471729422.
08:18:27 INFO    autopilot  set heading value to 180.13898099082988.
08:18:27 INFO    autopilot  set heading value to 180.17136583684496.
08:18:27 INFO    autopilot  set heading value to 180.19082424882762.
08:18:27 INFO    autopilot  set heading value to 180.19895581537332.
08:18:28 INFO    autopilot  set heading value to 180.19813849622355.
08:18:28 INFO    autopilot  set heading value to 180.21529175600674.
08:18:28 INFO    autopilot  set heading value to 180.24810506970064.
08:18:28 INFO    autopilot  set heading value to 180.28309049303948.
08:18:29 INFO    autopilot  set heading value to 180.30354437338636.
08:18:29 INFO    autopilot  set heading value to 180.31306063466224.
08:18:29 INFO    autopilot  set heading value to 180.33366584522162.
08:18:29 INFO    autopilot  set heading value to 180.35421828820546.
08:18:30 INFO    autopilot  set heading value to 180.3599782316052.
08:18:30 INFO    autopilot  set heading value to 180.35335036530935.
08:18:30 INFO    autopilot  set heading value to 180.31849134886002.
08:18:30 INFO    autopilot  set heading value to 180.27252513930188.
08:18:31 INFO    autopilot  set heading value to 180.24050260909686.
08:18:31 INFO    autopilot  set heading value to 180.2260921026747.
08:18:31 INFO    autopilot  set heading value to 180.23331752160541.
08:18:31 INFO    autopilot  set heading value to 180.24136982509248.
08:18:32 INFO    autopilot  set heading value to 180.23784739013445.
08:18:32 INFO    autopilot  set heading value to 180.23112537225202.
08:18:32 INFO    autopilot  set heading value to 180.22692957644279.
08:18:32 INFO    autopilot  set heading value to 180.22952342694623.
08:18:33 INFO    autopilot  set heading value to 180.24927842521805.
08:18:33 INFO    autopilot  set heading value to 180.2711736178645.
08:18:33 INFO    autopilot  set heading value to 180.2751948007149.
08:18:34 INFO    autopilot  set heading value to 180.26313355346613.
08:18:34 INFO    autopilot  set heading value to 180.26214594779998.
08:18:34 INFO    autopilot  set heading value to 180.25590205506214.
08:18:34 INFO    autopilot  set heading value to 180.2323262240576.
08:18:35 INFO    autopilot  set heading value to 180.19823578375664.
08:18:35 INFO    autopilot  set heading value to 180.1738991553828.
08:18:35 INFO    autopilot  set heading value to 180.1608497584177.
08:18:35 INFO    autopilot  set heading value to 180.1520495076275.
08:18:36 INFO    autopilot  set heading value to 180.14926000058034.
08:18:36 INFO    autopilot  set heading value to 180.13347438056888.
08:18:36 INFO    autopilot  set heading value to 180.10602762384562.
08:18:36 INFO    autopilot  set heading value to 180.09987986787078.
08:18:37 INFO    autopilot  set heading value to 180.10949354025163.
08:18:37 INFO    autopilot  set heading value to 180.12276829008027.
08:18:37 INFO    autopilot  set heading value to 180.15283079684693.
08:18:37 INFO    autopilot  set heading value to 180.1840249045649.
08:18:38 INFO    autopilot  set heading value to 180.19246498584013.
08:18:38 INFO    autopilot  set heading value to 180.1848170426274.
08:18:38 INFO    autopilot  set heading value to 180.19960415562366.
08:18:38 INFO    autopilot  set heading value to 180.2179690836506.
08:18:39 INFO    autopilot  set heading value to 180.23190945123906.
08:18:39 INFO    autopilot  set heading value to 180.2362514370463.
08:18:39 INFO    autopilot  set heading value to 180.23491431986284.
08:18:39 INFO    autopilot  set heading value to 180.2365613080524.
08:18:40 INFO    autopilot  set heading value to 180.23638901191936.
08:18:40 INFO    autopilot  set heading value to 180.23011882603558.
08:18:40 INFO    autopilot  set heading value to 180.2132599449898.
08:18:40 INFO    autopilot  set heading value to 180.19042412203225.
08:18:41 INFO    autopilot  set heading value to 180.17057083495573.
08:18:41 INFO    autopilot  set heading value to 180.14925652502197.
08:18:41 INFO    autopilot  set heading value to 180.12943123550912.
08:18:41 INFO    autopilot  set heading value to 180.12137530570743.
08:18:42 INFO    autopilot  set heading value to 180.12854890001762.
08:18:42 INFO    autopilot  set heading value to 180.1391618535229.
08:18:42 INFO    autopilot  set heading value to 180.1538987843964.
08:18:42 INFO    autopilot  set heading value to 180.17224827894788.
08:18:43 INFO    autopilot  set heading value to 180.19299917161302.
08:18:43 INFO    autopilot  set heading value to 180.21758692348777.
08:18:43 INFO    autopilot  set heading value to 180.23629514828994.
08:18:43 INFO    autopilot  set heading value to 180.26543839574882.
08:18:44 INFO    autopilot  set heading value to 180.30635641629155.
08:18:44 INFO    autopilot  set heading value to 180.32829047775988.
08:18:44 INFO    autopilot  set heading value to 180.32587771767263.
08:18:45 INFO    autopilot  set heading value to 180.30988497763914.
08:18:45 INFO    autopilot  set heading value to 180.29732381028288.
08:18:45 INFO    autopilot  set heading value to 180.2858303280445.
08:18:45 INFO    autopilot  set heading value to 180.26560232565447.
08:18:46 INFO    autopilot  set heading value to 180.23687223454172.
08:18:46 INFO    autopilot  set heading value to 180.20728464805643.
08:18:46 INFO    autopilot  set heading value to 180.18434410138548.
08:18:46 INFO    autopilot  set heading value to 180.14378785872748.
08:18:47 INFO    autopilot  set heading value to 180.09974110443628.
08:18:47 INFO    autopilot  set heading value to 180.0548837326271.
08:18:47 INFO    autopilot  set heading value to 180.01005344452923.
08:18:47 INFO    autopilot  set heading value to 179.9764145069423.
08:18:48 INFO    autopilot  set heading value to 179.94808363054864.
08:18:48 INFO    autopilot  set heading value to 179.917824033218.
08:18:48 INFO    autopilot  set heading value to 179.8847016154326.
08:18:48 INFO    autopilot  set heading value to 179.85798969822514.
08:18:49 INFO    autopilot  set heading value to 179.8431377067609.
08:18:49 INFO    autopilot  set heading value to 179.81361566376248.
08:18:49 INFO    autopilot  set heading value to 179.77506829969047.
08:18:49 INFO    autopilot  set heading value to 179.74076719392642.
08:18:50 INFO    autopilot  set heading value to 179.70968881963063.
08:18:50 INFO    autopilot  set heading value to 179.67890151769606.
08:18:50 INFO    autopilot  set heading value to 179.6429049489699.
08:18:50 INFO    autopilot  set heading value to 179.6117301609317.
08:18:51 INFO    autopilot  set heading value to 179.60539461619229.
08:18:51 INFO    autopilot  set heading value to 179.61166717801328.
08:18:51 INFO    autopilot  set heading value to 179.59726817580707.
08:18:51 INFO    autopilot  set heading value to 179.56488041240118.
08:18:52 INFO    autopilot  set heading value to 179.53618515743867.
08:18:52 INFO    autopilot  set heading value to 179.50717757177696.
08:18:52 INFO    autopilot  set heading value to 179.45200724566635.
08:18:52 INFO    autopilot  set heading value to 179.38560695704572.
08:18:53 INFO    autopilot  set heading value to 179.33482660212042.
08:18:53 INFO    autopilot  set heading value to 179.29220648132636.
08:18:53 INFO    autopilot  set heading value to 179.25434745856228.
08:18:53 INFO    autopilot  set heading value to 179.21373444227555.
08:18:54 INFO    autopilot  set heading value to 179.1670469089551.
08:18:54 INFO    autopilot  set heading value to 179.12386806417064.
08:18:54 INFO    autopilot  set heading value to 179.09800308042267.
08:18:54 INFO    autopilot  set heading value to 179.09531849912193.
08:18:55 INFO    autopilot  set heading value to 179.10088233733143.
08:18:55 INFO    autopilot  set heading value to 179.09713809780538.
08:18:55 INFO    autopilot  set heading value to 179.1015195488585.
08:18:55 INFO    autopilot  set heading value to 179.12569447399102.
08:18:56 INFO    autopilot  set heading value to 179.145461695547.
08:18:56 INFO    autopilot  set heading value to 179.15851380670017.
08:18:56 INFO    autopilot  set heading value to 179.18730073679927.
08:18:56 INFO    autopilot  set heading value to 179.23226750008067.
08:18:57 INFO    autopilot  set heading value to 179.26712465152914.
08:18:57 INFO    autopilot  set heading value to 179.2823897668586.
08:18:57 INFO    autopilot  set heading value to 179.3071726555152.
08:18:58 INFO    autopilot  set heading value to 179.34098912076354.
08:18:58 INFO    autopilot  set heading value to 179.37257219887388.
08:18:58 INFO    autopilot  set heading value to 179.397613200235.
08:18:58 INFO    autopilot  set heading value to 179.4160897284403.
08:18:59 INFO    autopilot  set heading value to 179.42993235216406.
08:18:59 INFO    autopilot  set heading value to 179.46177717041672.
08:18:59 INFO    autopilot  set heading value to 179.49991848535092.
08:18:59 INFO    autopilot  set heading value to 179.53982841241978.
08:19:00 INFO    autopilot  set heading value to 179.57445826575918.
08:19:00 INFO    autopilot  set heading value to 179.59860377147874.
08:19:00 INFO    autopilot  set heading value to 179.6165943340933.
08:19:00 INFO    autopilot  set heading value to 179.63041295001716.
08:19:01 INFO    autopilot  set heading value to 179.64284637892885.
08:19:01 INFO    autopilot  set heading value to 179.65244778765634.
08:19:01 INFO    autopilot  set heading value to 179.6440582149983.
08:19:01 INFO    autopilot  set heading value to 179.6368094993147.
08:19:02 INFO    autopilot  set heading value to 179.64120337547524.
08:19:02 INFO    autopilot  set heading value to 179.64776252319984.
08:19:02 INFO    autopilot  set heading value to 179.65609774563504.
08:19:02 INFO    autopilot  set heading value to 179.6801211787407.
08:19:03 INFO    autopilot  set heading value to 179.70488160950265.
08:19:03 INFO    autopilot  set heading value to 179.71691328900548.
08:19:03 INFO    autopilot  set heading value to 179.7191684815209.
08:19:03 INFO    autopilot  set heading value to 179.71589366068662.
08:19:04 INFO    autopilot  set heading value to 179.71524373270904.
08:19:04 INFO    autopilot  set heading value to 179.71156704532075.
08:19:04 INFO    autopilot  set heading value to 179.67348321393746.
08:19:04 INFO    autopilot  set heading value to 179.62006019875554.
08:19:05 INFO    autopilot  set heading value to 179.58115596671345.
08:19:05 INFO    autopilot  set heading value to 179.54122904256351.
08:19:05 INFO    autopilot  set heading value to 179.50689738286798.
08:19:05 INFO    autopilot  set heading value to 179.4873602412199.
08:19:06 INFO    autopilot  set heading value to 179.474985442173.
08:19:06 INFO    autopilot  set heading value to 179.46661035999804.
08:19:06 INFO    autopilot  set heading value to 179.45063846144194.
08:19:06 INFO    autopilot  set heading value to 179.4287597594253.
08:19:07 INFO    autopilot  set heading value to 179.39636591730374.
08:19:07 INFO    autopilot  set heading value to 179.3633975685597.
08:19:07 INFO    autopilot  set heading value to 179.3311785560066.
08:19:07 INFO    autopilot  set heading value to 179.29286168454757.
08:19:08 INFO    autopilot  set heading value to 179.2646281842163.
08:19:08 INFO    autopilot  set heading value to 179.25036065434256.
08:19:08 INFO    autopilot  Autopilot CSV log closed.
08:19:08 INFO    autopilot  Autopilot stopped.
08:19:08 INFO    CAN        Servo disabled
08:19:08 INFO    CAN        Sent CAN steering goal: 0.0°  0000008000000000
