11:27:54 INFO    can.interfaces.socketcan.socketcan Created a socket
11:27:54 INFO    canlink    CAN bus open: socketcan:can0 @ 250000
11:27:54 INFO    autopilot  Autopilot CSV log initialized at logs/autopilot_log_20260725_112754.csv
11:27:54 INFO    autopilot  Autopilot run thread started.
11:28:03 INFO    autopilot  set heading goal to 359.0.
11:28:03 INFO    autopilot  set heading goal to 358.0.
11:28:03 INFO    autopilot  set heading goal to 357.0.
11:28:03 INFO    autopilot  set heading goal to 358.0.
11:28:03 INFO    autopilot  set heading goal to 359.0.
11:28:04 INFO    autopilot  set heading goal to 0.0.
11:28:04 INFO    autopilot  set heading goal to 1.0.
11:28:04 INFO    autopilot  set heading goal to 2.0.
11:28:04 INFO    autopilot  set heading goal to 3.0.
11:28:04 INFO    autopilot  set heading goal to 4.0.
11:28:05 INFO    autopilot  set heading goal to 14.0.
11:28:05 INFO    autopilot  set heading goal to 24.0.
11:28:13 INFO    autopilot  set heading goal to 14.0.
11:28:13 INFO    autopilot  set heading goal to 24.0.
11:28:13 INFO    autopilot  set heading goal to 14.0.
11:28:14 INFO    autopilot  set heading goal to 4.0.
11:28:14 INFO    autopilot  set heading goal to 354.0.
11:28:14 INFO    autopilot  set heading goal to 344.0.
11:28:14 INFO    autopilot  set heading goal to 334.0.
11:28:14 INFO    autopilot  set heading goal to 324.0.
11:28:15 INFO    autopilot  set heading goal to 314.0.
11:28:15 INFO    autopilot  set heading goal to 324.0.
11:28:15 INFO    autopilot  set heading goal to 334.0.
11:28:15 INFO    autopilot  set heading goal to 344.0.
11:28:15 INFO    autopilot  set heading goal to 354.0.
11:28:16 INFO    autopilot  set heading goal to 4.0.
11:28:19 INFO    autopilot  Autopilot CSV log closed.
11:28:19 INFO    autopilot  Autopilot stopped.
11:28:19 INFO    CAN        Servo disabled
11:28:19 INFO    CAN        Sent CAN steering goal: 1475.0°  b881168000000000
11:28:19 ERROR   asyncio    Exception in callback Notifier._on_message_available()
handle: <Handle Notifier._on_message_available()>
Traceback (most recent call last):
  File "/usr/lib/python3.14/asyncio/events.py", line 94, in _run
    self._context.run(self._callback, *self._args)
    ~~~~~~~~~~~~~~~~~^^^^^^^^^^^^^^^^^^^^^^^^^^^^^
  File "/usr/lib/python3/dist-packages/can/notifier.py", line 252, in _on_message_available
    if msg := bus.recv(0):
              ~~~~~~~~^^^
  File "/usr/lib/python3/dist-packages/can/bus.py", line 121, in recv
    msg, already_filtered = self._recv_internal(timeout=time_left)
                            ~~~~~~~~~~~~~~~~~~~^^^^^^^^^^^^^^^^^^^
  File "/usr/lib/python3/dist-packages/can/interfaces/socketcan/socketcan.py", line 827, in _recv_internal
    ready_receive_sockets, _, _ = select.select([self.socket], [], [], timeout)
                                  ~~~~~~~~~~~~~^^^^^^^^^^^^^^^^^^^^^^^^^^^^^^^^
ValueError: file descriptor cannot be a negative integer (-1)
