11:19:47 WARNING canlink    CAN open failed: interface can0 not present -- adapter unplugged or 'ip link set can0 up type can bitrate 250000' not run
11:19:49 WARNING canlink    CAN open failed: interface can0 not present -- adapter unplugged or 'ip link set can0 up type can bitrate 250000' not run
11:19:53 WARNING canlink    CAN open failed: interface can0 not present -- adapter unplugged or 'ip link set can0 up type can bitrate 250000' not run
11:20:01 WARNING canlink    CAN open failed: interface can0 not present -- adapter unplugged or 'ip link set can0 up type can bitrate 250000' not run
11:20:16 WARNING canlink    CAN open failed: interface can0 not present -- adapter unplugged or 'ip link set can0 up type can bitrate 250000' not run
11:20:46 WARNING canlink    CAN open failed: interface can0 not present -- adapter unplugged or 'ip link set can0 up type can bitrate 250000' not run
11:21:16 WARNING canlink    CAN open failed: interface can0 not present -- adapter unplugged or 'ip link set can0 up type can bitrate 250000' not run
11:21:46 WARNING canlink    CAN open failed: interface can0 not present -- adapter unplugged or 'ip link set can0 up type can bitrate 250000' not run
11:22:16 WARNING canlink    CAN open failed: interface can0 not present -- adapter unplugged or 'ip link set can0 up type can bitrate 250000' not run
11:22:30 INFO    tornado.access 304 GET / (127.0.0.1) 7.67ms
11:22:30 INFO    tornado.access 304 GET /static/js/socket.io.min.js (127.0.0.1) 34.71ms
11:22:30 INFO    tornado.access 200 GET /static/js/compass.js (127.0.0.1) 34.46ms
11:22:30 INFO    tornado.access 304 GET /static/images/RedPortArrowLabeled.png (127.0.0.1) 8.35ms
11:22:30 INFO    tornado.access 304 GET /static/images/GreenStarboardArrowLabeled.png (127.0.0.1) 16.12ms
11:22:30 INFO    tornado.access 101 GET /ws (127.0.0.1) 4.13ms
11:22:30 INFO    tornado.access 304 GET /static/images/boat.png (127.0.0.1) 60.63ms
11:22:46 INFO    can.interfaces.socketcan.socketcan Created a socket
11:22:46 INFO    canlink    CAN bus open: socketcan:can0 @ 250000
11:22:46 INFO    autopilot  Autopilot CSV log initialized at logs/autopilot_log_20260725_112246.csv
11:22:46 INFO    autopilot  Autopilot run thread started.
11:22:46 ERROR   asyncio    Exception in callback Notifier._on_message_available()
handle: <Handle Notifier._on_message_available()>
Traceback (most recent call last):
  File "/usr/lib/python3/dist-packages/can/interfaces/socketcan/socketcan.py", line 623, in capture_message
    cf, ancillary_data, msg_flags, addr = sock.recvmsg(
                                          ~~~~~~~~~~~~^
        constants.CANFD_MTU, RECEIVED_ANCILLARY_BUFFER_SIZE
        ^^^^^^^^^^^^^^^^^^^^^^^^^^^^^^^^^^^^^^^^^^^^^^^^^^^
    )
    ^
OSError: [Errno 100] Network is down

The above exception was the direct cause of the following exception:

Traceback (most recent call last):
  File "/usr/lib/python3.14/asyncio/events.py", line 94, in _run
    self._context.run(self._callback, *self._args)
    ~~~~~~~~~~~~~~~~~^^^^^^^^^^^^^^^^^^^^^^^^^^^^^
  File "/usr/lib/python3/dist-packages/can/notifier.py", line 252, in _on_message_available
    if msg := bus.recv(0):
              ~~~~~~~~^^^
  File "/usr/lib/python3/dist-packages/can/bus.py", line 121, in recv
    msg, already_filtered = self._recv_internal(timeout=time_left)
                            ~~~~~~~~~~~~~~~~~~~^^^^^^^^^^^^^^^^^^^
  File "/usr/lib/python3/dist-packages/can/interfaces/socketcan/socketcan.py", line 836, in _recv_internal
    msg = capture_message(self.socket, get_channel)
  File "/usr/lib/python3/dist-packages/can/interfaces/socketcan/socketcan.py", line 631, in capture_message
    raise can.CanOperationError(
        f"Error receiving: {error.strerror}", error.errno
    ) from error
can.exceptions.CanOperationError: Error receiving: Network is down [Error Code 100]
11:24:03 INFO    tornado.access 304 GET / (127.0.0.1) 2.23ms
11:24:03 INFO    tornado.access 200 GET /static/js/socket.io.min.js (127.0.0.1) 2.50ms
11:24:03 INFO    tornado.access 304 GET /static/js/compass.js (127.0.0.1) 1.65ms
11:24:03 INFO    tornado.access 200 GET /static/images/boat.png (127.0.0.1) 9.43ms
11:24:03 INFO    tornado.access 101 GET /ws (127.0.0.1) 1.93ms
11:24:03 INFO    autopilot  set heading goal to 0.0.
11:24:09 INFO    CAN        Servo enabled
11:24:09 INFO    CAN        Sent CAN steering goal: 1475.0°  b881168045ffffff
11:24:15 INFO    autopilot  set heading value to 180.85425692085857.
11:24:15 INFO    autopilot  set heading value to 180.785501927368.
11:24:15 INFO    autopilot  set heading value to 180.7797723445771.
11:24:15 INFO    autopilot  set heading value to 180.7568540134136.
11:24:16 INFO    autopilot  set heading value to 180.73966526504097.
11:24:16 INFO    autopilot  set heading value to 180.7568540134136.
11:24:16 INFO    autopilot  set heading value to 180.75112443062272.
11:24:17 INFO    autopilot  set heading value to 180.7568540134136.
11:24:17 INFO    autopilot  set heading value to 180.72247651666834.
11:24:17 INFO    autopilot  set heading value to 180.69955818550483.
11:24:17 INFO    autopilot  set heading value to 180.68809901992304.
11:24:18 INFO    autopilot  set heading value to 180.6479919403869.
11:24:18 INFO    autopilot  set heading value to 180.6193440264325.
11:24:18 INFO    autopilot  set heading value to 180.60788486085073.
11:24:18 INFO    autopilot  set heading value to 180.6766398543413.
11:24:19 INFO    autopilot  set heading value to 180.7912315101589.
11:24:19 INFO    autopilot  set heading value to 180.8141498413224.
11:24:19 INFO    autopilot  set heading value to 180.86571608644033.
11:24:19 INFO    autopilot  set heading value to 180.88290483481296.
11:24:20 INFO    autopilot  set heading value to 180.9000935831856.
11:24:20 INFO    autopilot  set heading value to 180.9000935831856.
11:24:20 INFO    autopilot  set heading value to 180.90582316597647.
11:24:20 INFO    autopilot  set heading value to 180.90582316597647.
11:24:21 INFO    autopilot  set heading value to 180.92874149713998.
11:24:21 INFO    autopilot  set heading value to 180.9573894110944.
11:24:21 INFO    autopilot  set heading value to 181.00895565621232.
11:24:21 INFO    autopilot  set heading value to 181.01468523900317.
11:24:22 INFO    autopilot  set heading value to 181.02614440458495.
11:24:22 INFO    autopilot  set heading value to 181.0662514841211.
11:24:22 INFO    autopilot  set heading value to 181.07771064970288.
11:24:22 INFO    autopilot  set heading value to 181.0433331529576.
11:24:23 INFO    autopilot  set heading value to 181.0376035701667.
11:24:23 INFO    autopilot  set heading value to 181.0490627357485.
11:24:23 INFO    autopilot  set heading value to 181.08344023249376.
11:24:23 INFO    autopilot  set heading value to 181.1235473120299.
11:24:24 INFO    autopilot  set heading value to 181.1464656431934.
11:24:24 INFO    autopilot  set heading value to 181.17511355714782.
11:24:24 INFO    autopilot  set heading value to 181.18084313993873.
11:24:25 INFO    autopilot  set heading value to 181.18084313993873.
11:24:25 INFO    autopilot  set heading value to 181.215220636684.
11:24:25 INFO    autopilot  set heading value to 181.23240938505663.
11:24:25 INFO    autopilot  set heading value to 181.25532771622014.
11:24:26 INFO    autopilot  set heading value to 181.30116437854718.
11:24:26 INFO    autopilot  set heading value to 181.36991937203774.
11:24:26 INFO    autopilot  set heading value to 181.39856728599216.
11:24:26 INFO    autopilot  set heading value to 181.42148561715567.
11:24:27 INFO    autopilot  set heading value to 181.4386743655283.
11:24:27 INFO    autopilot  set heading value to 181.39856728599216.
11:24:27 INFO    autopilot  set heading value to 181.36991937203774.
11:24:27 INFO    autopilot  set heading value to 181.36418978924684.
11:24:28 INFO    autopilot  set heading value to 181.35273062366508.
11:24:28 INFO    autopilot  set heading value to 181.38710812041037.
11:24:28 INFO    autopilot  set heading value to 181.3813785376195.
11:24:28 INFO    autopilot  set heading value to 181.34127145808333.
11:24:29 INFO    autopilot  set heading value to 181.2094910538931.
11:24:29 INFO    autopilot  set heading value to 181.08916981528463.
11:24:29 INFO    autopilot  set heading value to 181.0490627357485.
11:24:29 INFO    autopilot  set heading value to 180.91728233155823.
11:24:30 INFO    autopilot  set heading value to 180.8370681724859.
11:24:30 INFO    autopilot  set heading value to 180.7797723445771.
11:24:30 INFO    autopilot  set heading value to 180.6766398543413.
11:24:30 INFO    autopilot  set heading value to 180.5906961124781.
11:24:31 INFO    autopilot  set heading value to 180.4761044566605.
11:24:31 INFO    autopilot  set heading value to 180.42453821154257.
11:24:31 INFO    autopilot  set heading value to 180.32140572130675.
11:24:31 INFO    autopilot  set heading value to 180.1896253171165.
11:24:32 INFO    autopilot  set heading value to 180.11514074083507.
11:24:32 INFO    autopilot  set heading value to 180.0750336612989.
11:24:32 INFO    autopilot  set heading value to 180.01200825059925.
11:24:33 INFO    autopilot  set heading value to 179.9375236743178.
11:24:33 INFO    autopilot  set heading value to 179.9088757603634.
11:24:33 INFO    autopilot  set heading value to 179.88022784640899.
11:24:33 INFO    autopilot  set heading value to 179.8515799324546.
11:24:34 INFO    autopilot  set heading value to 179.81147285291843.
11:24:34 INFO    autopilot  set heading value to 179.79428410454582.
11:24:34 INFO    autopilot  set heading value to 179.78282493896404.
11:24:34 INFO    autopilot  set heading value to 179.7656361905914.
11:24:35 INFO    autopilot  set heading value to 179.71406994547348.
11:24:35 INFO    autopilot  set heading value to 179.67396286593734.
11:24:35 INFO    autopilot  set heading value to 179.6625037003556.
11:24:35 INFO    autopilot  set heading value to 179.5994782896559.
11:24:36 INFO    autopilot  set heading value to 179.5651007929106.
11:24:36 INFO    autopilot  set heading value to 179.55364162732886.
11:24:36 INFO    autopilot  set heading value to 179.52499371337444.
11:24:36 INFO    autopilot  set heading value to 179.47342746825652.
11:24:37 INFO    autopilot  set heading value to 179.4218612231386.
11:24:37 INFO    autopilot  set heading value to 179.404672474766.
11:24:37 INFO    autopilot  set heading value to 179.3702949780207.
11:24:37 INFO    autopilot  set heading value to 179.3702949780207.
11:24:38 INFO    autopilot  set heading value to 179.3416470640663.
11:24:38 INFO    autopilot  set heading value to 179.31872873290277.
11:24:38 INFO    autopilot  set heading value to 179.33018789848452.
11:24:38 INFO    autopilot  set heading value to 179.36456539522982.
11:24:39 INFO    autopilot  set heading value to 179.41040205755684.
11:24:39 INFO    autopilot  set heading value to 179.44477955430213.
11:24:39 INFO    autopilot  set heading value to 179.49061621662918.
11:24:39 INFO    autopilot  set heading value to 179.55937121011974.
11:24:40 INFO    autopilot  set heading value to 179.5994782896559.
11:24:40 INFO    autopilot  set heading value to 179.60520787244675.
11:24:40 INFO    autopilot  set heading value to 179.66823328314644.
11:24:41 INFO    autopilot  set heading value to 179.72552911105524.
11:24:41 INFO    autopilot  set heading value to 179.77136577338226.
11:24:41 INFO    autopilot  set heading value to 179.80574327012758.
11:24:41 INFO    autopilot  set heading value to 179.86303909803635.
11:24:42 INFO    autopilot  set heading value to 179.90314617757252.
11:24:42 INFO    autopilot  set heading value to 179.89741659478165.
11:24:42 INFO    autopilot  set heading value to 179.88022784640899.
11:24:42 INFO    autopilot  set heading value to 179.84585034966372.
11:24:43 INFO    autopilot  set heading value to 179.83439118408197.
11:24:43 INFO    autopilot  set heading value to 179.77136577338226.
11:24:43 INFO    autopilot  set heading value to 179.736988276637.
11:24:43 INFO    autopilot  set heading value to 179.736988276637.
11:24:44 INFO    autopilot  set heading value to 179.736988276637.
11:24:44 INFO    autopilot  set heading value to 179.69688119710085.
11:24:44 INFO    autopilot  set heading value to 179.69115161430997.
11:24:44 INFO    autopilot  set heading value to 179.69115161430997.
11:24:45 INFO    autopilot  set heading value to 179.69688119710085.
11:24:45 INFO    autopilot  set heading value to 179.736988276637.
11:24:45 INFO    autopilot  set heading value to 179.75417702500965.
11:24:45 INFO    autopilot  set heading value to 179.75417702500965.
11:24:46 INFO    autopilot  set heading value to 179.78855452175492.
11:24:46 INFO    autopilot  set heading value to 179.78855452175492.
11:24:46 INFO    autopilot  set heading value to 179.78855452175492.
11:24:46 INFO    autopilot  set heading value to 179.81147285291843.
11:24:47 INFO    autopilot  set heading value to 179.84012076687284.
11:24:47 INFO    autopilot  set heading value to 179.86303909803635.
11:24:47 INFO    autopilot  set heading value to 179.8515799324546.
11:24:48 INFO    autopilot  set heading value to 179.81147285291843.
11:24:48 INFO    autopilot  set heading value to 179.77136577338226.
11:24:48 INFO    autopilot  set heading value to 179.75417702500965.
11:24:48 INFO    autopilot  set heading value to 179.75417702500965.
11:24:49 INFO    autopilot  set heading value to 179.7599066078005.
11:24:49 INFO    autopilot  set heading value to 179.7656361905914.
11:24:49 INFO    autopilot  set heading value to 179.75417702500965.
11:24:49 INFO    autopilot  set heading value to 179.7656361905914.
11:24:50 INFO    autopilot  set heading value to 179.77709535617316.
11:24:50 INFO    autopilot  set heading value to 179.7599066078005.
11:24:50 INFO    autopilot  set heading value to 179.7599066078005.
11:24:50 INFO    autopilot  set heading value to 179.73125869384612.
11:24:51 INFO    autopilot  set heading value to 179.6854220315191.
11:24:51 INFO    autopilot  set heading value to 179.6854220315191.
11:24:51 INFO    autopilot  set heading value to 179.7083403626826.
11:24:51 INFO    autopilot  set heading value to 179.71406994547348.
11:24:52 INFO    autopilot  set heading value to 179.73125869384612.
11:24:52 INFO    autopilot  set heading value to 179.7656361905914.
11:24:52 INFO    autopilot  set heading value to 179.77136577338226.
11:24:52 INFO    autopilot  set heading value to 179.75417702500965.
11:24:53 INFO    autopilot  set heading value to 179.74844744221875.
11:24:53 INFO    autopilot  set heading value to 179.71979952826436.
11:24:53 INFO    autopilot  set heading value to 179.70261077989173.
11:24:53 INFO    autopilot  set heading goal to 359.0.
11:24:53 INFO    autopilot  set heading value to 179.65677411756468.
11:24:54 INFO    autopilot  set heading goal to 358.0.
11:24:54 INFO    autopilot  set heading value to 179.58801912407412.
11:24:54 INFO    autopilot  set heading goal to 357.0.
11:24:54 INFO    autopilot  set heading value to 179.52499371337444.
11:24:54 INFO    autopilot  set heading value to 179.5078049650018.
11:24:54 INFO    autopilot  set heading goal to 356.0.
11:24:54 INFO    autopilot  set heading goal to 355.0.
11:24:54 INFO    autopilot  set heading goal to 354.0.
11:24:54 INFO    autopilot  set heading goal to 353.0.
11:24:54 INFO    autopilot  set heading goal to 352.0.
11:24:54 INFO    autopilot  set heading goal to 351.0.
11:24:54 INFO    autopilot  set heading goal to 350.0.
11:24:54 INFO    autopilot  set heading value to 179.47915705104742.
11:24:55 INFO    autopilot  set heading goal to 349.0.
11:24:55 INFO    autopilot  set heading goal to 348.0.
11:24:55 INFO    autopilot  set heading goal to 347.0.
11:24:55 INFO    autopilot  set heading goal to 346.0.
11:24:55 INFO    autopilot  set heading goal to 345.0.
11:24:55 INFO    autopilot  set heading goal to 344.0.
11:24:55 INFO    autopilot  set heading goal to 343.0.
11:24:55 INFO    autopilot  set heading goal to 342.0.
11:24:55 INFO    autopilot  set heading value to 179.39894289197508.
11:24:55 INFO    autopilot  set heading value to 179.39321330918423.
11:24:55 INFO    autopilot  set heading value to 179.404672474766.
11:24:55 INFO    autopilot  set heading value to 179.38748372639333.
11:24:55 INFO    CAN        Servo disabled
11:24:55 INFO    CAN        Sent CAN steering goal: 1475.0°  b881168000000000
11:24:56 INFO    autopilot  set heading value to 179.41040205755684.
11:24:56 INFO    autopilot  set heading value to 179.43332038872038.
11:24:56 INFO    CAN        Servo enabled
11:24:56 INFO    CAN        Sent CAN steering goal: 1475.0°  b881168045ffffff
11:24:56 INFO    autopilot  set heading value to 179.450509137093.
11:24:57 INFO    autopilot  set heading value to 179.450509137093.
11:24:57 INFO    autopilot  set heading value to 179.41040205755684.
11:24:57 INFO    autopilot  set heading value to 179.41040205755684.
11:24:57 INFO    autopilot  set heading value to 179.4218612231386.
11:24:58 INFO    autopilot  set heading value to 179.39321330918423.
11:24:58 INFO    autopilot  set heading value to 179.38748372639333.
11:24:58 INFO    autopilot  set heading value to 179.37602456081157.
11:24:58 INFO    autopilot  set heading value to 179.34737664685719.
11:24:59 INFO    autopilot  set heading value to 179.32445831569368.
11:24:59 INFO    autopilot  set heading value to 179.30726956732101.
11:24:59 INFO    autopilot  set heading value to 179.30726956732101.
11:24:59 INFO    autopilot  set heading value to 179.29008081894838.
11:25:00 INFO    autopilot  set heading value to 179.29581040173926.
11:25:00 INFO    autopilot  set heading value to 179.30153998453014.
11:25:00 INFO    autopilot  set heading value to 179.2843512361575.
11:25:00 INFO    autopilot  set heading value to 179.26716248778484.
11:25:01 INFO    autopilot  set heading value to 179.22132582545782.
11:25:01 INFO    autopilot  set heading value to 179.1697595803399.
11:25:01 INFO    autopilot  set heading value to 179.15830041475814.
11:25:01 INFO    autopilot  set heading value to 179.10100458684934.
11:25:02 INFO    autopilot  set heading value to 179.05516792452232.
11:25:02 INFO    autopilot  set heading value to 179.0265200105679.
11:25:02 INFO    autopilot  set heading value to 178.98641293103177.
11:25:02 INFO    autopilot  set heading goal to 343.0.
11:25:02 INFO    autopilot  set heading value to 178.95776501707735.
11:25:03 INFO    autopilot  set heading value to 178.91765793754118.
11:25:03 INFO    autopilot  set heading goal to 344.0.
11:25:03 INFO    autopilot  set heading value to 178.90046918916858.
11:25:03 INFO    autopilot  set heading goal to 345.0.
11:25:03 INFO    autopilot  set heading goal to 346.0.
11:25:03 INFO    autopilot  set heading value to 178.90619877195942.
11:25:03 INFO    autopilot  set heading value to 178.90046918916858.
11:25:04 INFO    autopilot  set heading value to 178.90619877195942.
11:25:04 INFO    autopilot  set heading value to 178.90619877195942.
11:25:04 INFO    autopilot  set heading goal to 345.0.
11:25:04 INFO    autopilot  set heading value to 178.90619877195942.
11:25:04 INFO    autopilot  set heading goal to 344.0.
11:25:05 INFO    autopilot  set heading value to 178.91192835475033.
11:25:05 INFO    autopilot  set heading goal to 343.0.
11:25:05 INFO    autopilot  set heading value to 178.90046918916858.
11:25:05 INFO    autopilot  set heading value to 178.90619877195942.
11:25:05 INFO    autopilot  set heading value to 178.92911710312293.
11:25:05 INFO    autopilot  set heading goal to 342.0.
11:25:06 INFO    autopilot  set heading value to 178.9692241826591.
11:25:06 INFO    autopilot  set heading goal to 341.0.
11:25:06 INFO    autopilot  set heading value to 178.9692241826591.
11:25:06 INFO    autopilot  set heading goal to 178.9692241826591.
11:25:06 INFO    autopilot  set heading value to 178.9692241826591.
11:25:06 INFO    autopilot  set heading value to 178.96349459986823.
11:25:07 INFO    autopilot  set heading value to 178.97495376545.
11:25:07 INFO    autopilot  set heading value to 179.03224959335878.
11:25:07 INFO    autopilot  set heading value to 179.00933126219527.
11:25:07 INFO    autopilot  set heading value to 179.01506084498615.
11:25:08 INFO    autopilot  set heading value to 179.04370875894054.
11:25:08 INFO    autopilot  set heading value to 179.05516792452232.
11:25:08 INFO    autopilot  set heading value to 179.04943834173142.
11:25:08 INFO    autopilot  set heading value to 179.03797917614966.
11:25:09 INFO    autopilot  set heading value to 179.04943834173142.
11:25:09 INFO    autopilot  set heading value to 179.05516792452232.
11:25:09 INFO    autopilot  set heading value to 179.0265200105679.
11:25:09 INFO    autopilot  set heading value to 179.00933126219527.
11:25:10 INFO    autopilot  set heading value to 178.97495376545.
11:25:10 INFO    autopilot  set heading value to 178.95776501707735.
11:25:10 INFO    autopilot  set heading value to 178.96349459986823.
11:25:10 INFO    autopilot  set heading value to 178.9692241826591.
11:25:11 INFO    autopilot  set heading value to 178.98641293103177.
11:25:11 INFO    autopilot  set heading value to 179.0265200105679.
11:25:11 INFO    autopilot  set heading value to 179.06089750731317.
11:25:11 INFO    autopilot  set heading value to 179.0895454212676.
11:25:12 INFO    autopilot  set heading value to 179.10673416964025.
11:25:12 INFO    autopilot  set heading value to 179.17548916313078.
11:25:12 INFO    autopilot  set heading value to 179.16402999754902.
11:25:13 INFO    autopilot  set heading value to 179.15830041475814.
11:25:13 INFO    autopilot  set heading value to 179.18121874592165.
11:25:13 INFO    autopilot  set heading value to 179.22132582545782.
11:25:13 INFO    autopilot  set heading value to 179.23851457383046.
11:25:14 INFO    autopilot  set heading value to 179.24424415662133.
11:25:14 INFO    autopilot  set heading value to 179.30153998453014.
11:25:14 INFO    autopilot  set heading value to 179.3416470640663.
11:25:14 INFO    autopilot  set heading value to 179.35310622964806.
11:25:15 INFO    autopilot  set heading value to 179.34737664685719.
11:25:15 INFO    autopilot  set heading value to 179.38748372639333.
11:25:15 INFO    autopilot  set heading value to 179.38175414360245.
11:25:15 INFO    autopilot  set heading value to 179.39321330918423.
11:25:16 INFO    autopilot  set heading value to 179.38748372639333.
11:25:16 INFO    autopilot  set heading value to 179.39894289197508.
11:25:16 INFO    autopilot  set heading value to 179.39321330918423.
11:25:16 INFO    autopilot  set heading value to 179.3702949780207.
11:25:17 INFO    autopilot  set heading value to 179.35883581243894.
11:25:17 INFO    autopilot  set heading value to 179.31872873290277.
11:25:17 INFO    autopilot  set heading value to 179.31299915011192.
11:25:17 INFO    autopilot  set heading value to 179.31299915011192.
11:25:18 INFO    autopilot  set heading value to 179.30153998453014.
11:25:18 INFO    autopilot  set heading value to 179.31299915011192.
11:25:18 INFO    autopilot  set heading value to 179.3702949780207.
11:25:18 INFO    autopilot  set heading value to 179.4218612231386.
11:25:19 INFO    autopilot  set heading value to 179.47915705104742.
11:25:19 INFO    autopilot  set heading value to 179.47915705104742.
11:25:19 INFO    autopilot  set heading value to 179.54218246174707.
11:25:19 INFO    autopilot  set heading value to 179.55364162732886.
11:25:20 INFO    autopilot  set heading value to 179.55364162732886.
11:25:20 INFO    autopilot  set heading value to 179.593748706865.
11:25:20 INFO    autopilot  set heading value to 179.62812620361026.
11:25:21 INFO    autopilot  set heading value to 179.69688119710085.
11:25:21 INFO    autopilot  set heading value to 179.74844744221875.
11:25:21 INFO    autopilot  set heading value to 179.736988276637.
11:25:21 INFO    autopilot  set heading value to 179.7599066078005.
11:25:22 INFO    autopilot  set heading value to 179.78855452175492.
11:25:22 INFO    autopilot  set heading value to 179.81720243570933.
11:25:22 INFO    autopilot  set heading value to 179.8744982636181.
11:25:22 INFO    autopilot  set heading value to 179.8744982636181.
11:25:23 INFO    autopilot  set heading value to 179.89168701199077.
11:25:23 INFO    autopilot  set heading value to 179.88022784640899.
11:25:23 INFO    autopilot  set heading value to 179.86303909803635.
11:25:23 INFO    autopilot  set heading value to 179.84585034966372.
11:25:24 INFO    autopilot  set heading value to 179.83439118408197.
11:25:24 INFO    autopilot  set heading value to 179.8286616012911.
11:25:24 INFO    autopilot  set heading value to 179.80001368733667.
11:25:24 INFO    autopilot  set heading value to 179.78282493896404.
11:25:25 INFO    autopilot  set heading value to 179.75417702500965.
11:25:25 INFO    autopilot  set heading value to 179.71979952826436.
11:25:25 INFO    autopilot  set heading value to 179.70261077989173.
11:25:25 INFO    autopilot  set heading value to 179.72552911105524.
11:25:26 INFO    autopilot  set heading value to 179.7656361905914.
11:25:26 INFO    autopilot  set heading value to 179.78855452175492.
11:25:26 INFO    autopilot  set heading value to 179.7599066078005.
11:25:26 INFO    autopilot  set heading value to 179.7656361905914.
11:25:27 INFO    autopilot  set heading value to 179.77136577338226.
11:25:27 INFO    autopilot  set heading value to 179.7427178594279.
11:25:27 INFO    autopilot  set heading value to 179.71979952826436.
11:25:27 INFO    autopilot  set heading value to 179.7083403626826.
11:25:28 INFO    autopilot  set heading value to 179.71406994547348.
11:25:28 INFO    autopilot  set heading value to 179.72552911105524.
11:25:28 INFO    autopilot  set heading value to 179.7427178594279.
11:25:28 INFO    autopilot  set heading value to 179.7599066078005.
11:25:29 INFO    autopilot  set heading value to 179.79428410454582.
11:25:29 INFO    autopilot  set heading value to 179.80574327012758.
11:25:29 INFO    autopilot  set heading value to 179.77136577338226.
11:25:30 INFO    autopilot  set heading value to 179.736988276637.
11:25:30 INFO    autopilot  set heading value to 179.75417702500965.
11:25:30 INFO    autopilot  set heading value to 179.78282493896404.
11:25:30 INFO    autopilot  set heading value to 179.80001368733667.
11:25:31 INFO    autopilot  set heading value to 179.8286616012911.
11:25:31 INFO    autopilot  set heading value to 179.86303909803635.
11:25:31 INFO    autopilot  set heading value to 179.89741659478165.
11:25:31 INFO    autopilot  set heading value to 179.90314617757252.
11:25:32 INFO    autopilot  set heading value to 179.91460534315428.
11:25:32 INFO    autopilot  set heading value to 179.95471242269042.
11:25:32 INFO    autopilot  set heading value to 179.97763075385393.
11:25:32 INFO    autopilot  set heading value to 179.97763075385393.
11:25:33 INFO    autopilot  set heading value to 179.96617158827218.
11:25:33 INFO    autopilot  set heading value to 179.97190117106308.
11:25:33 INFO    autopilot  set heading value to 179.9890899194357.
11:25:33 INFO    autopilot  set heading value to 180.00627866780835.
11:25:34 INFO    autopilot  set heading value to 180.03492658176276.
11:25:34 INFO    autopilot  set heading value to 180.02919699897186.
11:25:34 INFO    autopilot  set heading value to 180.023467416181.
11:25:34 INFO    autopilot  set heading value to 180.08649282688066.
11:25:35 INFO    autopilot  set heading value to 180.1437886547895.
11:25:35 INFO    autopilot  set heading value to 180.1896253171165.
11:25:35 INFO    autopilot  set heading value to 180.1953548999074.
11:25:35 INFO    autopilot  set heading value to 180.23546197944356.
11:25:36 INFO    autopilot  set heading value to 180.26410989339794.
11:25:36 INFO    autopilot  set heading value to 180.28702822456148.
11:25:36 INFO    autopilot  set heading value to 180.28702822456148.
11:25:36 INFO    autopilot  set heading value to 180.29848739014324.
11:25:37 INFO    autopilot  set heading value to 180.3328648868885.
11:25:37 INFO    autopilot  set heading value to 180.35005363526113.
11:25:37 INFO    autopilot  set heading value to 180.3901607147973.
11:25:37 INFO    autopilot  set heading value to 180.4130790459608.
11:25:38 INFO    autopilot  set heading value to 180.40161988037906.
11:25:38 INFO    autopilot  set heading value to 180.39589029758818.
11:25:38 INFO    autopilot  set heading value to 180.32140572130675.
11:25:38 INFO    autopilot  set heading value to 180.2469211450253.
11:25:39 INFO    autopilot  set heading value to 180.15524782037124.
11:25:39 INFO    autopilot  set heading value to 180.1323294892077.
11:25:39 INFO    autopilot  set heading value to 180.09222240967156.
11:25:40 INFO    autopilot  set heading value to 180.06930407850803.
11:25:40 INFO    autopilot  set heading value to 180.08076324408978.
11:25:40 INFO    autopilot  set heading value to 180.08649282688066.
11:25:40 INFO    autopilot  set heading value to 180.09222240967156.
11:25:41 INFO    autopilot  set heading value to 180.12087032362592.
11:25:41 INFO    autopilot  set heading value to 180.12087032362592.
11:25:41 INFO    autopilot  set heading value to 180.12659990641683.
11:25:41 INFO    autopilot  set heading value to 180.11514074083507.
11:25:42 INFO    autopilot  set heading value to 180.10368157525332.
11:25:42 INFO    autopilot  set heading value to 180.04638574734452.
11:25:42 INFO    autopilot  set heading value to 180.03492658176276.
11:25:42 INFO    autopilot  set heading value to 179.9890899194357.
11:25:43 INFO    autopilot  set heading value to 179.95471242269042.
11:25:43 INFO    autopilot  set heading value to 179.92033492594516.
11:25:43 INFO    autopilot  set heading value to 179.91460534315428.
11:25:43 INFO    autopilot  set heading value to 179.8515799324546.
11:25:44 INFO    autopilot  set heading value to 179.78855452175492.
11:25:44 INFO    autopilot  set heading value to 179.77136577338226.
11:25:44 INFO    autopilot  set heading value to 179.6854220315191.
11:25:44 INFO    autopilot  set heading value to 179.62812620361026.
11:25:45 INFO    autopilot  set heading value to 179.58228954128325.
11:25:45 INFO    autopilot  set heading value to 179.54218246174707.
11:25:45 INFO    autopilot  set heading value to 179.52499371337444.
11:25:45 INFO    autopilot  set heading value to 179.49634579942006.
11:25:46 INFO    autopilot  set heading value to 179.47342746825652.
11:25:46 INFO    autopilot  set heading value to 179.4562387198839.
11:25:46 INFO    autopilot  set heading value to 179.44477955430213.
11:25:46 INFO    autopilot  set heading value to 179.43904997151125.
11:25:47 INFO    autopilot  set heading value to 179.43904997151125.
11:25:47 INFO    autopilot  set heading value to 179.450509137093.
11:25:47 INFO    autopilot  set heading value to 179.48488663383827.
11:25:47 INFO    autopilot  set heading value to 179.52499371337444.
11:25:48 INFO    autopilot  set heading value to 179.54791204453798.
11:25:48 INFO    autopilot  set heading value to 179.5364528789562.
11:25:48 INFO    autopilot  set heading value to 179.55364162732886.
11:25:49 INFO    autopilot  set heading value to 179.5708303757015.
11:25:49 INFO    autopilot  set heading value to 179.58228954128325.
11:25:49 INFO    autopilot  set heading value to 179.57655995849237.
11:25:49 INFO    autopilot  set heading value to 179.58801912407412.
11:25:50 INFO    autopilot  set heading value to 179.593748706865.
11:25:50 INFO    autopilot  set heading value to 179.60520787244675.
11:25:50 INFO    autopilot  set heading value to 179.58228954128325.
11:25:50 INFO    autopilot  set heading value to 179.57655995849237.
11:25:50 INFO    autopilot  set heading goal to 179.9692241826591.
11:25:51 INFO    autopilot  set heading value to 179.60520787244675.
11:25:51 INFO    autopilot  set heading value to 179.64531495198293.
11:25:51 INFO    autopilot  set heading value to 179.65677411756468.
11:25:51 INFO    autopilot  set heading value to 179.71406994547348.
11:25:52 INFO    autopilot  set heading value to 179.74844744221875.
11:25:52 INFO    autopilot  set heading value to 179.7427178594279.
11:25:52 INFO    autopilot  set heading value to 179.74844744221875.
11:25:52 INFO    autopilot  set heading value to 179.77709535617316.
11:25:53 INFO    autopilot  set heading value to 179.82293201850018.
11:25:53 INFO    autopilot  set heading value to 179.85730951524548.
11:25:53 INFO    autopilot  set heading goal to 180.9692241826591.
11:25:53 INFO    autopilot  set heading value to 179.8286616012911.
11:25:53 INFO    autopilot  set heading value to 179.77709535617316.
11:25:54 INFO    autopilot  set heading goal to 181.9692241826591.
11:25:54 INFO    autopilot  set heading value to 179.71979952826436.
11:25:54 INFO    autopilot  set heading goal to 182.9692241826591.
11:25:54 INFO    autopilot  set heading value to 179.69688119710085.
11:25:54 INFO    autopilot  set heading goal to 183.9692241826591.
11:25:54 INFO    autopilot  set heading value to 179.71979952826436.
11:25:54 INFO    autopilot  set heading goal to 184.9692241826591.
11:25:54 INFO    autopilot  set heading value to 179.73125869384612.
11:25:55 INFO    autopilot  set heading goal to 185.9692241826591.
11:25:55 INFO    autopilot  set heading value to 179.7427178594279.
11:25:55 INFO    autopilot  set heading goal to 186.9692241826591.
11:25:55 INFO    autopilot  set heading value to 179.736988276637.
11:25:55 INFO    autopilot  set heading goal to 187.9692241826591.
11:25:55 INFO    autopilot  set heading value to 179.73125869384612.
11:25:55 INFO    autopilot  set heading goal to 188.9692241826591.
11:25:56 INFO    autopilot  set heading value to 179.7656361905914.
11:25:56 INFO    autopilot  set heading goal to 189.9692241826591.
11:25:56 INFO    autopilot  set heading value to 179.79428410454582.
11:25:56 INFO    autopilot  set heading value to 179.77136577338226.
11:25:56 INFO    autopilot  set heading value to 179.7599066078005.
11:25:57 INFO    autopilot  set heading value to 179.7427178594279.
11:25:57 INFO    autopilot  set heading value to 179.75417702500965.
11:25:57 INFO    autopilot  set heading value to 179.72552911105524.
11:25:57 INFO    autopilot  set heading value to 179.6854220315191.
11:25:58 INFO    autopilot  set heading value to 179.62812620361026.
11:25:58 INFO    autopilot  set heading value to 179.62239662081942.
11:25:58 INFO    autopilot  set heading value to 179.60520787244675.
11:25:58 INFO    autopilot  set heading value to 179.5708303757015.
11:25:59 INFO    autopilot  set heading value to 179.5078049650018.
11:25:59 INFO    autopilot  set heading value to 179.4275908059295.
11:25:59 INFO    autopilot  set heading value to 179.38748372639333.
11:25:59 INFO    autopilot  set heading value to 179.38748372639333.
11:26:00 INFO    autopilot  set heading value to 179.41613164034774.
11:26:00 INFO    autopilot  set heading value to 179.39894289197508.
11:26:00 INFO    autopilot  set heading value to 179.37602456081157.
11:26:00 INFO    autopilot  set heading value to 179.3416470640663.
11:26:01 INFO    autopilot  set heading value to 179.31299915011192.
11:26:01 INFO    autopilot  set heading value to 179.30726956732101.
11:26:01 INFO    autopilot  set heading value to 179.30153998453014.
11:26:01 INFO    autopilot  set heading value to 179.29581040173926.
11:26:02 INFO    autopilot  set heading value to 179.2843512361575.
11:26:02 INFO    autopilot  set heading value to 179.24997373941224.
11:26:02 INFO    autopilot  set heading value to 179.23851457383046.
11:26:02 INFO    autopilot  set heading value to 179.22132582545782.
11:26:03 INFO    autopilot  set heading value to 179.2041370770852.
11:26:03 INFO    autopilot  set heading value to 179.23851457383046.
11:26:03 INFO    autopilot  set heading value to 179.2557033222031.
11:26:03 INFO    autopilot  set heading value to 179.261432904994.
11:26:04 INFO    autopilot  set heading value to 179.24424415662133.
11:26:04 INFO    autopilot  set heading value to 179.2270554082487.
11:26:04 INFO    tornado.access 304 GET / (127.0.0.1) 1.92ms
11:26:04 INFO    autopilot  set heading value to 179.23851457383046.
11:26:04 INFO    tornado.access 304 GET /static/js/compass.js (127.0.0.1) 6.16ms
11:26:04 INFO    tornado.access 101 GET /ws (127.0.0.1) 4.34ms
11:26:04 INFO    autopilot  set heading goal to 0.0.
11:26:05 INFO    autopilot  set heading value to 179.23851457383046.
11:26:05 INFO    autopilot  set heading value to 179.23278499103958.
11:26:05 INFO    autopilot  set heading value to 179.24997373941224.
11:26:05 INFO    autopilot  set heading value to 179.26716248778484.
11:26:06 INFO    autopilot  set heading value to 179.26716248778484.
11:26:06 INFO    autopilot  set heading value to 179.24424415662133.
11:26:06 INFO    autopilot  set heading value to 179.21559624266695.
11:26:06 INFO    autopilot  set heading value to 179.2041370770852.
11:26:07 INFO    autopilot  set heading value to 179.22132582545782.
11:26:07 INFO    autopilot  set heading value to 179.2557033222031.
11:26:07 INFO    autopilot  set heading value to 179.261432904994.
11:26:07 INFO    autopilot  set heading value to 179.2843512361575.
11:26:08 INFO    autopilot  set heading value to 179.29581040173926.
11:26:08 INFO    autopilot  set heading value to 179.30726956732101.
11:26:08 INFO    autopilot  set heading value to 179.33591748127543.
11:26:08 INFO    CAN        Servo disabled
11:26:08 INFO    CAN        Sent CAN steering goal: 1475.0°  b881168000000000
11:26:08 INFO    autopilot  set heading value to 179.3416470640663.
11:26:09 INFO    autopilot  set heading value to 179.31299915011192.
11:26:09 INFO    autopilot  set heading value to 179.29008081894838.
11:26:09 INFO    autopilot  set heading value to 179.31299915011192.
11:26:09 INFO    autopilot  set heading value to 179.30726956732101.
11:26:10 INFO    autopilot  set heading value to 179.31299915011192.
11:26:10 INFO    autopilot  set heading value to 179.29008081894838.
11:26:10 INFO    autopilot  set heading value to 179.30153998453014.
11:26:10 INFO    autopilot  set heading value to 179.33018789848452.
11:26:11 INFO    autopilot  set heading value to 179.38748372639333.
11:26:11 INFO    autopilot  set heading value to 179.43332038872038.
11:26:11 INFO    autopilot  set heading value to 179.4275908059295.
11:26:11 INFO    autopilot  set heading value to 179.44477955430213.
11:26:12 INFO    autopilot  set heading value to 179.47915705104742.
11:26:12 INFO    autopilot  set heading value to 179.5135345477927.
11:26:12 INFO    autopilot  set heading value to 179.54218246174707.
11:26:12 INFO    autopilot  set heading value to 179.5651007929106.
11:26:13 INFO    autopilot  set heading value to 179.6166670380285.
11:26:13 INFO    autopilot  set heading value to 179.6796924487282.
11:26:13 INFO    autopilot  set heading value to 179.70261077989173.
11:26:14 INFO    autopilot  set heading value to 179.7599066078005.
11:26:14 INFO    autopilot  set heading value to 179.81147285291843.
11:26:14 INFO    autopilot  set heading value to 179.85730951524548.
11:26:14 INFO    autopilot  set heading value to 179.88022784640899.
11:26:15 INFO    autopilot  set heading value to 179.96044200548133.
11:26:15 INFO    autopilot  set heading goal to 1.0.
11:26:15 INFO    autopilot  set heading value to 179.9890899194357.
11:26:15 INFO    autopilot  set heading value to 180.01200825059925.
11:26:15 INFO    autopilot  set heading goal to 2.0.
11:26:15 INFO    autopilot  set heading value to 180.02919699897186.
11:26:15 INFO    autopilot  set heading goal to 3.0.
11:26:16 INFO    autopilot  set heading value to 180.04638574734452.
11:26:16 INFO    autopilot  set heading goal to 4.0.
11:26:16 INFO    autopilot  set heading goal to 5.0.
11:26:16 INFO    autopilot  set heading goal to 6.0.
11:26:16 INFO    autopilot  set heading goal to 7.0.
11:26:16 INFO    autopilot  set heading goal to 8.0.
11:26:16 INFO    autopilot  set heading goal to 9.0.
11:26:16 INFO    autopilot  set heading goal to 10.0.
11:26:16 INFO    autopilot  set heading goal to 11.0.
11:26:16 INFO    autopilot  set heading goal to 12.0.
11:26:16 INFO    autopilot  set heading value to 180.08076324408978.
11:26:16 INFO    autopilot  set heading goal to 13.0.
11:26:16 INFO    autopilot  set heading goal to 14.0.
11:26:16 INFO    autopilot  set heading goal to 15.0.
11:26:16 INFO    autopilot  set heading goal to 16.0.
11:26:16 INFO    autopilot  set heading goal to 17.0.
11:26:16 INFO    autopilot  set heading goal to 18.0.
11:26:16 INFO    autopilot  set heading goal to 19.0.
11:26:16 INFO    autopilot  set heading goal to 20.0.
11:26:16 INFO    autopilot  set heading goal to 21.0.
11:26:16 INFO    autopilot  set heading value to 180.10941115804417.
11:26:16 INFO    autopilot  set heading goal to 22.0.
11:26:16 INFO    autopilot  set heading goal to 23.0.
11:26:16 INFO    autopilot  set heading value to 180.14951823758034.
11:26:16 INFO    autopilot  set heading goal to 24.0.
11:26:17 INFO    autopilot  set heading value to 180.14951823758034.
11:26:17 INFO    autopilot  set heading goal to 25.0.
11:26:17 INFO    autopilot  set heading value to 180.1896253171165.
11:26:17 INFO    autopilot  set heading goal to 26.0.
11:26:17 INFO    autopilot  set heading goal to 27.0.
11:26:17 INFO    autopilot  set heading value to 180.1896253171165.
11:26:17 INFO    autopilot  set heading goal to 28.0.
11:26:17 INFO    autopilot  set heading goal to 29.0.
11:26:17 INFO    autopilot  set heading value to 180.1896253171165.
11:26:18 INFO    autopilot  set heading goal to 30.0.
11:26:18 INFO    autopilot  set heading value to 180.20108448269826.
11:26:18 INFO    autopilot  set heading goal to 31.0.
11:26:18 INFO    autopilot  set heading value to 180.166706985953.
11:26:18 INFO    autopilot  set heading goal to 32.0.
11:26:18 INFO    autopilot  set heading goal to 33.0.
11:26:18 INFO    autopilot  set heading value to 180.17816615153475.
11:26:18 INFO    autopilot  set heading goal to 34.0.
11:26:18 INFO    autopilot  set heading value to 180.166706985953.
11:26:19 INFO    autopilot  set heading value to 180.12659990641683.
11:26:19 INFO    autopilot  set heading value to 180.12087032362592.
11:26:19 INFO    autopilot  set heading value to 180.09222240967156.
11:26:19 INFO    autopilot  set heading value to 180.03492658176276.
11:26:20 INFO    autopilot  set heading value to 180.0177378333901.
11:26:20 INFO    CAN        Servo enabled
11:26:20 INFO    CAN        Sent CAN steering goal: 1475.0°  b881168045ffffff
11:26:20 INFO    CAN        Sent CAN steering goal: 1485.0°  c8a8168045ffffff
11:26:20 INFO    autopilot  set heading value to 180.00054908501747.
11:26:20 INFO    CAN        Sent CAN steering goal: 1495.0°  d8cf168045ffffff
11:26:20 INFO    autopilot  set heading value to 179.97190117106308.
11:26:20 INFO    CAN        Sent CAN steering goal: 1505.0°  e8f6168045ffffff
11:26:20 INFO    autopilot  set heading value to 179.94898283989957.
11:26:21 INFO    autopilot  set heading value to 179.90314617757252.
11:26:21 INFO    CAN        Sent CAN steering goal: 1515.0°  f81d178045ffffff
11:26:21 INFO    CAN        Sent CAN steering goal: 1525.0°  0845178045ffffff
11:26:21 INFO    autopilot  set heading value to 179.88022784640899.
11:26:21 INFO    autopilot  set heading value to 179.85730951524548.
11:26:22 INFO    autopilot  set heading value to 179.81720243570933.
11:26:22 INFO    autopilot  set heading goal to 44.0.
11:26:22 INFO    autopilot  set heading value to 179.79428410454582.
11:26:22 INFO    autopilot  set heading value to 179.79428410454582.
11:26:22 INFO    autopilot  set heading goal to 54.0.
11:26:22 INFO    autopilot  set heading goal to 64.0.
11:26:22 INFO    autopilot  set heading goal to 74.0.
11:26:22 INFO    autopilot  set heading goal to 84.0.
11:26:22 INFO    autopilot  set heading goal to 94.0.
11:26:22 INFO    autopilot  set heading goal to 104.0.
11:26:22 INFO    autopilot  set heading value to 179.79428410454582.
11:26:22 INFO    autopilot  set heading goal to 114.0.
11:26:22 INFO    autopilot  set heading goal to 124.0.
11:26:22 INFO    autopilot  set heading goal to 134.0.
11:26:22 INFO    autopilot  set heading goal to 144.0.
11:26:23 INFO    autopilot  set heading value to 179.78282493896404.
11:26:23 INFO    autopilot  set heading goal to 154.0.
11:26:23 INFO    autopilot  set heading value to 179.78282493896404.
11:26:23 INFO    autopilot  set heading goal to 164.0.
11:26:23 INFO    autopilot  set heading goal to 174.0.
11:26:23 INFO    autopilot  set heading value to 179.78282493896404.
11:26:23 INFO    autopilot  set heading goal to 184.0.
11:26:23 INFO    autopilot  set heading value to 179.80574327012758.
11:26:23 INFO    autopilot  set heading goal to 194.0.
11:26:24 INFO    autopilot  set heading value to 179.79428410454582.
11:26:24 INFO    autopilot  set heading goal to 204.0.
11:26:24 INFO    autopilot  set heading value to 179.80001368733667.
11:26:24 INFO    autopilot  set heading goal to 214.0.
11:26:24 INFO    autopilot  set heading goal to 224.0.
11:26:24 INFO    autopilot  set heading value to 179.7599066078005.
11:26:24 INFO    autopilot  set heading goal to 234.0.
11:26:24 INFO    autopilot  set heading value to 179.74844744221875.
11:26:24 INFO    autopilot  set heading goal to 244.0.
11:26:25 INFO    autopilot  set heading value to 179.736988276637.
11:26:25 INFO    autopilot  set heading value to 179.73125869384612.
11:26:25 INFO    autopilot  set heading value to 179.74844744221875.
11:26:25 INFO    autopilot  set heading goal to 234.0.
11:26:25 INFO    autopilot  set heading value to 179.7427178594279.
11:26:25 INFO    autopilot  set heading goal to 224.0.
11:26:26 INFO    autopilot  set heading goal to 214.0.
11:26:26 INFO    autopilot  set heading value to 179.74844744221875.
11:26:26 INFO    autopilot  set heading value to 179.7599066078005.
11:26:26 INFO    autopilot  set heading value to 179.7656361905914.
11:26:26 INFO    autopilot  set heading value to 179.79428410454582.
11:26:27 INFO    autopilot  set heading value to 179.82293201850018.
11:26:27 INFO    CAN        Sent CAN steering goal: 1535.0°  186c178045ffffff
11:26:27 INFO    CAN        Sent CAN steering goal: 1545.0°  2893178045ffffff
11:26:27 INFO    autopilot  set heading value to 179.86303909803635.
11:26:27 INFO    CAN        Sent CAN steering goal: 1555.0°  38ba178045ffffff
11:26:27 INFO    autopilot  set heading value to 179.86303909803635.
11:26:27 INFO    CAN        Sent CAN steering goal: 1565.0°  48e1178045ffffff
11:26:27 INFO    CAN        Sent CAN steering goal: 1575.0°  5808188045ffffff
11:26:27 INFO    autopilot  set heading value to 179.86876868082723.
11:26:27 INFO    CAN        Sent CAN steering goal: 1585.0°  682f188045ffffff
11:26:28 INFO    autopilot  set heading value to 179.85730951524548.
11:26:28 INFO    autopilot  set heading value to 179.90314617757252.
11:26:28 INFO    autopilot  set heading value to 179.92033492594516.
11:26:28 INFO    autopilot  set heading value to 179.9375236743178.
11:26:29 INFO    autopilot  set heading value to 179.96617158827218.
11:26:29 INFO    autopilot  set heading value to 180.00627866780835.
11:26:29 INFO    CAN        Sent CAN steering goal: 1595.0°  7856188045ffffff
11:26:29 INFO    autopilot  set heading value to 180.00054908501747.
11:26:29 INFO    CAN        Sent CAN steering goal: 1605.0°  887d188045ffffff
11:26:29 INFO    CAN        Sent CAN steering goal: 1615.0°  98a4188045ffffff
11:26:29 INFO    autopilot  set heading value to 180.0177378333901.
11:26:30 INFO    CAN        Sent CAN steering goal: 1625.0°  a8cb188045ffffff
11:26:30 INFO    autopilot  set heading value to 180.04638574734452.
11:26:30 INFO    CAN        Sent CAN steering goal: 1615.0°  98a4188045ffffff
11:26:30 INFO    autopilot  set heading value to 180.023467416181.
11:26:30 INFO    autopilot  set heading value to 180.03492658176276.
11:26:30 INFO    autopilot  set heading value to 180.06357449571715.
11:26:31 INFO    autopilot  set heading value to 180.08649282688066.
11:26:31 INFO    autopilot  set heading value to 180.08649282688066.
11:26:31 INFO    autopilot  set heading goal to 215.0.
11:26:31 INFO    autopilot  set heading value to 180.0979519924624.
11:26:31 INFO    autopilot  set heading goal to 216.0.
11:26:31 INFO    autopilot  set heading goal to 217.0.
11:26:32 INFO    autopilot  set heading value to 180.08649282688066.
11:26:32 INFO    autopilot  set heading goal to 218.0.
11:26:32 INFO    autopilot  set heading value to 180.0750336612989.
11:26:32 INFO    autopilot  set heading goal to 219.0.
11:26:32 INFO    autopilot  set heading value to 180.06930407850803.
11:26:32 INFO    autopilot  set heading goal to 218.0.
11:26:32 INFO    autopilot  set heading value to 180.06357449571715.
11:26:32 INFO    autopilot  set heading goal to 217.0.
11:26:33 INFO    autopilot  set heading value to 180.06357449571715.
11:26:33 INFO    autopilot  set heading goal to 216.0.
11:26:33 INFO    autopilot  set heading goal to 215.0.
11:26:33 INFO    autopilot  set heading value to 180.0750336612989.
11:26:33 INFO    autopilot  set heading goal to 214.0.
11:26:33 INFO    autopilot  set heading value to 180.09222240967156.
11:26:33 INFO    autopilot  set heading goal to 213.0.
11:26:33 INFO    autopilot  set heading value to 180.10941115804417.
11:26:34 INFO    autopilot  set heading goal to 212.0.
11:26:34 INFO    autopilot  set heading value to 180.10368157525332.
11:26:34 INFO    autopilot  set heading goal to 211.0.
11:26:34 INFO    autopilot  set heading value to 180.06357449571715.
11:26:34 INFO    autopilot  set heading goal to 210.0.
11:26:34 INFO    autopilot  set heading value to 180.03492658176276.
11:26:34 INFO    autopilot  set heading goal to 209.0.
11:26:34 INFO    autopilot  set heading goal to 210.0.
11:26:34 INFO    autopilot  set heading value to 180.04638574734452.
11:26:34 INFO    autopilot  set heading goal to 211.0.
11:26:35 INFO    autopilot  set heading value to 180.06930407850803.
11:26:35 INFO    autopilot  set heading goal to 212.0.
11:26:35 INFO    autopilot  set heading goal to 213.0.
11:26:35 INFO    autopilot  set heading value to 180.08076324408978.
11:26:35 INFO    autopilot  set heading goal to 214.0.
11:26:35 INFO    autopilot  set heading goal to 215.0.
11:26:35 INFO    autopilot  set heading value to 180.04065616455364.
11:26:35 INFO    autopilot  set heading value to 180.0177378333901.
11:26:36 INFO    autopilot  set heading goal to 216.0.
11:26:36 INFO    autopilot  set heading value to 180.023467416181.
11:26:36 INFO    autopilot  set heading value to 180.0521153301354.
11:26:36 INFO    autopilot  set heading value to 180.0979519924624.
11:26:36 INFO    autopilot  set heading value to 180.13805907199858.
11:26:37 INFO    autopilot  set heading value to 180.15524782037124.
11:26:37 INFO    autopilot  set heading value to 180.2182732310709.
11:26:37 INFO    autopilot  set heading value to 180.2755690589797.
11:26:37 INFO    autopilot  set heading value to 180.29275780735233.
11:26:38 INFO    autopilot  set heading value to 180.28129864177058.
11:26:38 INFO    autopilot  set heading value to 180.32140572130675.
11:26:38 INFO    autopilot  set heading value to 180.355783218052.
11:26:38 INFO    autopilot  set heading value to 180.42453821154257.
11:26:39 INFO    autopilot  set heading value to 180.45318612549698.
11:26:39 INFO    autopilot  set heading value to 180.499022787824.
11:26:39 INFO    autopilot  set heading value to 180.51048195340576.
11:26:39 INFO    autopilot  set heading value to 180.52767070177842.
11:26:40 INFO    autopilot  set heading value to 180.57923694689632.
11:26:40 INFO    autopilot  set heading value to 180.5906961124781.
11:26:40 INFO    autopilot  set heading value to 180.56777778131456.
11:26:41 INFO    autopilot  set heading value to 180.57923694689632.
11:26:41 INFO    autopilot  set heading value to 180.56777778131456.
11:26:41 INFO    autopilot  set heading value to 180.54485945015105.
11:26:41 INFO    autopilot  set heading value to 180.5334002845693.
11:26:42 INFO    autopilot  set heading value to 180.5047523706149.
11:26:42 INFO    autopilot  set heading value to 180.46464529107874.
11:26:42 INFO    autopilot  set heading value to 180.45891570828783.
11:26:42 INFO    autopilot  set heading value to 180.47037487386962.
11:26:43 INFO    autopilot  set heading value to 180.48183403945137.
11:26:43 INFO    autopilot  set heading value to 180.4761044566605.
11:26:43 INFO    autopilot  set heading value to 180.46464529107874.
11:26:43 INFO    autopilot  set heading value to 180.46464529107874.
11:26:44 INFO    autopilot  set heading value to 180.46464529107874.
11:26:44 INFO    autopilot  set heading value to 180.45891570828783.
11:26:44 INFO    autopilot  set heading value to 180.4761044566605.
11:26:44 INFO    autopilot  set heading value to 180.5047523706149.
11:26:45 INFO    autopilot  set heading value to 180.47037487386962.
11:26:45 INFO    autopilot  set heading value to 180.45891570828783.
11:26:45 INFO    autopilot  set heading value to 180.44745654270608.
11:26:45 INFO    autopilot  set heading value to 180.44172695991523.
11:26:46 INFO    autopilot  set heading value to 180.40734946316994.
11:26:46 INFO    autopilot  set heading value to 180.38443113200643.
11:26:46 INFO    autopilot  set heading value to 180.36724238363377.
11:26:46 INFO    autopilot  set heading value to 180.36151280084292.
11:26:47 INFO    autopilot  set heading value to 180.36151280084292.
11:26:47 INFO    CAN        Servo disabled
11:26:47 INFO    CAN        Sent CAN steering goal: 1615.0°  98a4188000000000
11:26:47 INFO    autopilot  set heading value to 180.3271353040976.
11:26:47 INFO    autopilot  set heading value to 180.3328648868885.
11:26:47 INFO    autopilot  set heading value to 180.31567613851584.
11:26:48 INFO    autopilot  set heading value to 180.33859446967938.
11:26:48 INFO    autopilot  set heading value to 180.36151280084292.
11:26:48 INFO    autopilot  set heading value to 180.38443113200643.
11:26:48 INFO    autopilot  set heading value to 180.3901607147973.
11:26:49 INFO    autopilot  set heading goal to 217.0.
11:26:49 INFO    autopilot  set heading value to 180.40161988037906.
11:26:49 INFO    autopilot  set heading goal to 218.0.
11:26:49 INFO    autopilot  set heading value to 180.40734946316994.
11:26:49 INFO    autopilot  set heading goal to 219.0.
11:26:49 INFO    autopilot  set heading value to 180.45318612549698.
11:26:49 INFO    CAN        Servo enabled
11:26:49 INFO    CAN        Sent CAN steering goal: 1615.0°  98a4188045ffffff
11:26:49 INFO    autopilot  set heading value to 180.46464529107874.
11:26:50 INFO    autopilot  set heading value to 180.51048195340576.
11:26:50 INFO    autopilot  set heading value to 180.5334002845693.
11:26:50 INFO    autopilot  set heading value to 180.55058903294193.
11:26:51 INFO    autopilot  set heading value to 180.53912986736017.
11:26:51 INFO    autopilot  set heading value to 180.5563186157328.
11:26:51 INFO    autopilot  set heading value to 180.56204819852368.
11:26:51 INFO    autopilot  set heading value to 180.57350736410544.
11:26:51 INFO    CAN        Servo disabled
11:26:51 INFO    CAN        Sent CAN steering goal: 1615.0°  98a4188000000000
11:26:52 INFO    autopilot  set heading value to 180.58496652968722.
11:26:52 INFO    autopilot  set heading value to 180.5906961124781.
11:26:52 INFO    autopilot  set heading value to 180.5906961124781.
11:26:52 INFO    autopilot  set heading value to 180.6193440264325.
11:26:53 INFO    CAN        Servo enabled
11:26:53 INFO    CAN        Sent CAN steering goal: 1615.0°  98a4188045ffffff
11:26:53 INFO    autopilot  set heading value to 180.62507360922336.
11:26:53 INFO    autopilot  set heading value to 180.59642569526898.
11:26:53 INFO    autopilot  set heading value to 180.59642569526898.
11:26:53 INFO    autopilot  set heading value to 180.59642569526898.
11:26:54 INFO    autopilot  set heading value to 180.60215527805985.
11:26:54 INFO    autopilot  set heading value to 180.59642569526898.
11:26:54 INFO    autopilot  set heading value to 180.57923694689632.
11:26:54 INFO    autopilot  set heading value to 180.59642569526898.
11:26:55 INFO    autopilot  set heading value to 180.6193440264325.
11:26:55 INFO    autopilot  set heading value to 180.65372152317775.
11:26:55 INFO    autopilot  set heading value to 180.6709102715504.
11:26:55 INFO    autopilot  set heading goal to 220.0.
11:26:55 INFO    autopilot  set heading goal to 221.0.
11:26:55 INFO    autopilot  set heading value to 180.65372152317775.
11:26:56 INFO    autopilot  set heading value to 180.65945110596866.
11:26:56 INFO    autopilot  set heading goal to 222.0.
11:26:56 INFO    autopilot  set heading goal to 223.0.
11:26:56 INFO    autopilot  set heading value to 180.68236943713217.
11:26:56 INFO    autopilot  set heading goal to 224.0.
11:26:56 INFO    autopilot  set heading value to 180.72247651666834.
11:26:56 INFO    autopilot  set heading goal to 225.0.
11:26:56 INFO    autopilot  set heading value to 180.72820609945921.
11:26:57 INFO    autopilot  set heading goal to 226.0.
11:26:57 INFO    autopilot  set heading value to 180.73966526504097.
11:26:57 INFO    autopilot  set heading goal to 227.0.
11:26:57 INFO    autopilot  set heading goal to 228.0.
11:26:57 INFO    autopilot  set heading value to 180.72820609945921.
11:26:57 INFO    autopilot  set heading goal to 229.0.
11:26:57 INFO    autopilot  set heading value to 180.7568540134136.
11:26:57 INFO    autopilot  set heading value to 180.785501927368.
11:26:58 INFO    autopilot  set heading value to 180.76831317899536.
11:26:58 INFO    autopilot  set heading value to 180.76831317899536.
11:26:58 INFO    autopilot  set heading value to 180.79696109294974.
11:26:58 INFO    autopilot  set heading value to 180.77404276178623.
11:26:59 INFO    autopilot  set heading value to 180.7912315101589.
11:26:59 INFO    autopilot  set heading value to 180.785501927368.
11:26:59 INFO    autopilot  set heading value to 180.77404276178623.
11:27:00 INFO    autopilot  set heading value to 180.75112443062272.
11:27:00 INFO    autopilot  set heading value to 180.76831317899536.
11:27:00 INFO    autopilot  set heading value to 180.76831317899536.
11:27:00 INFO    autopilot  set heading value to 180.7797723445771.
11:27:01 INFO    autopilot  set heading value to 180.81987942411328.
11:27:01 INFO    autopilot  set heading value to 180.83133858969504.
11:27:01 INFO    autopilot  set heading value to 180.81987942411328.
11:27:01 INFO    autopilot  set heading value to 180.81987942411328.
11:27:02 INFO    autopilot  set heading value to 180.8370681724859.
11:27:02 INFO    autopilot  set heading value to 180.81987942411328.
11:27:02 INFO    autopilot  set heading value to 180.81987942411328.
11:27:02 INFO    autopilot  set heading value to 180.8141498413224.
11:27:03 INFO    autopilot  set heading value to 180.8084202585315.
11:27:03 INFO    autopilot  set heading value to 180.76831317899536.
11:27:03 INFO    autopilot  set heading value to 180.7797723445771.
11:27:03 INFO    autopilot  set heading value to 180.74539484783185.
11:27:04 INFO    autopilot  set heading value to 180.73966526504097.
11:27:04 INFO    autopilot  set heading value to 180.72247651666834.
11:27:04 INFO    autopilot  set heading value to 180.73966526504097.
11:27:04 INFO    autopilot  set heading value to 180.72820609945921.
11:27:05 INFO    autopilot  set heading value to 180.7339356822501.
11:27:05 INFO    autopilot  set heading value to 180.73966526504097.
11:27:05 INFO    autopilot  set heading value to 180.73966526504097.
11:27:05 INFO    autopilot  set heading value to 180.7568540134136.
11:27:06 INFO    autopilot  set heading value to 180.76258359620448.
11:27:06 INFO    autopilot  set heading value to 180.7568540134136.
11:27:06 INFO    autopilot  set heading value to 180.76258359620448.
11:27:06 INFO    autopilot  set heading value to 180.77404276178623.
11:27:07 INFO    autopilot  set heading value to 180.8370681724859.
11:27:07 INFO    autopilot  set heading value to 180.84279775527682.
11:27:07 INFO    autopilot  set heading value to 180.85425692085857.
11:27:07 INFO    autopilot  set heading value to 180.86571608644033.
11:27:08 INFO    autopilot  set heading value to 180.89436400039472.
11:27:08 INFO    autopilot  set heading value to 180.90582316597647.
11:27:08 INFO    autopilot  set heading value to 180.89436400039472.
11:27:08 INFO    autopilot  set heading value to 180.9000935831856.
11:27:09 INFO    autopilot  set heading value to 180.90582316597647.
11:27:09 INFO    autopilot  set heading value to 180.88290483481296.
11:27:09 INFO    autopilot  set heading value to 180.87144566923118.
11:27:10 INFO    autopilot  set heading value to 180.84852733806767.
11:27:10 INFO    autopilot  set heading value to 180.85998650364942.
11:27:10 INFO    autopilot  set heading value to 180.85998650364942.
11:27:10 INFO    autopilot  set heading value to 180.84852733806767.
11:27:11 INFO    autopilot  set heading value to 180.88863441760384.
11:27:11 INFO    autopilot  set heading value to 180.92874149713998.
11:27:11 INFO    autopilot  set heading value to 180.92874149713998.
11:27:11 INFO    autopilot  set heading value to 180.96311899388527.
11:27:12 INFO    autopilot  set heading value to 180.9860373250488.
11:27:12 INFO    autopilot  set heading value to 181.00322607342142.
11:27:12 INFO    autopilot  set heading value to 181.03187398737583.
11:27:12 INFO    autopilot  set heading value to 181.00895565621232.
11:27:13 INFO    autopilot  set heading value to 181.02614440458495.
11:27:13 INFO    autopilot  set heading value to 181.0662514841211.
11:27:13 INFO    autopilot  set heading value to 181.10635856365727.
11:27:13 INFO    autopilot  set heading value to 181.11781772923902.
11:27:14 INFO    autopilot  set heading value to 181.1464656431934.
11:27:14 INFO    autopilot  set heading value to 181.13500647761165.
11:27:14 INFO    autopilot  set heading value to 181.0948993980755.
11:27:14 INFO    autopilot  set heading value to 181.1006289808664.
11:27:15 INFO    CAN        Servo enabled
11:27:15 INFO    CAN        Sent CAN steering goal: 1615.0°  98a4188045ffffff
11:27:15 INFO    autopilot  set heading value to 181.1006289808664.
11:27:15 INFO    autopilot  set heading value to 181.08344023249376.
11:27:15 INFO    autopilot  set heading value to 181.0662514841211.
11:27:15 INFO    autopilot  set heading value to 181.11781772923902.
11:27:16 INFO    autopilot  set heading value to 181.15219522598431.
11:27:16 INFO    autopilot  set heading value to 181.14073606040256.
11:27:16 INFO    autopilot  set heading goal to 230.0.
11:27:16 INFO    autopilot  set heading value to 181.17511355714782.
11:27:16 INFO    autopilot  set heading goal to 231.0.
11:27:16 INFO    autopilot  set heading value to 181.215220636684.
11:27:17 INFO    autopilot  set heading goal to 232.0.
11:27:17 INFO    autopilot  set heading value to 181.22667980226575.
11:27:17 INFO    autopilot  set heading goal to 233.0.
11:27:17 INFO    autopilot  set heading goal to 234.0.
11:27:17 INFO    autopilot  set heading value to 181.24386855063838.
11:27:17 INFO    autopilot  set heading goal to 235.0.
11:27:17 INFO    autopilot  set heading value to 181.2381389678475.
11:27:17 INFO    autopilot  set heading goal to 236.0.
11:27:17 INFO    autopilot  set heading goal to 237.0.
11:27:17 INFO    autopilot  set heading value to 181.215220636684.
11:27:18 INFO    autopilot  set heading value to 181.20376147110224.
11:27:18 INFO    autopilot  set heading value to 181.215220636684.
11:27:18 INFO    autopilot  set heading goal to 238.0.
11:27:18 INFO    autopilot  set heading goal to 239.0.
11:27:18 INFO    autopilot  set heading value to 181.22095021947484.
11:27:18 INFO    autopilot  set heading value to 181.23240938505663.
11:27:19 INFO    autopilot  set heading goal to 240.0.
11:27:19 INFO    autopilot  set heading value to 181.2381389678475.
11:27:19 INFO    autopilot  set heading goal to 241.0.
11:27:19 INFO    autopilot  set heading value to 181.2381389678475.
11:27:19 INFO    autopilot  set heading goal to 242.0.
11:27:19 INFO    autopilot  set heading goal to 243.0.
11:27:19 INFO    autopilot  set heading value to 181.24386855063838.
11:27:19 INFO    autopilot  set heading value to 181.24386855063838.
11:27:20 INFO    autopilot  set heading goal to 244.0.
11:27:20 INFO    autopilot  set heading value to 181.22667980226575.
11:27:20 INFO    autopilot  set heading goal to 245.0.
11:27:20 INFO    autopilot  set heading value to 181.24386855063838.
11:27:20 INFO    autopilot  set heading goal to 246.0.
11:27:20 INFO    autopilot  set heading value to 181.24959813342926.
11:27:20 INFO    autopilot  set heading goal to 245.0.
11:27:21 INFO    autopilot  set heading value to 181.22095021947484.
11:27:21 INFO    autopilot  set heading value to 181.22667980226575.
11:27:21 INFO    autopilot  set heading value to 181.2381389678475.
11:27:21 INFO    autopilot  set heading goal to 244.0.
11:27:21 INFO    autopilot  set heading value to 181.24959813342926.
11:27:21 INFO    autopilot  set heading goal to 243.0.
11:27:22 INFO    autopilot  set heading goal to 242.0.
11:27:22 INFO    autopilot  set heading value to 181.19803188831133.
11:27:22 INFO    autopilot  set heading goal to 241.0.
11:27:22 INFO    autopilot  set heading value to 181.18084313993873.
11:27:22 INFO    autopilot  set heading goal to 240.0.
11:27:22 INFO    autopilot  set heading goal to 239.0.
11:27:22 INFO    autopilot  set heading value to 181.18084313993873.
11:27:22 INFO    autopilot  set heading goal to 238.0.
11:27:22 INFO    autopilot  set heading value to 181.20376147110224.
11:27:22 INFO    autopilot  set heading goal to 237.0.
11:27:23 INFO    autopilot  set heading goal to 236.0.
11:27:23 INFO    autopilot  set heading value to 181.20376147110224.
11:27:23 INFO    autopilot  set heading value to 181.19230230552049.
11:27:23 INFO    autopilot  set heading value to 181.17511355714782.
11:27:23 INFO    autopilot  set heading value to 181.18084313993873.
11:27:24 INFO    autopilot  set heading value to 181.16365439156607.
11:27:24 INFO    autopilot  set heading goal to 237.0.
11:27:24 INFO    autopilot  set heading goal to 238.0.
11:27:24 INFO    autopilot  set heading value to 181.17511355714782.
11:27:24 INFO    autopilot  set heading goal to 239.0.
11:27:24 INFO    autopilot  set heading goal to 240.0.
11:27:24 INFO    autopilot  set heading value to 181.17511355714782.
11:27:24 INFO    autopilot  set heading value to 181.14073606040256.
11:27:25 INFO    autopilot  set heading value to 181.0948993980755.
11:27:25 INFO    autopilot  set heading value to 181.07771064970288.
11:27:25 INFO    autopilot  set heading value to 181.03187398737583.
11:27:25 INFO    autopilot  set heading value to 180.99176690783966.
11:27:26 INFO    autopilot  set heading value to 180.96884857667615.
11:27:26 INFO    autopilot  set heading value to 180.9573894110944.
11:27:26 INFO    autopilot  set heading value to 180.97457815946703.
11:27:26 INFO    autopilot  set heading value to 180.99176690783966.
11:27:27 INFO    autopilot  set heading value to 180.9860373250488.
11:27:27 INFO    autopilot  set heading value to 180.96884857667615.
11:27:27 INFO    autopilot  set heading goal to 241.0.
11:27:27 INFO    autopilot  set heading value to 180.97457815946703.
11:27:27 INFO    autopilot  set heading goal to 242.0.
11:27:27 INFO    autopilot  set heading goal to 243.0.
11:27:27 INFO    autopilot  set heading value to 180.9344710799309.
11:27:28 INFO    autopilot  set heading goal to 244.0.
11:27:28 INFO    autopilot  set heading value to 180.9000935831856.
11:27:28 INFO    autopilot  set heading goal to 245.0.
11:27:28 INFO    autopilot  set heading value to 180.86571608644033.
11:27:28 INFO    autopilot  set heading goal to 246.0.
11:27:28 INFO    autopilot  set heading goal to 247.0.
11:27:28 INFO    autopilot  set heading value to 180.85998650364942.
11:27:28 INFO    autopilot  set heading goal to 248.0.
11:27:28 INFO    autopilot  set heading value to 180.88290483481296.
11:27:29 INFO    autopilot  set heading value to 180.90582316597647.
11:27:29 INFO    autopilot  set heading value to 180.9000935831856.
11:27:29 INFO    autopilot  set heading goal to 247.0.
11:27:29 INFO    autopilot  set heading value to 180.9230119143491.
11:27:29 INFO    autopilot  set heading goal to 246.0.
11:27:30 INFO    autopilot  set heading value to 180.91728233155823.
11:27:30 INFO    autopilot  set heading value to 180.91728233155823.
11:27:30 INFO    autopilot  set heading goal to 180.91728233155823.
11:27:30 INFO    autopilot  set heading value to 180.91728233155823.
11:27:30 INFO    autopilot  set heading value to 180.86571608644033.
11:27:31 INFO    autopilot  set heading value to 180.8370681724859.
11:27:31 INFO    autopilot  set heading value to 180.81987942411328.
11:27:31 INFO    autopilot  set heading value to 180.7912315101589.
11:27:31 INFO    autopilot  set heading value to 180.74539484783185.
11:27:32 INFO    autopilot  set heading value to 180.73966526504097.
11:27:32 INFO    autopilot  set heading value to 180.69382860271392.
11:27:32 INFO    autopilot  set heading value to 180.6479919403869.
11:27:32 INFO    autopilot  set heading value to 180.6193440264325.
11:27:33 INFO    autopilot  set heading value to 180.56777778131456.
11:27:33 INFO    autopilot  set heading value to 180.5334002845693.
11:27:33 INFO    autopilot  set heading value to 180.48183403945137.
11:27:33 INFO    autopilot  set heading value to 180.44745654270608.
11:27:34 INFO    autopilot  set heading value to 180.48183403945137.
11:27:34 INFO    autopilot  set heading value to 180.499022787824.
11:27:34 INFO    autopilot  set heading value to 180.51048195340576.
11:27:34 INFO    autopilot  set heading value to 180.5219411189875.
11:27:35 INFO    autopilot  set heading value to 180.52767070177842.
11:27:35 INFO    autopilot  set heading value to 180.54485945015105.
11:27:35 INFO    autopilot  set heading value to 180.499022787824.
11:27:35 INFO    autopilot  set heading value to 180.44745654270608.
11:27:36 INFO    autopilot  set heading value to 180.40161988037906.
11:27:36 INFO    autopilot  set heading value to 180.4188086287517.
11:27:36 INFO    autopilot  set heading value to 180.42453821154257.
11:27:36 INFO    autopilot  set heading value to 180.40734946316994.
11:27:37 INFO    autopilot  set heading value to 180.36151280084292.
11:27:37 INFO    autopilot  set heading value to 180.31567613851584.
11:27:37 INFO    autopilot  set heading value to 180.28129864177058.
11:27:37 INFO    autopilot  set heading value to 180.2526507278162.
11:27:38 INFO    autopilot  set heading value to 180.2469211450253.
11:27:38 INFO    autopilot  set heading value to 180.22973239665265.
11:27:38 INFO    autopilot  set heading value to 180.20681406548914.
11:27:38 INFO    autopilot  set heading value to 180.1953548999074.
11:27:39 INFO    autopilot  set heading value to 180.14951823758034.
11:27:39 INFO    autopilot  set heading value to 180.0979519924624.
11:27:39 INFO    autopilot  set heading value to 180.05784491292627.
11:27:40 INFO    autopilot  set heading value to 180.05784491292627.
11:27:40 INFO    autopilot  set heading value to 180.04065616455364.
11:27:40 INFO    autopilot  set heading value to 180.0521153301354.
11:27:40 INFO    autopilot  set heading value to 180.08076324408978.
11:27:41 INFO    autopilot  set heading value to 180.09222240967156.
11:27:41 INFO    autopilot  set heading value to 180.13805907199858.
11:27:41 INFO    autopilot  set heading value to 180.15524782037124.
11:27:41 INFO    autopilot  set heading value to 180.14951823758034.
11:27:42 INFO    autopilot  set heading value to 180.1437886547895.
11:27:42 INFO    autopilot  set heading value to 180.1609774031621.
11:27:42 INFO    autopilot  set heading value to 180.17816615153475.
11:27:42 INFO    autopilot  set heading value to 180.18389573432563.
11:27:43 INFO    autopilot  set heading value to 180.24119156223443.
11:27:43 INFO    autopilot  set heading value to 180.26410989339794.
11:27:43 INFO    autopilot  set heading value to 180.26983947618882.
11:27:43 INFO    autopilot  set heading value to 180.29275780735233.
11:27:44 INFO    autopilot  set heading value to 180.35005363526113.
11:27:44 INFO    autopilot  set heading value to 180.4130790459608.
11:27:44 INFO    autopilot  set heading value to 180.44745654270608.
11:27:44 INFO    autopilot  set heading value to 180.48183403945137.
11:27:45 INFO    autopilot  set heading value to 180.51621153619666.
11:27:45 INFO    autopilot  set heading value to 180.5219411189875.
11:27:45 INFO    autopilot  set heading value to 180.52767070177842.
11:27:45 INFO    autopilot  set heading value to 180.55058903294193.
11:27:46 INFO    autopilot  set heading value to 180.5906961124781.
11:27:46 INFO    autopilot  set heading value to 180.62507360922336.
11:27:46 INFO    autopilot  Autopilot CSV log closed.
11:27:46 INFO    autopilot  Autopilot stopped.
11:27:46 INFO    CAN        Servo disabled
11:27:46 INFO    CAN        Sent CAN steering goal: 1615.0°  98a4188000000000
11:27:46 ERROR   asyncio    Exception in callback Notifier._on_message_available()
handle: <Handle Notifier._on_message_available()>
Traceback (most recent call last):
  File "/usr/lib/python3.14/asyncio/events.py", line 94, in _run
    self._context.run(self._callback, *self._args)
    ~~~~~~~~~~~~~~~~~^^^^^^^^^^^^^^^^^^^^^^^^^^^^^
  File "/usr/lib/python3/dist-packages/can/notifier.py", line 252, in _on_message_available
    if msg := bus.recv(0):
              ~~~~~~~~^^^
  File "/usr/lib/python3/dist-packages/can/bus.py", line 121, in recv
    msg, already_filtered = self._recv_internal(timeout=time_left)
                            ~~~~~~~~~~~~~~~~~~~^^^^^^^^^^^^^^^^^^^
  File "/usr/lib/python3/dist-packages/can/interfaces/socketcan/socketcan.py", line 827, in _recv_internal
    ready_receive_sockets, _, _ = select.select([self.socket], [], [], timeout)
                                  ~~~~~~~~~~~~~^^^^^^^^^^^^^^^^^^^^^^^^^^^^^^^^
ValueError: file descriptor cannot be a negative integer (-1)
