15:35:16 WARNING canlink    CAN open failed: interface can0 not present -- adapter unplugged or 'ip link set can0 up type can bitrate 250000' not run
15:35:18 WARNING canlink    CAN open failed: interface can0 not present -- adapter unplugged or 'ip link set can0 up type can bitrate 250000' not run
15:35:22 WARNING canlink    CAN open failed: interface can0 not present -- adapter unplugged or 'ip link set can0 up type can bitrate 250000' not run
15:35:30 WARNING canlink    CAN open failed: interface can0 not present -- adapter unplugged or 'ip link set can0 up type can bitrate 250000' not run
15:35:30 INFO    tornado.access 304 GET / (127.0.0.1) 10.43ms
15:35:30 INFO    tornado.access 304 GET /static/js/socket.io.min.js (127.0.0.1) 9.81ms
15:35:30 INFO    tornado.access 304 GET /static/js/compass.js (127.0.0.1) 4.42ms
15:35:30 INFO    tornado.access 304 GET /static/images/RedPortArrowLabeled.png (127.0.0.1) 6.61ms
15:35:30 INFO    tornado.access 304 GET /static/images/GreenStarboardArrowLabeled.png (127.0.0.1) 7.85ms
15:35:30 INFO    tornado.access 101 GET /ws (127.0.0.1) 1.11ms
15:35:30 INFO    tornado.access 304 GET /static/images/boat.png (127.0.0.1) 10.36ms
15:35:45 WARNING canlink    CAN open failed: interface can0 not present -- adapter unplugged or 'ip link set can0 up type can bitrate 250000' not run
15:36:15 WARNING canlink    CAN open failed: interface can0 not present -- adapter unplugged or 'ip link set can0 up type can bitrate 250000' not run
15:36:45 WARNING canlink    CAN open failed: interface can0 not present -- adapter unplugged or 'ip link set can0 up type can bitrate 250000' not run
15:37:15 WARNING canlink    CAN open failed: interface can0 not present -- adapter unplugged or 'ip link set can0 up type can bitrate 250000' not run
15:37:45 WARNING canlink    CAN open failed: interface can0 not present -- adapter unplugged or 'ip link set can0 up type can bitrate 250000' not run
15:38:15 WARNING canlink    CAN open failed: interface can0 not present -- adapter unplugged or 'ip link set can0 up type can bitrate 250000' not run
15:38:45 WARNING canlink    CAN open failed: interface can0 not present -- adapter unplugged or 'ip link set can0 up type can bitrate 250000' not run
15:39:08 INFO    tornado.access 200 POST /exit-browser (127.0.0.1) 4.62ms
15:39:15 WARNING canlink    CAN open failed: interface can0 not present -- adapter unplugged or 'ip link set can0 up type can bitrate 250000' not run
15:39:45 WARNING canlink    CAN open failed: interface can0 not present -- adapter unplugged or 'ip link set can0 up type can bitrate 250000' not run
15:40:15 WARNING canlink    CAN open failed: interface can0 not present -- adapter unplugged or 'ip link set can0 up type can bitrate 250000' not run
15:40:45 WARNING canlink    CAN open failed: interface can0 not present -- adapter unplugged or 'ip link set can0 up type can bitrate 250000' not run
15:41:15 WARNING canlink    CAN open failed: interface can0 not present -- adapter unplugged or 'ip link set can0 up type can bitrate 250000' not run
15:41:45 WARNING canlink    CAN open failed: interface can0 not present -- adapter unplugged or 'ip link set can0 up type can bitrate 250000' not run
15:42:15 WARNING canlink    CAN open failed: interface can0 not present -- adapter unplugged or 'ip link set can0 up type can bitrate 250000' not run
15:42:45 WARNING canlink    CAN open failed: interface can0 not present -- adapter unplugged or 'ip link set can0 up type can bitrate 250000' not run
15:43:15 WARNING canlink    CAN open failed: interface can0 not present -- adapter unplugged or 'ip link set can0 up type can bitrate 250000' not run
15:43:45 WARNING canlink    CAN open failed: interface can0 not present -- adapter unplugged or 'ip link set can0 up type can bitrate 250000' not run
15:44:15 WARNING canlink    CAN open failed: interface can0 not present -- adapter unplugged or 'ip link set can0 up type can bitrate 250000' not run
15:44:45 WARNING canlink    CAN open failed: interface can0 not present -- adapter unplugged or 'ip link set can0 up type can bitrate 250000' not run
15:45:15 WARNING canlink    CAN open failed: interface can0 not present -- adapter unplugged or 'ip link set can0 up type can bitrate 250000' not run
15:45:45 WARNING canlink    CAN open failed: interface can0 not present -- adapter unplugged or 'ip link set can0 up type can bitrate 250000' not run
15:46:15 WARNING canlink    CAN open failed: interface can0 not present -- adapter unplugged or 'ip link set can0 up type can bitrate 250000' not run
15:46:45 WARNING canlink    CAN open failed: interface can0 not present -- adapter unplugged or 'ip link set can0 up type can bitrate 250000' not run
15:47:15 WARNING canlink    CAN open failed: interface can0 not present -- adapter unplugged or 'ip link set can0 up type can bitrate 250000' not run
15:47:45 WARNING canlink    CAN open failed: interface can0 not present -- adapter unplugged or 'ip link set can0 up type can bitrate 250000' not run
15:48:15 WARNING canlink    CAN open failed: interface can0 not present -- adapter unplugged or 'ip link set can0 up type can bitrate 250000' not run
15:48:45 WARNING canlink    CAN open failed: interface can0 not present -- adapter unplugged or 'ip link set can0 up type can bitrate 250000' not run
15:49:15 WARNING canlink    CAN open failed: interface can0 not present -- adapter unplugged or 'ip link set can0 up type can bitrate 250000' not run
15:49:45 WARNING canlink    CAN open failed: interface can0 not present -- adapter unplugged or 'ip link set can0 up type can bitrate 250000' not run
15:50:15 WARNING canlink    CAN open failed: interface can0 not present -- adapter unplugged or 'ip link set can0 up type can bitrate 250000' not run
15:50:45 WARNING canlink    CAN open failed: interface can0 not present -- adapter unplugged or 'ip link set can0 up type can bitrate 250000' not run
15:51:15 WARNING canlink    CAN open failed: interface can0 not present -- adapter unplugged or 'ip link set can0 up type can bitrate 250000' not run
15:51:45 WARNING canlink    CAN open failed: interface can0 not present -- adapter unplugged or 'ip link set can0 up type can bitrate 250000' not run
15:52:15 WARNING canlink    CAN open failed: interface can0 not present -- adapter unplugged or 'ip link set can0 up type can bitrate 250000' not run
15:52:45 WARNING canlink    CAN open failed: interface can0 not present -- adapter unplugged or 'ip link set can0 up type can bitrate 250000' not run
15:53:15 WARNING canlink    CAN open failed: interface can0 not present -- adapter unplugged or 'ip link set can0 up type can bitrate 250000' not run
15:53:45 WARNING canlink    CAN open failed: interface can0 not present -- adapter unplugged or 'ip link set can0 up type can bitrate 250000' not run
15:54:15 WARNING canlink    CAN open failed: interface can0 not present -- adapter unplugged or 'ip link set can0 up type can bitrate 250000' not run
15:54:45 WARNING canlink    CAN open failed: interface can0 not present -- adapter unplugged or 'ip link set can0 up type can bitrate 250000' not run
15:55:15 WARNING canlink    CAN open failed: interface can0 not present -- adapter unplugged or 'ip link set can0 up type can bitrate 250000' not run
15:55:45 WARNING canlink    CAN open failed: interface can0 not present -- adapter unplugged or 'ip link set can0 up type can bitrate 250000' not run
15:56:15 WARNING canlink    CAN open failed: interface can0 not present -- adapter unplugged or 'ip link set can0 up type can bitrate 250000' not run
15:56:45 WARNING canlink    CAN open failed: interface can0 not present -- adapter unplugged or 'ip link set can0 up type can bitrate 250000' not run
15:57:15 WARNING canlink    CAN open failed: interface can0 not present -- adapter unplugged or 'ip link set can0 up type can bitrate 250000' not run
15:57:45 WARNING canlink    CAN open failed: interface can0 not present -- adapter unplugged or 'ip link set can0 up type can bitrate 250000' not run
15:58:15 WARNING canlink    CAN open failed: interface can0 not present -- adapter unplugged or 'ip link set can0 up type can bitrate 250000' not run
15:58:45 WARNING canlink    CAN open failed: interface can0 not present -- adapter unplugged or 'ip link set can0 up type can bitrate 250000' not run
15:59:15 WARNING canlink    CAN open failed: interface can0 not present -- adapter unplugged or 'ip link set can0 up type can bitrate 250000' not run
15:59:45 WARNING canlink    CAN open failed: interface can0 not present -- adapter unplugged or 'ip link set can0 up type can bitrate 250000' not run
16:00:15 WARNING canlink    CAN open failed: interface can0 not present -- adapter unplugged or 'ip link set can0 up type can bitrate 250000' not run
16:00:45 WARNING canlink    CAN open failed: interface can0 not present -- adapter unplugged or 'ip link set can0 up type can bitrate 250000' not run
16:01:15 WARNING canlink    CAN open failed: interface can0 not present -- adapter unplugged or 'ip link set can0 up type can bitrate 250000' not run
16:01:45 WARNING canlink    CAN open failed: interface can0 not present -- adapter unplugged or 'ip link set can0 up type can bitrate 250000' not run
16:02:15 WARNING canlink    CAN open failed: interface can0 not present -- adapter unplugged or 'ip link set can0 up type can bitrate 250000' not run
16:02:45 WARNING canlink    CAN open failed: interface can0 not present -- adapter unplugged or 'ip link set can0 up type can bitrate 250000' not run
16:03:15 WARNING canlink    CAN open failed: interface can0 not present -- adapter unplugged or 'ip link set can0 up type can bitrate 250000' not run
16:03:45 WARNING canlink    CAN open failed: interface can0 not present -- adapter unplugged or 'ip link set can0 up type can bitrate 250000' not run
16:04:15 WARNING canlink    CAN open failed: interface can0 not present -- adapter unplugged or 'ip link set can0 up type can bitrate 250000' not run
16:04:45 WARNING canlink    CAN open failed: interface can0 not present -- adapter unplugged or 'ip link set can0 up type can bitrate 250000' not run
16:05:15 WARNING canlink    CAN open failed: interface can0 not present -- adapter unplugged or 'ip link set can0 up type can bitrate 250000' not run
16:05:45 WARNING canlink    CAN open failed: interface can0 not present -- adapter unplugged or 'ip link set can0 up type can bitrate 250000' not run
16:06:15 WARNING canlink    CAN open failed: interface can0 not present -- adapter unplugged or 'ip link set can0 up type can bitrate 250000' not run
16:06:45 WARNING canlink    CAN open failed: interface can0 not present -- adapter unplugged or 'ip link set can0 up type can bitrate 250000' not run
16:07:15 WARNING canlink    CAN open failed: interface can0 not present -- adapter unplugged or 'ip link set can0 up type can bitrate 250000' not run
16:07:45 WARNING canlink    CAN open failed: interface can0 not present -- adapter unplugged or 'ip link set can0 up type can bitrate 250000' not run
16:08:15 WARNING canlink    CAN open failed: interface can0 not present -- adapter unplugged or 'ip link set can0 up type can bitrate 250000' not run
16:08:45 WARNING canlink    CAN open failed: interface can0 not present -- adapter unplugged or 'ip link set can0 up type can bitrate 250000' not run
16:09:15 WARNING canlink    CAN open failed: interface can0 not present -- adapter unplugged or 'ip link set can0 up type can bitrate 250000' not run
16:09:45 WARNING canlink    CAN open failed: interface can0 not present -- adapter unplugged or 'ip link set can0 up type can bitrate 250000' not run
16:10:15 WARNING canlink    CAN open failed: interface can0 not present -- adapter unplugged or 'ip link set can0 up type can bitrate 250000' not run
16:10:45 WARNING canlink    CAN open failed: interface can0 not present -- adapter unplugged or 'ip link set can0 up type can bitrate 250000' not run
16:11:15 WARNING canlink    CAN open failed: interface can0 not present -- adapter unplugged or 'ip link set can0 up type can bitrate 250000' not run
16:11:45 WARNING canlink    CAN open failed: interface can0 not present -- adapter unplugged or 'ip link set can0 up type can bitrate 250000' not run
16:12:15 WARNING canlink    CAN open failed: interface can0 not present -- adapter unplugged or 'ip link set can0 up type can bitrate 250000' not run
16:12:45 WARNING canlink    CAN open failed: interface can0 not present -- adapter unplugged or 'ip link set can0 up type can bitrate 250000' not run
16:13:15 WARNING canlink    CAN open failed: interface can0 not present -- adapter unplugged or 'ip link set can0 up type can bitrate 250000' not run
16:13:45 WARNING canlink    CAN open failed: interface can0 not present -- adapter unplugged or 'ip link set can0 up type can bitrate 250000' not run
16:14:15 WARNING canlink    CAN open failed: interface can0 not present -- adapter unplugged or 'ip link set can0 up type can bitrate 250000' not run
16:14:45 WARNING canlink    CAN open failed: interface can0 not present -- adapter unplugged or 'ip link set can0 up type can bitrate 250000' not run
16:15:15 WARNING canlink    CAN open failed: interface can0 not present -- adapter unplugged or 'ip link set can0 up type can bitrate 250000' not run
16:15:45 WARNING canlink    CAN open failed: interface can0 not present -- adapter unplugged or 'ip link set can0 up type can bitrate 250000' not run
16:16:15 WARNING canlink    CAN open failed: interface can0 not present -- adapter unplugged or 'ip link set can0 up type can bitrate 250000' not run
16:16:45 WARNING canlink    CAN open failed: interface can0 not present -- adapter unplugged or 'ip link set can0 up type can bitrate 250000' not run
16:17:15 WARNING canlink    CAN open failed: interface can0 not present -- adapter unplugged or 'ip link set can0 up type can bitrate 250000' not run
16:17:45 WARNING canlink    CAN open failed: interface can0 not present -- adapter unplugged or 'ip link set can0 up type can bitrate 250000' not run
16:18:15 WARNING canlink    CAN open failed: interface can0 not present -- adapter unplugged or 'ip link set can0 up type can bitrate 250000' not run
16:18:45 WARNING canlink    CAN open failed: interface can0 not present -- adapter unplugged or 'ip link set can0 up type can bitrate 250000' not run
16:19:15 WARNING canlink    CAN open failed: interface can0 not present -- adapter unplugged or 'ip link set can0 up type can bitrate 250000' not run
16:19:45 WARNING canlink    CAN open failed: interface can0 not present -- adapter unplugged or 'ip link set can0 up type can bitrate 250000' not run
16:20:15 WARNING canlink    CAN open failed: interface can0 not present -- adapter unplugged or 'ip link set can0 up type can bitrate 250000' not run
16:20:45 WARNING canlink    CAN open failed: interface can0 not present -- adapter unplugged or 'ip link set can0 up type can bitrate 250000' not run
16:21:15 WARNING canlink    CAN open failed: interface can0 not present -- adapter unplugged or 'ip link set can0 up type can bitrate 250000' not run
16:21:45 WARNING canlink    CAN open failed: interface can0 not present -- adapter unplugged or 'ip link set can0 up type can bitrate 250000' not run
16:22:15 WARNING canlink    CAN open failed: interface can0 not present -- adapter unplugged or 'ip link set can0 up type can bitrate 250000' not run
16:22:45 WARNING canlink    CAN open failed: interface can0 not present -- adapter unplugged or 'ip link set can0 up type can bitrate 250000' not run
16:23:15 WARNING canlink    CAN open failed: interface can0 not present -- adapter unplugged or 'ip link set can0 up type can bitrate 250000' not run
16:23:45 WARNING canlink    CAN open failed: interface can0 not present -- adapter unplugged or 'ip link set can0 up type can bitrate 250000' not run
16:24:15 WARNING canlink    CAN open failed: interface can0 not present -- adapter unplugged or 'ip link set can0 up type can bitrate 250000' not run
16:24:45 WARNING canlink    CAN open failed: interface can0 not present -- adapter unplugged or 'ip link set can0 up type can bitrate 250000' not run
16:25:15 WARNING canlink    CAN open failed: interface can0 not present -- adapter unplugged or 'ip link set can0 up type can bitrate 250000' not run
16:25:45 WARNING canlink    CAN open failed: interface can0 not present -- adapter unplugged or 'ip link set can0 up type can bitrate 250000' not run
16:26:15 WARNING canlink    CAN open failed: interface can0 not present -- adapter unplugged or 'ip link set can0 up type can bitrate 250000' not run
16:26:45 WARNING canlink    CAN open failed: interface can0 not present -- adapter unplugged or 'ip link set can0 up type can bitrate 250000' not run
16:27:15 WARNING canlink    CAN open failed: interface can0 not present -- adapter unplugged or 'ip link set can0 up type can bitrate 250000' not run
16:27:45 WARNING canlink    CAN open failed: interface can0 not present -- adapter unplugged or 'ip link set can0 up type can bitrate 250000' not run
16:28:15 WARNING canlink    CAN open failed: interface can0 not present -- adapter unplugged or 'ip link set can0 up type can bitrate 250000' not run
16:28:45 WARNING canlink    CAN open failed: interface can0 not present -- adapter unplugged or 'ip link set can0 up type can bitrate 250000' not run
16:29:15 WARNING canlink    CAN open failed: interface can0 not present -- adapter unplugged or 'ip link set can0 up type can bitrate 250000' not run
16:29:45 WARNING canlink    CAN open failed: interface can0 not present -- adapter unplugged or 'ip link set can0 up type can bitrate 250000' not run
16:30:15 WARNING canlink    CAN open failed: interface can0 not present -- adapter unplugged or 'ip link set can0 up type can bitrate 250000' not run
16:30:45 WARNING canlink    CAN open failed: interface can0 not present -- adapter unplugged or 'ip link set can0 up type can bitrate 250000' not run
16:31:15 WARNING canlink    CAN open failed: interface can0 not present -- adapter unplugged or 'ip link set can0 up type can bitrate 250000' not run
16:31:45 WARNING canlink    CAN open failed: interface can0 not present -- adapter unplugged or 'ip link set can0 up type can bitrate 250000' not run
16:32:15 WARNING canlink    CAN open failed: interface can0 not present -- adapter unplugged or 'ip link set can0 up type can bitrate 250000' not run
16:32:45 WARNING canlink    CAN open failed: interface can0 not present -- adapter unplugged or 'ip link set can0 up type can bitrate 250000' not run
16:33:15 WARNING canlink    CAN open failed: interface can0 not present -- adapter unplugged or 'ip link set can0 up type can bitrate 250000' not run
16:33:45 WARNING canlink    CAN open failed: interface can0 not present -- adapter unplugged or 'ip link set can0 up type can bitrate 250000' not run
16:34:15 WARNING canlink    CAN open failed: interface can0 not present -- adapter unplugged or 'ip link set can0 up type can bitrate 250000' not run
16:34:45 WARNING canlink    CAN open failed: interface can0 not present -- adapter unplugged or 'ip link set can0 up type can bitrate 250000' not run
16:35:15 WARNING canlink    CAN open failed: interface can0 not present -- adapter unplugged or 'ip link set can0 up type can bitrate 250000' not run
16:35:45 WARNING canlink    CAN open failed: interface can0 not present -- adapter unplugged or 'ip link set can0 up type can bitrate 250000' not run
16:36:15 WARNING canlink    CAN open failed: interface can0 not present -- adapter unplugged or 'ip link set can0 up type can bitrate 250000' not run
16:36:45 WARNING canlink    CAN open failed: interface can0 not present -- adapter unplugged or 'ip link set can0 up type can bitrate 250000' not run
16:37:15 WARNING canlink    CAN open failed: interface can0 not present -- adapter unplugged or 'ip link set can0 up type can bitrate 250000' not run
16:37:45 WARNING canlink    CAN open failed: interface can0 not present -- adapter unplugged or 'ip link set can0 up type can bitrate 250000' not run
16:38:15 WARNING canlink    CAN open failed: interface can0 not present -- adapter unplugged or 'ip link set can0 up type can bitrate 250000' not run
16:38:45 WARNING canlink    CAN open failed: interface can0 not present -- adapter unplugged or 'ip link set can0 up type can bitrate 250000' not run
16:39:15 WARNING canlink    CAN open failed: interface can0 not present -- adapter unplugged or 'ip link set can0 up type can bitrate 250000' not run
16:39:45 WARNING canlink    CAN open failed: interface can0 not present -- adapter unplugged or 'ip link set can0 up type can bitrate 250000' not run
16:40:15 WARNING canlink    CAN open failed: interface can0 not present -- adapter unplugged or 'ip link set can0 up type can bitrate 250000' not run
16:40:45 WARNING canlink    CAN open failed: interface can0 not present -- adapter unplugged or 'ip link set can0 up type can bitrate 250000' not run
16:41:15 WARNING canlink    CAN open failed: interface can0 not present -- adapter unplugged or 'ip link set can0 up type can bitrate 250000' not run
16:41:45 WARNING canlink    CAN open failed: interface can0 not present -- adapter unplugged or 'ip link set can0 up type can bitrate 250000' not run
16:42:15 WARNING canlink    CAN open failed: interface can0 not present -- adapter unplugged or 'ip link set can0 up type can bitrate 250000' not run
16:42:45 WARNING canlink    CAN open failed: interface can0 not present -- adapter unplugged or 'ip link set can0 up type can bitrate 250000' not run
16:43:15 WARNING canlink    CAN open failed: interface can0 not present -- adapter unplugged or 'ip link set can0 up type can bitrate 250000' not run
16:43:45 WARNING canlink    CAN open failed: interface can0 not present -- adapter unplugged or 'ip link set can0 up type can bitrate 250000' not run
16:44:15 WARNING canlink    CAN open failed: interface can0 not present -- adapter unplugged or 'ip link set can0 up type can bitrate 250000' not run
16:44:45 WARNING canlink    CAN open failed: interface can0 not present -- adapter unplugged or 'ip link set can0 up type can bitrate 250000' not run
16:45:15 WARNING canlink    CAN open failed: interface can0 not present -- adapter unplugged or 'ip link set can0 up type can bitrate 250000' not run
16:45:45 WARNING canlink    CAN open failed: interface can0 not present -- adapter unplugged or 'ip link set can0 up type can bitrate 250000' not run
16:46:15 WARNING canlink    CAN open failed: interface can0 not present -- adapter unplugged or 'ip link set can0 up type can bitrate 250000' not run
16:46:45 WARNING canlink    CAN open failed: interface can0 not present -- adapter unplugged or 'ip link set can0 up type can bitrate 250000' not run
16:47:15 WARNING canlink    CAN open failed: interface can0 not present -- adapter unplugged or 'ip link set can0 up type can bitrate 250000' not run
16:47:45 WARNING canlink    CAN open failed: interface can0 not present -- adapter unplugged or 'ip link set can0 up type can bitrate 250000' not run
16:48:15 WARNING canlink    CAN open failed: interface can0 not present -- adapter unplugged or 'ip link set can0 up type can bitrate 250000' not run
16:48:45 WARNING canlink    CAN open failed: interface can0 not present -- adapter unplugged or 'ip link set can0 up type can bitrate 250000' not run
16:49:15 WARNING canlink    CAN open failed: interface can0 not present -- adapter unplugged or 'ip link set can0 up type can bitrate 250000' not run
16:49:45 WARNING canlink    CAN open failed: interface can0 not present -- adapter unplugged or 'ip link set can0 up type can bitrate 250000' not run
16:50:15 WARNING canlink    CAN open failed: interface can0 not present -- adapter unplugged or 'ip link set can0 up type can bitrate 250000' not run
16:50:45 WARNING canlink    CAN open failed: interface can0 not present -- adapter unplugged or 'ip link set can0 up type can bitrate 250000' not run
16:51:15 WARNING canlink    CAN open failed: interface can0 not present -- adapter unplugged or 'ip link set can0 up type can bitrate 250000' not run
16:51:45 WARNING canlink    CAN open failed: interface can0 not present -- adapter unplugged or 'ip link set can0 up type can bitrate 250000' not run
16:52:15 WARNING canlink    CAN open failed: interface can0 not present -- adapter unplugged or 'ip link set can0 up type can bitrate 250000' not run
16:52:45 WARNING canlink    CAN open failed: interface can0 not present -- adapter unplugged or 'ip link set can0 up type can bitrate 250000' not run
16:53:15 WARNING canlink    CAN open failed: interface can0 not present -- adapter unplugged or 'ip link set can0 up type can bitrate 250000' not run
16:53:45 WARNING canlink    CAN open failed: interface can0 not present -- adapter unplugged or 'ip link set can0 up type can bitrate 250000' not run
16:54:15 WARNING canlink    CAN open failed: interface can0 not present -- adapter unplugged or 'ip link set can0 up type can bitrate 250000' not run
16:54:45 WARNING canlink    CAN open failed: interface can0 not present -- adapter unplugged or 'ip link set can0 up type can bitrate 250000' not run
16:55:15 WARNING canlink    CAN open failed: interface can0 not present -- adapter unplugged or 'ip link set can0 up type can bitrate 250000' not run
16:55:45 WARNING canlink    CAN open failed: interface can0 not present -- adapter unplugged or 'ip link set can0 up type can bitrate 250000' not run
16:56:15 WARNING canlink    CAN open failed: interface can0 not present -- adapter unplugged or 'ip link set can0 up type can bitrate 250000' not run
16:56:45 WARNING canlink    CAN open failed: interface can0 not present -- adapter unplugged or 'ip link set can0 up type can bitrate 250000' not run
16:57:15 WARNING canlink    CAN open failed: interface can0 not present -- adapter unplugged or 'ip link set can0 up type can bitrate 250000' not run
16:57:45 WARNING canlink    CAN open failed: interface can0 not present -- adapter unplugged or 'ip link set can0 up type can bitrate 250000' not run
16:58:15 WARNING canlink    CAN open failed: interface can0 not present -- adapter unplugged or 'ip link set can0 up type can bitrate 250000' not run
16:58:45 WARNING canlink    CAN open failed: interface can0 not present -- adapter unplugged or 'ip link set can0 up type can bitrate 250000' not run
16:59:15 WARNING canlink    CAN open failed: interface can0 not present -- adapter unplugged or 'ip link set can0 up type can bitrate 250000' not run
16:59:45 WARNING canlink    CAN open failed: interface can0 not present -- adapter unplugged or 'ip link set can0 up type can bitrate 250000' not run
17:00:15 WARNING canlink    CAN open failed: interface can0 not present -- adapter unplugged or 'ip link set can0 up type can bitrate 250000' not run
17:00:45 WARNING canlink    CAN open failed: interface can0 not present -- adapter unplugged or 'ip link set can0 up type can bitrate 250000' not run
17:01:15 WARNING canlink    CAN open failed: interface can0 not present -- adapter unplugged or 'ip link set can0 up type can bitrate 250000' not run
17:01:45 WARNING canlink    CAN open failed: interface can0 not present -- adapter unplugged or 'ip link set can0 up type can bitrate 250000' not run
17:02:15 WARNING canlink    CAN open failed: interface can0 not present -- adapter unplugged or 'ip link set can0 up type can bitrate 250000' not run
17:02:45 WARNING canlink    CAN open failed: interface can0 not present -- adapter unplugged or 'ip link set can0 up type can bitrate 250000' not run
17:03:15 WARNING canlink    CAN open failed: interface can0 not present -- adapter unplugged or 'ip link set can0 up type can bitrate 250000' not run
17:03:45 WARNING canlink    CAN open failed: interface can0 not present -- adapter unplugged or 'ip link set can0 up type can bitrate 250000' not run
17:04:15 WARNING canlink    CAN open failed: interface can0 not present -- adapter unplugged or 'ip link set can0 up type can bitrate 250000' not run
17:04:45 WARNING canlink    CAN open failed: interface can0 not present -- adapter unplugged or 'ip link set can0 up type can bitrate 250000' not run
17:05:15 WARNING canlink    CAN open failed: interface can0 not present -- adapter unplugged or 'ip link set can0 up type can bitrate 250000' not run
17:05:45 WARNING canlink    CAN open failed: interface can0 not present -- adapter unplugged or 'ip link set can0 up type can bitrate 250000' not run
17:06:15 WARNING canlink    CAN open failed: interface can0 not present -- adapter unplugged or 'ip link set can0 up type can bitrate 250000' not run
17:06:45 WARNING canlink    CAN open failed: interface can0 not present -- adapter unplugged or 'ip link set can0 up type can bitrate 250000' not run
17:07:15 WARNING canlink    CAN open failed: interface can0 not present -- adapter unplugged or 'ip link set can0 up type can bitrate 250000' not run
17:07:45 WARNING canlink    CAN open failed: interface can0 not present -- adapter unplugged or 'ip link set can0 up type can bitrate 250000' not run
17:08:15 WARNING canlink    CAN open failed: interface can0 not present -- adapter unplugged or 'ip link set can0 up type can bitrate 250000' not run
17:08:45 WARNING canlink    CAN open failed: interface can0 not present -- adapter unplugged or 'ip link set can0 up type can bitrate 250000' not run
17:09:15 WARNING canlink    CAN open failed: interface can0 not present -- adapter unplugged or 'ip link set can0 up type can bitrate 250000' not run
17:09:45 WARNING canlink    CAN open failed: interface can0 not present -- adapter unplugged or 'ip link set can0 up type can bitrate 250000' not run
17:10:15 WARNING canlink    CAN open failed: interface can0 not present -- adapter unplugged or 'ip link set can0 up type can bitrate 250000' not run
17:10:45 WARNING canlink    CAN open failed: interface can0 not present -- adapter unplugged or 'ip link set can0 up type can bitrate 250000' not run
17:11:15 WARNING canlink    CAN open failed: interface can0 not present -- adapter unplugged or 'ip link set can0 up type can bitrate 250000' not run
17:11:45 WARNING canlink    CAN open failed: interface can0 not present -- adapter unplugged or 'ip link set can0 up type can bitrate 250000' not run
17:12:15 WARNING canlink    CAN open failed: interface can0 not present -- adapter unplugged or 'ip link set can0 up type can bitrate 250000' not run
17:12:45 WARNING canlink    CAN open failed: interface can0 not present -- adapter unplugged or 'ip link set can0 up type can bitrate 250000' not run
17:13:15 WARNING canlink    CAN open failed: interface can0 not present -- adapter unplugged or 'ip link set can0 up type can bitrate 250000' not run
17:13:45 WARNING canlink    CAN open failed: interface can0 not present -- adapter unplugged or 'ip link set can0 up type can bitrate 250000' not run
17:14:15 WARNING canlink    CAN open failed: interface can0 not present -- adapter unplugged or 'ip link set can0 up type can bitrate 250000' not run
17:14:45 WARNING canlink    CAN open failed: interface can0 not present -- adapter unplugged or 'ip link set can0 up type can bitrate 250000' not run
17:15:15 WARNING canlink    CAN open failed: interface can0 not present -- adapter unplugged or 'ip link set can0 up type can bitrate 250000' not run
17:15:45 WARNING canlink    CAN open failed: interface can0 not present -- adapter unplugged or 'ip link set can0 up type can bitrate 250000' not run
17:16:15 WARNING canlink    CAN open failed: interface can0 not present -- adapter unplugged or 'ip link set can0 up type can bitrate 250000' not run
17:16:45 WARNING canlink    CAN open failed: interface can0 not present -- adapter unplugged or 'ip link set can0 up type can bitrate 250000' not run
17:17:15 WARNING canlink    CAN open failed: interface can0 not present -- adapter unplugged or 'ip link set can0 up type can bitrate 250000' not run
17:17:45 WARNING canlink    CAN open failed: interface can0 not present -- adapter unplugged or 'ip link set can0 up type can bitrate 250000' not run
17:18:15 WARNING canlink    CAN open failed: interface can0 not present -- adapter unplugged or 'ip link set can0 up type can bitrate 250000' not run
17:18:45 WARNING canlink    CAN open failed: interface can0 not present -- adapter unplugged or 'ip link set can0 up type can bitrate 250000' not run
17:19:15 WARNING canlink    CAN open failed: interface can0 not present -- adapter unplugged or 'ip link set can0 up type can bitrate 250000' not run
17:19:45 WARNING canlink    CAN open failed: interface can0 not present -- adapter unplugged or 'ip link set can0 up type can bitrate 250000' not run
17:20:15 WARNING canlink    CAN open failed: interface can0 not present -- adapter unplugged or 'ip link set can0 up type can bitrate 250000' not run
17:20:45 WARNING canlink    CAN open failed: interface can0 not present -- adapter unplugged or 'ip link set can0 up type can bitrate 250000' not run
17:21:15 WARNING canlink    CAN open failed: interface can0 not present -- adapter unplugged or 'ip link set can0 up type can bitrate 250000' not run
17:21:45 WARNING canlink    CAN open failed: interface can0 not present -- adapter unplugged or 'ip link set can0 up type can bitrate 250000' not run
17:22:15 WARNING canlink    CAN open failed: interface can0 not present -- adapter unplugged or 'ip link set can0 up type can bitrate 250000' not run
17:22:45 WARNING canlink    CAN open failed: interface can0 not present -- adapter unplugged or 'ip link set can0 up type can bitrate 250000' not run
17:23:15 WARNING canlink    CAN open failed: interface can0 not present -- adapter unplugged or 'ip link set can0 up type can bitrate 250000' not run
17:23:45 WARNING canlink    CAN open failed: interface can0 not present -- adapter unplugged or 'ip link set can0 up type can bitrate 250000' not run
17:24:15 WARNING canlink    CAN open failed: interface can0 not present -- adapter unplugged or 'ip link set can0 up type can bitrate 250000' not run
17:24:45 WARNING canlink    CAN open failed: interface can0 not present -- adapter unplugged or 'ip link set can0 up type can bitrate 250000' not run
17:25:15 WARNING canlink    CAN open failed: interface can0 not present -- adapter unplugged or 'ip link set can0 up type can bitrate 250000' not run
17:25:45 WARNING canlink    CAN open failed: interface can0 not present -- adapter unplugged or 'ip link set can0 up type can bitrate 250000' not run
17:26:15 WARNING canlink    CAN open failed: interface can0 not present -- adapter unplugged or 'ip link set can0 up type can bitrate 250000' not run
17:26:45 WARNING canlink    CAN open failed: interface can0 not present -- adapter unplugged or 'ip link set can0 up type can bitrate 250000' not run
17:27:15 WARNING canlink    CAN open failed: interface can0 not present -- adapter unplugged or 'ip link set can0 up type can bitrate 250000' not run
17:27:45 WARNING canlink    CAN open failed: interface can0 not present -- adapter unplugged or 'ip link set can0 up type can bitrate 250000' not run
17:28:15 WARNING canlink    CAN open failed: interface can0 not present -- adapter unplugged or 'ip link set can0 up type can bitrate 250000' not run
17:28:45 WARNING canlink    CAN open failed: interface can0 not present -- adapter unplugged or 'ip link set can0 up type can bitrate 250000' not run
17:29:15 WARNING canlink    CAN open failed: interface can0 not present -- adapter unplugged or 'ip link set can0 up type can bitrate 250000' not run
17:29:45 WARNING canlink    CAN open failed: interface can0 not present -- adapter unplugged or 'ip link set can0 up type can bitrate 250000' not run
17:30:15 WARNING canlink    CAN open failed: interface can0 not present -- adapter unplugged or 'ip link set can0 up type can bitrate 250000' not run
17:30:45 WARNING canlink    CAN open failed: interface can0 not present -- adapter unplugged or 'ip link set can0 up type can bitrate 250000' not run
17:31:15 WARNING canlink    CAN open failed: interface can0 not present -- adapter unplugged or 'ip link set can0 up type can bitrate 250000' not run
17:31:45 WARNING canlink    CAN open failed: interface can0 not present -- adapter unplugged or 'ip link set can0 up type can bitrate 250000' not run
17:32:15 WARNING canlink    CAN open failed: interface can0 not present -- adapter unplugged or 'ip link set can0 up type can bitrate 250000' not run
17:32:45 WARNING canlink    CAN open failed: interface can0 not present -- adapter unplugged or 'ip link set can0 up type can bitrate 250000' not run
17:33:15 WARNING canlink    CAN open failed: interface can0 not present -- adapter unplugged or 'ip link set can0 up type can bitrate 250000' not run
17:33:45 WARNING canlink    CAN open failed: interface can0 not present -- adapter unplugged or 'ip link set can0 up type can bitrate 250000' not run
17:34:15 WARNING canlink    CAN open failed: interface can0 not present -- adapter unplugged or 'ip link set can0 up type can bitrate 250000' not run
17:34:45 WARNING canlink    CAN open failed: interface can0 not present -- adapter unplugged or 'ip link set can0 up type can bitrate 250000' not run
17:35:15 WARNING canlink    CAN open failed: interface can0 not present -- adapter unplugged or 'ip link set can0 up type can bitrate 250000' not run
17:35:45 WARNING canlink    CAN open failed: interface can0 not present -- adapter unplugged or 'ip link set can0 up type can bitrate 250000' not run
17:36:15 WARNING canlink    CAN open failed: interface can0 not present -- adapter unplugged or 'ip link set can0 up type can bitrate 250000' not run
17:36:45 WARNING canlink    CAN open failed: interface can0 not present -- adapter unplugged or 'ip link set can0 up type can bitrate 250000' not run
17:37:15 WARNING canlink    CAN open failed: interface can0 not present -- adapter unplugged or 'ip link set can0 up type can bitrate 250000' not run
17:37:45 WARNING canlink    CAN open failed: interface can0 not present -- adapter unplugged or 'ip link set can0 up type can bitrate 250000' not run
17:38:15 WARNING canlink    CAN open failed: interface can0 not present -- adapter unplugged or 'ip link set can0 up type can bitrate 250000' not run
17:38:45 WARNING canlink    CAN open failed: interface can0 not present -- adapter unplugged or 'ip link set can0 up type can bitrate 250000' not run
17:39:15 WARNING canlink    CAN open failed: interface can0 not present -- adapter unplugged or 'ip link set can0 up type can bitrate 250000' not run
17:39:45 WARNING canlink    CAN open failed: interface can0 not present -- adapter unplugged or 'ip link set can0 up type can bitrate 250000' not run
17:40:15 WARNING canlink    CAN open failed: interface can0 not present -- adapter unplugged or 'ip link set can0 up type can bitrate 250000' not run
17:40:45 WARNING canlink    CAN open failed: interface can0 not present -- adapter unplugged or 'ip link set can0 up type can bitrate 250000' not run
17:41:15 WARNING canlink    CAN open failed: interface can0 not present -- adapter unplugged or 'ip link set can0 up type can bitrate 250000' not run
17:41:45 WARNING canlink    CAN open failed: interface can0 not present -- adapter unplugged or 'ip link set can0 up type can bitrate 250000' not run
17:42:15 WARNING canlink    CAN open failed: interface can0 not present -- adapter unplugged or 'ip link set can0 up type can bitrate 250000' not run
17:42:45 WARNING canlink    CAN open failed: interface can0 not present -- adapter unplugged or 'ip link set can0 up type can bitrate 250000' not run
17:43:15 WARNING canlink    CAN open failed: interface can0 not present -- adapter unplugged or 'ip link set can0 up type can bitrate 250000' not run
17:43:45 WARNING canlink    CAN open failed: interface can0 not present -- adapter unplugged or 'ip link set can0 up type can bitrate 250000' not run
17:44:15 WARNING canlink    CAN open failed: interface can0 not present -- adapter unplugged or 'ip link set can0 up type can bitrate 250000' not run
17:44:45 WARNING canlink    CAN open failed: interface can0 not present -- adapter unplugged or 'ip link set can0 up type can bitrate 250000' not run
17:45:15 WARNING canlink    CAN open failed: interface can0 not present -- adapter unplugged or 'ip link set can0 up type can bitrate 250000' not run
17:45:45 WARNING canlink    CAN open failed: interface can0 not present -- adapter unplugged or 'ip link set can0 up type can bitrate 250000' not run
17:46:15 WARNING canlink    CAN open failed: interface can0 not present -- adapter unplugged or 'ip link set can0 up type can bitrate 250000' not run
17:46:45 WARNING canlink    CAN open failed: interface can0 not present -- adapter unplugged or 'ip link set can0 up type can bitrate 250000' not run
17:47:15 WARNING canlink    CAN open failed: interface can0 not present -- adapter unplugged or 'ip link set can0 up type can bitrate 250000' not run
17:47:45 WARNING canlink    CAN open failed: interface can0 not present -- adapter unplugged or 'ip link set can0 up type can bitrate 250000' not run
17:48:15 WARNING canlink    CAN open failed: interface can0 not present -- adapter unplugged or 'ip link set can0 up type can bitrate 250000' not run
17:48:45 WARNING canlink    CAN open failed: interface can0 not present -- adapter unplugged or 'ip link set can0 up type can bitrate 250000' not run
17:49:15 WARNING canlink    CAN open failed: interface can0 not present -- adapter unplugged or 'ip link set can0 up type can bitrate 250000' not run
17:49:45 WARNING canlink    CAN open failed: interface can0 not present -- adapter unplugged or 'ip link set can0 up type can bitrate 250000' not run
17:50:15 WARNING canlink    CAN open failed: interface can0 not present -- adapter unplugged or 'ip link set can0 up type can bitrate 250000' not run
17:50:45 WARNING canlink    CAN open failed: interface can0 not present -- adapter unplugged or 'ip link set can0 up type can bitrate 250000' not run
17:51:15 WARNING canlink    CAN open failed: interface can0 not present -- adapter unplugged or 'ip link set can0 up type can bitrate 250000' not run
17:51:45 WARNING canlink    CAN open failed: interface can0 not present -- adapter unplugged or 'ip link set can0 up type can bitrate 250000' not run
17:52:15 WARNING canlink    CAN open failed: interface can0 not present -- adapter unplugged or 'ip link set can0 up type can bitrate 250000' not run
17:52:45 WARNING canlink    CAN open failed: interface can0 not present -- adapter unplugged or 'ip link set can0 up type can bitrate 250000' not run
17:53:15 WARNING canlink    CAN open failed: interface can0 not present -- adapter unplugged or 'ip link set can0 up type can bitrate 250000' not run
17:53:45 WARNING canlink    CAN open failed: interface can0 not present -- adapter unplugged or 'ip link set can0 up type can bitrate 250000' not run
17:54:15 WARNING canlink    CAN open failed: interface can0 not present -- adapter unplugged or 'ip link set can0 up type can bitrate 250000' not run
17:54:45 WARNING canlink    CAN open failed: interface can0 not present -- adapter unplugged or 'ip link set can0 up type can bitrate 250000' not run
17:55:15 WARNING canlink    CAN open failed: interface can0 not present -- adapter unplugged or 'ip link set can0 up type can bitrate 250000' not run
17:55:45 WARNING canlink    CAN open failed: interface can0 not present -- adapter unplugged or 'ip link set can0 up type can bitrate 250000' not run
17:56:15 WARNING canlink    CAN open failed: interface can0 not present -- adapter unplugged or 'ip link set can0 up type can bitrate 250000' not run
17:56:45 WARNING canlink    CAN open failed: interface can0 not present -- adapter unplugged or 'ip link set can0 up type can bitrate 250000' not run
17:57:15 WARNING canlink    CAN open failed: interface can0 not present -- adapter unplugged or 'ip link set can0 up type can bitrate 250000' not run
17:57:45 WARNING canlink    CAN open failed: interface can0 not present -- adapter unplugged or 'ip link set can0 up type can bitrate 250000' not run
17:58:15 WARNING canlink    CAN open failed: interface can0 not present -- adapter unplugged or 'ip link set can0 up type can bitrate 250000' not run
17:58:45 WARNING canlink    CAN open failed: interface can0 not present -- adapter unplugged or 'ip link set can0 up type can bitrate 250000' not run
17:59:15 WARNING canlink    CAN open failed: interface can0 not present -- adapter unplugged or 'ip link set can0 up type can bitrate 250000' not run
17:59:45 WARNING canlink    CAN open failed: interface can0 not present -- adapter unplugged or 'ip link set can0 up type can bitrate 250000' not run
18:00:15 WARNING canlink    CAN open failed: interface can0 not present -- adapter unplugged or 'ip link set can0 up type can bitrate 250000' not run
18:00:45 WARNING canlink    CAN open failed: interface can0 not present -- adapter unplugged or 'ip link set can0 up type can bitrate 250000' not run
18:01:15 WARNING canlink    CAN open failed: interface can0 not present -- adapter unplugged or 'ip link set can0 up type can bitrate 250000' not run
18:01:45 WARNING canlink    CAN open failed: interface can0 not present -- adapter unplugged or 'ip link set can0 up type can bitrate 250000' not run
18:02:15 WARNING canlink    CAN open failed: interface can0 not present -- adapter unplugged or 'ip link set can0 up type can bitrate 250000' not run
18:02:45 WARNING canlink    CAN open failed: interface can0 not present -- adapter unplugged or 'ip link set can0 up type can bitrate 250000' not run
18:03:15 WARNING canlink    CAN open failed: interface can0 not present -- adapter unplugged or 'ip link set can0 up type can bitrate 250000' not run
18:03:45 WARNING canlink    CAN open failed: interface can0 not present -- adapter unplugged or 'ip link set can0 up type can bitrate 250000' not run
18:04:15 WARNING canlink    CAN open failed: interface can0 not present -- adapter unplugged or 'ip link set can0 up type can bitrate 250000' not run
18:04:45 WARNING canlink    CAN open failed: interface can0 not present -- adapter unplugged or 'ip link set can0 up type can bitrate 250000' not run
18:05:15 WARNING canlink    CAN open failed: interface can0 not present -- adapter unplugged or 'ip link set can0 up type can bitrate 250000' not run
18:05:45 WARNING canlink    CAN open failed: interface can0 not present -- adapter unplugged or 'ip link set can0 up type can bitrate 250000' not run
18:06:15 WARNING canlink    CAN open failed: interface can0 not present -- adapter unplugged or 'ip link set can0 up type can bitrate 250000' not run
18:06:45 WARNING canlink    CAN open failed: interface can0 not present -- adapter unplugged or 'ip link set can0 up type can bitrate 250000' not run
18:07:15 WARNING canlink    CAN open failed: interface can0 not present -- adapter unplugged or 'ip link set can0 up type can bitrate 250000' not run
18:07:45 WARNING canlink    CAN open failed: interface can0 not present -- adapter unplugged or 'ip link set can0 up type can bitrate 250000' not run
18:08:15 WARNING canlink    CAN open failed: interface can0 not present -- adapter unplugged or 'ip link set can0 up type can bitrate 250000' not run
18:08:45 WARNING canlink    CAN open failed: interface can0 not present -- adapter unplugged or 'ip link set can0 up type can bitrate 250000' not run
18:09:15 WARNING canlink    CAN open failed: interface can0 not present -- adapter unplugged or 'ip link set can0 up type can bitrate 250000' not run
18:09:45 WARNING canlink    CAN open failed: interface can0 not present -- adapter unplugged or 'ip link set can0 up type can bitrate 250000' not run
18:10:15 WARNING canlink    CAN open failed: interface can0 not present -- adapter unplugged or 'ip link set can0 up type can bitrate 250000' not run
18:10:45 WARNING canlink    CAN open failed: interface can0 not present -- adapter unplugged or 'ip link set can0 up type can bitrate 250000' not run
18:11:15 WARNING canlink    CAN open failed: interface can0 not present -- adapter unplugged or 'ip link set can0 up type can bitrate 250000' not run
18:11:45 WARNING canlink    CAN open failed: interface can0 not present -- adapter unplugged or 'ip link set can0 up type can bitrate 250000' not run
18:12:15 WARNING canlink    CAN open failed: interface can0 not present -- adapter unplugged or 'ip link set can0 up type can bitrate 250000' not run
18:12:45 WARNING canlink    CAN open failed: interface can0 not present -- adapter unplugged or 'ip link set can0 up type can bitrate 250000' not run
18:13:15 WARNING canlink    CAN open failed: interface can0 not present -- adapter unplugged or 'ip link set can0 up type can bitrate 250000' not run
18:13:45 WARNING canlink    CAN open failed: interface can0 not present -- adapter unplugged or 'ip link set can0 up type can bitrate 250000' not run
18:14:15 WARNING canlink    CAN open failed: interface can0 not present -- adapter unplugged or 'ip link set can0 up type can bitrate 250000' not run
18:14:45 WARNING canlink    CAN open failed: interface can0 not present -- adapter unplugged or 'ip link set can0 up type can bitrate 250000' not run
18:15:15 WARNING canlink    CAN open failed: interface can0 not present -- adapter unplugged or 'ip link set can0 up type can bitrate 250000' not run
18:15:45 WARNING canlink    CAN open failed: interface can0 not present -- adapter unplugged or 'ip link set can0 up type can bitrate 250000' not run
18:16:15 WARNING canlink    CAN open failed: interface can0 not present -- adapter unplugged or 'ip link set can0 up type can bitrate 250000' not run
18:16:45 WARNING canlink    CAN open failed: interface can0 not present -- adapter unplugged or 'ip link set can0 up type can bitrate 250000' not run
18:17:15 WARNING canlink    CAN open failed: interface can0 not present -- adapter unplugged or 'ip link set can0 up type can bitrate 250000' not run
18:17:45 WARNING canlink    CAN open failed: interface can0 not present -- adapter unplugged or 'ip link set can0 up type can bitrate 250000' not run
18:18:15 WARNING canlink    CAN open failed: interface can0 not present -- adapter unplugged or 'ip link set can0 up type can bitrate 250000' not run
18:18:45 WARNING canlink    CAN open failed: interface can0 not present -- adapter unplugged or 'ip link set can0 up type can bitrate 250000' not run
18:19:15 WARNING canlink    CAN open failed: interface can0 not present -- adapter unplugged or 'ip link set can0 up type can bitrate 250000' not run
18:19:45 WARNING canlink    CAN open failed: interface can0 not present -- adapter unplugged or 'ip link set can0 up type can bitrate 250000' not run
18:20:15 WARNING canlink    CAN open failed: interface can0 not present -- adapter unplugged or 'ip link set can0 up type can bitrate 250000' not run
18:20:45 WARNING canlink    CAN open failed: interface can0 not present -- adapter unplugged or 'ip link set can0 up type can bitrate 250000' not run
18:21:15 WARNING canlink    CAN open failed: interface can0 not present -- adapter unplugged or 'ip link set can0 up type can bitrate 250000' not run
18:21:45 WARNING canlink    CAN open failed: interface can0 not present -- adapter unplugged or 'ip link set can0 up type can bitrate 250000' not run
18:22:15 WARNING canlink    CAN open failed: interface can0 not present -- adapter unplugged or 'ip link set can0 up type can bitrate 250000' not run
18:22:46 WARNING canlink    CAN open failed: interface can0 not present -- adapter unplugged or 'ip link set can0 up type can bitrate 250000' not run
18:23:16 WARNING canlink    CAN open failed: interface can0 not present -- adapter unplugged or 'ip link set can0 up type can bitrate 250000' not run
18:23:46 WARNING canlink    CAN open failed: interface can0 not present -- adapter unplugged or 'ip link set can0 up type can bitrate 250000' not run
18:24:16 WARNING canlink    CAN open failed: interface can0 not present -- adapter unplugged or 'ip link set can0 up type can bitrate 250000' not run
18:24:46 WARNING canlink    CAN open failed: interface can0 not present -- adapter unplugged or 'ip link set can0 up type can bitrate 250000' not run
18:25:16 WARNING canlink    CAN open failed: interface can0 not present -- adapter unplugged or 'ip link set can0 up type can bitrate 250000' not run
18:25:46 WARNING canlink    CAN open failed: interface can0 not present -- adapter unplugged or 'ip link set can0 up type can bitrate 250000' not run
18:26:16 WARNING canlink    CAN open failed: interface can0 not present -- adapter unplugged or 'ip link set can0 up type can bitrate 250000' not run
18:26:46 WARNING canlink    CAN open failed: interface can0 not present -- adapter unplugged or 'ip link set can0 up type can bitrate 250000' not run
18:27:16 WARNING canlink    CAN open failed: interface can0 not present -- adapter unplugged or 'ip link set can0 up type can bitrate 250000' not run
18:27:46 WARNING canlink    CAN open failed: interface can0 not present -- adapter unplugged or 'ip link set can0 up type can bitrate 250000' not run
18:28:16 WARNING canlink    CAN open failed: interface can0 not present -- adapter unplugged or 'ip link set can0 up type can bitrate 250000' not run
18:28:46 WARNING canlink    CAN open failed: interface can0 not present -- adapter unplugged or 'ip link set can0 up type can bitrate 250000' not run
18:29:16 WARNING canlink    CAN open failed: interface can0 not present -- adapter unplugged or 'ip link set can0 up type can bitrate 250000' not run
18:29:46 WARNING canlink    CAN open failed: interface can0 not present -- adapter unplugged or 'ip link set can0 up type can bitrate 250000' not run
18:30:16 WARNING canlink    CAN open failed: interface can0 not present -- adapter unplugged or 'ip link set can0 up type can bitrate 250000' not run
18:30:46 WARNING canlink    CAN open failed: interface can0 not present -- adapter unplugged or 'ip link set can0 up type can bitrate 250000' not run
18:31:16 WARNING canlink    CAN open failed: interface can0 not present -- adapter unplugged or 'ip link set can0 up type can bitrate 250000' not run
18:31:46 WARNING canlink    CAN open failed: interface can0 not present -- adapter unplugged or 'ip link set can0 up type can bitrate 250000' not run
18:32:16 WARNING canlink    CAN open failed: interface can0 not present -- adapter unplugged or 'ip link set can0 up type can bitrate 250000' not run
18:32:46 WARNING canlink    CAN open failed: interface can0 not present -- adapter unplugged or 'ip link set can0 up type can bitrate 250000' not run
18:33:16 WARNING canlink    CAN open failed: interface can0 not present -- adapter unplugged or 'ip link set can0 up type can bitrate 250000' not run
18:33:46 WARNING canlink    CAN open failed: interface can0 not present -- adapter unplugged or 'ip link set can0 up type can bitrate 250000' not run
18:34:16 WARNING canlink    CAN open failed: interface can0 not present -- adapter unplugged or 'ip link set can0 up type can bitrate 250000' not run
18:34:46 WARNING canlink    CAN open failed: interface can0 not present -- adapter unplugged or 'ip link set can0 up type can bitrate 250000' not run
18:35:16 WARNING canlink    CAN open failed: interface can0 not present -- adapter unplugged or 'ip link set can0 up type can bitrate 250000' not run
18:35:46 WARNING canlink    CAN open failed: interface can0 not present -- adapter unplugged or 'ip link set can0 up type can bitrate 250000' not run
18:36:16 WARNING canlink    CAN open failed: interface can0 not present -- adapter unplugged or 'ip link set can0 up type can bitrate 250000' not run
18:36:46 WARNING canlink    CAN open failed: interface can0 not present -- adapter unplugged or 'ip link set can0 up type can bitrate 250000' not run
18:37:16 WARNING canlink    CAN open failed: interface can0 not present -- adapter unplugged or 'ip link set can0 up type can bitrate 250000' not run
18:37:46 WARNING canlink    CAN open failed: interface can0 not present -- adapter unplugged or 'ip link set can0 up type can bitrate 250000' not run
18:38:16 WARNING canlink    CAN open failed: interface can0 not present -- adapter unplugged or 'ip link set can0 up type can bitrate 250000' not run
18:38:46 WARNING canlink    CAN open failed: interface can0 not present -- adapter unplugged or 'ip link set can0 up type can bitrate 250000' not run
18:39:16 WARNING canlink    CAN open failed: interface can0 not present -- adapter unplugged or 'ip link set can0 up type can bitrate 250000' not run
18:39:46 WARNING canlink    CAN open failed: interface can0 not present -- adapter unplugged or 'ip link set can0 up type can bitrate 250000' not run
18:40:16 WARNING canlink    CAN open failed: interface can0 not present -- adapter unplugged or 'ip link set can0 up type can bitrate 250000' not run
18:40:46 WARNING canlink    CAN open failed: interface can0 not present -- adapter unplugged or 'ip link set can0 up type can bitrate 250000' not run
18:41:16 WARNING canlink    CAN open failed: interface can0 not present -- adapter unplugged or 'ip link set can0 up type can bitrate 250000' not run
18:41:46 WARNING canlink    CAN open failed: interface can0 not present -- adapter unplugged or 'ip link set can0 up type can bitrate 250000' not run
18:42:16 WARNING canlink    CAN open failed: interface can0 not present -- adapter unplugged or 'ip link set can0 up type can bitrate 250000' not run
18:42:46 WARNING canlink    CAN open failed: interface can0 not present -- adapter unplugged or 'ip link set can0 up type can bitrate 250000' not run
18:43:16 WARNING canlink    CAN open failed: interface can0 not present -- adapter unplugged or 'ip link set can0 up type can bitrate 250000' not run
18:43:46 WARNING canlink    CAN open failed: interface can0 not present -- adapter unplugged or 'ip link set can0 up type can bitrate 250000' not run
18:44:16 WARNING canlink    CAN open failed: interface can0 not present -- adapter unplugged or 'ip link set can0 up type can bitrate 250000' not run
18:44:46 WARNING canlink    CAN open failed: interface can0 not present -- adapter unplugged or 'ip link set can0 up type can bitrate 250000' not run
18:45:16 WARNING canlink    CAN open failed: interface can0 not present -- adapter unplugged or 'ip link set can0 up type can bitrate 250000' not run
18:45:46 WARNING canlink    CAN open failed: interface can0 not present -- adapter unplugged or 'ip link set can0 up type can bitrate 250000' not run
18:46:16 WARNING canlink    CAN open failed: interface can0 not present -- adapter unplugged or 'ip link set can0 up type can bitrate 250000' not run
18:46:46 WARNING canlink    CAN open failed: interface can0 not present -- adapter unplugged or 'ip link set can0 up type can bitrate 250000' not run
18:47:16 WARNING canlink    CAN open failed: interface can0 not present -- adapter unplugged or 'ip link set can0 up type can bitrate 250000' not run
18:47:46 WARNING canlink    CAN open failed: interface can0 not present -- adapter unplugged or 'ip link set can0 up type can bitrate 250000' not run
18:48:16 WARNING canlink    CAN open failed: interface can0 not present -- adapter unplugged or 'ip link set can0 up type can bitrate 250000' not run
18:48:46 WARNING canlink    CAN open failed: interface can0 not present -- adapter unplugged or 'ip link set can0 up type can bitrate 250000' not run
18:49:16 WARNING canlink    CAN open failed: interface can0 not present -- adapter unplugged or 'ip link set can0 up type can bitrate 250000' not run
18:49:46 WARNING canlink    CAN open failed: interface can0 not present -- adapter unplugged or 'ip link set can0 up type can bitrate 250000' not run
18:50:16 WARNING canlink    CAN open failed: interface can0 not present -- adapter unplugged or 'ip link set can0 up type can bitrate 250000' not run
18:50:46 WARNING canlink    CAN open failed: interface can0 not present -- adapter unplugged or 'ip link set can0 up type can bitrate 250000' not run
18:51:16 WARNING canlink    CAN open failed: interface can0 not present -- adapter unplugged or 'ip link set can0 up type can bitrate 250000' not run
18:51:46 WARNING canlink    CAN open failed: interface can0 not present -- adapter unplugged or 'ip link set can0 up type can bitrate 250000' not run
18:52:16 WARNING canlink    CAN open failed: interface can0 not present -- adapter unplugged or 'ip link set can0 up type can bitrate 250000' not run
18:52:46 WARNING canlink    CAN open failed: interface can0 not present -- adapter unplugged or 'ip link set can0 up type can bitrate 250000' not run
18:53:16 WARNING canlink    CAN open failed: interface can0 not present -- adapter unplugged or 'ip link set can0 up type can bitrate 250000' not run
18:53:46 WARNING canlink    CAN open failed: interface can0 not present -- adapter unplugged or 'ip link set can0 up type can bitrate 250000' not run
18:54:16 WARNING canlink    CAN open failed: interface can0 not present -- adapter unplugged or 'ip link set can0 up type can bitrate 250000' not run
18:54:46 WARNING canlink    CAN open failed: interface can0 not present -- adapter unplugged or 'ip link set can0 up type can bitrate 250000' not run
18:55:16 WARNING canlink    CAN open failed: interface can0 not present -- adapter unplugged or 'ip link set can0 up type can bitrate 250000' not run
18:55:46 WARNING canlink    CAN open failed: interface can0 not present -- adapter unplugged or 'ip link set can0 up type can bitrate 250000' not run
18:56:16 WARNING canlink    CAN open failed: interface can0 not present -- adapter unplugged or 'ip link set can0 up type can bitrate 250000' not run
18:56:46 WARNING canlink    CAN open failed: interface can0 not present -- adapter unplugged or 'ip link set can0 up type can bitrate 250000' not run
18:57:16 WARNING canlink    CAN open failed: interface can0 not present -- adapter unplugged or 'ip link set can0 up type can bitrate 250000' not run
18:57:46 WARNING canlink    CAN open failed: interface can0 not present -- adapter unplugged or 'ip link set can0 up type can bitrate 250000' not run
18:58:16 WARNING canlink    CAN open failed: interface can0 not present -- adapter unplugged or 'ip link set can0 up type can bitrate 250000' not run
18:58:46 WARNING canlink    CAN open failed: interface can0 not present -- adapter unplugged or 'ip link set can0 up type can bitrate 250000' not run
18:59:16 WARNING canlink    CAN open failed: interface can0 not present -- adapter unplugged or 'ip link set can0 up type can bitrate 250000' not run
18:59:46 WARNING canlink    CAN open failed: interface can0 not present -- adapter unplugged or 'ip link set can0 up type can bitrate 250000' not run
19:00:16 WARNING canlink    CAN open failed: interface can0 not present -- adapter unplugged or 'ip link set can0 up type can bitrate 250000' not run
19:00:46 WARNING canlink    CAN open failed: interface can0 not present -- adapter unplugged or 'ip link set can0 up type can bitrate 250000' not run
19:01:16 WARNING canlink    CAN open failed: interface can0 not present -- adapter unplugged or 'ip link set can0 up type can bitrate 250000' not run
19:01:46 WARNING canlink    CAN open failed: interface can0 not present -- adapter unplugged or 'ip link set can0 up type can bitrate 250000' not run
19:02:16 WARNING canlink    CAN open failed: interface can0 not present -- adapter unplugged or 'ip link set can0 up type can bitrate 250000' not run
19:02:46 WARNING canlink    CAN open failed: interface can0 not present -- adapter unplugged or 'ip link set can0 up type can bitrate 250000' not run
19:03:16 WARNING canlink    CAN open failed: interface can0 not present -- adapter unplugged or 'ip link set can0 up type can bitrate 250000' not run
19:03:46 WARNING canlink    CAN open failed: interface can0 not present -- adapter unplugged or 'ip link set can0 up type can bitrate 250000' not run
19:04:16 WARNING canlink    CAN open failed: interface can0 not present -- adapter unplugged or 'ip link set can0 up type can bitrate 250000' not run
19:04:46 WARNING canlink    CAN open failed: interface can0 not present -- adapter unplugged or 'ip link set can0 up type can bitrate 250000' not run
19:05:16 WARNING canlink    CAN open failed: interface can0 not present -- adapter unplugged or 'ip link set can0 up type can bitrate 250000' not run
19:05:46 WARNING canlink    CAN open failed: interface can0 not present -- adapter unplugged or 'ip link set can0 up type can bitrate 250000' not run
19:06:16 WARNING canlink    CAN open failed: interface can0 not present -- adapter unplugged or 'ip link set can0 up type can bitrate 250000' not run
19:06:46 WARNING canlink    CAN open failed: interface can0 not present -- adapter unplugged or 'ip link set can0 up type can bitrate 250000' not run
19:07:16 WARNING canlink    CAN open failed: interface can0 not present -- adapter unplugged or 'ip link set can0 up type can bitrate 250000' not run
19:07:46 WARNING canlink    CAN open failed: interface can0 not present -- adapter unplugged or 'ip link set can0 up type can bitrate 250000' not run
19:08:16 WARNING canlink    CAN open failed: interface can0 not present -- adapter unplugged or 'ip link set can0 up type can bitrate 250000' not run
19:08:46 WARNING canlink    CAN open failed: interface can0 not present -- adapter unplugged or 'ip link set can0 up type can bitrate 250000' not run
19:09:16 WARNING canlink    CAN open failed: interface can0 not present -- adapter unplugged or 'ip link set can0 up type can bitrate 250000' not run
19:09:46 WARNING canlink    CAN open failed: interface can0 not present -- adapter unplugged or 'ip link set can0 up type can bitrate 250000' not run
19:10:16 WARNING canlink    CAN open failed: interface can0 not present -- adapter unplugged or 'ip link set can0 up type can bitrate 250000' not run
19:10:46 WARNING canlink    CAN open failed: interface can0 not present -- adapter unplugged or 'ip link set can0 up type can bitrate 250000' not run
19:11:16 WARNING canlink    CAN open failed: interface can0 not present -- adapter unplugged or 'ip link set can0 up type can bitrate 250000' not run
19:11:46 WARNING canlink    CAN open failed: interface can0 not present -- adapter unplugged or 'ip link set can0 up type can bitrate 250000' not run
19:12:16 WARNING canlink    CAN open failed: interface can0 not present -- adapter unplugged or 'ip link set can0 up type can bitrate 250000' not run
19:12:46 WARNING canlink    CAN open failed: interface can0 not present -- adapter unplugged or 'ip link set can0 up type can bitrate 250000' not run
19:13:16 WARNING canlink    CAN open failed: interface can0 not present -- adapter unplugged or 'ip link set can0 up type can bitrate 250000' not run
19:13:46 WARNING canlink    CAN open failed: interface can0 not present -- adapter unplugged or 'ip link set can0 up type can bitrate 250000' not run
19:14:16 WARNING canlink    CAN open failed: interface can0 not present -- adapter unplugged or 'ip link set can0 up type can bitrate 250000' not run
19:14:46 WARNING canlink    CAN open failed: interface can0 not present -- adapter unplugged or 'ip link set can0 up type can bitrate 250000' not run
19:15:16 WARNING canlink    CAN open failed: interface can0 not present -- adapter unplugged or 'ip link set can0 up type can bitrate 250000' not run
19:15:46 WARNING canlink    CAN open failed: interface can0 not present -- adapter unplugged or 'ip link set can0 up type can bitrate 250000' not run
19:16:16 WARNING canlink    CAN open failed: interface can0 not present -- adapter unplugged or 'ip link set can0 up type can bitrate 250000' not run
19:16:46 WARNING canlink    CAN open failed: interface can0 not present -- adapter unplugged or 'ip link set can0 up type can bitrate 250000' not run
19:17:16 WARNING canlink    CAN open failed: interface can0 not present -- adapter unplugged or 'ip link set can0 up type can bitrate 250000' not run
19:17:46 WARNING canlink    CAN open failed: interface can0 not present -- adapter unplugged or 'ip link set can0 up type can bitrate 250000' not run
19:18:16 WARNING canlink    CAN open failed: interface can0 not present -- adapter unplugged or 'ip link set can0 up type can bitrate 250000' not run
19:18:46 WARNING canlink    CAN open failed: interface can0 not present -- adapter unplugged or 'ip link set can0 up type can bitrate 250000' not run
19:19:16 WARNING canlink    CAN open failed: interface can0 not present -- adapter unplugged or 'ip link set can0 up type can bitrate 250000' not run
19:19:46 WARNING canlink    CAN open failed: interface can0 not present -- adapter unplugged or 'ip link set can0 up type can bitrate 250000' not run
19:20:16 WARNING canlink    CAN open failed: interface can0 not present -- adapter unplugged or 'ip link set can0 up type can bitrate 250000' not run
19:20:46 WARNING canlink    CAN open failed: interface can0 not present -- adapter unplugged or 'ip link set can0 up type can bitrate 250000' not run
19:21:16 WARNING canlink    CAN open failed: interface can0 not present -- adapter unplugged or 'ip link set can0 up type can bitrate 250000' not run
19:21:46 WARNING canlink    CAN open failed: interface can0 not present -- adapter unplugged or 'ip link set can0 up type can bitrate 250000' not run
19:22:16 WARNING canlink    CAN open failed: interface can0 not present -- adapter unplugged or 'ip link set can0 up type can bitrate 250000' not run
19:22:46 WARNING canlink    CAN open failed: interface can0 not present -- adapter unplugged or 'ip link set can0 up type can bitrate 250000' not run
19:23:16 WARNING canlink    CAN open failed: interface can0 not present -- adapter unplugged or 'ip link set can0 up type can bitrate 250000' not run
19:23:46 WARNING canlink    CAN open failed: interface can0 not present -- adapter unplugged or 'ip link set can0 up type can bitrate 250000' not run
19:24:16 WARNING canlink    CAN open failed: interface can0 not present -- adapter unplugged or 'ip link set can0 up type can bitrate 250000' not run
19:24:46 WARNING canlink    CAN open failed: interface can0 not present -- adapter unplugged or 'ip link set can0 up type can bitrate 250000' not run
19:25:16 WARNING canlink    CAN open failed: interface can0 not present -- adapter unplugged or 'ip link set can0 up type can bitrate 250000' not run
19:25:46 WARNING canlink    CAN open failed: interface can0 not present -- adapter unplugged or 'ip link set can0 up type can bitrate 250000' not run
19:26:16 WARNING canlink    CAN open failed: interface can0 not present -- adapter unplugged or 'ip link set can0 up type can bitrate 250000' not run
19:26:46 WARNING canlink    CAN open failed: interface can0 not present -- adapter unplugged or 'ip link set can0 up type can bitrate 250000' not run
19:27:16 WARNING canlink    CAN open failed: interface can0 not present -- adapter unplugged or 'ip link set can0 up type can bitrate 250000' not run
19:27:46 WARNING canlink    CAN open failed: interface can0 not present -- adapter unplugged or 'ip link set can0 up type can bitrate 250000' not run
19:28:16 WARNING canlink    CAN open failed: interface can0 not present -- adapter unplugged or 'ip link set can0 up type can bitrate 250000' not run
19:28:46 WARNING canlink    CAN open failed: interface can0 not present -- adapter unplugged or 'ip link set can0 up type can bitrate 250000' not run
19:29:16 WARNING canlink    CAN open failed: interface can0 not present -- adapter unplugged or 'ip link set can0 up type can bitrate 250000' not run
19:29:46 WARNING canlink    CAN open failed: interface can0 not present -- adapter unplugged or 'ip link set can0 up type can bitrate 250000' not run
19:30:16 WARNING canlink    CAN open failed: interface can0 not present -- adapter unplugged or 'ip link set can0 up type can bitrate 250000' not run
19:30:46 WARNING canlink    CAN open failed: interface can0 not present -- adapter unplugged or 'ip link set can0 up type can bitrate 250000' not run
19:31:16 WARNING canlink    CAN open failed: interface can0 not present -- adapter unplugged or 'ip link set can0 up type can bitrate 250000' not run
19:31:46 WARNING canlink    CAN open failed: interface can0 not present -- adapter unplugged or 'ip link set can0 up type can bitrate 250000' not run
19:32:16 WARNING canlink    CAN open failed: interface can0 not present -- adapter unplugged or 'ip link set can0 up type can bitrate 250000' not run
19:32:46 WARNING canlink    CAN open failed: interface can0 not present -- adapter unplugged or 'ip link set can0 up type can bitrate 250000' not run
19:33:16 WARNING canlink    CAN open failed: interface can0 not present -- adapter unplugged or 'ip link set can0 up type can bitrate 250000' not run
19:33:46 WARNING canlink    CAN open failed: interface can0 not present -- adapter unplugged or 'ip link set can0 up type can bitrate 250000' not run
19:34:16 WARNING canlink    CAN open failed: interface can0 not present -- adapter unplugged or 'ip link set can0 up type can bitrate 250000' not run
19:34:46 WARNING canlink    CAN open failed: interface can0 not present -- adapter unplugged or 'ip link set can0 up type can bitrate 250000' not run
19:35:16 WARNING canlink    CAN open failed: interface can0 not present -- adapter unplugged or 'ip link set can0 up type can bitrate 250000' not run
19:35:46 WARNING canlink    CAN open failed: interface can0 not present -- adapter unplugged or 'ip link set can0 up type can bitrate 250000' not run
19:36:16 WARNING canlink    CAN open failed: interface can0 not present -- adapter unplugged or 'ip link set can0 up type can bitrate 250000' not run
19:36:46 WARNING canlink    CAN open failed: interface can0 not present -- adapter unplugged or 'ip link set can0 up type can bitrate 250000' not run
19:37:16 WARNING canlink    CAN open failed: interface can0 not present -- adapter unplugged or 'ip link set can0 up type can bitrate 250000' not run
19:37:46 WARNING canlink    CAN open failed: interface can0 not present -- adapter unplugged or 'ip link set can0 up type can bitrate 250000' not run
19:38:16 WARNING canlink    CAN open failed: interface can0 not present -- adapter unplugged or 'ip link set can0 up type can bitrate 250000' not run
19:38:46 WARNING canlink    CAN open failed: interface can0 not present -- adapter unplugged or 'ip link set can0 up type can bitrate 250000' not run
19:39:16 WARNING canlink    CAN open failed: interface can0 not present -- adapter unplugged or 'ip link set can0 up type can bitrate 250000' not run
19:39:46 WARNING canlink    CAN open failed: interface can0 not present -- adapter unplugged or 'ip link set can0 up type can bitrate 250000' not run
19:40:16 WARNING canlink    CAN open failed: interface can0 not present -- adapter unplugged or 'ip link set can0 up type can bitrate 250000' not run
19:40:46 WARNING canlink    CAN open failed: interface can0 not present -- adapter unplugged or 'ip link set can0 up type can bitrate 250000' not run
19:41:16 WARNING canlink    CAN open failed: interface can0 not present -- adapter unplugged or 'ip link set can0 up type can bitrate 250000' not run
19:41:46 WARNING canlink    CAN open failed: interface can0 not present -- adapter unplugged or 'ip link set can0 up type can bitrate 250000' not run
19:42:05 INFO    tornado.access 304 GET / (127.0.0.1) 0.63ms
19:42:05 INFO    tornado.access 304 GET /static/js/socket.io.min.js (127.0.0.1) 1.02ms
19:42:05 INFO    tornado.access 304 GET /static/js/compass.js (127.0.0.1) 2.93ms
19:42:05 INFO    tornado.access 304 GET /static/images/RedPortArrowLabeled.png (127.0.0.1) 3.83ms
19:42:05 INFO    tornado.access 304 GET /static/images/GreenStarboardArrowLabeled.png (127.0.0.1) 1.68ms
19:42:05 INFO    tornado.access 304 GET /static/images/boat.png (127.0.0.1) 0.77ms
19:42:05 INFO    tornado.access 101 GET /ws (127.0.0.1) 3.00ms
19:42:05 INFO    tornado.access 304 GET / (127.0.0.1) 0.62ms
19:42:06 INFO    tornado.access 200 GET /static/js/compass.js (127.0.0.1) 8.86ms
19:42:06 INFO    tornado.access 101 GET /ws (127.0.0.1) 4.95ms
19:42:16 WARNING canlink    CAN open failed: interface can0 not present -- adapter unplugged or 'ip link set can0 up type can bitrate 250000' not run
