07:48:46 INFO    can.interfaces.socketcan.socketcan Created a socket
07:48:46 INFO    canlink    CAN bus open: socketcan:can0 @ 250000
07:48:46 INFO    autopilot  Autopilot CSV log initialized at logs/autopilot_log_20260726_074846.csv
07:48:46 INFO    autopilot  Autopilot run thread started.
07:48:46 ERROR   asyncio    Exception in callback Notifier._on_message_available()
handle: <Handle Notifier._on_message_available()>
Traceback (most recent call last):
  File "/usr/lib/python3/dist-packages/can/interfaces/socketcan/socketcan.py", line 623, in capture_message
    cf, ancillary_data, msg_flags, addr = sock.recvmsg(
                                          ~~~~~~~~~~~~^
        constants.CANFD_MTU, RECEIVED_ANCILLARY_BUFFER_SIZE
        ^^^^^^^^^^^^^^^^^^^^^^^^^^^^^^^^^^^^^^^^^^^^^^^^^^^
    )
    ^
OSError: [Errno 100] Network is down

The above exception was the direct cause of the following exception:

Traceback (most recent call last):
  File "/usr/lib/python3.14/asyncio/events.py", line 94, in _run
    self._context.run(self._callback, *self._args)
    ~~~~~~~~~~~~~~~~~^^^^^^^^^^^^^^^^^^^^^^^^^^^^^
  File "/usr/lib/python3/dist-packages/can/notifier.py", line 252, in _on_message_available
    if msg := bus.recv(0):
              ~~~~~~~~^^^
  File "/usr/lib/python3/dist-packages/can/bus.py", line 121, in recv
    msg, already_filtered = self._recv_internal(timeout=time_left)
                            ~~~~~~~~~~~~~~~~~~~^^^^^^^^^^^^^^^^^^^
  File "/usr/lib/python3/dist-packages/can/interfaces/socketcan/socketcan.py", line 836, in _recv_internal
    msg = capture_message(self.socket, get_channel)
  File "/usr/lib/python3/dist-packages/can/interfaces/socketcan/socketcan.py", line 631, in capture_message
    raise can.CanOperationError(
        f"Error receiving: {error.strerror}", error.errno
    ) from error
can.exceptions.CanOperationError: Error receiving: Network is down [Error Code 100]
07:49:14 INFO    autopilot  set heading value to 179.31872873290277.
07:49:15 INFO    autopilot  set heading value to 179.25583289577642.
07:49:15 INFO    autopilot  set heading value to 179.19023183489662.
07:49:15 INFO    autopilot  set heading value to 179.1434447628392.
07:49:15 INFO    autopilot  set heading value to 179.0832779585861.
07:49:16 INFO    autopilot  set heading value to 179.01127124110386.
07:49:16 INFO    autopilot  set heading value to 178.94692742095677.
07:49:16 INFO    autopilot  set heading value to 178.86993418568406.
07:49:16 INFO    autopilot  set heading value to 178.80015499617738.
07:49:17 INFO    autopilot  set heading value to 178.76183914596865.
07:49:17 INFO    autopilot  set heading value to 178.73802927794847.
07:49:17 INFO    autopilot  set heading value to 178.71034335157205.
07:49:17 INFO    autopilot  set heading value to 178.69374402979966.
07:49:18 INFO    autopilot  set heading value to 178.67334997296598.
07:49:18 INFO    autopilot  set heading value to 178.63908101126762.
07:49:18 INFO    autopilot  set heading value to 178.61425226702914.
07:49:18 INFO    autopilot  set heading value to 178.60765395331083.
07:49:19 INFO    autopilot  set heading value to 178.6151599629355.
07:49:19 INFO    autopilot  set heading value to 178.6238897643863.
07:49:19 INFO    autopilot  set heading value to 178.623982279307.
07:49:19 INFO    autopilot  set heading value to 178.61315496052066.
07:49:20 INFO    autopilot  set heading value to 178.6041371534813.
07:49:20 INFO    autopilot  set heading value to 178.61143470100075.
07:49:20 INFO    autopilot  set heading value to 178.62100723100033.
07:49:20 INFO    autopilot  set heading value to 178.61408237692598.
07:49:21 INFO    autopilot  set heading value to 178.60709886352726.
07:49:21 INFO    autopilot  set heading value to 178.60694622308623.
07:49:21 INFO    autopilot  set heading value to 178.60772985881715.
07:49:21 INFO    autopilot  set heading value to 178.6088134690194.
07:49:22 INFO    autopilot  set heading value to 178.6031766236886.
07:49:22 INFO    autopilot  set heading value to 178.60218109838905.
07:49:22 INFO    autopilot  set heading value to 178.6168500876368.
07:49:23 INFO    autopilot  set heading value to 178.6301494504059.
07:49:23 INFO    autopilot  set heading value to 178.63373691088754.
07:49:23 INFO    autopilot  set heading value to 178.64796331187767.
07:49:23 INFO    autopilot  set heading value to 178.6761983921649.
07:49:24 INFO    autopilot  set heading value to 178.70283834245376.
07:49:24 INFO    autopilot  set heading value to 178.73160839049785.
07:49:24 INFO    autopilot  set heading value to 178.7531536081061.
07:49:24 INFO    autopilot  set heading value to 178.76068196873095.
07:49:25 INFO    autopilot  set heading value to 178.74389440383015.
07:49:25 INFO    autopilot  set heading value to 178.7142997245618.
07:49:25 INFO    autopilot  set heading value to 178.6782255778741.
07:49:25 INFO    autopilot  set heading value to 178.65105416831247.
07:49:26 INFO    autopilot  set heading value to 178.6212237605757.
07:49:26 INFO    autopilot  set heading value to 178.57532951312137.
07:49:26 INFO    autopilot  set heading value to 178.53549858505767.
07:49:26 INFO    autopilot  set heading value to 178.50360214627105.
07:49:27 INFO    autopilot  set heading value to 178.4871302873537.
07:49:27 INFO    autopilot  set heading value to 178.48479841402238.
07:49:27 INFO    autopilot  set heading value to 178.4927436467542.
07:49:27 INFO    autopilot  set heading value to 178.50501536617315.
07:49:28 INFO    autopilot  set heading value to 178.52899545974515.
07:49:28 INFO    autopilot  set heading value to 178.56494147905252.
07:49:28 INFO    autopilot  set heading value to 178.59971866544865.
07:49:28 INFO    autopilot  set heading value to 178.62261624493354.
07:49:29 INFO    autopilot  set heading value to 178.63518415249177.
07:49:29 INFO    autopilot  set heading value to 178.64637751355704.
07:49:29 INFO    autopilot  set heading value to 178.6578583090741.
07:49:29 INFO    autopilot  set heading value to 178.6628571410286.
07:49:30 INFO    autopilot  set heading value to 178.64047471635612.
07:49:30 INFO    autopilot  set heading value to 178.61926981553697.
07:49:30 INFO    autopilot  set heading value to 178.61548596544995.
07:49:30 INFO    autopilot  set heading value to 178.62020607954432.
07:49:31 INFO    autopilot  set heading value to 178.6410502731505.
07:49:31 INFO    autopilot  set heading value to 178.66647378763014.
07:49:31 INFO    autopilot  set heading value to 178.67996886010044.
07:49:31 INFO    autopilot  set heading value to 178.69433368551873.
07:49:32 INFO    autopilot  set heading value to 178.69858388245953.
07:49:32 INFO    autopilot  set heading value to 178.6890713227329.
07:49:32 INFO    autopilot  set heading value to 178.6861005437204.
07:49:32 INFO    autopilot  set heading value to 178.6947378417128.
07:49:33 INFO    autopilot  set heading value to 178.70689706215978.
07:49:33 INFO    autopilot  set heading value to 178.730395910028.
07:49:33 INFO    autopilot  set heading value to 178.76960086475367.
07:49:33 INFO    autopilot  set heading value to 178.81104347531593.
07:49:34 INFO    autopilot  set heading value to 178.8535121437038.
07:49:34 INFO    autopilot  set heading value to 178.91125517698143.
07:49:34 INFO    autopilot  set heading value to 178.96654031932988.
07:49:34 INFO    autopilot  set heading value to 179.0248185932232.
07:49:35 INFO    tornado.access 304 GET / (127.0.0.1) 9.06ms
07:49:35 INFO    autopilot  set heading value to 179.07073684579356.
07:49:35 INFO    tornado.access 101 GET /ws (127.0.0.1) 1.37ms
07:49:35 INFO    autopilot  set heading goal to 0.0.
07:49:35 INFO    autopilot  set heading value to 179.08171786520623.
07:49:35 INFO    autopilot  set heading value to 179.08718407568915.
07:49:35 INFO    autopilot  set heading value to 179.12881596201927.
07:49:36 INFO    autopilot  set heading value to 179.18598642372405.
07:49:36 INFO    autopilot  set heading value to 179.24191029906882.
07:49:36 INFO    autopilot  set heading value to 179.29716350636133.
07:49:36 INFO    autopilot  set heading value to 179.35473272477705.
07:49:37 INFO    autopilot  set heading value to 179.3994275913372.
07:49:37 INFO    autopilot  set heading value to 179.4248906603747.
07:49:37 INFO    autopilot  set heading value to 179.44372202050482.
07:49:38 INFO    autopilot  set heading value to 179.45345078960665.
07:49:38 INFO    autopilot  set heading value to 179.45043425992165.
07:49:38 INFO    autopilot  set heading value to 179.4276580125458.
07:49:38 INFO    autopilot  set heading value to 179.40284632927626.
07:49:39 INFO    autopilot  set heading value to 179.40141993366555.
07:49:39 INFO    autopilot  set heading value to 179.41662352628734.
07:49:39 INFO    autopilot  set heading value to 179.44169797245667.
07:49:39 INFO    autopilot  set heading value to 179.47466450769943.
07:49:40 INFO    autopilot  set heading value to 179.5057809392484.
07:49:40 INFO    autopilot  set heading value to 179.53887828433676.
07:49:40 INFO    autopilot  set heading value to 179.5670595338397.
07:49:40 INFO    autopilot  set heading value to 179.58806022878386.
07:49:41 INFO    autopilot  set heading value to 179.6102711601053.
07:49:41 INFO    autopilot  set heading value to 179.62835308665532.
07:49:41 INFO    autopilot  set heading value to 179.6336305665918.
07:49:41 INFO    autopilot  set heading value to 179.65968424774266.
07:49:42 INFO    autopilot  set heading value to 179.72058271586266.
07:49:42 INFO    autopilot  set heading value to 179.78644980479947.
07:49:42 INFO    autopilot  set heading value to 179.84988160130155.
07:49:42 INFO    autopilot  set heading value to 179.89558431343264.
07:49:43 INFO    autopilot  set heading value to 179.95229577855812.
07:49:43 INFO    autopilot  set heading value to 180.01264652022684.
07:49:43 INFO    autopilot  set heading value to 180.06169670631314.
07:49:43 INFO    autopilot  set heading value to 180.121047193016.
07:49:44 INFO    autopilot  set heading value to 180.19832951210248.
07:49:44 INFO    autopilot  set heading value to 180.26680266185645.
07:49:44 INFO    autopilot  set heading value to 180.31181885885678.
07:49:44 INFO    autopilot  set heading value to 180.33325337644337.
07:49:45 INFO    autopilot  set heading value to 180.35295587047966.
07:49:45 INFO    autopilot  set heading value to 180.37568121653618.
07:49:45 INFO    autopilot  set heading value to 180.39897271899258.
07:49:45 INFO    autopilot  set heading value to 180.40685835252705.
07:49:46 INFO    autopilot  set heading value to 180.39440510523016.
07:49:46 INFO    autopilot  set heading value to 180.34708577032356.
07:49:46 INFO    autopilot  set heading value to 180.28375891980673.
07:49:46 INFO    autopilot  set heading value to 180.2367965094333.
07:49:47 INFO    autopilot  set heading value to 180.19738610030095.
07:49:47 INFO    autopilot  set heading value to 180.1687999047859.
07:49:47 INFO    autopilot  set heading value to 180.15807255128246.
07:49:47 INFO    autopilot  set heading value to 180.15449878322644.
07:49:48 INFO    autopilot  set heading goal to 27.330995020501966.
07:49:48 INFO    autopilot  set heading goal to 27.330995020501966.
07:49:48 INFO    autopilot  set heading value to 180.1628566886912.
07:49:48 INFO    autopilot  set heading value to 180.19118345006214.
07:49:48 INFO    autopilot  set heading value to 180.23400758311496.
07:49:49 INFO    autopilot  set heading value to 180.26653904935185.
07:49:49 INFO    autopilot  set heading value to 180.28373947420687.
07:49:49 INFO    autopilot  set heading value to 180.30040408663422.
07:49:49 INFO    autopilot  set heading value to 180.32598048764618.
07:49:50 INFO    autopilot  set heading value to 180.35946309097676.
07:49:50 INFO    autopilot  set heading value to 180.38859684081885.
07:49:50 INFO    autopilot  set heading value to 180.40114504410238.
07:49:50 INFO    autopilot  set heading value to 180.39975339937317.
07:49:51 INFO    autopilot  set heading value to 180.38892735335736.
07:49:51 INFO    autopilot  set heading value to 180.38466413045205.
07:49:51 INFO    autopilot  set heading value to 180.39922927948896.
07:49:51 INFO    autopilot  set heading value to 180.4232640304347.
07:49:52 INFO    autopilot  set heading value to 180.43408085773805.
07:49:52 INFO    autopilot  set heading value to 180.42712675644722.
07:49:52 INFO    autopilot  set heading value to 180.43898067914222.
07:49:52 INFO    autopilot  set heading value to 180.46615701216223.
07:49:53 INFO    autopilot  set heading value to 180.50625143884545.
07:49:53 INFO    autopilot  set heading value to 180.54861604296062.
07:49:53 INFO    autopilot  set heading value to 180.59176097607377.
07:49:53 INFO    autopilot  set heading value to 180.642214768011.
07:49:54 INFO    autopilot  set heading value to 180.68382784447897.
07:49:54 INFO    autopilot  set heading value to 180.70838429109617.
07:49:54 INFO    autopilot  set heading value to 180.72778481818452.
07:49:54 INFO    autopilot  set heading value to 180.74787905043834.
07:49:55 INFO    autopilot  set heading value to 180.76543400489228.
07:49:55 INFO    autopilot  set heading value to 180.7941639479777.
07:49:55 INFO    autopilot  set heading value to 180.82732583813296.
07:49:55 INFO    autopilot  set heading value to 180.8546660640529.
07:49:56 INFO    autopilot  set heading value to 180.87921730831968.
07:49:56 INFO    autopilot  set heading value to 180.90421801693262.
07:49:56 INFO    autopilot  set heading value to 180.92341265276607.
07:49:56 INFO    autopilot  set heading value to 180.93587595023388.
07:49:57 INFO    autopilot  set heading value to 180.94082466909902.
07:49:57 INFO    autopilot  set heading value to 180.93974015521025.
07:49:57 INFO    autopilot  set heading value to 180.94417973583248.
07:49:57 INFO    autopilot  set heading value to 180.94564382245818.
07:49:58 INFO    autopilot  set heading value to 180.93798904873566.
07:49:58 INFO    autopilot  set heading goal to 180.93798904873566.
07:49:58 INFO    autopilot  set heading value to 180.9292642754621.
07:49:58 INFO    autopilot  set heading value to 180.9263758761254.
07:49:58 INFO    CAN        Sent CAN steering goal: 1425.4°  f0bf158045ffffff
07:49:59 INFO    autopilot  set heading value to 180.94620119090897.
07:49:59 INFO    autopilot  set heading value to 180.96769620316482.
07:49:59 INFO    autopilot  set heading value to 180.99073145585425.
07:49:59 INFO    autopilot  set heading value to 181.01223570329034.
07:50:00 INFO    CAN        Sent CAN steering goal: 1422.4°  6cb4158045ffffff
07:50:00 INFO    autopilot  set heading value to 181.01482939541944.
07:50:00 INFO    autopilot  set heading value to 181.00936330180716.
07:50:00 INFO    autopilot  set heading value to 180.99994386758817.
07:50:00 INFO    autopilot  set heading value to 180.98475505040642.
07:50:01 INFO    autopilot  set heading value to 180.9869211870201.
07:50:01 INFO    autopilot  set heading value to 180.99598917185565.
07:50:01 INFO    autopilot  set heading value to 181.00143380663062.
07:50:01 INFO    autopilot  set heading value to 181.01153650526524.
07:50:02 INFO    autopilot  set heading value to 181.02666732189667.
07:50:02 INFO    autopilot  set heading value to 181.0335341339701.
07:50:02 INFO    autopilot  set heading value to 181.0436258708858.
07:50:02 INFO    autopilot  set heading value to 181.05282347671857.
07:50:03 INFO    autopilot  set heading value to 181.05409424177748.
07:50:03 INFO    autopilot  set heading value to 181.05046678065636.
07:50:03 INFO    autopilot  set heading value to 181.03818178405328.
07:50:03 INFO    autopilot  set heading value to 181.0160732598826.
07:50:04 INFO    autopilot  set heading value to 180.99044401974578.
07:50:04 INFO    autopilot  set heading value to 180.97090796108185.
07:50:04 INFO    autopilot  set heading value to 180.95136616213108.
07:50:04 INFO    autopilot  set heading value to 180.93345703759744.
07:50:05 INFO    autopilot  set heading value to 180.91428208867796.
07:50:05 INFO    autopilot  set heading value to 180.89027229035966.
07:50:05 INFO    autopilot  set heading value to 180.87399995019464.
07:50:05 INFO    autopilot  set heading value to 180.85637226992984.
07:50:06 INFO    autopilot  set heading value to 180.85069877864194.
07:50:06 INFO    autopilot  set heading value to 180.86383448521488.
07:50:06 INFO    autopilot  set heading value to 180.86775164461523.
07:50:06 INFO    autopilot  set heading value to 180.85582355368228.
07:50:07 INFO    autopilot  set heading value to 180.83820933696109.
07:50:07 INFO    autopilot  set heading value to 180.8117746903589.
07:50:07 INFO    autopilot  set heading value to 180.7734796707119.
07:50:07 INFO    autopilot  set heading value to 180.73849908274474.
07:50:08 INFO    autopilot  set heading value to 180.7161141566253.
07:50:08 INFO    autopilot  set heading value to 180.7119388314121.
07:50:08 INFO    autopilot  set heading value to 180.6903893879221.
07:50:08 INFO    autopilot  set heading value to 180.66822682152198.
07:50:09 INFO    autopilot  set heading value to 180.65062274908334.
07:50:09 INFO    autopilot  set heading value to 180.63904437549937.
07:50:09 INFO    autopilot  set heading value to 180.63496042384247.
07:50:10 INFO    autopilot  set heading value to 180.63142063436453.
07:50:10 INFO    autopilot  set heading value to 180.61099736727886.
07:50:10 INFO    autopilot  set heading value to 180.57633922925865.
07:50:10 INFO    autopilot  set heading value to 180.52605205129365.
07:50:11 INFO    autopilot  set heading value to 180.45575878101712.
07:50:11 INFO    autopilot  set heading value to 180.38574857785366.
07:50:11 INFO    autopilot  set heading value to 180.34567489787312.
07:50:11 INFO    autopilot  set heading value to 180.30445059557667.
07:50:12 INFO    autopilot  set heading value to 180.2644641138549.
07:50:12 INFO    autopilot  set heading value to 180.24241690426626.
07:50:12 INFO    autopilot  set heading value to 180.2264123508118.
07:50:12 INFO    autopilot  set heading value to 180.19917806723151.
07:50:13 INFO    autopilot  set heading value to 180.17264008556913.
07:50:13 INFO    autopilot  set heading value to 180.15143430739792.
07:50:13 INFO    autopilot  set heading value to 180.12418394804445.
07:50:13 INFO    autopilot  set heading value to 180.08613770604822.
07:50:14 INFO    autopilot  set heading value to 180.04950011836584.
07:50:14 INFO    autopilot  set heading value to 180.03198329966796.
07:50:14 INFO    autopilot  set heading value to 180.0342852534164.
07:50:14 INFO    autopilot  set heading value to 180.03874682587062.
07:50:15 INFO    autopilot  set heading value to 180.04573598246472.
07:50:15 INFO    autopilot  set heading value to 180.04333029717927.
07:50:15 INFO    autopilot  set heading value to 180.0396688473654.
07:50:15 INFO    autopilot  set heading value to 180.05638973036938.
07:50:16 INFO    autopilot  set heading value to 180.08490194174678.
07:50:16 INFO    autopilot  set heading value to 180.1110183913871.
07:50:16 INFO    autopilot  set heading value to 180.1363240837968.
07:50:16 INFO    autopilot  set heading value to 180.16263550129324.
07:50:17 INFO    autopilot  set heading value to 180.1970149321062.
07:50:17 INFO    autopilot  set heading value to 180.23435406522.
07:50:17 INFO    autopilot  set heading value to 180.26397453703893.
07:50:17 INFO    autopilot  set heading value to 180.30633059991015.
07:50:18 INFO    autopilot  set heading value to 180.34271635484438.
07:50:18 INFO    autopilot  set heading value to 180.35589140495148.
07:50:18 INFO    autopilot  set heading value to 180.36447078228625.
07:50:18 INFO    autopilot  set heading value to 180.37648750366606.
07:50:19 INFO    autopilot  set heading value to 180.3906949498539.
07:50:19 INFO    autopilot  set heading value to 180.40557886721876.
07:50:19 INFO    tornado.access 304 GET / (127.0.0.1) 3.15ms
07:50:19 INFO    tornado.access 101 GET /ws (127.0.0.1) 1.13ms
07:50:19 INFO    autopilot  set heading goal to 0.0.
07:50:19 INFO    autopilot  set heading value to 180.40400000378625.
07:50:19 INFO    autopilot  set heading value to 180.41614876494833.
07:50:20 INFO    autopilot  set heading value to 180.42991628585168.
07:50:20 INFO    autopilot  set heading value to 180.43372523668862.
07:50:20 INFO    CAN        Sent CAN steering goal: 2950.0°  70032d8045ffffff
07:50:20 INFO    autopilot  set heading value to 180.4394996739493.
07:50:20 INFO    autopilot  set heading value to 180.44671712746356.
07:50:21 INFO    autopilot  set heading value to 180.47586983648154.
07:50:21 INFO    autopilot  set heading value to 180.5172018855712.
07:50:21 INFO    CAN        Sent CAN steering goal: 2950.0°  70032d8045ffffff
07:50:21 INFO    autopilot  set heading value to 180.55410516324824.
07:50:22 INFO    autopilot  set heading value to 180.60160069263242.
07:50:22 INFO    autopilot  set heading value to 180.6625497317534.
07:50:22 INFO    autopilot  set heading value to 180.71576089656014.
07:50:22 INFO    autopilot  set heading value to 180.75506908659554.
07:50:23 INFO    autopilot  set heading value to 180.7850575604616.
07:50:23 INFO    autopilot  set heading value to 180.8047592062748.
07:50:23 INFO    autopilot  set heading value to 180.81255379239857.
07:50:23 INFO    autopilot  set heading value to 180.8318211181222.
07:50:24 INFO    autopilot  set heading value to 180.86165625844598.
07:50:24 INFO    autopilot  set heading value to 180.89088705444436.
07:50:24 INFO    autopilot  set heading value to 180.90788714778003.
07:50:24 INFO    autopilot  set heading value to 180.90924898253363.
07:50:25 INFO    autopilot  set heading value to 180.91004182222497.
07:50:25 INFO    autopilot  set heading value to 180.91808600992903.
07:50:25 INFO    autopilot  set heading value to 180.92758610057817.
07:50:25 INFO    autopilot  set heading value to 180.92712746560525.
07:50:26 INFO    autopilot  set heading value to 180.91667819311346.
07:50:26 INFO    autopilot  set heading value to 180.90102892730872.
07:50:26 INFO    autopilot  set heading value to 180.8897154600967.
07:50:26 INFO    autopilot  set heading value to 180.89452058970127.
07:50:27 INFO    autopilot  set heading value to 180.90393889174726.
07:50:27 INFO    autopilot  set heading value to 180.90628411294816.
07:50:27 INFO    autopilot  set heading value to 180.9053623623479.
07:50:27 INFO    autopilot  set heading value to 180.9116287166025.
07:50:28 INFO    autopilot  set heading value to 180.9156332290314.
07:50:28 INFO    autopilot  set heading value to 180.91540844284867.
07:50:28 INFO    autopilot  set heading value to 180.90621239513462.
07:50:28 INFO    autopilot  set heading value to 180.8830939830511.
07:50:29 INFO    autopilot  set heading value to 180.85163805670115.
07:50:29 INFO    autopilot  set heading value to 180.81472867652914.
07:50:29 INFO    autopilot  set heading value to 180.773472445387.
07:50:29 INFO    autopilot  set heading value to 180.7492432509144.
07:50:30 INFO    autopilot  set heading value to 180.7538161025896.
07:50:30 INFO    autopilot  set heading value to 180.76413221035745.
07:50:30 INFO    autopilot  set heading value to 180.77713140293642.
07:50:30 INFO    autopilot  set heading value to 180.78278332556297.
07:50:31 INFO    autopilot  set heading value to 180.78889464762523.
07:50:31 INFO    autopilot  set heading value to 180.78623751052973.
07:50:31 INFO    autopilot  set heading value to 180.77658798699173.
07:50:32 INFO    autopilot  set heading value to 180.76725303219985.
07:50:32 INFO    autopilot  set heading value to 180.75162130129436.
07:50:32 INFO    autopilot  set heading value to 180.7423143153253.
07:50:32 INFO    autopilot  set heading value to 180.7356284621076.
07:50:33 INFO    autopilot  set heading value to 180.73276709328164.
07:50:33 INFO    autopilot  set heading value to 180.7400080414557.
07:50:33 INFO    autopilot  set heading value to 180.74700412708717.
07:50:33 INFO    autopilot  set heading value to 180.74988550172327.
07:50:34 INFO    autopilot  set heading value to 180.75317508201.
07:50:34 INFO    autopilot  set heading value to 180.75582583177825.
07:50:34 INFO    autopilot  set heading value to 180.74763840540948.
07:50:34 INFO    autopilot  set heading value to 180.71819798409737.
07:50:35 INFO    autopilot  set heading value to 180.68586064273438.
07:50:35 INFO    autopilot  set heading value to 180.6633502229709.
07:50:35 INFO    autopilot  set heading value to 180.62210939178783.
07:50:35 INFO    autopilot  set heading value to 180.55849798494788.
07:50:36 INFO    autopilot  set heading value to 180.49174260941933.
07:50:36 INFO    autopilot  set heading value to 180.43348423769118.
07:50:36 INFO    autopilot  set heading value to 180.38805693611675.
07:50:36 INFO    autopilot  set heading value to 180.34726575131037.
07:50:37 INFO    autopilot  set heading value to 180.3250841017606.
07:50:37 INFO    autopilot  set heading value to 180.30569186189578.
07:50:37 INFO    autopilot  set heading value to 180.2915543113014.
07:50:37 INFO    autopilot  set heading value to 180.28413752463933.
07:50:38 INFO    autopilot  set heading value to 180.262102747728.
07:50:38 INFO    autopilot  set heading value to 180.24063649066147.
07:50:38 INFO    autopilot  set heading value to 180.2360855258813.
07:50:38 INFO    autopilot  set heading value to 180.23774682642707.
07:50:39 INFO    autopilot  set heading value to 180.24109857302267.
07:50:39 INFO    autopilot  set heading value to 180.2372931577936.
07:50:39 INFO    autopilot  set heading value to 180.22735102984456.
07:50:39 INFO    autopilot  set heading value to 180.2231416247557.
07:50:40 INFO    autopilot  set heading value to 180.2280836373437.
07:50:40 INFO    autopilot  set heading value to 180.2194991938858.
07:50:40 INFO    autopilot  set heading value to 180.2011077410165.
07:50:40 INFO    autopilot  set heading value to 180.19147983670987.
07:50:41 INFO    autopilot  set heading value to 180.19233445586624.
07:50:41 INFO    autopilot  set heading value to 180.19907366959538.
07:50:41 INFO    autopilot  set heading value to 180.19559851355382.
07:50:42 INFO    autopilot  set heading value to 180.1861708090695.
07:50:42 INFO    autopilot  set heading value to 180.17256871375568.
07:50:42 INFO    autopilot  set heading value to 180.1573086273516.
07:50:42 INFO    autopilot  set heading value to 180.13760576467837.
07:50:43 INFO    autopilot  set heading value to 180.1202195422822.
07:50:43 INFO    autopilot  set heading value to 180.1084589903114.
07:50:43 INFO    autopilot  set heading value to 180.0923234460151.
07:50:43 INFO    autopilot  set heading value to 180.08089656543063.
07:50:44 INFO    autopilot  set heading value to 180.0765960431367.
07:50:44 INFO    autopilot  set heading value to 180.07552744303408.
07:50:44 INFO    autopilot  set heading value to 180.08238822709464.
07:50:44 INFO    autopilot  set heading value to 180.0805240826532.
07:50:45 INFO    autopilot  set heading value to 180.06502164102028.
07:50:45 INFO    autopilot  set heading value to 180.075181484149.
07:50:45 INFO    autopilot  set heading value to 180.1012851062504.
07:50:45 INFO    autopilot  set heading value to 180.14476462470728.
07:50:46 INFO    autopilot  set heading value to 180.19839755580645.
07:50:46 INFO    autopilot  set heading value to 180.23805498174804.
07:50:46 INFO    autopilot  set heading value to 180.25169121471845.
07:50:46 INFO    autopilot  set heading value to 180.25032139166083.
07:50:47 INFO    autopilot  set heading value to 180.2415680779609.
07:50:47 INFO    autopilot  set heading value to 180.22958154404682.
07:50:47 INFO    autopilot  set heading value to 180.22912570523025.
07:50:47 INFO    autopilot  set heading value to 180.22640305265847.
07:50:48 INFO    autopilot  set heading value to 180.22289739665197.
07:50:48 INFO    autopilot  set heading value to 180.22547263456266.
07:50:48 INFO    autopilot  set heading value to 180.22558394870637.
07:50:48 INFO    autopilot  set heading value to 180.2219185410096.
07:50:49 INFO    autopilot  set heading value to 180.21891019321163.
07:50:49 INFO    autopilot  set heading value to 180.22483108859572.
07:50:49 INFO    autopilot  set heading value to 180.2338908163477.
07:50:49 INFO    autopilot  set heading value to 180.25243993397896.
07:50:50 INFO    autopilot  set heading value to 180.27798874075333.
07:50:50 INFO    autopilot  set heading value to 180.2994309782207.
07:50:50 INFO    autopilot  set heading value to 180.3187017357703.
07:50:50 INFO    autopilot  set heading value to 180.33946606124357.
07:50:51 INFO    autopilot  set heading value to 180.36718928360636.
07:50:51 INFO    autopilot  set heading value to 180.38276695501997.
07:50:51 INFO    autopilot  set heading value to 180.3917278660019.
07:50:51 INFO    autopilot  set heading value to 180.39782432159495.
07:50:52 INFO    autopilot  set heading value to 180.40233835817284.
07:50:52 INFO    autopilot  set heading value to 180.4098099582252.
07:50:52 INFO    autopilot  set heading value to 180.42453383008035.
07:50:53 INFO    autopilot  set heading value to 180.44942928805042.
07:50:53 INFO    autopilot  set heading value to 180.45493637655468.
07:50:53 INFO    autopilot  set heading value to 180.44564336584364.
07:50:53 INFO    autopilot  set heading value to 180.43814539761988.
07:50:54 INFO    autopilot  set heading value to 180.4336449298547.
07:50:54 INFO    autopilot  set heading value to 180.43160889939188.
07:50:54 INFO    autopilot  set heading value to 180.43761800178783.
07:50:54 INFO    autopilot  set heading value to 180.45549095638373.
07:50:55 INFO    autopilot  set heading value to 180.4669565506995.
07:50:55 INFO    autopilot  set heading value to 180.46986375664062.
07:50:55 INFO    autopilot  set heading value to 180.47063490710158.
07:50:55 INFO    autopilot  set heading value to 180.46382430519057.
07:50:56 INFO    autopilot  set heading value to 180.45673574027884.
07:50:56 INFO    autopilot  set heading value to 180.45371329532728.
07:50:56 INFO    autopilot  set heading value to 180.4548203294035.
07:50:56 INFO    autopilot  set heading goal to 359.0.
07:50:56 INFO    autopilot  set heading value to 180.46573234426708.
07:50:56 INFO    autopilot  set heading goal to 358.0.
07:50:57 INFO    autopilot  set heading value to 180.48001537695177.
07:50:57 INFO    autopilot  set heading value to 180.4888931259415.
07:50:57 INFO    autopilot  set heading goal to 359.0.
07:50:57 INFO    autopilot  set heading value to 180.47310131125863.
07:50:57 INFO    autopilot  set heading goal to 0.0.
07:50:57 INFO    autopilot  set heading value to 180.44622512566744.
07:50:58 INFO    autopilot  set heading goal to 1.0.
07:50:58 INFO    autopilot  set heading value to 180.41883205023458.
07:50:58 INFO    autopilot  set heading value to 180.38433834315637.
07:50:58 INFO    autopilot  set heading value to 180.33686500040906.
07:50:58 INFO    autopilot  set heading value to 180.28965277503855.
07:50:59 INFO    autopilot  set heading goal to 0.0.
07:50:59 INFO    autopilot  set heading value to 180.24712520340594.
07:50:59 INFO    autopilot  set heading goal to 359.0.
07:50:59 INFO    autopilot  set heading value to 180.21078844634025.
07:50:59 INFO    autopilot  set heading goal to 358.0.
07:50:59 INFO    autopilot  set heading value to 180.18553302463812.
07:50:59 INFO    autopilot  set heading value to 180.1626614721419.
07:51:00 INFO    autopilot  set heading goal to 357.0.
07:51:00 INFO    autopilot  set heading value to 180.15096181991402.
07:51:00 INFO    autopilot  set heading value to 180.15687161343322.
07:51:00 INFO    autopilot  set heading value to 180.16267583017577.
07:51:00 INFO    autopilot  set heading goal to 356.0.
07:51:00 INFO    autopilot  set heading value to 180.15221501245057.
07:51:01 INFO    autopilot  set heading value to 180.14366496639934.
07:51:01 INFO    autopilot  set heading value to 180.14409337630374.
07:51:01 INFO    autopilot  set heading value to 180.14597771801135.
07:51:01 INFO    autopilot  set heading value to 180.14466048986648.
07:51:02 INFO    autopilot  set heading goal to 355.0.
07:51:02 INFO    autopilot  set heading value to 180.14761397485648.
07:51:02 INFO    autopilot  set heading value to 180.1520662334805.
07:51:02 INFO    autopilot  set heading goal to 354.0.
07:51:02 INFO    autopilot  set heading value to 180.14920133774314.
07:51:02 INFO    autopilot  set heading value to 180.1454804505163.
07:51:03 INFO    autopilot  set heading value to 180.1465546846372.
07:51:03 INFO    autopilot  set heading value to 180.14867436417506.
07:51:03 INFO    autopilot  set heading value to 180.14266092926272.
07:51:04 INFO    autopilot  set heading value to 180.14089375976215.
07:51:04 INFO    autopilot  set heading value to 180.12497278875742.
07:51:04 INFO    autopilot  set heading value to 180.0999131223663.
07:51:04 INFO    autopilot  set heading value to 180.08475316118006.
07:51:05 INFO    autopilot  set heading value to 180.08010140607357.
07:51:05 INFO    autopilot  set heading value to 180.0662303847112.
07:51:05 INFO    autopilot  set heading value to 180.03617997376708.
07:51:05 INFO    autopilot  set heading goal to 353.0.
07:51:05 INFO    autopilot  set heading value to 180.00197668853266.
07:51:06 INFO    autopilot  set heading value to 179.96453589623226.
07:51:06 INFO    autopilot  set heading goal to 352.0.
07:51:06 INFO    autopilot  set heading value to 179.92676400228513.
07:51:06 INFO    autopilot  set heading value to 179.88509988230675.
07:51:06 INFO    autopilot  set heading goal to 351.0.
07:51:06 INFO    autopilot  set heading value to 179.85481798334462.
07:51:07 INFO    autopilot  set heading value to 179.8385425570349.
07:51:07 INFO    autopilot  set heading goal to 352.0.
07:51:07 INFO    autopilot  set heading value to 179.82443859037383.
07:51:07 INFO    autopilot  set heading goal to 353.0.
07:51:07 INFO    autopilot  set heading value to 179.8145290142925.
07:51:07 INFO    autopilot  set heading goal to 354.0.
07:51:07 INFO    autopilot  set heading value to 179.80924640688698.
07:51:08 INFO    autopilot  set heading value to 179.81078724668467.
07:51:08 INFO    autopilot  set heading value to 179.81922254578063.
07:51:08 INFO    autopilot  set heading value to 179.83717250496267.
07:51:08 INFO    autopilot  set heading value to 179.86939580760483.
07:51:09 INFO    autopilot  set heading value to 179.90711611486856.
07:51:09 INFO    autopilot  set heading value to 179.93953238355806.
07:51:09 INFO    autopilot  set heading value to 179.96532624057906.
07:51:09 INFO    autopilot  set heading goal to 179.96532624057906.
07:51:09 INFO    autopilot  set heading value to 179.99964632041133.
07:51:10 INFO    autopilot  set heading value to 180.03024391445632.
07:51:10 INFO    autopilot  set heading value to 180.04248790353256.
07:51:10 INFO    autopilot  set heading value to 180.04133726222727.
07:51:10 INFO    autopilot  set heading value to 180.01949197674966.
07:51:11 INFO    autopilot  set heading value to 179.97212276405565.
07:51:11 INFO    autopilot  set heading value to 179.93470273997977.
07:51:11 INFO    autopilot  set heading value to 179.9091896971978.
07:51:11 INFO    autopilot  set heading value to 179.88324413086136.
07:51:12 INFO    autopilot  set heading value to 179.85957551878735.
07:51:12 INFO    autopilot  set heading value to 179.84193120108213.
07:51:12 INFO    autopilot  set heading value to 179.8405282715889.
07:51:12 INFO    autopilot  set heading value to 179.843781063874.
07:51:13 INFO    autopilot  set heading value to 179.84846285468257.
07:51:13 INFO    autopilot  set heading value to 179.83727151283264.
07:51:13 INFO    autopilot  set heading value to 179.81126774001132.
07:51:13 INFO    autopilot  set heading value to 179.79059024455233.
07:51:14 INFO    autopilot  set heading value to 179.7732290881532.
07:51:14 INFO    autopilot  set heading value to 179.76036385870268.
07:51:14 INFO    autopilot  set heading value to 179.76070291777907.
07:51:15 INFO    autopilot  set heading value to 179.74467793513512.
07:51:15 INFO    autopilot  set heading value to 179.71223289005533.
07:51:15 INFO    autopilot  set heading value to 179.70085794775036.
07:51:15 INFO    autopilot  set heading value to 179.6983181066832.
07:51:16 INFO    autopilot  set heading value to 179.70650862144777.
07:51:16 INFO    autopilot  set heading value to 179.72390225245746.
07:51:16 INFO    autopilot  set heading value to 179.74423079155997.
07:51:16 INFO    autopilot  set heading value to 179.7787738910302.
07:51:17 INFO    autopilot  set heading value to 179.80414557251035.
07:51:17 INFO    autopilot  set heading value to 179.8002490548048.
07:51:17 INFO    autopilot  set heading value to 179.776505359493.
07:51:17 INFO    autopilot  set heading value to 179.74672515215133.
07:51:18 INFO    autopilot  set heading value to 179.71327422478876.
07:51:18 INFO    autopilot  set heading value to 179.69076295016524.
07:51:18 INFO    autopilot  set heading value to 179.67326415289125.
07:51:18 INFO    autopilot  set heading value to 179.65153878644094.
07:51:19 INFO    autopilot  set heading value to 179.63595764000982.
07:51:19 INFO    autopilot  set heading value to 179.63127306440376.
07:51:19 INFO    autopilot  set heading value to 179.63348973645085.
07:51:19 INFO    autopilot  set heading value to 179.6493730843032.
07:51:20 INFO    autopilot  set heading value to 179.6798300374548.
07:51:20 INFO    autopilot  set heading value to 179.70397293840543.
07:51:20 INFO    autopilot  set heading value to 179.72170832859274.
07:51:20 INFO    autopilot  set heading value to 179.72490507577822.
07:51:21 INFO    autopilot  set heading value to 179.71100012567962.
07:51:21 INFO    autopilot  set heading value to 179.6908918945101.
07:51:21 INFO    autopilot  set heading value to 179.66841754510247.
07:51:21 INFO    autopilot  set heading value to 179.64915860778328.
07:51:22 INFO    autopilot  set heading value to 179.61883948789642.
07:51:22 INFO    autopilot  set heading value to 179.6016404498832.
07:51:22 INFO    autopilot  set heading value to 179.6294291026341.
07:51:22 INFO    autopilot  set heading value to 179.6806561650071.
07:51:23 INFO    autopilot  set heading value to 179.70924411175028.
07:51:23 INFO    autopilot  set heading value to 179.72794920983162.
07:51:23 INFO    autopilot  set heading value to 179.72697246755536.
07:51:23 INFO    autopilot  set heading value to 179.73521175995768.
07:51:24 INFO    autopilot  set heading value to 179.74498860678466.
07:51:25 INFO    autopilot  set heading value to 179.75808703251215.
07:51:25 INFO    autopilot  set heading value to 179.77699123837064.
07:51:25 INFO    autopilot  set heading value to 179.7898425825415.
07:51:25 INFO    autopilot  set heading value to 179.8173006467573.
07:51:26 INFO    autopilot  set heading value to 179.83556689849223.
07:51:26 INFO    autopilot  set heading value to 179.82404585741423.
07:51:26 INFO    autopilot  set heading value to 179.79527675007546.
07:51:27 INFO    autopilot  set heading goal to 179.79527675007546.
07:51:27 INFO    autopilot  set heading value to 179.76340207082006.
07:51:27 INFO    CAN        Sent CAN steering goal: 1485.6°  3aab168045ffffff
07:51:27 INFO    autopilot  set heading value to 179.7528749571013.
07:51:27 INFO    autopilot  set heading value to 179.72819994173523.
07:51:27 INFO    autopilot  set heading value to 179.6826943696402.
07:51:28 INFO    autopilot  set heading value to 179.64593755176173.
07:51:28 INFO    CAN        Sent CAN steering goal: 1489.9°  f6bb168045ffffff
07:51:28 INFO    autopilot  set heading value to 179.60875000132745.
07:51:28 INFO    autopilot  set heading value to 179.57887374204023.
07:51:28 INFO    autopilot  set heading value to 179.5631320458262.
07:51:29 INFO    autopilot  set heading value to 179.56812911351864.
07:51:29 INFO    autopilot  set heading value to 179.57192082609947.
07:51:29 INFO    autopilot  set heading value to 179.55106738678188.
07:51:29 INFO    autopilot  set heading value to 179.5186136949706.
07:51:30 INFO    autopilot  set heading value to 179.50063908140123.
07:51:30 INFO    autopilot  set heading value to 179.4932964131782.
07:51:30 INFO    autopilot  set heading value to 179.48774771470713.
07:51:32 INFO    autopilot  set heading value to 179.44701141461888.
07:51:48 INFO    autopilot  Autopilot CSV log closed.
07:51:48 INFO    autopilot  Autopilot stopped.
07:51:48 INFO    CAN        Servo disabled
07:51:48 INFO    CAN        Sent CAN steering goal: 1489.9°  f6bb168000000000
