07:16:00 INFO    can.interfaces.socketcan.socketcan Created a socket
07:16:00 INFO    canlink    CAN bus open: socketcan:can0 @ 250000
07:16:00 INFO    autopilot  Autopilot CSV log initialized at logs/autopilot_log_20260726_071600.csv
07:16:00 INFO    autopilot  Autopilot run thread started.
07:16:00 ERROR   asyncio    Exception in callback Notifier._on_message_available()
handle: <Handle Notifier._on_message_available()>
Traceback (most recent call last):
  File "/usr/lib/python3/dist-packages/can/interfaces/socketcan/socketcan.py", line 623, in capture_message
    cf, ancillary_data, msg_flags, addr = sock.recvmsg(
                                          ~~~~~~~~~~~~^
        constants.CANFD_MTU, RECEIVED_ANCILLARY_BUFFER_SIZE
        ^^^^^^^^^^^^^^^^^^^^^^^^^^^^^^^^^^^^^^^^^^^^^^^^^^^
    )
    ^
OSError: [Errno 100] Network is down

The above exception was the direct cause of the following exception:

Traceback (most recent call last):
  File "/usr/lib/python3.14/asyncio/events.py", line 94, in _run
    self._context.run(self._callback, *self._args)
    ~~~~~~~~~~~~~~~~~^^^^^^^^^^^^^^^^^^^^^^^^^^^^^
  File "/usr/lib/python3/dist-packages/can/notifier.py", line 252, in _on_message_available
    if msg := bus.recv(0):
              ~~~~~~~~^^^
  File "/usr/lib/python3/dist-packages/can/bus.py", line 121, in recv
    msg, already_filtered = self._recv_internal(timeout=time_left)
                            ~~~~~~~~~~~~~~~~~~~^^^^^^^^^^^^^^^^^^^
  File "/usr/lib/python3/dist-packages/can/interfaces/socketcan/socketcan.py", line 836, in _recv_internal
    msg = capture_message(self.socket, get_channel)
  File "/usr/lib/python3/dist-packages/can/interfaces/socketcan/socketcan.py", line 631, in capture_message
    raise can.CanOperationError(
        f"Error receiving: {error.strerror}", error.errno
    ) from error
can.exceptions.CanOperationError: Error receiving: Network is down [Error Code 100]
07:24:27 INFO    autopilot  set heading value to 178.28740383054443.
07:24:27 INFO    autopilot  set heading value to 178.28740383054443.
07:24:28 INFO    autopilot  set heading value to 178.27872315888789.
07:24:28 INFO    autopilot  set heading value to 178.26297385569117.
07:24:28 INFO    autopilot  set heading value to 178.26265474928945.
07:24:28 INFO    autopilot  set heading value to 178.2763643060124.
07:24:29 INFO    autopilot  set heading value to 178.28897118207072.
07:24:29 INFO    autopilot  set heading value to 178.3105804451433.
07:24:29 INFO    autopilot  set heading value to 178.34834998289293.
07:24:29 INFO    autopilot  set heading value to 178.38525117280292.
07:24:30 INFO    autopilot  set heading value to 178.43238538570733.
07:24:30 INFO    autopilot  set heading value to 178.47538712715536.
07:24:30 INFO    autopilot  set heading value to 178.5023377382896.
07:24:30 INFO    autopilot  set heading value to 178.51924468482716.
07:24:31 INFO    autopilot  set heading value to 178.53493756686936.
07:24:31 INFO    autopilot  set heading value to 178.55812226821965.
07:24:31 INFO    autopilot  set heading value to 178.5823095225531.
07:24:31 INFO    autopilot  set heading value to 178.62145233227986.
07:24:32 INFO    autopilot  set heading value to 178.67018601242563.
07:24:32 INFO    autopilot  set heading value to 178.70413276294101.
07:24:32 INFO    autopilot  set heading value to 178.7268533648672.
07:24:32 INFO    autopilot  set heading value to 178.7435406983754.
07:24:33 INFO    autopilot  set heading value to 178.74602431125646.
07:24:33 INFO    autopilot  set heading value to 178.73633802369287.
07:24:33 INFO    autopilot  set heading value to 178.73924553270632.
07:24:33 INFO    autopilot  set heading value to 178.72957696424743.
07:24:34 INFO    autopilot  set heading value to 178.70628824386674.
07:24:34 INFO    autopilot  set heading value to 178.68763347379848.
07:24:34 INFO    autopilot  set heading value to 178.69276981595206.
07:24:34 INFO    autopilot  set heading value to 178.6888448987571.
07:24:35 INFO    autopilot  set heading value to 178.67345252269058.
07:24:35 INFO    autopilot  set heading value to 178.65176448360754.
07:24:35 INFO    autopilot  set heading value to 178.61557760257958.
07:24:35 INFO    autopilot  set heading value to 178.589845607713.
07:24:36 INFO    autopilot  set heading value to 178.57345355959154.
07:24:36 INFO    autopilot  set heading value to 178.55874796354558.
07:24:36 INFO    autopilot  set heading value to 178.55005409558638.
07:24:36 INFO    autopilot  set heading value to 178.55787741723154.
07:24:37 INFO    autopilot  set heading value to 178.57424354486997.
07:24:37 INFO    autopilot  set heading value to 178.58888579203673.
07:24:37 INFO    autopilot  set heading value to 178.5933551069704.
07:24:37 INFO    autopilot  set heading value to 178.58562550131535.
07:24:38 INFO    autopilot  set heading value to 178.56547897044422.
07:24:38 INFO    autopilot  set heading value to 178.54519549876184.
07:24:38 INFO    autopilot  set heading value to 178.53004867411775.
07:24:38 INFO    autopilot  set heading value to 178.5284568473441.
07:24:39 INFO    autopilot  set heading value to 178.52753369213787.
07:24:39 INFO    autopilot  set heading value to 178.5244634063081.
07:24:39 INFO    autopilot  set heading value to 178.51470294940907.
07:24:39 INFO    autopilot  set heading value to 178.49910836353857.
07:24:40 INFO    autopilot  set heading value to 178.48689479996975.
07:24:40 INFO    autopilot  set heading value to 178.4961657692144.
07:24:40 INFO    autopilot  set heading value to 178.52473163555422.
07:24:40 INFO    autopilot  set heading value to 178.56437056069973.
07:24:41 INFO    autopilot  set heading value to 178.60049589747535.
07:24:41 INFO    autopilot  set heading value to 178.63280136362718.
07:24:41 INFO    autopilot  set heading value to 178.66493097046916.
07:24:41 INFO    autopilot  set heading value to 178.68765111672894.
07:24:42 INFO    autopilot  set heading value to 178.70125202715707.
07:24:42 INFO    autopilot  set heading value to 178.71215946149337.
07:24:42 INFO    autopilot  set heading value to 178.74068297709977.
07:24:42 INFO    autopilot  set heading value to 178.76682381104854.
07:24:43 INFO    autopilot  set heading value to 178.78468774832055.
07:24:43 INFO    autopilot  set heading value to 178.79997641989024.
07:24:43 INFO    autopilot  set heading value to 178.80676844806342.
07:24:43 INFO    autopilot  set heading value to 178.81222695929785.
07:24:44 INFO    autopilot  set heading value to 178.81702835585867.
07:24:44 INFO    autopilot  set heading value to 178.80353909426645.
07:24:44 INFO    autopilot  set heading value to 178.77532182705073.
07:24:44 INFO    autopilot  set heading value to 178.74821220304102.
07:24:45 INFO    autopilot  set heading value to 178.71715988414144.
07:24:45 INFO    autopilot  set heading value to 178.69148731308306.
07:24:45 INFO    autopilot  set heading value to 178.67193519071913.
07:24:45 INFO    autopilot  set heading value to 178.6630745339566.
07:24:46 INFO    autopilot  set heading value to 178.66762467979103.
07:24:46 INFO    autopilot  set heading value to 178.68873631039176.
07:24:46 INFO    autopilot  set heading value to 178.73273920632187.
07:24:47 INFO    autopilot  set heading value to 178.79342391564919.
07:24:47 INFO    autopilot  set heading value to 178.84303483936623.
07:24:47 INFO    autopilot  set heading value to 178.88055816177751.
07:24:47 INFO    autopilot  set heading value to 178.9146178513927.
07:24:48 INFO    autopilot  set heading value to 178.94468474981042.
07:24:48 INFO    autopilot  set heading value to 178.96075656251332.
07:24:48 INFO    autopilot  set heading value to 178.9589751370288.
07:24:48 INFO    autopilot  set heading value to 178.94332877314855.
07:24:49 INFO    autopilot  set heading value to 178.9308645444507.
07:24:49 INFO    autopilot  set heading value to 178.93262921529953.
07:24:49 INFO    autopilot  set heading value to 178.9286195284857.
07:24:49 INFO    autopilot  set heading value to 178.92777555120023.
07:24:50 INFO    autopilot  set heading value to 178.93159373961612.
07:24:50 INFO    autopilot  set heading value to 178.9418092809242.
07:24:50 INFO    autopilot  set heading value to 178.9555249009607.
07:24:50 INFO    autopilot  set heading value to 178.97023107610556.
07:24:51 INFO    autopilot  set heading value to 178.99719351591904.
07:24:51 INFO    autopilot  set heading value to 179.0271427707717.
07:24:51 INFO    autopilot  set heading value to 179.05273042152368.
07:24:51 INFO    autopilot  set heading value to 179.0707715893991.
07:24:52 INFO    autopilot  set heading value to 179.07202087440209.
07:24:52 INFO    autopilot  set heading value to 179.057479437433.
07:24:52 INFO    autopilot  set heading value to 179.04515389469333.
07:24:52 INFO    autopilot  set heading value to 179.04664690586299.
07:24:53 INFO    autopilot  set heading value to 179.06007656549008.
07:24:53 INFO    autopilot  set heading value to 179.0771705278937.
07:24:53 INFO    autopilot  set heading value to 179.09649758042895.
07:24:53 INFO    autopilot  set heading value to 179.09672744902548.
07:24:54 INFO    autopilot  set heading value to 179.08643478835177.
07:24:54 INFO    autopilot  set heading value to 179.0833518137617.
07:24:54 INFO    autopilot  set heading value to 179.09445716554404.
07:24:54 INFO    autopilot  set heading value to 179.120855414274.
07:24:55 INFO    autopilot  set heading value to 179.14677288387819.
07:24:55 INFO    autopilot  set heading value to 179.17166073739.
07:24:55 INFO    autopilot  set heading value to 179.19452401989278.
07:24:55 INFO    autopilot  set heading value to 179.19463140009483.
07:24:56 INFO    autopilot  set heading value to 179.18648138729165.
07:24:56 INFO    autopilot  set heading value to 179.1921363731221.
07:24:56 INFO    autopilot  set heading value to 179.20410415737888.
07:24:56 INFO    autopilot  set heading value to 179.20502726814982.
07:24:57 INFO    autopilot  set heading value to 179.18158541374817.
07:24:57 INFO    autopilot  set heading value to 179.14727687279415.
07:24:57 INFO    autopilot  set heading value to 179.1237921964327.
07:24:57 INFO    autopilot  set heading value to 179.12837719878027.
07:24:58 INFO    autopilot  set heading value to 179.13750564449612.
07:24:58 INFO    autopilot  set heading value to 179.14397921321824.
07:24:58 INFO    autopilot  set heading value to 179.14700260471488.
07:24:58 INFO    autopilot  set heading value to 179.15109716347735.
07:24:59 INFO    autopilot  set heading value to 179.15313034096826.
07:24:59 INFO    autopilot  set heading value to 179.15036606062316.
07:24:59 INFO    autopilot  set heading value to 179.14795058153416.
07:24:59 INFO    autopilot  set heading value to 179.1405278378795.
07:25:00 INFO    autopilot  set heading value to 179.12053917377492.
07:25:00 INFO    autopilot  set heading value to 179.09165941506558.
07:25:00 INFO    autopilot  set heading value to 179.0528535967944.
07:25:00 INFO    autopilot  set heading value to 179.0165281681833.
07:25:01 INFO    autopilot  set heading value to 178.99099604337727.
07:25:01 INFO    autopilot  set heading value to 178.9706842235714.
07:25:01 INFO    autopilot  set heading value to 178.93918406943806.
07:25:01 INFO    autopilot  set heading value to 178.90140361504672.
07:25:02 INFO    autopilot  set heading value to 178.8726807409952.
07:25:02 INFO    autopilot  set heading value to 178.83795191286677.
07:25:02 INFO    autopilot  set heading value to 178.8103396843806.
07:25:02 INFO    autopilot  set heading value to 178.7917107571102.
07:25:03 INFO    autopilot  set heading value to 178.77193921055544.
07:25:03 INFO    autopilot  set heading value to 178.7392659539428.
07:25:03 INFO    autopilot  set heading value to 178.705770239469.
07:25:03 INFO    autopilot  set heading value to 178.68067865190395.
07:25:04 INFO    autopilot  set heading value to 178.64979964754667.
07:25:04 INFO    autopilot  set heading value to 178.61405312802376.
07:25:04 INFO    autopilot  set heading value to 178.59004299300048.
07:25:04 INFO    autopilot  set heading value to 178.56417003324657.
07:25:05 INFO    autopilot  set heading value to 178.54288304947525.
07:25:05 INFO    autopilot  set heading value to 178.53124258282043.
07:25:05 INFO    autopilot  set heading value to 178.51232308720418.
07:25:05 INFO    autopilot  set heading value to 178.49663679998469.
07:25:06 INFO    autopilot  set heading value to 178.4952097790451.
07:25:06 INFO    autopilot  set heading value to 178.49956362529892.
07:25:06 INFO    autopilot  set heading value to 178.51132423031126.
07:25:06 INFO    autopilot  set heading value to 178.55169140875324.
07:25:07 INFO    autopilot  set heading value to 178.59670045797358.
07:25:07 INFO    autopilot  set heading value to 178.62713141640018.
07:25:07 INFO    autopilot  set heading value to 178.6625135718113.
07:25:07 INFO    autopilot  set heading value to 178.697459925285.
07:25:08 INFO    autopilot  set heading value to 178.73995180848587.
07:25:08 INFO    autopilot  set heading value to 178.7734071838836.
07:25:08 INFO    autopilot  set heading value to 178.78308587174195.
07:25:08 INFO    autopilot  set heading value to 178.78192834196545.
07:25:09 INFO    autopilot  set heading value to 178.7823257812945.
07:25:09 INFO    autopilot  set heading value to 178.79694836311924.
07:25:09 INFO    autopilot  set heading value to 178.81063404234936.
07:25:09 INFO    autopilot  set heading value to 178.8138245763173.
07:25:10 INFO    autopilot  set heading value to 178.81144837479073.
07:25:10 INFO    autopilot  set heading value to 178.8113736806617.
07:25:10 INFO    autopilot  set heading value to 178.83017985943064.
07:25:10 INFO    autopilot  set heading value to 178.85288640344643.
07:25:11 INFO    autopilot  set heading value to 178.85529810288932.
07:25:11 INFO    autopilot  set heading value to 178.8332813333895.
07:25:11 INFO    autopilot  set heading value to 178.81833760437542.
07:25:11 INFO    autopilot  set heading value to 178.8173837848297.
07:25:12 INFO    autopilot  set heading value to 178.8206026386298.
07:25:12 INFO    autopilot  set heading value to 178.81880453430762.
07:25:12 INFO    autopilot  set heading value to 178.8394775403365.
07:25:13 INFO    autopilot  set heading value to 178.8844290528192.
07:25:13 INFO    autopilot  set heading value to 178.9366296601465.
07:25:13 INFO    autopilot  set heading value to 178.98532838042917.
07:25:13 INFO    autopilot  set heading value to 179.02434571967424.
07:25:14 INFO    autopilot  set heading value to 179.06169255653322.
07:25:14 INFO    autopilot  set heading value to 179.1025515923257.
07:25:14 INFO    autopilot  set heading value to 179.1378328438644.
07:25:14 INFO    autopilot  set heading value to 179.15667215157185.
07:25:15 INFO    autopilot  set heading value to 179.16618201768725.
07:25:15 INFO    autopilot  set heading value to 179.17325190474511.
07:25:15 INFO    autopilot  set heading value to 179.16197759954662.
07:25:15 INFO    autopilot  set heading value to 179.1547242510316.
07:25:16 INFO    autopilot  set heading value to 179.18626529681882.
07:25:16 INFO    autopilot  set heading value to 179.241142953124.
07:25:16 INFO    autopilot  set heading value to 179.2878807114793.
07:25:16 INFO    autopilot  set heading value to 179.34315649902902.
07:25:17 INFO    autopilot  set heading value to 179.40581637173798.
07:25:17 INFO    autopilot  set heading value to 179.46438715212355.
07:25:17 INFO    autopilot  set heading value to 179.51357325066047.
07:25:17 INFO    autopilot  set heading value to 179.53599487773323.
07:25:18 INFO    autopilot  set heading value to 179.53765781725113.
07:25:18 INFO    autopilot  set heading value to 179.52239651120925.
07:25:18 INFO    autopilot  set heading value to 179.50407180210047.
07:25:18 INFO    autopilot  set heading value to 179.48123892416893.
07:25:19 INFO    autopilot  set heading value to 179.45959017303446.
07:25:19 INFO    autopilot  set heading value to 179.45111648616327.
07:25:19 INFO    autopilot  set heading value to 179.43612594896103.
07:25:19 INFO    autopilot  set heading value to 179.3960382476965.
07:25:20 INFO    autopilot  set heading value to 179.34852679158013.
07:25:20 INFO    autopilot  set heading value to 179.30388766948272.
07:25:20 INFO    autopilot  set heading value to 179.2541770627928.
07:25:20 INFO    autopilot  set heading value to 179.2106779954548.
07:25:21 INFO    autopilot  set heading value to 179.1824466365113.
07:25:21 INFO    autopilot  set heading value to 179.16266526414248.
07:25:21 INFO    autopilot  set heading value to 179.15331150373203.
07:25:21 INFO    autopilot  set heading value to 179.13796707566948.
07:25:22 INFO    autopilot  set heading value to 179.11496846155987.
07:25:22 INFO    autopilot  set heading value to 179.10098914959843.
07:25:22 INFO    autopilot  set heading value to 179.09787299195796.
07:25:22 INFO    CAN        Servo enabled
07:25:22 INFO    CAN        Sent CAN steering goal: 1475.0°  b881168045ffffff
07:25:22 INFO    autopilot  set heading value to 179.11551767077717.
07:25:23 INFO    autopilot  set heading value to 179.14862715247097.
07:25:23 INFO    autopilot  set heading value to 179.17046007453808.
07:25:23 INFO    autopilot  set heading value to 179.1919036286476.
07:25:23 INFO    autopilot  set heading value to 179.21481687717292.
07:25:24 INFO    autopilot  set heading value to 179.2213932304333.
07:25:24 INFO    autopilot  set heading value to 179.21535791981256.
07:25:24 INFO    autopilot  set heading value to 179.20596082267124.
07:25:24 INFO    autopilot  set heading value to 179.21275089189683.
07:25:25 INFO    autopilot  set heading value to 179.22809347129703.
07:25:25 INFO    autopilot  set heading value to 179.24523460086965.
07:25:25 INFO    autopilot  set heading value to 179.2637490764386.
07:25:25 INFO    autopilot  set heading value to 179.27925419396286.
07:25:26 INFO    autopilot  set heading value to 179.29888690705323.
07:25:26 INFO    autopilot  set heading value to 179.33708733356642.
07:25:26 INFO    autopilot  set heading value to 179.39280433187412.
07:25:26 INFO    autopilot  set heading value to 179.43469978587285.
07:25:27 INFO    autopilot  set heading value to 179.4711236051345.
07:25:27 INFO    autopilot  set heading value to 179.51741054169705.
07:25:27 INFO    autopilot  set heading value to 179.55734648350256.
07:25:27 INFO    autopilot  set heading value to 179.5781399925852.
07:25:28 INFO    autopilot  set heading value to 179.5818351178718.
07:25:28 INFO    autopilot  set heading value to 179.5695261324159.
07:25:28 INFO    autopilot  set heading value to 179.5492813694947.
07:25:28 INFO    autopilot  set heading value to 179.5208403793821.
07:25:29 INFO    autopilot  set heading value to 179.4956770285898.
07:25:29 INFO    autopilot  set heading value to 179.48583377510968.
07:25:29 INFO    autopilot  set heading value to 179.48343841626692.
07:25:29 INFO    autopilot  set heading value to 179.4803382903788.
07:25:30 INFO    autopilot  set heading value to 179.47126908929923.
07:25:30 INFO    autopilot  set heading value to 179.433196348793.
07:25:30 INFO    autopilot  set heading value to 179.40421227472936.
07:25:30 INFO    autopilot  set heading value to 179.39144607484045.
07:25:31 INFO    autopilot  set heading value to 179.37935164303164.
07:25:31 INFO    autopilot  set heading value to 179.37654673637536.
07:25:31 INFO    autopilot  set heading value to 179.41322628145429.
07:25:31 INFO    autopilot  set heading value to 179.46245621845094.
07:25:32 INFO    autopilot  set heading value to 179.49700698791838.
07:25:32 INFO    autopilot  set heading value to 179.5155887406606.
07:25:32 INFO    autopilot  set heading value to 179.51526106051236.
07:25:32 INFO    autopilot  set heading value to 179.5031436825697.
07:25:33 INFO    autopilot  set heading value to 179.4910779379472.
07:25:33 INFO    autopilot  set heading value to 179.466049167951.
07:25:33 INFO    autopilot  set heading value to 179.42918314210655.
07:25:33 INFO    autopilot  set heading value to 179.39920658654543.
07:25:34 INFO    autopilot  set heading value to 179.38018028163853.
07:25:34 INFO    tornado.access 304 GET / (127.0.0.1) 6.14ms
07:25:34 INFO    tornado.access 304 GET /static/js/socket.io.min.js (127.0.0.1) 16.61ms
07:25:34 INFO    tornado.access 304 GET /static/js/compass.js (127.0.0.1) 3.49ms
07:25:34 INFO    tornado.access 304 GET /static/images/RedPortArrowLabeled.png (127.0.0.1) 4.66ms
07:25:34 INFO    tornado.access 304 GET /static/images/GreenStarboardArrowLabeled.png (127.0.0.1) 6.33ms
07:25:34 INFO    autopilot  set heading value to 179.37676052220866.
07:25:34 INFO    tornado.access 304 GET /static/images/boat.png (127.0.0.1) 18.12ms
07:25:34 INFO    tornado.access 101 GET /ws (127.0.0.1) 0.93ms
07:25:34 INFO    autopilot  set heading goal to 0.0.
07:25:34 INFO    autopilot  set heading value to 179.38473994815482.
07:25:34 INFO    autopilot  set heading value to 179.39189602157597.
07:25:35 INFO    autopilot  set heading value to 179.3925801714936.
07:25:35 INFO    autopilot  set heading value to 179.38926066612524.
07:25:35 INFO    autopilot  set heading value to 179.38664141157864.
07:25:36 INFO    autopilot  set heading value to 179.37908793521578.
07:25:36 INFO    autopilot  set heading value to 179.37175016755452.
07:25:36 INFO    autopilot  set heading value to 179.36914884310653.
07:25:36 INFO    autopilot  set heading value to 179.37034612595042.
07:25:37 INFO    autopilot  set heading value to 179.35902973707326.
07:25:37 INFO    autopilot  set heading value to 179.33537806475417.
07:25:37 INFO    autopilot  set heading value to 179.31776931646257.
07:25:37 INFO    autopilot  set heading value to 179.29436885029773.
07:25:38 INFO    autopilot  set heading value to 179.2736484971721.
07:25:38 INFO    autopilot  set heading value to 179.2725367627161.
07:25:38 INFO    autopilot  set heading value to 179.27323963269902.
07:25:38 INFO    autopilot  set heading value to 179.27956306819993.
07:25:39 INFO    autopilot  set heading value to 179.28086133413532.
07:25:39 INFO    autopilot  set heading value to 179.26856343427886.
07:25:39 INFO    autopilot  set heading value to 179.25420560649422.
07:25:39 INFO    autopilot  set heading value to 179.24164912158278.
07:25:40 INFO    autopilot  set heading value to 179.22321528486614.
07:25:40 INFO    autopilot  set heading value to 179.2025614246844.
07:25:40 INFO    autopilot  set heading value to 179.18210786429412.
07:25:40 INFO    autopilot  set heading value to 179.17098719290246.
07:25:41 INFO    autopilot  set heading value to 179.17032034777586.
07:25:41 INFO    autopilot  set heading value to 179.1607823163808.
07:25:41 INFO    autopilot  set heading value to 179.12634851732673.
07:25:41 INFO    autopilot  set heading value to 179.08489773613277.
07:25:42 INFO    autopilot  set heading value to 179.0545374176493.
07:25:42 INFO    autopilot  set heading value to 179.0276186099862.
07:25:42 INFO    autopilot  set heading value to 179.00665732490353.
07:25:42 INFO    autopilot  set heading value to 178.98496169163317.
07:25:43 INFO    autopilot  set heading value to 178.95684291680658.
07:25:43 INFO    autopilot  set heading value to 178.90943775023354.
07:25:43 INFO    autopilot  set heading value to 178.8719820596623.
07:25:43 INFO    autopilot  set heading value to 178.8541534293498.
07:25:44 INFO    autopilot  set heading value to 178.84601553163543.
07:25:44 INFO    autopilot  set heading value to 178.8534958065346.
07:25:44 INFO    autopilot  set heading value to 178.85644914074072.
07:25:44 INFO    autopilot  set heading value to 178.84475044874688.
07:25:45 INFO    autopilot  set heading value to 178.84571348562469.
07:25:45 INFO    autopilot  set heading value to 178.85318401521099.
07:25:45 INFO    autopilot  set heading value to 178.85370766602898.
07:25:45 INFO    autopilot  set heading value to 178.85473507448927.
07:25:46 INFO    autopilot  set heading value to 178.82599724995592.
07:25:46 INFO    autopilot  set heading value to 178.78003528779033.
07:25:46 INFO    autopilot  set heading value to 178.74717337937037.
07:25:46 INFO    autopilot  set heading value to 178.7240184875303.
07:25:47 INFO    autopilot  set heading value to 178.73073162370824.
07:25:47 INFO    autopilot  set heading value to 178.7527452567991.
07:25:47 INFO    autopilot  set heading value to 178.7910360792003.
07:25:47 INFO    autopilot  set heading value to 178.84386043449337.
07:25:48 INFO    autopilot  set heading value to 178.8819634512302.
07:25:48 INFO    autopilot  set heading value to 178.91068785160297.
07:25:48 INFO    autopilot  set heading value to 178.92116801012256.
07:25:48 INFO    autopilot  set heading value to 178.90357763862895.
07:25:49 INFO    autopilot  set heading value to 178.87945108126317.
07:25:49 INFO    autopilot  set heading value to 178.84851481760555.
07:25:49 INFO    autopilot  set heading value to 178.7934617873247.
07:25:49 INFO    autopilot  set heading value to 178.73236641221752.
07:25:50 INFO    autopilot  set heading value to 178.664106533492.
07:25:50 INFO    autopilot  set heading value to 178.59862447182917.
07:25:50 INFO    autopilot  set heading value to 178.54865343470786.
07:25:50 INFO    autopilot  set heading value to 178.51356494716555.
07:25:51 INFO    autopilot  set heading value to 178.491708945638.
07:25:51 INFO    autopilot  set heading value to 178.4758784810979.
07:25:51 INFO    autopilot  set heading value to 178.46306037320306.
07:25:51 INFO    autopilot  set heading value to 178.44889861470105.
07:25:52 INFO    autopilot  set heading value to 178.44378985045603.
07:25:52 INFO    autopilot  set heading value to 178.43604788000394.
07:25:52 INFO    autopilot  set heading value to 178.4190039639226.
07:25:52 INFO    autopilot  set heading value to 178.38955543686214.
07:25:53 INFO    autopilot  set heading value to 178.35650858202908.
07:25:53 INFO    autopilot  set heading value to 178.32778554263953.
07:25:53 INFO    autopilot  set heading value to 178.29214282330094.
07:25:53 INFO    autopilot  set heading value to 178.25771370063427.
07:25:54 INFO    autopilot  set heading value to 178.23474455540233.
07:25:54 INFO    autopilot  set heading value to 178.20781088205223.
07:25:54 INFO    autopilot  set heading value to 178.1687850158783.
07:25:54 INFO    autopilot  set heading value to 178.1242125023199.
07:25:55 INFO    autopilot  set heading value to 178.09167624858168.
07:25:55 INFO    autopilot  set heading value to 178.06763819466397.
07:25:55 INFO    autopilot  set heading value to 178.055618942772.
07:25:55 INFO    autopilot  set heading value to 178.0545741437502.
07:25:56 INFO    autopilot  set heading value to 178.06645667077802.
07:25:56 INFO    autopilot  set heading value to 178.0888766212679.
07:25:56 INFO    autopilot  set heading value to 178.11490541318315.
07:25:57 INFO    autopilot  set heading value to 178.13823869860082.
07:25:57 INFO    autopilot  set heading value to 178.16647123941885.
07:25:57 INFO    autopilot  set heading value to 178.18878711994915.
07:25:57 INFO    autopilot  set heading value to 178.20069952968538.
07:25:58 INFO    autopilot  set heading value to 178.21012449390102.
07:25:58 INFO    autopilot  set heading value to 178.2107111256307.
07:25:58 INFO    autopilot  set heading value to 178.210029495207.
07:25:58 INFO    autopilot  set heading value to 178.2221552691642.
07:25:59 INFO    autopilot  set heading value to 178.24886279877458.
07:25:59 INFO    autopilot  set heading value to 178.28606384571097.
07:25:59 INFO    autopilot  set heading value to 178.33465232876136.
07:25:59 INFO    autopilot  set heading value to 178.36652610429186.
07:26:00 INFO    autopilot  set heading value to 178.36478525391158.
07:26:00 INFO    autopilot  set heading value to 178.358954316386.
07:26:00 INFO    autopilot  set heading value to 178.3636769005191.
07:26:00 INFO    autopilot  set heading value to 178.35700969214128.
07:26:01 INFO    autopilot  set heading value to 178.33671456638177.
07:26:01 INFO    autopilot  set heading value to 178.3025436057971.
07:26:01 INFO    autopilot  set heading value to 178.25616672857763.
07:26:01 INFO    autopilot  set heading value to 178.23014479885322.
07:26:02 INFO    autopilot  set heading value to 178.2194285126601.
07:26:02 INFO    autopilot  set heading value to 178.21615654559565.
07:26:02 INFO    autopilot  set heading value to 178.2121582616558.
07:26:02 INFO    autopilot  set heading value to 178.20806907494153.
07:26:03 INFO    autopilot  set heading value to 178.19332982699922.
07:26:03 INFO    autopilot  set heading value to 178.17513428430803.
07:26:03 INFO    autopilot  set heading value to 178.15638876597285.
07:26:03 INFO    autopilot  set heading value to 178.1443545970124.
07:26:04 INFO    autopilot  set heading value to 178.12884372525983.
07:26:04 INFO    autopilot  set heading value to 178.10086370791169.
07:26:04 INFO    autopilot  set heading value to 178.05393207602447.
07:26:04 INFO    autopilot  set heading value to 178.0144199315765.
07:26:05 INFO    autopilot  set heading value to 177.97785886386623.
07:26:05 INFO    autopilot  set heading value to 177.94190360708782.
07:26:05 INFO    autopilot  set heading value to 177.9175838505626.
07:26:05 INFO    autopilot  set heading value to 177.9014091243058.
07:26:06 INFO    autopilot  set heading value to 177.88676377618984.
07:26:06 INFO    autopilot  set heading value to 177.84792985184245.
07:26:06 INFO    autopilot  set heading value to 177.8143585393319.
07:26:07 INFO    autopilot  set heading value to 177.7906988320695.
07:26:07 INFO    autopilot  set heading value to 177.7516273423093.
07:26:07 INFO    autopilot  set heading value to 177.71649936535863.
07:26:07 INFO    autopilot  set heading value to 177.710117911371.
07:26:08 INFO    autopilot  set heading value to 177.722824343726.
07:26:08 INFO    autopilot  set heading value to 177.72515206133727.
07:26:08 INFO    autopilot  set heading value to 177.7132528676853.
07:26:08 INFO    autopilot  set heading value to 177.67948193224316.
07:26:09 INFO    autopilot  set heading value to 177.6259275111424.
07:26:09 INFO    autopilot  set heading value to 177.5917652374919.
07:26:09 INFO    autopilot  set heading value to 177.57810359856342.
07:26:09 INFO    autopilot  set heading value to 177.5689368008421.
07:26:10 INFO    autopilot  set heading value to 177.57321260915046.
07:26:10 INFO    autopilot  set heading value to 177.58687476025796.
07:26:10 INFO    autopilot  set heading value to 177.5917640428767.
07:26:10 INFO    autopilot  set heading value to 177.59081230559835.
07:26:11 INFO    autopilot  set heading value to 177.59709896126307.
07:26:11 INFO    autopilot  set heading value to 177.62542361716697.
07:26:11 INFO    autopilot  set heading value to 177.66496934985733.
07:26:11 INFO    autopilot  set heading value to 177.71484451643076.
07:26:12 INFO    autopilot  set heading value to 177.76902056718487.
07:26:12 INFO    autopilot  set heading value to 177.84265304528992.
07:26:12 INFO    autopilot  set heading value to 177.91273957165308.
07:26:12 INFO    autopilot  set heading value to 177.97598711866763.
07:26:13 INFO    autopilot  set heading value to 178.02429645953166.
07:26:13 INFO    autopilot  set heading value to 178.04763103612314.
07:26:13 INFO    autopilot  set heading value to 178.05276453190962.
07:26:13 INFO    autopilot  set heading value to 178.04713519393357.
07:26:14 INFO    autopilot  set heading value to 178.03006029696803.
07:26:14 INFO    autopilot  set heading value to 178.01677196358267.
07:26:14 INFO    autopilot  set heading value to 178.00952335375678.
07:26:14 INFO    autopilot  set heading value to 178.01143799802074.
07:26:15 INFO    autopilot  set heading value to 178.0206410610051.
07:26:15 INFO    autopilot  set heading value to 178.02910279598603.
07:26:15 INFO    autopilot  set heading value to 178.0358449063903.
07:26:15 INFO    autopilot  set heading value to 178.05263703981254.
07:26:16 INFO    autopilot  set heading value to 178.07550742203455.
07:26:16 INFO    autopilot  set heading value to 178.09410034628428.
07:26:16 INFO    autopilot  set heading value to 178.12129427117682.
07:26:17 INFO    autopilot  set heading value to 178.13852514728887.
07:26:17 INFO    autopilot  set heading value to 178.13584539658623.
07:26:17 INFO    autopilot  set heading value to 178.132086289761.
07:26:17 INFO    autopilot  set heading value to 178.12192962526586.
07:26:18 INFO    autopilot  set heading value to 178.1138093333982.
07:26:18 INFO    autopilot  set heading value to 178.10586395088401.
07:26:18 INFO    autopilot  set heading value to 178.10096158383377.
07:26:18 INFO    autopilot  set heading goal to 178.10096158383377.
07:26:18 INFO    autopilot  set heading value to 178.109165598858.
07:26:19 INFO    autopilot  set heading value to 178.11660027612555.
07:26:19 INFO    autopilot  set heading value to 178.11988511787473.
07:26:19 INFO    autopilot  set heading value to 178.12687676333104.
07:26:19 INFO    autopilot  set heading value to 178.14317570350175.
07:26:20 INFO    autopilot  set heading value to 178.16150759731755.
07:26:20 INFO    autopilot  set heading value to 178.18155006857452.
07:26:20 INFO    autopilot  set heading value to 178.19792913331585.
07:26:20 INFO    autopilot  set heading value to 178.22087712932782.
07:26:21 INFO    autopilot  set heading value to 178.23355285452706.
07:26:21 INFO    autopilot  set heading value to 178.22518966442937.
07:26:21 INFO    autopilot  set heading value to 178.21653282166915.
07:26:21 INFO    autopilot  set heading value to 178.2262806569642.
07:26:22 INFO    autopilot  set heading value to 178.2475424297775.
07:26:22 INFO    autopilot  set heading value to 178.2647614315771.
07:26:22 INFO    autopilot  set heading value to 178.29154103255797.
07:26:22 INFO    autopilot  set heading value to 178.30824274476885.
07:26:23 INFO    autopilot  set heading value to 178.30581153126062.
07:26:23 INFO    autopilot  set heading value to 178.31841729021852.
07:26:23 INFO    autopilot  set heading value to 178.33634202645914.
07:26:23 INFO    autopilot  set heading value to 178.34460338098705.
07:26:24 INFO    autopilot  set heading value to 178.34601244066766.
07:26:24 INFO    autopilot  set heading value to 178.34729981555745.
07:26:24 INFO    autopilot  set heading value to 178.34696756145587.
07:26:24 INFO    autopilot  set heading value to 178.35638720383568.
07:26:25 INFO    autopilot  set heading value to 178.37809878614934.
07:26:25 INFO    autopilot  set heading value to 178.39685694073668.
07:26:25 INFO    autopilot  set heading value to 178.40674348104193.
07:26:25 INFO    autopilot  set heading value to 178.41486715731742.
07:26:26 INFO    autopilot  set heading value to 178.4149156124312.
07:26:26 INFO    autopilot  set heading value to 178.40857898295314.
07:26:26 INFO    autopilot  set heading value to 178.4070099707144.
07:26:27 INFO    autopilot  set heading value to 178.41212961527307.
07:26:27 INFO    autopilot  set heading value to 178.40678895738748.
07:26:27 INFO    autopilot  set heading value to 178.39146061461062.
07:26:27 INFO    autopilot  set heading value to 178.37059644423707.
07:26:28 INFO    autopilot  set heading value to 178.34915586669047.
07:26:28 INFO    autopilot  set heading value to 178.32736172354.
07:26:28 INFO    autopilot  set heading value to 178.30356861935587.
07:26:28 INFO    autopilot  set heading value to 178.2832598674038.
07:26:29 INFO    autopilot  set heading value to 178.26842776501877.
07:26:29 INFO    autopilot  set heading value to 178.25108982753935.
07:26:29 INFO    autopilot  set heading value to 178.2330151232906.
07:26:29 INFO    autopilot  set heading value to 178.21547580295842.
07:26:30 INFO    autopilot  set heading value to 178.20258403524744.
07:26:30 INFO    autopilot  set heading value to 178.1895031268371.
07:26:30 INFO    autopilot  set heading value to 178.16984076094258.
07:26:30 INFO    autopilot  set heading value to 178.14247253096633.
07:26:31 INFO    autopilot  set heading value to 178.13036464297912.
07:26:31 INFO    autopilot  set heading value to 178.13808580723352.
07:26:31 INFO    autopilot  set heading value to 178.15721859852536.
07:26:31 INFO    autopilot  set heading value to 178.1735508411085.
07:26:32 INFO    autopilot  set heading value to 178.176843857739.
07:26:32 INFO    autopilot  set heading value to 178.17311952188626.
07:26:32 INFO    autopilot  set heading value to 178.1616526265815.
07:26:32 INFO    autopilot  set heading value to 178.15842073089343.
07:26:33 INFO    autopilot  set heading value to 178.14602719491683.
07:26:33 INFO    autopilot  set heading value to 178.13267994527038.
07:26:33 INFO    autopilot  set heading value to 178.12068514217637.
07:26:33 INFO    autopilot  set heading value to 178.11691640242253.
07:26:34 INFO    autopilot  set heading value to 178.13936906228082.
07:26:34 INFO    autopilot  set heading value to 178.18083737813353.
07:26:34 INFO    autopilot  set heading value to 178.22294144644465.
07:26:34 INFO    autopilot  set heading value to 178.2490974415599.
07:26:35 INFO    autopilot  set heading value to 178.2696320198862.
07:26:35 INFO    autopilot  set heading value to 178.29168592511135.
07:26:35 INFO    autopilot  set heading value to 178.3122027028348.
07:26:36 INFO    autopilot  set heading value to 178.33861540881355.
07:26:36 INFO    autopilot  set heading value to 178.36560213785722.
07:26:36 INFO    autopilot  set heading value to 178.3782265252764.
07:26:36 INFO    autopilot  set heading value to 178.3776930215581.
07:26:37 INFO    autopilot  set heading value to 178.38926318812844.
07:26:37 INFO    autopilot  set heading value to 178.38875879116873.
07:26:37 INFO    autopilot  set heading value to 178.36504535363704.
07:26:37 INFO    autopilot  set heading value to 178.32070707750418.
07:26:38 INFO    autopilot  set heading value to 178.28546858116883.
07:26:38 INFO    autopilot  set heading value to 178.26625560925604.
07:26:38 INFO    autopilot  set heading value to 178.2514145150116.
07:26:38 INFO    autopilot  set heading value to 178.23900234836174.
07:26:39 INFO    autopilot  set heading value to 178.22936773336917.
07:26:39 INFO    autopilot  set heading value to 178.2352541204016.
07:26:39 INFO    autopilot  set heading value to 178.2512886234924.
07:26:39 INFO    autopilot  set heading value to 178.29179391617188.
07:26:40 INFO    autopilot  set heading value to 178.33708558673771.
07:26:40 INFO    autopilot  set heading value to 178.37656400468396.
07:26:40 INFO    autopilot  set heading value to 178.42438971032402.
07:26:40 INFO    autopilot  set heading value to 178.46521464895727.
07:26:41 INFO    autopilot  set heading value to 178.49193724678983.
07:26:41 INFO    autopilot  set heading value to 178.50261970965767.
07:26:41 INFO    autopilot  set heading value to 178.5097375333913.
07:26:41 INFO    autopilot  set heading value to 178.5325334030499.
07:26:42 INFO    autopilot  set heading value to 178.5415420873885.
07:26:42 INFO    autopilot  set heading value to 178.5358783168516.
07:26:42 INFO    autopilot  set heading value to 178.52368107677586.
07:26:42 INFO    autopilot  set heading value to 178.5073690100423.
07:26:43 INFO    autopilot  set heading value to 178.48392845948004.
07:26:43 INFO    autopilot  set heading value to 178.46691414772062.
07:26:43 INFO    autopilot  set heading value to 178.4575306027166.
07:26:43 INFO    autopilot  set heading value to 178.4531384111168.
07:26:44 INFO    autopilot  set heading value to 178.4558317278231.
07:26:44 INFO    tornado.access 304 GET / (127.0.0.1) 2.02ms
07:26:44 INFO    tornado.access 101 GET /ws (127.0.0.1) 0.90ms
07:26:44 INFO    autopilot  set heading goal to 0.0.
07:26:44 INFO    autopilot  set heading value to 178.4595827658483.
07:26:44 INFO    autopilot  set heading value to 178.45044431829143.
07:26:44 INFO    autopilot  set heading value to 178.44245035507333.
07:26:45 INFO    autopilot  set heading value to 178.43860193782015.
07:26:45 INFO    autopilot  set heading value to 178.4379678094413.
07:26:45 INFO    autopilot  set heading value to 178.4328634058536.
07:26:45 INFO    autopilot  set heading value to 178.4093615296544.
07:26:46 INFO    autopilot  set heading value to 178.37638269400236.
07:26:46 INFO    autopilot  set heading value to 178.35126921718157.
07:26:46 INFO    autopilot  set heading value to 178.33995077574625.
07:26:46 INFO    autopilot  set heading value to 178.33309313921745.
07:26:47 INFO    autopilot  set heading value to 178.32776453327932.
07:26:47 INFO    autopilot  set heading value to 178.33006857492572.
07:26:47 INFO    autopilot  set heading value to 178.3502705186902.
07:26:48 INFO    autopilot  set heading value to 178.38295248614114.
07:26:48 INFO    autopilot  set heading value to 178.42473654593658.
07:26:48 INFO    autopilot  set heading value to 178.45701013649077.
07:26:48 INFO    autopilot  set heading value to 178.4814534580393.
07:26:49 INFO    autopilot  set heading value to 178.4932992477961.
07:26:49 INFO    autopilot  set heading value to 178.48775169112116.
07:26:49 INFO    autopilot  set heading value to 178.49328912352726.
07:26:49 INFO    autopilot  set heading value to 178.51058360250403.
07:26:50 INFO    autopilot  set heading value to 178.5295559278796.
07:26:50 INFO    autopilot  set heading value to 178.55538568126912.
07:26:50 INFO    autopilot  set heading value to 178.57339021721938.
07:26:50 INFO    autopilot  set heading value to 178.59123643029875.
07:26:51 INFO    autopilot  set heading value to 178.62414140940072.
07:26:51 INFO    autopilot  set heading value to 178.66007179288061.
07:26:51 INFO    autopilot  set heading value to 178.6893041329087.
07:26:51 INFO    autopilot  set heading value to 178.7139538011841.
07:26:52 INFO    autopilot  set heading value to 178.72625667781742.
07:26:52 INFO    autopilot  set heading value to 178.73093418537695.
07:26:52 INFO    autopilot  set heading value to 178.73488483741488.
07:26:52 INFO    autopilot  set heading value to 178.74427367894418.
07:26:53 INFO    autopilot  set heading value to 178.75827244013462.
07:26:53 INFO    autopilot  set heading value to 178.76763052476736.
07:26:53 INFO    autopilot  set heading value to 178.77558381151528.
07:26:53 INFO    autopilot  set heading value to 178.78601024461454.
07:26:54 INFO    autopilot  set heading value to 178.79674851147556.
07:26:54 INFO    autopilot  set heading value to 178.81448720240726.
07:26:54 INFO    autopilot  set heading value to 178.82805016170624.
07:26:54 INFO    autopilot  set heading value to 178.83999961182116.
07:26:55 INFO    autopilot  set heading value to 178.85252301290674.
07:26:55 INFO    autopilot  set heading value to 178.85999555808684.
07:26:55 INFO    autopilot  set heading value to 178.8562580511894.
07:26:55 INFO    autopilot  set heading value to 178.8543622030627.
07:26:56 INFO    autopilot  set heading value to 178.87412157353162.
07:26:56 INFO    autopilot  set heading value to 178.9034498040923.
07:26:56 INFO    autopilot  set heading value to 178.92150802311517.
07:26:57 INFO    autopilot  set heading value to 178.9372693667328.
07:26:57 INFO    autopilot  set heading value to 178.95261131262546.
07:26:57 INFO    autopilot  set heading value to 178.9896074250383.
07:26:57 INFO    autopilot  set heading value to 179.03878696718905.
07:26:58 INFO    autopilot  set heading value to 179.0895643083744.
07:26:58 INFO    autopilot  set heading value to 179.13066435887333.
07:26:58 INFO    autopilot  set heading value to 179.15733781078535.
07:26:58 INFO    autopilot  set heading value to 179.1811554569674.
07:26:59 INFO    autopilot  set heading value to 179.21072046304724.
07:26:59 INFO    autopilot  set heading value to 179.24696404810777.
07:26:59 INFO    autopilot  set heading value to 179.27616872828762.
07:26:59 INFO    autopilot  set heading value to 179.3052394577789.
07:27:00 INFO    autopilot  set heading value to 179.34403313505172.
07:27:00 INFO    autopilot  set heading value to 179.3885812443853.
07:27:00 INFO    autopilot  set heading value to 179.43303873485056.
07:27:00 INFO    autopilot  set heading value to 179.46162671481773.
07:27:01 INFO    autopilot  set heading value to 179.45783800870925.
07:27:01 INFO    autopilot  set heading value to 179.43451941777113.
07:27:01 INFO    autopilot  set heading value to 179.42962311011684.
07:27:01 INFO    autopilot  set heading value to 179.44770857974578.
07:27:02 INFO    autopilot  set heading value to 179.4729188831068.
07:27:02 INFO    autopilot  set heading value to 179.49768439738205.
07:27:02 INFO    autopilot  set heading value to 179.52920511886558.
07:27:02 INFO    autopilot  set heading value to 179.5682677042673.
07:27:03 INFO    autopilot  set heading value to 179.62488233300664.
07:27:03 INFO    autopilot  set heading value to 179.688763779307.
07:27:03 INFO    autopilot  set heading value to 179.72837490193976.
07:27:03 INFO    autopilot  set heading value to 179.75661334995843.
07:27:04 INFO    autopilot  set heading value to 179.79166631039814.
07:27:04 INFO    autopilot  set heading value to 179.82426265267344.
07:27:04 INFO    autopilot  set heading value to 179.84123378002076.
07:27:04 INFO    autopilot  set heading value to 179.83108384507756.
07:27:05 INFO    autopilot  set heading value to 179.8123203143678.
07:27:05 INFO    autopilot  set heading value to 179.80974175027697.
07:27:05 INFO    autopilot  set heading value to 179.8128351123931.
07:27:05 INFO    autopilot  set heading value to 179.8053487421162.
07:27:06 INFO    autopilot  set heading value to 179.80432150432478.
07:27:06 INFO    autopilot  set heading value to 179.81615635227294.
07:27:06 INFO    autopilot  set heading goal to 358.5514035288225.
07:27:06 INFO    autopilot  set heading value to 179.815886381322.
07:27:06 INFO    autopilot  set heading goal to 356.170196134921.
07:27:06 INFO    autopilot  set heading goal to 353.7188761359208.
07:27:06 INFO    autopilot  set heading goal to 351.49030366877344.
07:27:06 INFO    autopilot  set heading goal to 349.184022501439.
07:27:06 INFO    autopilot  set heading goal to 346.20728832732755.
07:27:06 INFO    autopilot  set heading goal to 345.70051779034543.
07:27:06 INFO    autopilot  set heading goal to 343.88393122716593.
07:27:06 INFO    autopilot  set heading goal to 343.2948273953968.
07:27:06 INFO    autopilot  set heading goal to 341.5650531685683.
07:27:06 INFO    autopilot  set heading value to 179.80160707052295.
07:27:06 INFO    autopilot  set heading goal to 341.2387709239511.
07:27:06 INFO    autopilot  set heading goal to 340.78112332537967.
07:27:06 INFO    autopilot  set heading goal to 340.1902183457445.
07:27:07 INFO    autopilot  set heading goal to 339.76594853465383.
07:27:07 INFO    autopilot  set heading goal to 339.24572728443104.
07:27:07 INFO    autopilot  set heading goal to 338.7569610478891.
07:27:07 INFO    autopilot  set heading goal to 338.66104590110575.
07:27:07 INFO    autopilot  set heading value to 179.77727468480097.
07:27:07 INFO    autopilot  set heading value to 179.76280228132788.
07:27:07 INFO    autopilot  set heading value to 179.7586437175203.
07:27:07 INFO    autopilot  set heading value to 179.75051285354706.
07:27:08 INFO    autopilot  set heading value to 179.7405989260379.
07:27:08 INFO    autopilot  set heading value to 179.74685375307763.
07:27:08 INFO    autopilot  set heading value to 179.76696985330898.
07:27:09 INFO    autopilot  set heading value to 179.78813708743607.
07:27:09 INFO    autopilot  set heading value to 179.80963775539294.
07:27:09 INFO    autopilot  set heading value to 179.8159016223395.
07:27:09 INFO    autopilot  set heading value to 179.81637069304554.
07:27:10 INFO    autopilot  set heading value to 179.8179173278992.
07:27:10 INFO    autopilot  set heading value to 179.8185598900185.
07:27:10 INFO    autopilot  set heading value to 179.82319146377162.
07:27:10 INFO    autopilot  set heading value to 179.83643671002338.
07:27:11 INFO    autopilot  set heading value to 179.8425920412591.
07:27:11 INFO    autopilot  set heading value to 179.83798464319716.
07:27:11 INFO    autopilot  set heading value to 179.8226417886583.
07:27:11 INFO    autopilot  set heading value to 179.79908997468166.
07:27:12 INFO    autopilot  set heading value to 179.78326707322802.
07:27:12 INFO    autopilot  set heading value to 179.7807985695253.
07:27:12 INFO    autopilot  set heading value to 179.7915270241163.
07:27:12 INFO    autopilot  set heading value to 179.81194242764187.
07:27:13 INFO    autopilot  set heading value to 179.82895230577452.
07:27:13 INFO    autopilot  set heading value to 179.85199378808358.
07:27:13 INFO    autopilot  set heading value to 179.85827914913475.
07:27:13 INFO    autopilot  set heading value to 179.84951281725768.
07:27:14 INFO    autopilot  set heading value to 179.83909388429356.
07:27:14 INFO    autopilot  set heading value to 179.82971880689132.
07:27:14 INFO    autopilot  set heading value to 179.83392625057076.
07:27:14 INFO    autopilot  set heading value to 179.8431732327549.
07:27:15 INFO    autopilot  set heading value to 179.83711377586818.
07:27:15 INFO    autopilot  set heading value to 179.82100478489588.
07:27:15 INFO    autopilot  set heading value to 179.8089325389627.
07:27:15 INFO    autopilot  set heading value to 179.80091445787892.
07:27:16 INFO    autopilot  set heading value to 179.78992119998733.
07:27:16 INFO    autopilot  set heading value to 179.78084114358023.
07:27:16 INFO    autopilot  set heading value to 179.78220290175847.
07:27:16 INFO    autopilot  set heading value to 179.79418473080258.
07:27:17 INFO    autopilot  set heading value to 179.79537943048337.
07:27:17 INFO    autopilot  set heading value to 179.7836418010195.
07:27:17 INFO    autopilot  set heading value to 179.768945585962.
07:27:17 INFO    autopilot  set heading value to 179.7549015482577.
07:27:18 INFO    autopilot  set heading value to 179.74903093785295.
07:27:18 INFO    autopilot  set heading value to 179.73973314441645.
07:27:18 INFO    autopilot  set heading value to 179.7112206162047.
07:27:19 INFO    autopilot  set heading value to 179.67715880139406.
07:27:19 INFO    autopilot  set heading value to 179.65948885508536.
07:27:19 INFO    autopilot  set heading value to 179.65598275222513.
07:27:19 INFO    autopilot  set heading value to 179.66052685547106.
07:27:20 INFO    autopilot  set heading value to 179.67591434417554.
07:27:20 INFO    autopilot  set heading value to 179.7017311439566.
07:27:20 INFO    autopilot  set heading value to 179.72317362155135.
07:27:20 INFO    autopilot  set heading value to 179.73849981032214.
07:27:21 INFO    autopilot  set heading value to 179.73963743285103.
07:27:21 INFO    autopilot  set heading value to 179.7346564151994.
07:27:21 INFO    autopilot  set heading value to 179.7262998526391.
07:27:21 INFO    autopilot  set heading value to 179.70386472389418.
07:27:22 INFO    autopilot  set heading value to 179.67706106181885.
07:27:22 INFO    autopilot  set heading value to 179.64169012147184.
07:27:22 INFO    autopilot  set heading value to 179.5993823036612.
07:27:22 INFO    autopilot  set heading value to 179.57060845150863.
07:27:23 INFO    autopilot  set heading value to 179.55249737683087.
07:27:23 INFO    autopilot  set heading value to 179.52763903760464.
07:27:23 INFO    autopilot  set heading value to 179.50484000043573.
07:27:23 INFO    autopilot  set heading value to 179.4913307301827.
07:27:24 INFO    autopilot  set heading value to 179.46373929675474.
07:27:24 INFO    autopilot  set heading value to 179.44502665518067.
07:27:24 INFO    autopilot  set heading value to 179.44458571691368.
07:27:24 INFO    autopilot  set heading value to 179.45821497604302.
07:27:25 INFO    autopilot  set heading value to 179.47677055011926.
07:27:25 INFO    autopilot  set heading value to 179.49450612205285.
07:27:25 INFO    autopilot  set heading value to 179.51449677734126.
07:27:25 INFO    autopilot  set heading value to 179.5379884798611.
07:27:26 INFO    autopilot  set heading value to 179.5668572728675.
07:27:26 INFO    autopilot  set heading value to 179.60563736286892.
07:27:26 INFO    autopilot  set heading value to 179.6387794437318.
07:27:26 INFO    autopilot  set heading value to 179.67510991123967.
07:27:27 INFO    autopilot  set heading value to 179.71994760555322.
07:27:27 INFO    autopilot  set heading value to 179.74996125248236.
07:27:27 INFO    autopilot  set heading value to 179.76384587103067.
07:27:27 INFO    autopilot  set heading value to 179.7686445893261.
07:27:28 INFO    autopilot  set heading value to 179.75296073876268.
07:27:28 INFO    autopilot  set heading value to 179.73178851651284.
07:27:28 INFO    autopilot  set heading value to 179.73930527719418.
07:27:28 INFO    autopilot  set heading value to 179.76529283594485.
07:27:29 INFO    autopilot  set heading value to 179.78638637130285.
07:27:29 INFO    autopilot  set heading value to 179.8102552841689.
07:27:29 INFO    autopilot  set heading value to 179.8308261861817.
07:27:29 INFO    autopilot  set heading value to 179.8416752354193.
07:27:30 INFO    autopilot  set heading value to 179.8339427811743.
07:27:30 INFO    autopilot  set heading value to 179.82063950090063.
07:27:30 INFO    autopilot  set heading value to 179.82182453301107.
07:27:31 INFO    autopilot  set heading value to 179.8387817835926.
07:27:31 INFO    autopilot  set heading value to 179.8673860943455.
07:27:31 INFO    autopilot  set heading value to 179.89223205784464.
07:27:31 INFO    autopilot  set heading value to 179.9032370986542.
07:27:32 INFO    autopilot  set heading value to 179.89682900089778.
07:27:32 INFO    autopilot  set heading value to 179.88888146816097.
07:27:32 INFO    autopilot  set heading value to 179.89026031875204.
07:27:32 INFO    autopilot  set heading value to 179.89622196931057.
07:27:33 INFO    autopilot  set heading value to 179.9060231777343.
07:27:33 INFO    autopilot  set heading value to 179.9115976055267.
07:27:33 INFO    autopilot  set heading value to 179.90361369722092.
07:27:33 INFO    autopilot  set heading value to 179.87557446007835.
07:27:34 INFO    autopilot  set heading value to 179.84705317462718.
07:27:34 INFO    autopilot  set heading value to 179.82547512127155.
07:27:34 INFO    autopilot  set heading value to 179.79567886094978.
07:27:34 INFO    autopilot  set heading value to 179.76762963960502.
07:27:35 INFO    autopilot  set heading value to 179.7662341742328.
07:27:35 INFO    autopilot  set heading value to 179.7769497299953.
07:27:35 INFO    autopilot  set heading value to 179.7815109687542.
07:27:35 INFO    autopilot  set heading value to 179.77347561935173.
07:27:36 INFO    autopilot  set heading value to 179.7541618528702.
07:27:36 INFO    autopilot  set heading value to 179.7398972444289.
07:27:36 INFO    autopilot  set heading value to 179.7410682967555.
07:27:36 INFO    autopilot  set heading value to 179.74402098358453.
07:27:37 INFO    autopilot  set heading value to 179.74362040853404.
07:27:37 INFO    autopilot  set heading value to 179.74127009281335.
07:27:37 INFO    autopilot  set heading value to 179.7433494898399.
07:27:37 INFO    autopilot  set heading value to 179.75344627591383.
07:27:38 INFO    autopilot  set heading value to 179.74559365884735.
07:27:38 INFO    autopilot  set heading value to 179.71337938370624.
07:27:38 INFO    autopilot  set heading value to 179.68655013064392.
07:27:39 INFO    autopilot  set heading value to 179.6468478278054.
07:27:39 INFO    autopilot  set heading value to 179.59752628155056.
07:27:39 INFO    autopilot  set heading value to 179.5718713251661.
07:27:39 INFO    autopilot  set heading value to 179.58905102774006.
07:27:40 INFO    autopilot  set heading value to 179.60882073321184.
07:27:40 INFO    autopilot  set heading value to 179.58835231590692.
07:27:40 INFO    autopilot  set heading value to 179.55465965453178.
07:27:40 INFO    autopilot  set heading value to 179.50873370801168.
07:27:41 INFO    autopilot  set heading value to 179.4603139728697.
07:27:41 INFO    autopilot  set heading value to 179.4285136816024.
07:27:41 INFO    autopilot  set heading value to 179.3947846500627.
07:27:41 INFO    autopilot  set heading value to 179.35792091729186.
07:27:42 INFO    autopilot  set heading value to 179.32578126883027.
07:27:42 INFO    autopilot  set heading value to 179.30036298293763.
07:27:42 INFO    autopilot  set heading value to 179.2895528631742.
07:27:42 INFO    autopilot  set heading value to 179.28381346913702.
07:27:43 INFO    autopilot  set heading value to 179.27439805525367.
07:27:43 INFO    autopilot  set heading value to 179.27278749929536.
07:27:43 INFO    autopilot  set heading value to 179.28144787061538.
07:27:43 INFO    autopilot  set heading value to 179.2844496659774.
07:27:44 INFO    autopilot  set heading value to 179.263768686302.
07:27:44 INFO    autopilot  set heading value to 179.23533558606547.
07:27:44 INFO    autopilot  set heading value to 179.21688136965912.
07:27:44 INFO    autopilot  set heading value to 179.2106094703346.
07:27:45 INFO    autopilot  set heading value to 179.21166062167362.
07:27:45 INFO    autopilot  set heading value to 179.21560822075463.
07:27:45 INFO    autopilot  set heading value to 179.22939999584008.
07:27:45 INFO    autopilot  set heading value to 179.2501897305672.
07:27:46 INFO    autopilot  set heading value to 179.2708812399321.
07:27:46 INFO    autopilot  set heading value to 179.28431845436285.
07:27:46 INFO    autopilot  set heading value to 179.29078747866254.
07:27:46 INFO    autopilot  set heading value to 179.2823407481256.
07:27:47 INFO    autopilot  set heading value to 179.2631452639865.
07:27:47 INFO    autopilot  set heading value to 179.25764560425714.
07:27:47 INFO    autopilot  set heading value to 179.26838267349981.
07:27:47 INFO    autopilot  set heading value to 179.29104438893032.
07:27:48 INFO    autopilot  set heading value to 179.30510045837926.
07:27:48 INFO    autopilot  set heading value to 179.30273204289696.
07:27:48 INFO    autopilot  set heading value to 179.30568032397235.
07:27:48 INFO    autopilot  set heading value to 179.32180939803953.
07:27:49 INFO    autopilot  set heading value to 179.34213463823627.
07:27:49 INFO    autopilot  set heading value to 179.3774356627182.
07:27:49 INFO    autopilot  set heading value to 179.41896513418675.
07:27:49 INFO    autopilot  set heading value to 179.4518721745134.
07:27:50 INFO    autopilot  set heading value to 179.46894418484422.
07:27:50 INFO    autopilot  set heading value to 179.47127349604315.
07:27:50 INFO    autopilot  set heading value to 179.47298382468506.
07:27:51 INFO    autopilot  set heading value to 179.47499932800136.
07:27:51 INFO    autopilot  set heading value to 179.48626837004332.
07:27:51 INFO    autopilot  set heading value to 179.5146518118311.
07:27:51 INFO    autopilot  set heading value to 179.5361565957571.
07:27:52 INFO    autopilot  set heading value to 179.56401917522092.
07:27:52 INFO    autopilot  set heading value to 179.6012981419532.
07:27:52 INFO    autopilot  set heading value to 179.6356202369406.
07:27:52 INFO    autopilot  set heading value to 179.65461278630752.
07:27:53 INFO    autopilot  set heading value to 179.6779523200777.
07:27:53 INFO    autopilot  set heading value to 179.70962037051942.
07:27:53 INFO    autopilot  set heading value to 179.736358869839.
07:27:53 INFO    autopilot  set heading value to 179.73922031899764.
07:27:54 INFO    autopilot  set heading value to 179.72549007265167.
07:27:54 INFO    autopilot  set heading value to 179.71335235285053.
07:27:54 INFO    autopilot  set heading value to 179.7122085158843.
07:27:54 INFO    autopilot  set heading value to 179.7100939439631.
07:27:55 INFO    autopilot  set heading value to 179.7021952015679.
07:27:55 INFO    autopilot  set heading value to 179.69602346248064.
07:27:55 INFO    autopilot  set heading value to 179.69169395249816.
07:27:55 INFO    autopilot  set heading value to 179.67342704470536.
07:27:56 INFO    autopilot  set heading value to 179.64825774165007.
07:27:56 INFO    autopilot  set heading value to 179.62560245781015.
07:27:56 INFO    autopilot  set heading value to 179.59174619334524.
07:27:56 INFO    autopilot  set heading value to 179.55647148264686.
07:27:57 INFO    autopilot  set heading value to 179.5289011921496.
07:27:57 INFO    autopilot  set heading value to 179.5074019893287.
07:27:57 INFO    autopilot  set heading value to 179.48621960161853.
07:27:57 INFO    autopilot  set heading value to 179.4758682778946.
07:27:58 INFO    autopilot  set heading value to 179.46809457703654.
07:27:58 INFO    autopilot  set heading value to 179.44994115496792.
07:27:58 INFO    autopilot  set heading value to 179.40608813637417.
07:27:58 INFO    autopilot  set heading value to 179.35252046504536.
07:27:59 INFO    autopilot  set heading value to 179.30613580464865.
07:27:59 INFO    autopilot  set heading value to 179.28313198136934.
07:27:59 INFO    autopilot  set heading value to 179.2798720820265.
07:28:00 INFO    autopilot  set heading value to 179.2982518536002.
07:28:00 INFO    autopilot  set heading value to 179.30751799361914.
07:28:00 INFO    autopilot  set heading value to 179.31558361638292.
07:28:00 INFO    autopilot  set heading value to 179.35031183236543.
07:28:01 INFO    autopilot  set heading value to 179.3994300460417.
07:28:01 INFO    autopilot  set heading value to 179.43254784072337.
07:28:01 INFO    autopilot  set heading value to 179.4477879176147.
07:28:01 INFO    autopilot  set heading value to 179.46176742541368.
07:28:02 INFO    autopilot  set heading value to 179.49224555586142.
07:28:02 INFO    autopilot  set heading value to 179.5334459715024.
07:28:02 INFO    autopilot  set heading value to 179.56726186154614.
07:28:02 INFO    autopilot  set heading value to 179.58787396508407.
07:28:03 INFO    autopilot  set heading value to 179.61083118279782.
07:28:03 INFO    autopilot  set heading value to 179.61960873220232.
07:28:03 INFO    autopilot  set heading value to 179.61459828096673.
07:28:03 INFO    autopilot  set heading value to 179.59470621817533.
07:28:04 INFO    autopilot  set heading value to 179.56451226541228.
07:28:04 INFO    autopilot  set heading value to 179.54259914104497.
07:28:04 INFO    autopilot  set heading value to 179.52168541787256.
07:28:04 INFO    autopilot  set heading value to 179.49214714547506.
07:28:05 INFO    autopilot  set heading value to 179.4581909912291.
07:28:05 INFO    autopilot  set heading value to 179.4282547519475.
07:28:05 INFO    autopilot  set heading value to 179.41210451926057.
07:28:05 INFO    autopilot  set heading value to 179.39478230931073.
07:28:06 INFO    autopilot  set heading value to 179.3822548156538.
07:28:06 INFO    autopilot  set heading value to 179.385419036471.
07:28:06 INFO    autopilot  set heading value to 179.3785894257469.
07:28:07 INFO    autopilot  set heading value to 179.36137223610885.
07:28:07 INFO    autopilot  set heading value to 179.34824153119746.
07:28:07 INFO    autopilot  set heading value to 179.35503538546345.
07:28:07 INFO    autopilot  set heading value to 179.37302495959474.
07:28:08 INFO    autopilot  set heading value to 179.3832568291558.
07:28:08 INFO    autopilot  set heading value to 179.40469261965322.
07:28:08 INFO    autopilot  set heading value to 179.4389844828743.
07:28:08 INFO    autopilot  set heading value to 179.47606004585023.
07:28:09 INFO    autopilot  set heading value to 179.5037241073489.
07:28:09 INFO    autopilot  set heading value to 179.53584506812976.
07:28:09 INFO    autopilot  set heading value to 179.57208178583937.
07:28:09 INFO    autopilot  set heading value to 179.60433991211835.
07:28:10 INFO    autopilot  set heading value to 179.61218269169973.
07:28:10 INFO    autopilot  set heading value to 179.60530318875206.
07:28:10 INFO    autopilot  set heading value to 179.58904513525377.
07:28:10 INFO    autopilot  set heading value to 179.5724837205565.
07:28:11 INFO    autopilot  set heading value to 179.53473026960089.
07:28:11 INFO    autopilot  set heading value to 179.47945018326948.
07:28:11 INFO    autopilot  set heading value to 179.42954161955885.
07:28:11 INFO    autopilot  set heading value to 179.39302287213096.
07:28:12 INFO    autopilot  set heading value to 179.3782746901389.
07:28:12 INFO    autopilot  set heading value to 179.38055413491213.
07:28:12 INFO    autopilot  set heading value to 179.38336593014606.
07:28:12 INFO    autopilot  set heading value to 179.38303354144642.
07:28:13 INFO    autopilot  set heading value to 179.378532386431.
07:28:13 INFO    autopilot  set heading value to 179.36754138532018.
07:28:13 INFO    autopilot  set heading value to 179.36575705571312.
07:28:13 INFO    autopilot  set heading value to 179.37367740164626.
07:28:14 INFO    autopilot  set heading value to 179.3879274253735.
07:28:14 INFO    autopilot  set heading value to 179.3988458148373.
07:28:14 INFO    autopilot  set heading value to 179.40077053361202.
07:28:14 INFO    autopilot  set heading value to 179.40440468093902.
07:28:15 INFO    autopilot  set heading value to 179.41504196931305.
07:28:15 INFO    autopilot  set heading value to 179.4210409400155.
07:28:15 INFO    autopilot  set heading value to 179.41321598696004.
07:28:15 INFO    autopilot  set heading value to 179.40805281892113.
07:28:16 INFO    autopilot  set heading value to 179.41570251739216.
07:28:16 INFO    autopilot  set heading value to 179.418345115988.
07:28:16 INFO    autopilot  set heading value to 179.4166154872905.
07:28:17 INFO    autopilot  set heading value to 179.4221650879982.
07:28:17 INFO    autopilot  Autopilot CSV log closed.
07:28:17 INFO    autopilot  Autopilot stopped.
07:28:17 INFO    CAN        Servo disabled
07:28:17 INFO    CAN        Sent CAN steering goal: 1475.0°  b881168000000000
07:28:17 ERROR   asyncio    Exception in callback Notifier._on_message_available()
handle: <Handle Notifier._on_message_available()>
Traceback (most recent call last):
  File "/usr/lib/python3.14/asyncio/events.py", line 94, in _run
    self._context.run(self._callback, *self._args)
    ~~~~~~~~~~~~~~~~~^^^^^^^^^^^^^^^^^^^^^^^^^^^^^
  File "/usr/lib/python3/dist-packages/can/notifier.py", line 252, in _on_message_available
    if msg := bus.recv(0):
              ~~~~~~~~^^^
  File "/usr/lib/python3/dist-packages/can/bus.py", line 121, in recv
    msg, already_filtered = self._recv_internal(timeout=time_left)
                            ~~~~~~~~~~~~~~~~~~~^^^^^^^^^^^^^^^^^^^
  File "/usr/lib/python3/dist-packages/can/interfaces/socketcan/socketcan.py", line 827, in _recv_internal
    ready_receive_sockets, _, _ = select.select([self.socket], [], [], timeout)
                                  ~~~~~~~~~~~~~^^^^^^^^^^^^^^^^^^^^^^^^^^^^^^^^
ValueError: file descriptor cannot be a negative integer (-1)
