09:13:44 INFO    can.interfaces.socketcan.socketcan Created a socket
09:13:44 INFO    canlink    CAN bus open: socketcan:can0 @ 250000
09:13:44 INFO    autopilot  Autopilot CSV log initialized at logs/autopilot_log_20260726_091344.csv
09:13:44 INFO    autopilot  Autopilot run thread started.
09:13:44 ERROR   asyncio    Exception in callback Notifier._on_message_available()
handle: <Handle Notifier._on_message_available()>
Traceback (most recent call last):
  File "/usr/lib/python3/dist-packages/can/interfaces/socketcan/socketcan.py", line 623, in capture_message
    cf, ancillary_data, msg_flags, addr = sock.recvmsg(
                                          ~~~~~~~~~~~~^
        constants.CANFD_MTU, RECEIVED_ANCILLARY_BUFFER_SIZE
        ^^^^^^^^^^^^^^^^^^^^^^^^^^^^^^^^^^^^^^^^^^^^^^^^^^^
    )
    ^
OSError: [Errno 100] Network is down

The above exception was the direct cause of the following exception:

Traceback (most recent call last):
  File "/usr/lib/python3.14/asyncio/events.py", line 94, in _run
    self._context.run(self._callback, *self._args)
    ~~~~~~~~~~~~~~~~~^^^^^^^^^^^^^^^^^^^^^^^^^^^^^
  File "/usr/lib/python3/dist-packages/can/notifier.py", line 252, in _on_message_available
    if msg := bus.recv(0):
              ~~~~~~~~^^^
  File "/usr/lib/python3/dist-packages/can/bus.py", line 121, in recv
    msg, already_filtered = self._recv_internal(timeout=time_left)
                            ~~~~~~~~~~~~~~~~~~~^^^^^^^^^^^^^^^^^^^
  File "/usr/lib/python3/dist-packages/can/interfaces/socketcan/socketcan.py", line 836, in _recv_internal
    msg = capture_message(self.socket, get_channel)
  File "/usr/lib/python3/dist-packages/can/interfaces/socketcan/socketcan.py", line 631, in capture_message
    raise can.CanOperationError(
        f"Error receiving: {error.strerror}", error.errno
    ) from error
can.exceptions.CanOperationError: Error receiving: Network is down [Error Code 100]
09:14:14 INFO    autopilot  Autopilot CSV log closed.
09:14:14 INFO    autopilot  Autopilot stopped.
09:14:14 INFO    CAN        Servo disabled
09:14:14 INFO    CAN        Sent CAN steering goal: 1475.0°  b881168000000000
09:14:14 ERROR   asyncio    Exception in callback Notifier._on_message_available()
handle: <Handle Notifier._on_message_available()>
Traceback (most recent call last):
  File "/usr/lib/python3.14/asyncio/events.py", line 94, in _run
    self._context.run(self._callback, *self._args)
    ~~~~~~~~~~~~~~~~~^^^^^^^^^^^^^^^^^^^^^^^^^^^^^
  File "/usr/lib/python3/dist-packages/can/notifier.py", line 252, in _on_message_available
    if msg := bus.recv(0):
              ~~~~~~~~^^^
  File "/usr/lib/python3/dist-packages/can/bus.py", line 121, in recv
    msg, already_filtered = self._recv_internal(timeout=time_left)
                            ~~~~~~~~~~~~~~~~~~~^^^^^^^^^^^^^^^^^^^
  File "/usr/lib/python3/dist-packages/can/interfaces/socketcan/socketcan.py", line 827, in _recv_internal
    ready_receive_sockets, _, _ = select.select([self.socket], [], [], timeout)
                                  ~~~~~~~~~~~~~^^^^^^^^^^^^^^^^^^^^^^^^^^^^^^^^
ValueError: file descriptor cannot be a negative integer (-1)
