11:39:07 INFO    can.interfaces.socketcan.socketcan Created a socket
11:39:07 INFO    canlink    CAN bus open: socketcan:can0 @ 250000
11:39:07 INFO    autopilot  Autopilot CSV log initialized at logs/autopilot_log_20260725_113907.csv
11:39:07 INFO    autopilot  Autopilot run thread started.
11:39:07 INFO    autopilot  set heading value to 0.0.
11:39:07 INFO    autopilot  set heading value to 0.0.
11:39:07 INFO    autopilot  set heading value to 359.987552312809.
11:39:07 INFO    autopilot  set heading value to 359.9757423072883.
11:39:08 INFO    autopilot  set heading value to 359.95413959774766.
11:39:08 INFO    autopilot  set heading value to 359.9238645850867.
11:39:08 INFO    autopilot  set heading value to 359.90957702904876.
11:39:08 INFO    autopilot  set heading value to 359.89950516795597.
11:39:09 INFO    autopilot  set heading value to 359.88485282260666.
11:39:09 INFO    autopilot  set heading value to 359.87110348619694.
11:39:09 INFO    autopilot  set heading value to 359.8565817394654.
11:39:09 INFO    autopilot  set heading value to 359.8401228558945.
11:39:10 INFO    autopilot  set heading value to 359.82739153765857.
11:39:10 INFO    autopilot  set heading value to 359.8281438423135.
11:39:10 INFO    autopilot  set heading value to 359.8281253144435.
11:39:10 INFO    autopilot  set heading value to 359.83195411517676.
11:39:11 INFO    autopilot  set heading value to 359.8570109734524.
11:39:11 INFO    autopilot  set heading value to 359.89164488394727.
11:39:11 INFO    autopilot  set heading value to 359.9195479382947.
11:39:11 INFO    autopilot  set heading value to 359.9495552102661.
11:39:12 INFO    autopilot  set heading value to 359.9822788850729.
11:39:12 INFO    autopilot  set heading value to 0.005140474442343881.
11:39:12 INFO    autopilot  set heading value to 0.0034250471547897995.
11:39:12 INFO    autopilot  set heading value to 359.981500033383.
11:39:13 INFO    autopilot  set heading value to 359.96216395524226.
11:39:13 INFO    autopilot  set heading value to 359.94502593419065.
11:39:13 INFO    autopilot  set heading value to 359.92434378298736.
11:39:13 INFO    autopilot  set heading value to 359.91096260001075.
11:39:14 INFO    autopilot  set heading value to 359.91188949200017.
11:39:14 INFO    autopilot  set heading value to 359.92073864130896.
11:39:14 INFO    autopilot  set heading value to 359.93060475609013.
11:39:14 INFO    autopilot  set heading value to 359.9404815014145.
11:39:15 INFO    autopilot  set heading value to 0.015567186785665175.
11:39:15 INFO    autopilot  set heading value to 0.05614575262489978.
11:39:15 INFO    autopilot  set heading value to 0.076992450067064.
11:39:15 INFO    autopilot  set heading value to 0.08842609510571392.
11:39:16 INFO    autopilot  set heading value to 0.09214477776156353.
11:39:16 INFO    autopilot  set heading value to 0.08326493736626459.
11:39:16 INFO    autopilot  set heading value to 0.06575105825643258.
11:39:16 INFO    autopilot  set heading value to 0.05365288810957246.
11:39:17 INFO    autopilot  set heading value to 0.046681947201073666.
11:39:17 INFO    autopilot  set heading value to 0.03183786243878249.
11:39:17 INFO    autopilot  set heading value to 0.017216308752952783.
11:39:17 INFO    autopilot  set heading value to 0.008083126873088865.
11:39:18 INFO    autopilot  set heading value to 0.0030571870042270686.
11:39:18 INFO    autopilot  set heading value to 359.99904947623907.
11:39:18 INFO    autopilot  set heading value to 0.007098467799593711.
11:39:18 INFO    autopilot  set heading value to 0.01925940384369809.
11:39:19 INFO    autopilot  set heading value to 0.014772981182138625.
11:39:19 INFO    autopilot  set heading value to 359.99312640913735.
11:39:19 INFO    autopilot  set heading value to 359.97451420298984.
11:39:19 INFO    autopilot  set heading value to 359.96169513730587.
11:39:20 INFO    autopilot  set heading value to 359.9324102379015.
11:39:20 INFO    autopilot  set heading value to 359.90816046643.
11:39:20 INFO    autopilot  set heading value to 359.8923678092667.
11:39:21 INFO    autopilot  set heading value to 359.880076469153.
11:39:21 INFO    autopilot  set heading value to 359.8736963982275.
11:39:21 INFO    autopilot  set heading value to 359.88459925799657.
11:39:21 INFO    autopilot  set heading value to 359.91660949244107.
11:39:22 INFO    autopilot  set heading value to 359.94531113820415.
11:39:22 INFO    autopilot  set heading value to 359.9723879629986.
11:39:22 INFO    autopilot  set heading value to 359.99474395551556.
11:39:22 INFO    autopilot  set heading value to 0.010385281047670347.
11:39:23 INFO    autopilot  set heading value to 0.03653933367330055.
11:39:23 INFO    autopilot  set heading value to 0.058256839100230745.
11:39:23 INFO    autopilot  set heading value to 0.06392267606401965.
11:39:23 INFO    autopilot  set heading value to 0.06690412831612616.
11:39:24 INFO    autopilot  set heading value to 0.07376991762881077.
11:39:24 INFO    autopilot  set heading value to 0.07076345915987982.
11:39:24 INFO    autopilot  set heading value to 0.05541795068599163.
11:39:24 INFO    autopilot  set heading value to 0.037544160484491315.
11:39:25 INFO    autopilot  set heading value to 0.009193776448408022.
11:39:25 INFO    autopilot  set heading value to 359.973080369432.
11:39:25 INFO    autopilot  set heading value to 359.9378414727176.
11:39:25 INFO    autopilot  set heading value to 359.89702989105547.
11:39:26 INFO    autopilot  set heading value to 359.8731460712147.
11:39:26 INFO    autopilot  set heading value to 359.84317680579875.
11:39:26 INFO    autopilot  set heading value to 359.8111210668533.
11:39:26 INFO    autopilot  set heading value to 359.77819624407346.
11:39:27 INFO    autopilot  set heading value to 359.7454925019538.
11:39:27 INFO    autopilot  set heading value to 359.7046261010404.
11:39:27 INFO    autopilot  set heading value to 359.67722480567517.
11:39:27 INFO    autopilot  set heading value to 359.6516969397236.
11:39:28 INFO    autopilot  set heading value to 359.63009605208674.
11:39:28 INFO    CAN        Servo enabled
11:39:28 INFO    CAN        Sent CAN steering goal: 1475.0°  b881168045ffffff
11:39:28 INFO    autopilot  set heading value to 359.60942734983956.
11:39:28 INFO    autopilot  set heading value to 359.58934082239466.
11:39:28 INFO    autopilot  set heading value to 359.5594240966206.
11:39:29 INFO    autopilot  set heading value to 359.55120300877536.
11:39:29 INFO    autopilot  set heading value to 359.5601070813791.
11:39:29 INFO    autopilot  set heading value to 359.58275123247483.
11:39:29 INFO    autopilot  set heading value to 359.6092511852401.
11:39:30 INFO    autopilot  set heading value to 359.6357898074147.
11:39:30 INFO    autopilot  set heading value to 359.64545730459116.
11:39:30 INFO    CAN        Sent CAN steering goal: 1485.0°  c8a8168045ffffff
11:39:30 INFO    autopilot  set heading value to 359.6458291525057.
11:39:30 INFO    CAN        Sent CAN steering goal: 1495.0°  d8cf168045ffffff
11:39:30 INFO    autopilot  set heading value to 359.6494370581104.
11:39:30 INFO    CAN        Sent CAN steering goal: 1505.0°  e8f6168045ffffff
11:39:31 INFO    CAN        Sent CAN steering goal: 1515.0°  f81d178045ffffff
11:39:31 INFO    autopilot  set heading value to 359.6444256393571.
11:39:31 INFO    CAN        Sent CAN steering goal: 1525.0°  0845178045ffffff
11:39:31 INFO    CAN        Sent CAN steering goal: 1535.0°  186c178045ffffff
11:39:31 INFO    autopilot  set heading value to 359.6364843018015.
11:39:31 INFO    autopilot  set heading value to 359.6300502589493.
11:39:31 INFO    CAN        Sent CAN steering goal: 1545.0°  2893178045ffffff
11:39:31 INFO    autopilot  set heading value to 359.6238742014801.
11:39:31 INFO    CAN        Sent CAN steering goal: 1555.0°  38ba178045ffffff
11:39:32 INFO    CAN        Sent CAN steering goal: 1565.0°  48e1178045ffffff
11:39:32 INFO    autopilot  set heading value to 359.6176814062211.
11:39:32 INFO    autopilot  set heading value to 359.63765467463196.
11:39:32 INFO    CAN        Sent CAN steering goal: 1575.0°  5808188045ffffff
11:39:32 INFO    autopilot  set heading value to 359.6532031893127.
11:39:32 INFO    CAN        Sent CAN steering goal: 1585.0°  682f188045ffffff
11:39:32 INFO    autopilot  set heading value to 359.6684466042135.
11:39:33 INFO    CAN        Sent CAN steering goal: 1575.0°  5808188045ffffff
11:39:33 INFO    autopilot  set heading value to 359.6837485715816.
11:39:33 INFO    CAN        Sent CAN steering goal: 1565.0°  48e1178045ffffff
11:39:33 INFO    autopilot  set heading value to 359.67416429843826.
11:39:33 INFO    CAN        Sent CAN steering goal: 1555.0°  38ba178045ffffff
11:39:33 INFO    autopilot  set heading value to 359.65330489689893.
11:39:33 INFO    CAN        Sent CAN steering goal: 1545.0°  2893178045ffffff
11:39:33 INFO    autopilot  set heading value to 359.61768574165626.
11:39:34 INFO    CAN        Sent CAN steering goal: 1535.0°  186c178045ffffff
11:39:34 INFO    autopilot  set heading value to 359.59778918619446.
11:39:34 INFO    autopilot  set heading value to 359.5860358795408.
11:39:34 INFO    CAN        Sent CAN steering goal: 1525.0°  0845178045ffffff
11:39:34 INFO    autopilot  set heading value to 359.5746654556288.
11:39:34 INFO    autopilot  set heading value to 359.5897034405965.
11:39:35 INFO    CAN        Sent CAN steering goal: 1515.0°  f81d178045ffffff
11:39:35 INFO    autopilot  set heading value to 359.5996766495487.
11:39:35 INFO    autopilot  set heading value to 359.6019110725082.
11:39:35 INFO    CAN        Sent CAN steering goal: 1505.0°  e8f6168045ffffff
11:39:35 INFO    autopilot  set heading value to 359.60692005458907.
11:39:35 INFO    autopilot  set heading value to 359.61407812806357.
11:39:35 INFO    CAN        Sent CAN steering goal: 1515.0°  f81d178045ffffff
11:39:36 INFO    autopilot  set heading value to 359.62123540765015.
11:39:36 INFO    autopilot  set heading value to 359.6285821889619.
11:39:36 INFO    autopilot  set heading value to 359.6357384439581.
11:39:36 INFO    autopilot  set heading value to 359.6164199160358.
11:39:37 INFO    autopilot  set heading goal to 1.0.
11:39:37 INFO    autopilot  set heading value to 359.6797729422575.
11:39:37 INFO    autopilot  set heading goal to 2.0.
11:39:37 INFO    autopilot  set heading goal to 3.0.
11:39:37 INFO    autopilot  set heading value to 359.7201761654067.
11:39:37 INFO    autopilot  set heading goal to 4.0.
11:39:37 INFO    autopilot  set heading value to 359.75944965514867.
11:39:37 INFO    autopilot  set heading goal to 5.0.
11:39:37 INFO    autopilot  set heading goal to 6.0.
11:39:38 INFO    autopilot  set heading value to 359.7986586301776.
11:39:38 INFO    autopilot  set heading goal to 7.0.
11:39:38 INFO    autopilot  set heading goal to 8.0.
11:39:38 INFO    autopilot  set heading value to 359.83828912863135.
11:39:38 INFO    autopilot  set heading value to 359.7933854072164.
11:39:38 INFO    autopilot  set heading goal to 9.0.
11:39:38 INFO    autopilot  set heading goal to 10.0.
11:39:38 INFO    autopilot  set heading value to 359.79910901903224.
11:39:38 INFO    autopilot  set heading goal to 11.0.
11:39:39 INFO    autopilot  set heading value to 359.8048481754444.
11:39:39 INFO    autopilot  set heading value to 359.81060291934557.
11:39:39 INFO    autopilot  set heading goal to 12.0.
11:39:39 INFO    autopilot  set heading value to 359.81650771531764.
11:39:39 INFO    autopilot  set heading goal to 13.0.
11:39:39 INFO    autopilot  set heading value to 359.82227141152964.
11:39:39 INFO    autopilot  set heading goal to 14.0.
11:39:39 INFO    autopilot  set heading goal to 15.0.
11:39:40 INFO    autopilot  set heading value to 359.7412569124081.
11:39:40 INFO    autopilot  set heading goal to 16.0.
11:39:40 INFO    autopilot  set heading value to 359.7307041529351.
11:39:40 INFO    autopilot  set heading goal to 17.0.
11:39:40 INFO    autopilot  set heading value to 359.71277836998814.
11:39:40 INFO    autopilot  set heading value to 359.69536796401457.
11:39:41 INFO    autopilot  set heading value to 359.6779609699328.
11:39:41 INFO    autopilot  set heading value to 359.6605760460113.
11:39:41 INFO    autopilot  set heading value to 359.74099305131597.
11:39:41 INFO    autopilot  set heading value to 359.8004688441268.
11:39:42 INFO    autopilot  set heading value to 359.84522613581015.
11:39:42 INFO    autopilot  set heading value to 359.88981703469096.
11:39:42 INFO    autopilot  set heading value to 359.935670621112.
11:39:42 INFO    autopilot  set heading value to 359.98026063041834.
11:39:43 INFO    autopilot  set heading value to 359.91594616664975.
11:39:43 INFO    autopilot  set heading value to 359.9158462180845.
11:39:43 INFO    autopilot  set heading value to 359.9164922808814.
11:39:43 INFO    autopilot  set heading value to 359.917115000058.
11:39:44 INFO    autopilot  set heading value to 359.9467084000675.
11:39:44 INFO    autopilot  set heading value to 359.9897618416328.
11:39:44 INFO    autopilot  set heading value to 0.0305486830857213.
11:39:44 INFO    autopilot  set heading value to 0.0701691397809871.
11:39:45 INFO    autopilot  set heading value to 0.10964541804829943.
11:39:45 INFO    autopilot  set heading value to 0.14936477740024706.
11:39:45 INFO    autopilot  set heading value to 0.19007979178180476.
11:39:45 INFO    autopilot  set heading value to 0.22953187803237476.
11:39:46 INFO    autopilot  set heading value to 0.11265992978807757.
11:39:46 INFO    autopilot  set heading value to 0.09907353215457575.
11:39:46 INFO    autopilot  set heading value to 0.08921157404161202.
11:39:46 INFO    autopilot  set heading value to 0.07972709303234625.
11:39:47 INFO    autopilot  set heading value to 0.07018775028367143.
11:39:47 INFO    autopilot  set heading value to 0.06067570389569636.
11:39:47 INFO    autopilot  set heading value to 0.009918263080868954.
11:39:47 INFO    autopilot  set heading value to 0.005679053451394415.
11:39:48 INFO    autopilot  set heading value to 359.99320175966966.
11:39:48 INFO    autopilot  set heading value to 359.9807169612087.
11:39:48 INFO    autopilot  set heading value to 359.9678661525508.
11:39:48 INFO    autopilot  set heading value to 359.9553511931045.
11:39:49 INFO    autopilot  set heading value to 359.8582975073874.
11:39:49 INFO    autopilot  set heading value to 359.83056215382624.
11:39:49 INFO    autopilot  set heading value to 359.79493136446507.
11:39:49 INFO    autopilot  set heading value to 359.7603717266461.
11:39:50 INFO    autopilot  set heading value to 359.7257607473012.
11:39:50 INFO    autopilot  set heading value to 359.69113001869204.
11:39:50 INFO    autopilot  set heading value to 359.7306493457924.
11:39:50 INFO    autopilot  set heading value to 359.7309446583431.
11:39:51 INFO    autopilot  set heading value to 359.7291505297069.
11:39:51 INFO    autopilot  set heading value to 359.7273582977403.
11:39:51 INFO    autopilot  set heading value to 359.7255139260858.
11:39:51 INFO    autopilot  set heading value to 359.72370984248755.
11:39:52 INFO    autopilot  set heading value to 359.72191472635717.
11:39:52 INFO    autopilot  set heading value to 359.7201186329482.
11:39:52 INFO    autopilot  set heading value to 359.7182743276942.
11:39:52 INFO    autopilot  set heading value to 359.716478174695.
11:39:53 INFO    autopilot  set heading value to 359.7146870885621.
11:39:53 INFO    autopilot  set heading value to 359.71289515114114.
11:39:53 INFO    autopilot  set heading value to 359.4961034467883.
11:39:53 INFO    autopilot  set heading value to 359.43386883001114.
11:39:54 INFO    autopilot  set heading value to 359.4227696743188.
11:39:54 INFO    autopilot  set heading value to 359.39543223263234.
11:39:54 INFO    autopilot  set heading value to 359.38282293170306.
11:39:54 INFO    autopilot  set heading value to 359.3573009842091.
11:39:55 INFO    autopilot  set heading value to 359.3160081475567.
11:39:55 INFO    autopilot  set heading value to 359.2772605190436.
11:39:55 INFO    autopilot  set heading value to 359.25036399862915.
11:39:56 INFO    autopilot  set heading value to 359.2203967416807.
11:39:56 INFO    autopilot  set heading value to 359.18943101849936.
11:39:56 INFO    autopilot  set heading value to 359.15683944097583.
11:39:56 INFO    autopilot  set heading value to 359.11699869835104.
11:39:57 INFO    autopilot  set heading value to 359.0784266840768.
11:39:57 INFO    autopilot  set heading value to 359.0446824910473.
11:39:57 INFO    autopilot  set heading value to 359.01186892988886.
11:39:57 INFO    autopilot  set heading value to 358.96685541103665.
11:39:58 INFO    autopilot  set heading value to 358.93551293838294.
11:39:58 INFO    autopilot  set heading value to 358.91476465415735.
11:39:58 INFO    autopilot  set heading value to 358.90146748096623.
11:39:58 INFO    autopilot  set heading value to 358.9025561190953.
11:39:59 INFO    autopilot  set heading value to 358.92242502325615.
11:39:59 INFO    autopilot  set heading value to 358.9395369997719.
11:39:59 INFO    autopilot  set heading value to 358.9460617228343.
11:39:59 INFO    autopilot  set heading value to 358.955052158629.
11:40:00 INFO    autopilot  set heading value to 358.97995360547264.
11:40:00 INFO    autopilot  set heading value to 359.00932099688407.
11:40:00 INFO    autopilot  set heading value to 359.03447930732716.
11:40:00 INFO    autopilot  set heading value to 359.0457871604615.
11:40:01 INFO    autopilot  set heading value to 359.04495392840766.
11:40:01 INFO    autopilot  set heading value to 359.03453300294126.
11:40:01 INFO    autopilot  set heading value to 359.0119866555754.
11:40:01 INFO    autopilot  set heading value to 358.9788314113305.
11:40:02 INFO    autopilot  set heading value to 358.95396812553315.
11:40:02 INFO    autopilot  set heading value to 358.94397722672414.
11:40:02 INFO    tornado.access 304 GET / (127.0.0.1) 26.75ms
11:40:02 INFO    autopilot  set heading value to 358.94153373433545.
11:40:02 INFO    tornado.access 304 GET /static/js/socket.io.min.js (127.0.0.1) 21.36ms
11:40:02 INFO    tornado.access 304 GET /static/js/compass.js (127.0.0.1) 4.17ms
11:40:02 INFO    tornado.access 200 GET /static/images/RedPortArrowLabeled.png (127.0.0.1) 7.52ms
11:40:02 INFO    tornado.access 200 GET /static/images/GreenStarboardArrowLabeled.png (127.0.0.1) 11.07ms
11:40:02 INFO    tornado.access 101 GET /ws (127.0.0.1) 1.87ms
11:40:02 INFO    tornado.access 304 GET /static/images/boat.png (127.0.0.1) 62.52ms
11:40:02 INFO    autopilot  set heading goal to 0.0.
11:40:02 INFO    autopilot  set heading value to 358.93436731873163.
11:40:03 INFO    autopilot  set heading value to 358.9434023808922.
11:40:03 INFO    autopilot  set heading value to 358.9562607060559.
11:40:03 INFO    autopilot  set heading value to 358.9633596217536.
11:40:03 INFO    autopilot  set heading value to 358.9698162848295.
11:40:04 INFO    autopilot  set heading value to 358.9712475423895.
11:40:04 INFO    autopilot  set heading value to 358.9595278468542.
11:40:04 INFO    autopilot  set heading value to 358.93290207192956.
11:40:04 INFO    autopilot  set heading value to 358.90709845242156.
11:40:05 INFO    autopilot  set heading value to 358.9045317106586.
11:40:05 INFO    autopilot  set heading value to 358.9117631024562.
11:40:05 INFO    autopilot  set heading value to 358.9189975797739.
11:40:05 INFO    autopilot  set heading value to 358.92657617125803.
11:40:06 INFO    autopilot  set heading value to 358.93381214002443.
11:40:06 INFO    autopilot  set heading value to 358.92620256394054.
11:40:06 INFO    autopilot  set heading value to 358.9203571561042.
11:40:07 INFO    autopilot  set heading value to 358.91666140485785.
11:40:07 INFO    autopilot  set heading value to 358.9131845761402.
11:40:07 INFO    autopilot  set heading value to 358.90974877224903.
11:40:07 INFO    autopilot  set heading value to 358.90636627214275.
11:40:08 INFO    autopilot  set heading value to 358.87381554447774.
11:40:08 INFO    autopilot  set heading value to 358.86258439854777.
11:40:08 INFO    autopilot  set heading value to 358.85817344406485.
11:40:08 INFO    autopilot  set heading value to 358.83651490895346.
11:40:09 INFO    autopilot  set heading value to 358.8091624094451.
11:40:09 INFO    autopilot  set heading goal to 1.130979735825296.
11:40:09 INFO    autopilot  set heading goal to 4.005711357072963.
11:40:09 INFO    autopilot  set heading value to 358.7827496837082.
11:40:09 INFO    autopilot  set heading goal to 5.5593680498246565.
11:40:09 INFO    autopilot  set heading goal to 6.924550692217501.
11:40:09 INFO    autopilot  set heading goal to 8.161448645369314.
11:40:09 INFO    autopilot  set heading goal to 10.551383940011938.
11:40:09 INFO    autopilot  set heading goal to 11.118107299246095.
11:40:09 INFO    autopilot  set heading goal to 14.057953506119738.
11:40:09 INFO    autopilot  set heading goal to 14.73560191264199.
11:40:09 INFO    autopilot  set heading goal to 17.35001478547402.
11:40:09 INFO    autopilot  set heading goal to 20.147510447839743.
11:40:09 INFO    autopilot  set heading goal to 21.560675372549774.
11:40:09 INFO    autopilot  set heading goal to 24.37393663796291.
11:40:09 INFO    autopilot  set heading goal to 27.062400917871674.
11:40:09 INFO    autopilot  set heading goal to 29.050290412411037.
11:40:09 INFO    autopilot  set heading goal to 31.584239715029174.
11:40:09 INFO    autopilot  set heading value to 358.81340791175967.
11:40:09 INFO    autopilot  set heading goal to 32.13725199853758.
11:40:09 INFO    autopilot  set heading goal to 34.448951512075254.
11:40:09 INFO    autopilot  set heading goal to 35.00478436119108.
11:40:09 INFO    autopilot  set heading goal to 36.452144828775886.
11:40:09 INFO    autopilot  set heading goal to 37.699053372347514.
11:40:09 INFO    autopilot  set heading goal to 39.440055704034066.
11:40:09 INFO    autopilot  set heading goal to 40.52840225761252.
11:40:09 INFO    autopilot  set heading goal to 41.160618942199434.
11:40:09 INFO    autopilot  set heading goal to 42.337372448878014.
11:40:09 INFO    autopilot  set heading goal to 43.128675846027086.
11:40:09 INFO    autopilot  set heading goal to 44.00671926689879.
11:40:09 INFO    autopilot  set heading goal to 44.727244361216606.
11:40:09 INFO    autopilot  set heading goal to 45.37110531374794.
11:40:09 INFO    autopilot  set heading goal to 45.85510033534038.
11:40:09 INFO    autopilot  set heading value to 358.8009775847779.
11:40:09 INFO    autopilot  set heading goal to 46.50446010110172.
11:40:09 INFO    autopilot  set heading goal to 46.58754518789504.
11:40:09 INFO    autopilot  set heading goal to 47.07315307617008.
11:40:09 INFO    autopilot  set heading goal to 47.15710798162717.
11:40:09 INFO    autopilot  set heading goal to 47.24129168339239.
11:40:10 INFO    autopilot  set heading goal to 47.22443686900368.
11:40:10 INFO    autopilot  set heading goal to 47.04016923121972.
11:40:10 INFO    autopilot  set heading value to 358.80075753235406.
11:40:10 INFO    autopilot  set heading value to 358.80001617265197.
11:40:10 INFO    autopilot  set heading value to 358.79757621006496.
11:40:10 INFO    autopilot  set heading value to 358.79516810718474.
11:40:11 INFO    autopilot  set heading value to 358.7954382236699.
11:40:11 INFO    autopilot  set heading value to 358.79528557679504.
11:40:11 INFO    autopilot  set heading value to 358.7951955033846.
11:40:11 INFO    autopilot  set heading value to 358.7828735661713.
11:40:12 INFO    autopilot  set heading value to 358.7640816127964.
11:40:12 INFO    autopilot  set heading value to 358.7462512716213.
11:40:12 INFO    autopilot  set heading value to 358.79572824927476.
11:40:12 INFO    autopilot  set heading value to 358.82409775284947.
11:40:13 INFO    autopilot  set heading value to 358.8699629187174.
11:40:13 INFO    autopilot  set heading value to 358.9078152285533.
11:40:13 INFO    autopilot  set heading value to 358.9455857288391.
11:40:13 INFO    autopilot  set heading value to 358.9791853778119.
11:40:14 INFO    autopilot  set heading value to 359.01560689783753.
11:40:14 INFO    autopilot  set heading value to 359.0658600379664.
11:40:14 INFO    autopilot  set heading value to 359.1231614744876.
11:40:14 INFO    autopilot  set heading value to 359.1804490491459.
11:40:15 INFO    autopilot  set heading value to 359.23546188532697.
11:40:15 INFO    autopilot  set heading value to 359.2720004812037.
11:40:15 INFO    autopilot  set heading value to 359.3014068933595.
11:40:15 INFO    autopilot  set heading value to 359.3305838243453.
11:40:16 INFO    autopilot  set heading value to 359.3845773504072.
11:40:16 INFO    autopilot  set heading value to 359.43427479382876.
11:40:16 INFO    autopilot  set heading value to 359.45919283405397.
11:40:16 INFO    autopilot  set heading value to 359.46745461509647.
11:40:17 INFO    autopilot  set heading value to 359.471143404075.
11:40:17 INFO    autopilot  set heading value to 359.4746657667957.
11:40:17 INFO    autopilot  set heading value to 359.454192734228.
11:40:18 INFO    autopilot  set heading value to 359.45819420055466.
11:40:18 INFO    autopilot  set heading value to 359.4624707645375.
11:40:18 INFO    autopilot  set heading value to 359.47235445618577.
11:40:18 INFO    autopilot  set heading value to 359.4819724195365.
11:40:19 INFO    autopilot  set heading value to 359.48244679151026.
11:40:19 INFO    autopilot  set heading value to 359.47974709357635.
11:40:19 INFO    autopilot  set heading value to 359.47661748324174.
11:40:19 INFO    autopilot  set heading value to 359.46530711664315.
11:40:20 INFO    autopilot  set heading value to 359.4445755845023.
11:40:20 INFO    autopilot  set heading value to 359.41429601065727.
11:40:20 INFO    autopilot  set heading value to 359.4006242748056.
11:40:20 INFO    autopilot  set heading value to 359.397294895406.
11:40:21 INFO    autopilot  set heading value to 359.40122810182777.
11:40:21 INFO    autopilot  set heading value to 359.40091903835525.
11:40:21 INFO    autopilot  set heading value to 359.3922752477643.
11:40:21 INFO    autopilot  set heading value to 359.35781158263643.
11:40:22 INFO    autopilot  set heading value to 359.3247653260672.
11:40:22 INFO    autopilot  set heading value to 359.30547576866877.
11:40:22 INFO    autopilot  set heading value to 359.3005153302435.
11:40:22 INFO    autopilot  set heading value to 359.31007115158644.
11:40:23 INFO    autopilot  set heading value to 359.3256597682748.
11:40:23 INFO    autopilot  set heading value to 359.34916535759317.
11:40:23 INFO    autopilot  set heading value to 359.3741696361622.
11:40:23 INFO    autopilot  set heading value to 359.4088357198461.
11:40:24 INFO    autopilot  set heading value to 359.4341754621543.
11:40:24 INFO    autopilot  set heading value to 359.4571654661487.
11:40:24 INFO    autopilot  set heading value to 359.499870269119.
11:40:24 INFO    autopilot  set heading value to 359.54781450650523.
11:40:25 INFO    autopilot  set heading value to 359.59740855520664.
11:40:25 INFO    autopilot  set heading value to 359.636362225092.
11:40:25 INFO    autopilot  set heading value to 359.65948431385135.
11:40:25 INFO    autopilot  set heading value to 359.6854128922786.
11:40:26 INFO    autopilot  set heading value to 359.69473328391086.
11:40:26 INFO    autopilot  set heading value to 359.69904441442463.
11:40:26 INFO    autopilot  set heading value to 359.6982209724984.
11:40:26 INFO    autopilot  set heading value to 359.67411908464226.
11:40:27 INFO    autopilot  set heading value to 359.64391307134736.
11:40:27 INFO    autopilot  set heading value to 359.6088029140676.
11:40:27 INFO    autopilot  set heading value to 359.5681874621945.
11:40:27 INFO    autopilot  set heading value to 359.54484791139555.
11:40:28 INFO    autopilot  set heading value to 359.5524580714551.
11:40:28 INFO    autopilot  set heading value to 359.570797070093.
11:40:28 INFO    autopilot  set heading value to 359.5700677326044.
11:40:29 INFO    autopilot  set heading value to 359.56080117476523.
11:40:29 INFO    autopilot  set heading value to 359.56215911435885.
11:40:29 INFO    autopilot  set heading value to 359.57979741668714.
11:40:29 INFO    autopilot  set heading value to 359.60741263956874.
11:40:30 INFO    autopilot  set heading value to 359.621851068978.
11:40:30 INFO    autopilot  set heading value to 359.61144694618645.
11:40:30 INFO    autopilot  set heading goal to 48.04016923121972.
11:40:30 INFO    autopilot  set heading value to 359.5903105143677.
11:40:30 INFO    autopilot  set heading value to 359.56462141124734.
11:40:31 INFO    autopilot  set heading value to 359.5211487549605.
11:40:31 INFO    autopilot  set heading goal to 49.04016923121972.
11:40:31 INFO    autopilot  set heading value to 359.47042963362276.
11:40:31 INFO    autopilot  set heading goal to 50.04016923121972.
11:40:31 INFO    autopilot  set heading value to 359.4169079297337.
11:40:31 INFO    autopilot  set heading value to 359.3660985063205.
11:40:32 INFO    autopilot  set heading value to 359.315293453912.
11:40:32 INFO    autopilot  set heading value to 359.39268414807617.
11:40:32 INFO    autopilot  set heading value to 359.3819957481585.
11:40:32 INFO    autopilot  set heading value to 359.3756665400321.
11:40:33 INFO    autopilot  set heading value to 359.36935409873684.
11:40:33 INFO    autopilot  set heading value to 359.3630654545652.
11:40:33 INFO    autopilot  set heading value to 359.3564694284025.
11:40:33 INFO    autopilot  set heading value to 359.35019124640036.
11:40:34 INFO    autopilot  set heading value to 359.3439083121109.
11:40:34 INFO    autopilot  set heading value to 359.4104432231027.
11:40:34 INFO    autopilot  set heading value to 359.3846472213069.
11:40:34 INFO    autopilot  set heading value to 359.3789527204957.
11:40:35 INFO    autopilot  set heading value to 359.37327867854435.
11:40:35 INFO    autopilot  set heading value to 359.36759959973983.
11:40:35 INFO    autopilot  set heading value to 359.3616383551317.
11:40:35 INFO    autopilot  set heading value to 359.2033760232955.
11:40:36 INFO    autopilot  set heading value to 359.2020549289485.
11:40:36 INFO    autopilot  set heading value to 359.17581989839914.
11:40:36 INFO    autopilot  set heading value to 359.1483120434546.
11:40:36 INFO    autopilot  set heading value to 359.1221710321411.
11:40:37 INFO    autopilot  set heading value to 359.09600509261.
11:40:37 INFO    autopilot  set heading value to 359.12668190485385.
11:40:37 INFO    autopilot  set heading value to 359.103685699402.
11:40:38 INFO    autopilot  set heading value to 359.07606379953137.
11:40:38 INFO    autopilot  set heading value to 359.0642662572736.
11:40:38 INFO    autopilot  set heading value to 359.0575239084239.
11:40:38 INFO    autopilot  set heading value to 359.0504778858741.
11:40:39 INFO    autopilot  set heading value to 359.0449206490033.
11:40:39 INFO    autopilot  set heading value to 359.067159103668.
11:40:39 INFO    autopilot  set heading value to 359.0856888908147.
11:40:39 INFO    autopilot  set heading value to 359.0944338227002.
11:40:40 INFO    autopilot  set heading value to 359.0978116334134.
11:40:40 INFO    autopilot  set heading value to 359.1011906075598.
11:40:40 INFO    autopilot  set heading value to 359.1007171172765.
11:40:40 INFO    autopilot  set heading value to 359.12749261955435.
11:40:41 INFO    autopilot  set heading value to 359.148567760068.
11:40:41 INFO    autopilot  set heading value to 359.1478238101949.
11:40:41 INFO    CAN        Servo disabled
11:40:41 INFO    CAN        Sent CAN steering goal: 1515.0°  f81d178000000000
11:40:41 INFO    autopilot  set heading value to 359.1377566703001.
11:40:41 INFO    autopilot  set heading value to 359.1270327129037.
11:40:42 INFO    autopilot  set heading value to 359.1553160549744.
11:40:42 INFO    autopilot  set heading value to 359.14428805560954.
11:40:42 INFO    autopilot  set heading value to 359.11955363987516.
11:40:42 INFO    autopilot  set heading value to 359.09708935123257.
11:40:43 INFO    autopilot  set heading value to 359.1004576411481.
11:40:43 INFO    autopilot  set heading value to 359.1118173730266.
11:40:43 INFO    autopilot  set heading value to 359.1240192822592.
11:40:43 INFO    autopilot  set heading value to 359.14181972604473.
11:40:44 INFO    autopilot  set heading value to 359.1622912186014.
11:40:44 INFO    autopilot  set heading value to 359.1864793111989.
11:40:44 INFO    autopilot  set heading value to 359.198399779742.
11:40:44 INFO    autopilot  set heading value to 359.1918570360535.
11:40:45 INFO    autopilot  set heading value to 359.18410907427716.
11:40:45 INFO    autopilot  set heading value to 359.1897054604607.
11:40:45 INFO    autopilot  set heading value to 359.20378861420943.
11:40:45 INFO    autopilot  set heading value to 359.21811744014633.
11:40:46 INFO    autopilot  set heading value to 359.2303085846768.
11:40:46 INFO    autopilot  set heading value to 359.23982165183935.
11:40:46 INFO    autopilot  set heading value to 359.2478888149427.
11:40:46 INFO    autopilot  set heading value to 359.2565193602052.
11:40:47 INFO    autopilot  set heading value to 359.242002364959.
11:40:47 INFO    autopilot  set heading value to 359.2470055043756.
11:40:47 INFO    autopilot  set heading value to 359.2492872590319.
11:40:48 INFO    autopilot  set heading value to 359.2550348977884.
11:40:48 INFO    autopilot  set heading value to 359.2641373747135.
11:40:48 INFO    autopilot  set heading value to 359.2813152230807.
11:40:48 INFO    autopilot  set heading value to 359.2988049054607.
11:40:49 INFO    autopilot  set heading value to 359.2918250905773.
11:40:49 INFO    autopilot  set heading value to 359.27397258830865.
11:40:49 INFO    autopilot  set heading value to 359.27980821015666.
11:40:49 INFO    autopilot  set heading value to 359.29826317658274.
11:40:50 INFO    autopilot  set heading value to 359.312396151878.
11:40:50 INFO    autopilot  set heading value to 359.3251511694867.
11:40:50 INFO    autopilot  set heading value to 359.32975236862217.
11:40:50 INFO    autopilot  set heading value to 359.31563726298714.
11:40:51 INFO    autopilot  set heading value to 359.288366326075.
11:40:51 INFO    autopilot  set heading value to 359.28123619921985.
11:40:51 INFO    autopilot  set heading value to 359.29641501844475.
11:40:51 INFO    autopilot  set heading value to 359.31994970757074.
11:40:52 INFO    autopilot  set heading value to 359.34735943609195.
11:40:52 INFO    autopilot  set heading value to 359.38358255768844.
11:40:52 INFO    autopilot  set heading value to 359.41865581065434.
11:40:52 INFO    autopilot  set heading value to 359.42850247008334.
11:40:53 INFO    autopilot  set heading value to 359.4162089168424.
11:40:53 INFO    autopilot  set heading value to 359.3874994748707.
11:40:53 INFO    autopilot  set heading value to 359.37771585911213.
11:40:53 INFO    autopilot  set heading value to 359.38900012392156.
11:40:54 INFO    autopilot  set heading value to 359.3958926929931.
11:40:54 INFO    autopilot  set heading value to 359.40130537376353.
11:40:54 INFO    autopilot  set heading value to 359.41484472231537.
11:40:54 INFO    autopilot  set heading value to 359.4363343863351.
11:40:55 INFO    autopilot  set heading value to 359.46493478034614.
11:40:55 INFO    autopilot  set heading value to 359.49210165317635.
11:40:55 INFO    autopilot  set heading value to 359.5123338486697.
11:40:55 INFO    autopilot  set heading value to 359.51831468821814.
11:40:56 INFO    autopilot  set heading value to 359.53040845996924.
11:40:56 INFO    autopilot  set heading value to 359.5670554373548.
11:40:56 INFO    autopilot  set heading value to 359.62885614127293.
11:40:56 INFO    autopilot  set heading value to 359.69748022340417.
11:40:57 INFO    autopilot  set heading value to 359.7533715292754.
11:40:57 INFO    autopilot  set heading value to 359.791531612772.
11:40:57 INFO    autopilot  set heading value to 359.8283204107176.
11:40:58 INFO    autopilot  set heading value to 359.86513886628154.
11:40:58 INFO    autopilot  set heading value to 359.9043767646249.
11:40:58 INFO    autopilot  set heading value to 359.9412159770448.
11:40:58 INFO    autopilot  set heading value to 359.97799364903744.
11:40:59 INFO    autopilot  set heading value to 0.014900382084470865.
11:40:59 INFO    autopilot  set heading value to 0.053063582907995684.
11:40:59 INFO    autopilot  set heading value to 0.08987720563612081.
11:40:59 INFO    autopilot  set heading value to 0.12659542331751839.
11:41:00 INFO    autopilot  set heading value to 0.16336669788714708.
11:41:00 INFO    autopilot  set heading value to 0.20245856809773202.
11:41:00 INFO    autopilot  set heading value to 0.2393085587846316.
11:41:00 INFO    autopilot  set heading value to 359.7815419834371.
11:41:01 INFO    CAN        Servo enabled
11:41:01 INFO    CAN        Sent CAN steering goal: 1515.0°  f81d178045ffffff
11:41:01 INFO    CAN        Sent CAN steering goal: 1525.0°  0845178045ffffff
11:41:01 INFO    autopilot  set heading value to 359.8226112948608.
11:41:01 INFO    autopilot  set heading value to 359.80377487634684.
11:41:01 INFO    autopilot  set heading value to 359.78629452611295.
11:41:01 INFO    autopilot  set heading value to 359.7688924229684.
11:41:02 INFO    autopilot  set heading value to 359.7512032487514.
11:41:02 INFO    autopilot  set heading value to 359.7360409336102.
11:41:02 INFO    autopilot  set heading value to 359.7382532759176.
11:41:02 INFO    autopilot  set heading value to 359.7325996526752.
11:41:03 INFO    autopilot  set heading value to 359.7269738434454.
11:41:03 INFO    autopilot  set heading value to 359.72109641256736.
11:41:03 INFO    autopilot  set heading value to 359.7154516501432.
11:41:03 INFO    autopilot  set heading value to 359.759413122549.
11:41:04 INFO    autopilot  set heading value to 359.7284305646922.
11:41:04 INFO    autopilot  set heading value to 359.71384402861725.
11:41:04 INFO    CAN        Sent CAN steering goal: 1515.0°  f81d178045ffffff
11:41:04 INFO    autopilot  set heading value to 359.70006060336294.
11:41:04 INFO    autopilot  set heading value to 359.6863224230554.
11:41:05 INFO    autopilot  set heading value to 359.6726012421438.
11:41:05 INFO    CAN        Sent CAN steering goal: 1505.0°  e8f6168045ffffff
11:41:05 INFO    autopilot  set heading value to 359.65277377692246.
11:41:05 INFO    autopilot  set heading value to 359.653707477578.
11:41:05 INFO    CAN        Sent CAN steering goal: 1495.0°  d8cf168045ffffff
11:41:05 INFO    autopilot  set heading value to 359.6739068794582.
11:41:06 INFO    CAN        Sent CAN steering goal: 1485.0°  c8a8168045ffffff
11:41:06 INFO    autopilot  set heading value to 359.70053426723405.
11:41:06 INFO    CAN        Sent CAN steering goal: 1475.0°  b881168045ffffff
11:41:06 INFO    autopilot  set heading value to 359.7305994364548.
11:41:06 INFO    CAN        Sent CAN steering goal: 1465.0°  a85a168045ffffff
11:41:06 INFO    autopilot  set heading value to 359.7595841339314.
11:41:06 INFO    autopilot  set heading value to 359.7747610951825.
11:41:07 INFO    CAN        Sent CAN steering goal: 1455.0°  9833168045ffffff
11:41:07 INFO    autopilot  set heading value to 359.7647220590749.
11:41:07 INFO    autopilot  set heading value to 359.7605466343767.
11:41:07 INFO    CAN        Sent CAN steering goal: 1445.0°  880c168045ffffff
11:41:07 INFO    autopilot  set heading value to 359.7539944137715.
11:41:08 INFO    autopilot  set heading value to 359.74584677436496.
11:41:08 INFO    CAN        Sent CAN steering goal: 1455.0°  9833168045ffffff
11:41:08 INFO    autopilot  set heading value to 359.7376737707946.
11:41:08 INFO    autopilot  set heading value to 359.68827074621163.
11:41:08 INFO    autopilot  set heading value to 359.66924281850817.
11:41:08 INFO    autopilot  set heading goal to 51.04016923121972.
11:41:09 INFO    autopilot  set heading goal to 52.04016923121972.
11:41:09 INFO    autopilot  set heading value to 359.6419567322876.
11:41:09 INFO    autopilot  set heading goal to 53.04016923121972.
11:41:09 INFO    autopilot  set heading value to 359.61296263385367.
11:41:09 INFO    autopilot  set heading goal to 54.04016923121972.
11:41:09 INFO    autopilot  set heading goal to 55.04016923121972.
11:41:09 INFO    autopilot  set heading value to 359.57437353033015.
11:41:09 INFO    autopilot  set heading goal to 56.04016923121972.
11:41:09 INFO    autopilot  set heading value to 359.5269561695616.
11:41:10 INFO    autopilot  set heading value to 359.4760398300776.
11:41:10 INFO    autopilot  set heading value to 359.4252215795288.
11:41:10 INFO    autopilot  set heading value to 359.4115059228763.
11:41:10 INFO    autopilot  set heading goal to 55.04016923121972.
11:41:10 INFO    autopilot  set heading goal to 54.04016923121972.
11:41:10 INFO    autopilot  set heading value to 359.3685079384902.
11:41:10 INFO    autopilot  set heading goal to 53.04016923121972.
11:41:11 INFO    autopilot  set heading value to 359.33054078511.
11:41:11 INFO    autopilot  set heading goal to 52.04016923121972.
11:41:11 INFO    autopilot  set heading value to 359.30690747564216.
11:41:11 INFO    autopilot  set heading value to 359.2931381684262.
11:41:11 INFO    autopilot  set heading value to 359.2781189293801.
11:41:12 INFO    autopilot  set heading value to 359.2560240563431.
11:41:12 INFO    autopilot  set heading value to 359.23653644336514.
11:41:12 INFO    autopilot  set heading value to 359.22786645429227.
11:41:12 INFO    autopilot  set heading value to 359.23718930116326.
11:41:13 INFO    autopilot  set heading value to 359.251905593609.
11:41:13 INFO    autopilot  set heading value to 359.26897695561854.
11:41:13 INFO    autopilot  set heading value to 359.2840732754319.
11:41:13 INFO    autopilot  set heading value to 359.29283311603245.
11:41:14 INFO    autopilot  set heading value to 359.31059342864785.
11:41:14 INFO    autopilot  set heading value to 359.32774378729937.
11:41:14 INFO    autopilot  set heading value to 359.3445016188685.
11:41:14 INFO    autopilot  set heading value to 359.3624227537951.
11:41:15 INFO    autopilot  set heading value to 359.37559186912.
11:41:15 INFO    autopilot  set heading value to 359.3884695618859.
11:41:15 INFO    autopilot  set heading value to 359.3961231248672.
11:41:15 INFO    autopilot  set heading value to 359.40613876421725.
11:41:16 INFO    autopilot  set heading value to 359.40875355047274.
11:41:16 INFO    autopilot  set heading value to 359.416614118044.
11:41:16 INFO    autopilot  set heading value to 359.4314480485422.
11:41:16 INFO    autopilot  set heading value to 359.4503039428555.
11:41:17 INFO    autopilot  set heading value to 359.46871963429334.
11:41:17 INFO    autopilot  set heading value to 359.4872177294038.
11:41:17 INFO    autopilot  set heading value to 359.51742535789833.
11:41:18 INFO    autopilot  set heading value to 359.5430266801094.
11:41:18 INFO    autopilot  set heading value to 359.54014324393495.
11:41:18 INFO    autopilot  set heading value to 359.5251463845191.
11:41:18 INFO    autopilot  set heading value to 359.5140057436372.
11:41:19 INFO    autopilot  set heading value to 359.4955718244923.
11:41:19 INFO    autopilot  set heading value to 359.4695056880288.
11:41:19 INFO    autopilot  set heading value to 359.45465574190064.
11:41:19 INFO    autopilot  set heading value to 359.4607802872122.
11:41:20 INFO    autopilot  set heading value to 359.46098610485643.
11:41:20 INFO    autopilot  set heading value to 359.4468682721122.
11:41:20 INFO    autopilot  set heading value to 359.40768748986557.
11:41:20 INFO    autopilot  set heading value to 359.35566075087723.
11:41:21 INFO    autopilot  set heading value to 359.31798225997073.
11:41:21 INFO    autopilot  set heading value to 359.2850615183152.
11:41:21 INFO    autopilot  set heading value to 359.2709947995014.
11:41:21 INFO    autopilot  set heading value to 359.2738427169271.
11:41:22 INFO    autopilot  set heading value to 359.26880238546414.
11:41:22 INFO    autopilot  set heading value to 359.25477903703927.
11:41:22 INFO    autopilot  set heading value to 359.24546174947466.
11:41:22 INFO    autopilot  set heading value to 359.2311301091341.
11:41:23 INFO    autopilot  set heading value to 359.2126747259049.
11:41:23 INFO    autopilot  set heading value to 359.2013742278092.
11:41:23 INFO    autopilot  set heading value to 359.190573504124.
11:41:23 INFO    autopilot  set heading value to 359.16920558249785.
11:41:24 INFO    autopilot  set heading value to 359.1423997900179.
11:41:24 INFO    autopilot  set heading value to 359.1208504631985.
11:41:24 INFO    autopilot  set heading value to 359.1144444482137.
11:41:24 INFO    autopilot  set heading value to 359.10640721836813.
11:41:25 INFO    autopilot  set heading value to 359.10032214766085.
11:41:25 INFO    autopilot  set heading value to 359.1015628006882.
11:41:25 INFO    autopilot  set heading value to 359.1033979778147.
11:41:25 INFO    autopilot  Autopilot CSV log closed.
11:41:25 INFO    autopilot  Autopilot stopped.
11:41:25 INFO    CAN        Servo disabled
11:41:25 INFO    CAN        Sent CAN steering goal: 1455.0°  9833168000000000
