(1785078528.832506) can0 18F01D21#B4241C8000D11580
(1785078528.832943) can0 09F112F8#FFFF1D0000FF7FFD
(1785078528.833007) can0 0CF00400#FF7D7F001200FFFF
(1785078528.833036) can0 19F10D13#0D70015B0284006C
(1785078528.833558) can0 0CF00400#FF7D7FC81100FFFF
(1785078528.833607) can0 0CF00400#FF7D7F901100FFFF
(1785078528.835072) can0 0CF00400#FF7D7F881100FFFF
(1785078528.835123) can0 0CF00400#FF7D7FA01100FFFF
(1785078528.835152) can0 18F01D21#4BF41B8000D11580
(1785078528.835173) can0 0CF00400#FF7D80C81100FFFF
(1785078528.835199) can0 19F10D13#0E73015B0284006A
(1785078528.835216) can0 0CF00400#FF7D80F81100FFFF
(1785078528.835848) can0 09F112F8#FFFF1D0000FF7FFD
(1785078528.835902) can0 0CF00400#FF7D80181200FFFF
(1785078528.835979) can0 0CF00400#FF7D80001200FFFF
(1785078528.837468) can0 0CF00400#FF7D80E01100FFFF
(1785078528.837510) can0 18F01D21#FAC61B8000D11580
(1785078528.837535) can0 0CF00400#FF7D80D01100FFFF
(1785078528.837561) can0 19F10D13#0F74015B02840069
(1785078528.837578) can0 0CF00400#FF7D80E81100FFFF
(1785078528.837593) can0 0CF00400#FF7D80F81100FFFF
(1785078528.838212) can0 0CF00400#FF7D80081200FFFF
(1785078528.838260) can0 09F8021C#2FFC520FAB00FFFF
(1785078528.838290) can0 09F8011C#A27C2718589D53C1
(1785078528.838312) can0 18FEE81C#3D0B30061E644581
(1785078528.838331) can0 09F112F8#FF041E0000FF7FFD
(1785078528.838349) can0 0CF00400#FF7D80301200FFFF
(1785078528.839069) can0 18F01D21#6B911B8000D11580
(1785078528.839126) can0 0CF00400#FF7D80601200FFFF
(1785078528.839178) can0 19F10D13#1076015B02840068
(1785078528.839212) can0 0CF00400#FF7D80901200FFFF
(1785078528.839683) can0 0CF00400#FF7D80C01200FFFF
(1785078528.841033) can0 0CF00400#FF7D80D01200FFFF
(1785078528.841088) can0 0CF00400#FF7D80C01200FFFF
(1785078528.841114) can0 18F01D21#56551B8000D11580
(1785078528.841133) can0 0CF00400#FF7D80B01200FFFF
(1785078528.841155) can0 09F112F8#FF0F1E0000FF7FFD
(1785078528.841169) can0 19F10D13#1179015B02840067
(1785078528.841183) can0 0CF00400#FF7D80A81200FFFF
(1785078528.841892) can0 0CF00400#FF7D80E81200FFFF
(1785078528.841945) can0 0CF00400#FF7D80101300FFFF
(1785078528.843482) can0 0CF00400#FF7D80301300FFFF
(1785078528.843529) can0 18F01D21#7A151B8000AC1480
(1785078528.843555) can0 0CF00400#FF7D80581300FFFF
(1785078528.843580) can0 19F10D13#127B015B02840066
(1785078528.843598) can0 0CF00400#FF7D80781300FFFF
(1785078528.843613) can0 0CF00400#FF7D80781300FFFF
(1785078528.844160) can0 09F112F8#FF131E0000FF7FFD
(1785078528.844205) can0 0CF00400#FF7D7F601300FFFF
(1785078528.844601) can0 0CF00400#FF7D7F681300FFFF
(1785078528.844651) can0 18F01D21#DFBB1A8000AC1480
(1785078528.845062) can0 0CF00400#FF7D7F501300FFFF
(1785078528.845114) can0 19F10D13#137F015B02840063
(1785078528.845139) can0 0CF00400#FF7D7F281300FFFF
(1785078528.846724) can0 0CF00400#FF7D7F181300FFFF
(1785078528.846771) can0 0CF00400#FF7D7F101300FFFF
(1785078528.846797) can0 0CF00400#FF7D7F081300FFFF
(1785078528.846817) can0 18F01D21#3F561A8000AC1480
(1785078528.846833) can0 09F112F8#FF121E0000FF7FFD
(1785078528.846848) can0 0CF00400#FF7D7F201300FFFF
(1785078528.847217) can0 19F10D13#1482015B02840062
(1785078528.847250) can0 0CF00400#FF7D7F381300FFFF
(1785078528.847769) can0 0CF00400#FF7D7F481300FFFF
(1785078528.848992) can0 0CF00400#FF7D7F581300FFFF
(1785078528.849028) can0 09F8021C#30FC510DA900FFFF
(1785078528.849056) can0 09F8011C#C87C2718769D53C1
(1785078528.849075) can0 18FEE81C#C50918061E644381
(1785078528.849090) can0 0CF00400#FF7D7F381300FFFF
(1785078528.849104) can0 18F01D21#ABFD198000AC1480
(1785078528.849118) can0 0CF00400#FF7D7F201300FFFF
(1785078528.849137) can0 19F10D13#1585015B02840060
(1785078528.849151) can0 0CF00400#FF7D7F301300FFFF
(1785078528.849733) can0 09F112F8#FF091E0000FF7FFD
(1785078528.849777) can0 0CF00400#FF7D7F401300FFFF
(1785078528.850304) can0 0CF00400#FF7D7F201300FFFF
(1785078528.850349) can0 0CF00400#FF7D7F381300FFFF
(1785078528.850586) can0 18F01D21#59B9198000AC1480
(1785078528.850787) can0 0CF00400#FF7D7F601300FFFF
(1785078528.852134) can0 19F10D13#1689015B0284005E
(1785078528.852173) can0 0CF00400#FF7D7F601300FFFF
(1785078528.852195) can0 0CF00400#FF7D7F581300FFFF
(1785078528.852211) can0 0CF00400#FF7D7F281300FFFF
(1785078528.852226) can0 09F112F8#FFFB1D0000FF7FFD
(1785078528.852755) can0 0CF00400#FF7D7F001300FFFF
(1785078528.852808) can0 18F01D21#ED93198000AC1480
(1785078528.852859) can0 0CF00400#FF7D7FF81200FFFF
(1785078528.853256) can0 19F10D13#1789015B0284005E
(1785078528.853318) can0 0CF00400#FF7D7FF01200FFFF
(1785078528.853640) can0 0CF00400#FF7D7FC81200FFFF
(1785078528.855018) can0 0CF00400#FF7D7FA81200FFFF
(1785078528.855083) can0 0CF00400#FF7D7FA81200FFFF
(1785078528.855120) can0 18F01D21#D284198000AC1480
(1785078528.855138) can0 0CF00400#FF7D7FA01200FFFF
(1785078528.855152) can0 09F112F8#FFEB1D0000FF7FFD
(1785078528.855165) can0 19F10D13#188A015B0284005D
(1785078528.855183) can0 0CF00400#FF7D7FB01200FFFF
(1785078528.856014) can0 0CF00400#FF7D7FC81200FFFF
(1785078528.856072) can0 0CF00400#FF7D7FC01200FFFF
(1785078528.857465) can0 0CF00400#FF7D7FA81200FFFF
(1785078528.857513) can0 18F01D21#7283198000AC1480
(1785078528.857534) can0 0CF00400#FF7D7F781200FFFF
(1785078528.857563) can0 19F10D13#1989015B0284005E
(1785078528.857582) can0 0CF00400#FF7D7F901200FFFF
(1785078528.857596) can0 0CF00400#FF7D7FA01200FFFF
(1785078528.857646) can0 09F112F8#FFD31D0000FF7FFD
(1785078528.858393) can0 0CF00400#FF7D7FB01200FFFF
(1785078528.858432) can0 09F8021C#31FC1D0EA800FFFF
(1785078528.858470) can0 09F8011C#F27C27188C9D53C1
(1785078528.858502) can0 0CF00400#FF7D7FC01200FFFF
(1785078528.858518) can0 18FEE81C#5A0A10061E644381
(1785078528.858531) can0 18F01D21#6B82198000AC1480
(1785078528.859190) can0 0CF00400#FF7D7FB81200FFFF
(1785078528.859238) can0 19F10D13#1A89015B0284005E
(1785078528.859273) can0 0CF00400#FF7D7FA81200FFFF
(1785078528.859718) can0 0CF00400#FF7D7F981200FFFF
(1785078528.861113) can0 0CF00400#FF7D7F801200FFFF
(1785078528.861158) can0 0CF00400#FF7D7F401200FFFF
(1785078528.861181) can0 09F112F8#FFBD1D0000FF7FFD
(1785078528.861199) can0 18F01D21#6B82198000AC1480
(1785078528.861215) can0 0CF00400#FF7D7F401200FFFF
(1785078528.861229) can0 19F10D13#1B8A015B0284005D
(1785078528.861243) can0 0CF00400#FF7D7F481200FFFF
(1785078528.861903) can0 0CF00400#FF7D7F501200FFFF
(1785078528.861951) can0 0CF00400#FF7D7F701200FFFF
(1785078528.863248) can0 0CF00400#FF7D7F781200FFFF
(1785078528.863291) can0 18F01D21#1382198000AC1480
(1785078528.863323) can0 0CF00400#FF7D7F981200FFFF
(1785078528.863351) can0 19F10D13#1C8A015B0284005D
(1785078528.863379) can0 0CF00400#FF7D7FC81200FFFF
(1785078528.863417) can0 09F112F8#FFA51D0000FF7FFD
(1785078528.863973) can0 0CF00400#FF7D7FE81200FFFF
(1785078528.864010) can0 0CF00400#FF7D7FC01200FFFF
(1785078528.865313) can0 0CF00400#FF7D7F981200FFFF
(1785078528.865349) can0 18F01D21#1382198000AC1480
(1785078528.865370) can0 0CF00400#FF7D7FB81200FFFF
(1785078528.865387) can0 19F10D13#1D8B015B0284005D
(1785078528.865403) can0 0CF00400#FF7D7FC01200FFFF
(1785078528.865852) can0 0CF00400#FF7D7FC81200FFFF
(1785078528.866034) can0 0CF00400#FF7D7FD01200FFFF
(1785078528.866083) can0 09F112F8#FF921D0000FF7FFD
(1785078528.867375) can0 0CF00400#FF7D7FA81200FFFF
(1785078528.867413) can0 18F01D21#BB81198000AC1480
(1785078528.867435) can0 0CF00400#FF7D7FA01200FFFF
(1785078528.867515) can0 19F10D13#1E8A015B0284005D
(1785078528.867538) can0 0CF00400#FF7D7FC01200FFFF
(1785078528.867559) can0 0CF00400#FF7D7FD01200FFFF
(1785078528.868010) can0 0CF00400#FF7D7FC81200FFFF
(1785078528.869355) can0 0CF00400#FF7D7FE01200FFFF
(1785078528.869399) can0 09F8021C#32FC720EAA00FFFF
(1785078528.869423) can0 09F8011C#427D2718BC9D53C1
(1785078528.869443) can0 18F01D21#6381198000AC1480
(1785078528.869459) can0 18FEE81C#990A200620644281
(1785078528.869473) can0 0CF00400#FF7D7FF01200FFFF
(1785078528.869488) can0 09F112F8#FF831D0000FF7FFD
(1785078528.869501) can0 19F10D13#1F89015B0284005E
(1785078528.869515) can0 0CF00400#FF7D7FF81200FFFF
(1785078528.870259) can0 0CF00400#FF7D7FE81200FFFF
(1785078528.870337) can0 0CF00400#FF7D7FE01200FFFF
(1785078528.870373) can0 0CF00400#FF7D7FD81200FFFF
(1785078528.870687) can0 18F01D21#6381198000AC1480
(1785078528.870763) can0 0CF00400#FF7D7FD01200FFFF
(1785078528.872066) can0 19F10D13#208B015B0284005D
(1785078528.872102) can0 0CF00400#FF7D7FD81200FFFF
(1785078528.872129) can0 0CF00400#FF7D7FF01200FFFF
(1785078528.872146) can0 09F112F8#FF781D0000FF7FFD
(1785078528.872160) can0 0CF00400#FF7D7FF81200FFFF
(1785078528.872574) can0 0CF00400#FF7D7FF81200FFFF
(1785078528.872612) can0 18F01D21#6381198000AC1480
(1785078528.872870) can0 0CF00400#FF7D7FF81200FFFF
(1785078528.873059) can0 19F10D13#218A015B0284005D
(1785078528.873239) can0 0CF00400#FF7D7FF01200FFFF
(1785078528.874458) can0 0CF00400#FF7D7FE81200FFFF
(1785078528.874488) can0 0CF00400#FF7D7FE81200FFFF
(1785078528.874507) can0 09F112F8#FF6C1D0000FF7FFD
(1785078528.874524) can0 0CF00400#FF7D7FF01200FFFF
(1785078528.874539) can0 18F01D21#6381198000AC1480
(1785078528.874978) can0 0CF00400#FF7D7F001300FFFF
(1785078528.875147) can0 19F10D13#2289015B0284005E
(1785078528.875214) can0 0CF00400#FF7D7F101300FFFF
(1785078528.875560) can0 0CF00400#FF7D7F101300FFFF
(1785078528.876965) can0 0CF00400#FF7D7FF01200FFFF
(1785078528.877010) can0 0CF00400#FF7D7FD81200FFFF
(1785078528.877034) can0 18F01D21#6381198000AC1480
(1785078528.877060) can0 0CF00400#FF7D7FD01200FFFF
(1785078528.877076) can0 19F10D13#238A015B0284005D
(1785078528.877090) can0 09F112F8#FF571D0000FF7FFD
(1785078528.877607) can0 0CF00400#FF7D7FD01200FFFF
(1785078528.877656) can0 0CF00400#FF7D7FD81200FFFF
(1785078528.879027) can0 0CF00400#FF7D7FD01200FFFF
(1785078528.879079) can0 0CF00400#FF7D7FD81200FFFF
(1785078528.879103) can0 18F01D21#6381198000AC1480
(1785078528.879120) can0 09F8021C#33FC3F0EAC00FFFF
(1785078528.879136) can0 09F8011C#7C7D2718E29D53C1
(1785078528.879150) can0 18FEE81C#730A380620644181
(1785078528.879164) can0 0CF00400#FF7D7FF81200FFFF
(1785078528.879177) can0 19F10D13#248A015B0284005D
(1785078528.879190) can0 0CF00400#FF7D7F181300FFFF
(1785078528.879987) can0 0CF00400#FF7D7F181300FFFF
(1785078528.880034) can0 09F112F8#FF3C1D0000FF7FFD
(1785078528.880106) can0 0CF00400#FF7D7FF81200FFFF
(1785078528.880432) can0 0CF00400#FF7D7FF01200FFFF
(1785078528.880629) can0 18F01D21#6381198000AC1480
(1785078528.880878) can0 0CF00400#FF7D7FD01200FFFF
(1785078528.881067) can0 19F10D13#258A015B0284005D
(1785078528.881271) can0 0CF00400#FF7D7FE01200FFFF
(1785078528.882486) can0 0CF00400#FF7D7FC81200FFFF
(1785078528.882516) can0 0CF00400#FF7D7F901200FFFF
(1785078528.882535) can0 0CF00400#FF7D7FA01200FFFF
(1785078528.882550) can0 09F112F8#FF231D0000FF7FFD
(1785078528.882564) can0 18F01D21#6381198000AC1480
(1785078528.882993) can0 0CF00400#FF7D7FA81200FFFF
(1785078528.883036) can0 19F10D13#268A015B0284005D
(1785078528.883289) can0 0CF00400#FF7D7FB81200FFFF
(1785078528.884640) can0 0CF00400#FF7D7FB01200FFFF
(1785078528.884692) can0 0CF00400#FF7D7F801200FFFF
(1785078528.884714) can0 0CF00400#FF7D7F681200FFFF
(1785078528.884730) can0 18F01D21#0B81198000AC1480
(1785078528.884745) can0 0CF00400#FF7D7F601200FFFF
(1785078528.885149) can0 19F10D13#2789015B0284005E
(1785078528.885186) can0 0CF00400#FF7D7F701200FFFF
(1785078528.885438) can0 09F112F8#FF071D0000FF7FFD
(1785078528.885654) can0 0CF00400#FF7D7F581200FFFF
(1785078528.887004) can0 0CF00400#FF7D7F201200FFFF
(1785078528.887060) can0 0CF00400#FF7D7F401200FFFF
(1785078528.887086) can0 18F01D21#6381198000AC1480
(1785078528.887105) can0 0CF00400#FF7D7F681200FFFF
(1785078528.887120) can0 19F10D13#288A015B0284005D
(1785078528.887134) can0 0CF00400#FF7D7F901200FFFF
(1785078528.887661) can0 0CF00400#FF7D7F981200FFFF
(1785078528.889015) can0 0CF00400#FF7D7F901200FFFF
(1785078528.889066) can0 09F112F8#FFE61C0000FF7FFD
(1785078528.889091) can0 0CF00400#FF7D7F301200FFFF
(1785078528.889108) can0 18F01D21#6381198000AC1480
(1785078528.889124) can0 0CF00400#FF7D7FF01100FFFF
(1785078528.889138) can0 09F8021C#34FC0F0DA900FFFF
(1785078528.889152) can0 09F8011C#AE7D2718FE9D53C1
(1785078528.889165) can0 18FEE81C#9409180620644081
(1785078528.889179) can0 19F10D13#298A015B0284005D
(1785078528.889192) can0 0CF00400#FF7D7FF81100FFFF
(1785078528.890010) can0 0CF00400#FF7D80181200FFFF
(1785078528.890079) can0 0CF00400#FF7D80201200FFFF
(1785078528.891495) can0 0CF00400#FF7D80481200FFFF
(1785078528.891539) can0 18F01D21#0B81198000AC1480
(1785078528.891563) can0 09F112F8#FFCA1C0000FF7FFD
(1785078528.891580) can0 0CF00400#FF7D80881200FFFF
(1785078528.891596) can0 19F10D13#2A8B015B0284005D
(1785078528.891610) can0 0CF00400#FF7D80981200FFFF
(1785078528.891624) can0 0CF00400#FF7D80A81200FFFF
(1785078528.892231) can0 0CF00400#FF7D80C01200FFFF
(1785078528.892457) can0 0CF00400#FF7D80A81200FFFF
(1785078528.892654) can0 18F01D21#6381198000AC1480
(1785078528.892910) can0 0CF00400#FF7D7F881200FFFF
(1785078528.893098) can0 19F10D13#2B8A015B0284005D
(1785078528.893156) can0 0CF00400#FF7D80901200FFFF
(1785078528.894435) can0 09F112F8#FFAA1C0000FF7FFD
(1785078528.894469) can0 0CF00400#FF7D80B81200FFFF
(1785078528.894522) can0 0CF00400#FF7D7FB01200FFFF
(1785078528.894538) can0 0CF00400#FF7D7FC01200FFFF
(1785078528.894554) can0 18F01D21#0B81198000AC1480
(1785078528.895036) can0 0CF00400#FF7D7FE81200FFFF
(1785078528.895086) can0 19F10D13#2C89015B0284005E
(1785078528.895300) can0 0CF00400#FF7D7FF01200FFFF
(1785078528.896629) can0 0CF00400#FF7D7FE81200FFFF
(1785078528.896684) can0 0CF00400#FF7D7FF81200FFFF
(1785078528.896706) can0 09F112F8#FF831C0000FF7FFD
(1785078528.896723) can0 0CF00400#FF7D7FC01200FFFF
(1785078528.896738) can0 18F01D21#0B81198000AC1480
(1785078528.896752) can0 0CF00400#FF7D7F981200FFFF
(1785078528.897240) can0 19F10D13#2D89015B0284005E
(1785078528.897291) can0 0CF00400#FF7D7F781200FFFF
(1785078528.898676) can0 0CF00400#FF7D7F681200FFFF
(1785078528.898742) can0 0CF00400#FF7D7F181200FFFF
(1785078528.898765) can0 0CF00400#FF7D7F201200FFFF
(1785078528.898782) can0 18F01D21#6381198000AC1480
(1785078528.898797) can0 0CF00400#FF7D80501200FFFF
(1785078528.899252) can0 09F112F8#FF631C0000FF7FFD
(1785078528.899311) can0 09F8021C#35FCFB0DAA00FFFF
(1785078528.899338) can0 09F8021C#36FCFB0DAA00FFFF
(1785078528.899357) can0 09F8011C#D87D2718169E53C1
(1785078528.899373) can0 19F10D13#2E89015B0284005E
(1785078528.899387) can0 18FEE81C#410A200641643F81
(1785078528.899401) can0 0CF00400#FF7D80701200FFFF
(1785078528.900274) can0 0CF00400#FF7D80881200FFFF
(1785078528.900345) can0 0CF00400#FF7D80B01200FFFF
(1785078528.900380) can0 0CF00400#FF7D80981200FFFF
(1785078528.900753) can0 18F01D21#6381198000AC1480
(1785078528.900805) can0 0CF00400#FF7D80701200FFFF
(1785078528.901154) can0 19F10D13#2F89015B0284005E
(1785078528.901199) can0 0CF00400#FF7D80581200FFFF
(1785078528.902525) can0 0CF00400#FF7D80701200FFFF
(1785078528.902566) can0 09F112F8#FF451C0000FF7FFD
(1785078528.902593) can0 0CF00400#FF7D80601200FFFF
(1785078528.902609) can0 0CF00400#FF7D80581200FFFF
(1785078528.902623) can0 18F01D21#0B81198000AC1480
(1785078528.903134) can0 0CF00400#FF7D80701200FFFF
(1785078528.903178) can0 19F10D13#3089015B0284005E
(1785078528.903202) can0 0CF00400#FF7D80A01200FFFF
(1785078528.904567) can0 0CF00400#FF7D80C81200FFFF
(1785078528.904615) can0 0CF00400#FF7D80D01200FFFF
(1785078528.904636) can0 09F112F8#FF2B1C0000FF7FFD
(1785078528.904654) can0 0CF00400#FF7D80C01200FFFF
(1785078528.904668) can0 18F01D21#6381198000AC1480
(1785078528.905010) can0 0CF00400#FF7D80B81200FFFF
(1785078528.905058) can0 19F10D13#318A015B0284005D
(1785078528.905271) can0 0CF00400#FF7D80C81200FFFF
(1785078528.906505) can0 0CF00400#FF7D80C81200FFFF
(1785078528.906546) can0 0CF00400#FF7D7FB81200FFFF
(1785078528.906574) can0 0CF00400#FF7D7FD01200FFFF
(1785078528.906590) can0 18F01D21#6381198000AC1480
(1785078528.906872) can0 0CF00400#FF7D80F81200FFFF
(1785078528.907066) can0 19F10D13#328A015B0284005D
(1785078528.907107) can0 09F112F8#FF0C1C0000FF7FFD
(1785078528.907137) can0 0CF00400#FF7D80181300FFFF
(1785078528.908583) can0 0CF00400#FF7D7F081300FFFF
(1785078528.908636) can0 0CF00400#FF7D7F001300FFFF
(1785078528.908683) can0 0CF00400#FF7D7FE81200FFFF
(1785078528.908713) can0 18F01D21#6381198000AC1480
(1785078528.908740) can0 0CF00400#FF7D7FE01200FFFF
(1785078528.909154) can0 19F10D13#338A015B0284005D
(1785078528.909198) can0 0CF00400#FF7D7FD81200FFFF
(1785078528.909231) can0 09F8021C#37FC7E0DAC00FFFF
(1785078528.909259) can0 09F8011C#387E27184A9E53C1
(1785078528.909618) can0 18FEE81C#E609380645643E81
(1785078528.909660) can0 0CF00400#FF7D7F901200FFFF
(1785078528.909895) can0 09F112F8#FFEB1B0000FF7FFD
(1785078528.909978) can0 0CF00400#FF7D7F801200FFFF
(1785078528.911316) can0 0CF00400#FF7D7F801200FFFF
(1785078528.911358) can0 18F01D21#6381198000AC1480
(1785078528.911390) can0 0CF00400#FF7D7F881200FFFF
(1785078528.911418) can0 19F10D13#348A015B0284005D
(1785078528.911445) can0 0CF00400#FF7D80A01200FFFF
(1785078528.911808) can0 0CF00400#FF7D80D81200FFFF
(1785078528.911996) can0 0CF00400#FF7D7FF01200FFFF
(1785078528.913356) can0 0CF00400#FF7D7FE81200FFFF
(1785078528.913397) can0 09F112F8#FFD31B0000FF7FFD
(1785078528.913419) can0 18F01D21#6381198000AC1480
(1785078528.913436) can0 0CF00400#FF7D7FE81200FFFF
(1785078528.913451) can0 19F10D13#358A015B0284005D
(1785078528.913465) can0 0CF00400#FF7D7FE01200FFFF
(1785078528.913868) can0 0CF00400#FF7D7FF01200FFFF
(1785078528.914061) can0 0CF00400#FF7D7F101300FFFF
(1785078528.915366) can0 0CF00400#FF7D7F101300FFFF
(1785078528.915429) can0 18F01D21#6381198000AC1480
(1785078528.915456) can0 0CF00400#FF7D7F101300FFFF
(1785078528.915475) can0 19F10D13#368A015B0284005D
(1785078528.915491) can0 0CF00400#FF7D7F281300FFFF
(1785078528.915506) can0 09F112F8#FFBF1B0000FF7FFD
(1785078528.915849) can0 0CF00400#FF7D7F301300FFFF
(1785078528.916178) can0 0CF00400#FF7D7FF01200FFFF
(1785078528.916519) can0 0CF00400#FF7D7FC01200FFFF
(1785078528.916564) can0 18F01D21#0B81198000AC1480
(1785078528.916837) can0 0CF00400#FF7D7FC81200FFFF
(1785078528.917084) can0 19F10D13#378B015B0284005D
(1785078528.917284) can0 0CF00400#FF7D7FD01200FFFF
(1785078528.918611) can0 0CF00400#FF7D7FA01200FFFF
(1785078528.918646) can0 09F112F8#FFA61B0000FF7FFD
(1785078528.918666) can0 0CF00400#FF7D7FB81200FFFF
(1785078528.918688) can0 0CF00400#FF7D7FB01200FFFF
(1785078528.918703) can0 18F01D21#6381198000AC1480
(1785078528.919208) can0 0CF00400#FF7D7FA81200FFFF
(1785078528.919249) can0 19F10D13#388A015B0284005D
(1785078528.919274) can0 0CF00400#FF7D7FC01200FFFF
(1785078528.919698) can0 09F8021C#38FC540DAF00FFFF
(1785078528.919744) can0 09F8011C#6E7E2718689E53C1
(1785078528.919770) can0 18FEE81C#C709500643643D81
(1785078528.919790) can0 0CF00400#FF7D7FF01200FFFF
(1785078528.920226) can0 0CF00400#FF7D7FF01200FFFF
(1785078528.920545) can0 0CF00400#FF7D7F181300FFFF
(1785078528.920586) can0 18F01D21#6381198000AC1480
(1785078528.920634) can0 09F112F8#FF861B0000FF7FFD
(1785078528.921029) can0 0CF00400#FF7D7F301300FFFF
(1785078528.921074) can0 19F10D13#3989015B0284005E
(1785078528.921449) can0 0CF00400#FF7D7F401300FFFF
(1785078528.921629) can0 0CF00400#FF7D7F401300FFFF
(1785078528.922969) can0 0CF00400#FF7D7F381300FFFF
(1785078528.923035) can0 0CF00400#FF7D7F381300FFFF
(1785078528.923074) can0 18F01D21#6381198000AC1480
(1785078528.923094) can0 0CF00400#FF7D7F481300FFFF
(1785078528.923110) can0 19F10D13#3A8B015B0284005D
(1785078528.923170) can0 0CF00400#FF7D7F481300FFFF
(1785078528.923696) can0 09F112F8#FF661B0000FF7FFD
(1785078528.923746) can0 0CF00400#FF7D7F381300FFFF
(1785078528.924077) can0 0CF00400#FF7D7F381300FFFF
(1785078528.925354) can0 0CF00400#FF7D7F101300FFFF
(1785078528.925411) can0 18F01D21#0B81198000AC1480
(1785078528.925443) can0 0CF00400#FF7D7F081300FFFF
(1785078528.925471) can0 19F10D13#3B8A015B0284005D
(1785078528.925498) can0 0CF00400#FF7D7F001300FFFF
(1785078528.925846) can0 0CF00400#FF7D7F081300FFFF
(1785078528.926227) can0 0CF00400#FF7D7F181300FFFF
(1785078528.926274) can0 09F112F8#FF431B0000FF7FFD
(1785078528.926559) can0 0CF00400#FF7D7F281300FFFF
(1785078528.926610) can0 18F01D21#6381198000AC1480
(1785078528.926854) can0 0CF00400#FF7D7F401300FFFF
(1785078528.928074) can0 19F10D13#3C8A015B0284005D
(1785078528.928133) can0 0CF00400#FF7D7F481300FFFF
(1785078528.928157) can0 0CF00400#FF7D7F481300FFFF
(1785078528.928175) can0 0CF00400#FF7D7F381300FFFF
(1785078528.929988) can0 0CF00400#FF7D7FE81200FFFF
(1785078528.930035) can0 18F01D21#6381198000AC1480
(1785078528.930080) can0 0CF00400#FF7D7FA81200FFFF
(1785078528.930099) can0 09F112F8#FF171B0000FF7FFD
(1785078528.930116) can0 19F10D13#3D8A015B0284005D
(1785078528.930130) can0 0CF00400#FF7D7FA81200FFFF
(1785078528.930144) can0 0CF00400#FF7D7FC01200FFFF
(1785078528.930158) can0 09F8021C#39FCB70CA800FFFF
(1785078528.930171) can0 09F8011C#A07E2718849E53C1
(1785078528.930184) can0 18FEE81C#5409100643643C81
(1785078528.930197) can0 0CF00400#FF7D7FD81200FFFF
(1785078528.930722) can0 0CF00400#FF7D7FE81200FFFF
(1785078528.930762) can0 18F01D21#6381198000AC1480
(1785078528.930789) can0 0CF00400#FF7D7FF81200FFFF
(1785078528.930955) can0 18FF50E0#0000800080008001
(1785078528.932465) can0 19F10D13#3E89015B0284005E
(1785078528.932519) can0 0CF00400#FF7D7F301300FFFF
(1785078528.932546) can0 09F112F8#FFEB1A0000FF7FFD
(1785078528.932565) can0 0CF00400#FF7D7F181300FFFF
(1785078528.932580) can0 0CF00400#FF7D7FE01200FFFF
(1785078528.932594) can0 0CF00400#FF7D7FD81200FFFF
(1785078528.932607) can0 18F01D21#6381198000AC1480
(1785078528.932740) can0 0CF00400#FF7D7FA01200FFFF
