(1785116571.149744) can0 18F01D21#B4241C8000D11580
(1785116571.150156) can0 09F112F8#FFFF1D0000FF7FFD
(1785116571.150213) can0 0CF00400#FF7D7F001200FFFF
(1785116571.150687) can0 19F10D13#0D70015B0284006C
(1785116571.150750) can0 0CF00400#FF7D7FC81100FFFF
(1785116571.151089) can0 0CF00400#FF7D7F901100FFFF
(1785116571.151311) can0 0CF00400#FF7D7F881100FFFF
(1785116571.152610) can0 0CF00400#FF7D7FA01100FFFF
(1785116571.152661) can0 18F01D21#4BF41B8000D11580
(1785116571.152697) can0 0CF00400#FF7D80C81100FFFF
(1785116571.152741) can0 19F10D13#0E73015B0284006A
(1785116571.152772) can0 0CF00400#FF7D80F81100FFFF
(1785116571.152802) can0 09F112F8#FFFF1D0000FF7FFD
(1785116571.152832) can0 0CF00400#FF7D80181200FFFF
(1785116571.153534) can0 0CF00400#FF7D80001200FFFF
(1785116571.153593) can0 0CF00400#FF7D80E01100FFFF
(1785116571.153868) can0 18F01D21#FAC61B8000D11580
(1785116571.154125) can0 0CF00400#FF7D80D01100FFFF
(1785116571.154369) can0 19F10D13#0F74015B02840069
(1785116571.154418) can0 0CF00400#FF7D80E81100FFFF
(1785116571.155828) can0 0CF00400#FF7D80F81100FFFF
(1785116571.155877) can0 0CF00400#FF7D80081200FFFF
(1785116571.155911) can0 09F8021C#2FFC520FAB00FFFF
(1785116571.155942) can0 09F8011C#A27C2718589D53C1
(1785116571.155972) can0 18FEE81C#3D0B30061E644581
(1785116571.156002) can0 09F112F8#FF041E0000FF7FFD
(1785116571.156030) can0 0CF00400#FF7D80301200FFFF
(1785116571.156065) can0 18F01D21#6B911B8000D11580
(1785116571.156084) can0 0CF00400#FF7D80601200FFFF
(1785116571.156897) can0 19F10D13#1076015B02840068
(1785116571.156952) can0 0CF00400#FF7D80901200FFFF
(1785116571.156988) can0 0CF00400#FF7D80C01200FFFF
(1785116571.157357) can0 0CF00400#FF7D80D01200FFFF
(1785116571.158627) can0 0CF00400#FF7D80C01200FFFF
(1785116571.158673) can0 18F01D21#56551B8000D11580
(1785116571.158697) can0 0CF00400#FF7D80B01200FFFF
(1785116571.158721) can0 09F112F8#FF0F1E0000FF7FFD
(1785116571.158738) can0 19F10D13#1179015B02840067
(1785116571.158753) can0 0CF00400#FF7D80A81200FFFF
(1785116571.159310) can0 0CF00400#FF7D80E81200FFFF
(1785116571.159403) can0 0CF00400#FF7D80101300FFFF
(1785116571.159666) can0 0CF00400#FF7D80301300FFFF
(1785116571.159860) can0 18F01D21#7A151B8000AC1480
(1785116571.160107) can0 0CF00400#FF7D80581300FFFF
(1785116571.160327) can0 19F10D13#127B015B02840066
(1785116571.160410) can0 0CF00400#FF7D80781300FFFF
(1785116571.161756) can0 0CF00400#FF7D80781300FFFF
(1785116571.161801) can0 09F112F8#FF131E0000FF7FFD
(1785116571.161833) can0 0CF00400#FF7D7F601300FFFF
(1785116571.161861) can0 0CF00400#FF7D7F681300FFFF
(1785116571.161890) can0 18F01D21#DFBB1A8000AC1480
(1785116571.162379) can0 0CF00400#FF7D7F501300FFFF
(1785116571.162431) can0 19F10D13#137F015B02840063
(1785116571.162455) can0 0CF00400#FF7D7F281300FFFF
(1785116571.163841) can0 0CF00400#FF7D7F181300FFFF
(1785116571.163888) can0 0CF00400#FF7D7F101300FFFF
(1785116571.163920) can0 0CF00400#FF7D7F081300FFFF
(1785116571.163948) can0 18F01D21#3F561A8000AC1480
(1785116571.163975) can0 09F112F8#FF121E0000FF7FFD
(1785116571.164002) can0 0CF00400#FF7D7F201300FFFF
(1785116571.164552) can0 19F10D13#1482015B02840062
(1785116571.164598) can0 0CF00400#FF7D7F381300FFFF
(1785116571.164889) can0 0CF00400#FF7D7F481300FFFF
(1785116571.166151) can0 0CF00400#FF7D7F581300FFFF
(1785116571.166194) can0 09F8021C#30FC510DA900FFFF
(1785116571.166218) can0 09F8011C#C87C2718769D53C1
(1785116571.166235) can0 18FEE81C#C50918061E644381
(1785116571.166251) can0 0CF00400#FF7D7F381300FFFF
(1785116571.166265) can0 18F01D21#ABFD198000AC1480
(1785116571.166278) can0 0CF00400#FF7D7F201300FFFF
(1785116571.166297) can0 19F10D13#1585015B02840060
(1785116571.166986) can0 0CF00400#FF7D7F301300FFFF
(1785116571.167034) can0 09F112F8#FF091E0000FF7FFD
(1785116571.167079) can0 0CF00400#FF7D7F401300FFFF
(1785116571.167423) can0 0CF00400#FF7D7F201300FFFF
(1785116571.167654) can0 0CF00400#FF7D7F381300FFFF
(1785116571.167841) can0 18F01D21#59B9198000AC1480
(1785116571.168148) can0 0CF00400#FF7D7F601300FFFF
(1785116571.168365) can0 19F10D13#1689015B0284005E
(1785116571.168419) can0 0CF00400#FF7D7F601300FFFF
(1785116571.169820) can0 0CF00400#FF7D7F581300FFFF
(1785116571.169870) can0 0CF00400#FF7D7F281300FFFF
(1785116571.169900) can0 09F112F8#FFFB1D0000FF7FFD
(1785116571.169926) can0 0CF00400#FF7D7F001300FFFF
(1785116571.169953) can0 18F01D21#ED93198000AC1480
(1785116571.169978) can0 0CF00400#FF7D7FF81200FFFF
(1785116571.170642) can0 19F10D13#1789015B0284005E
(1785116571.170707) can0 0CF00400#FF7D7FF01200FFFF
(1785116571.170983) can0 0CF00400#FF7D7FC81200FFFF
(1785116571.171226) can0 0CF00400#FF7D7FA81200FFFF
(1785116571.172609) can0 0CF00400#FF7D7FA81200FFFF
(1785116571.172789) can0 18F01D21#D284198000AC1480
(1785116571.172913) can0 0CF00400#FF7D7FA01200FFFF
(1785116571.173026) can0 09F112F8#FFEB1D0000FF7FFD
(1785116571.173151) can0 19F10D13#188A015B0284005D
(1785116571.173237) can0 0CF00400#FF7D7FB01200FFFF
(1785116571.173296) can0 0CF00400#FF7D7FC81200FFFF
(1785116571.173354) can0 0CF00400#FF7D7FC01200FFFF
(1785116571.175881) can0 0CF00400#FF7D7FA81200FFFF
(1785116571.176096) can0 18F01D21#7283198000AC1480
(1785116571.176199) can0 0CF00400#FF7D7F781200FFFF
(1785116571.176274) can0 19F10D13#1989015B0284005E
(1785116571.176357) can0 0CF00400#FF7D7F901200FFFF
(1785116571.176415) can0 0CF00400#FF7D7FA01200FFFF
(1785116571.176469) can0 09F112F8#FFD31D0000FF7FFD
(1785116571.176522) can0 0CF00400#FF7D7FB01200FFFF
(1785116571.176574) can0 09F8021C#31FC1D0EA800FFFF
(1785116571.176628) can0 09F8011C#F27C27188C9D53C1
(1785116571.176683) can0 0CF00400#FF7D7FC01200FFFF
(1785116571.176737) can0 18FEE81C#5A0A10061E644381
(1785116571.176789) can0 18F01D21#6B82198000AC1480
(1785116571.176839) can0 0CF00400#FF7D7FB81200FFFF
(1785116571.176891) can0 19F10D13#1A89015B0284005E
(1785116571.176942) can0 0CF00400#FF7D7FA81200FFFF
(1785116571.177011) can0 0CF00400#FF7D7F981200FFFF
(1785116571.180617) can0 0CF00400#FF7D7F801200FFFF
(1785116571.180741) can0 0CF00400#FF7D7F401200FFFF
(1785116571.180809) can0 09F112F8#FFBD1D0000FF7FFD
(1785116571.180859) can0 18F01D21#6B82198000AC1480
(1785116571.180904) can0 0CF00400#FF7D7F401200FFFF
(1785116571.180946) can0 19F10D13#1B8A015B0284005D
(1785116571.180984) can0 0CF00400#FF7D7F481200FFFF
(1785116571.181034) can0 0CF00400#FF7D7F501200FFFF
(1785116571.181103) can0 0CF00400#FF7D7F701200FFFF
(1785116571.181140) can0 0CF00400#FF7D7F781200FFFF
(1785116571.181176) can0 18F01D21#1382198000AC1480
(1785116571.181211) can0 0CF00400#FF7D7F981200FFFF
(1785116571.181247) can0 19F10D13#1C8A015B0284005D
(1785116571.181281) can0 0CF00400#FF7D7FC81200FFFF
(1785116571.181329) can0 09F112F8#FFA51D0000FF7FFD
(1785116571.181365) can0 0CF00400#FF7D7FE81200FFFF
(1785116571.181399) can0 0CF00400#FF7D7FC01200FFFF
(1785116571.184018) can0 0CF00400#FF7D7F981200FFFF
(1785116571.184130) can0 18F01D21#1382198000AC1480
(1785116571.184182) can0 0CF00400#FF7D7FB81200FFFF
(1785116571.184219) can0 19F10D13#1D8B015B0284005D
(1785116571.184251) can0 0CF00400#FF7D7FC01200FFFF
(1785116571.184290) can0 0CF00400#FF7D7FC81200FFFF
(1785116571.184318) can0 0CF00400#FF7D7FD01200FFFF
(1785116571.184344) can0 09F112F8#FF921D0000FF7FFD
(1785116571.184370) can0 0CF00400#FF7D7FA81200FFFF
(1785116571.184396) can0 18F01D21#BB81198000AC1480
(1785116571.184421) can0 0CF00400#FF7D7FA01200FFFF
(1785116571.184515) can0 19F10D13#1E8A015B0284005D
(1785116571.184550) can0 0CF00400#FF7D7FC01200FFFF
(1785116571.186440) can0 0CF00400#FF7D7FD01200FFFF
(1785116571.186538) can0 0CF00400#FF7D7FC81200FFFF
(1785116571.186604) can0 0CF00400#FF7D7FE01200FFFF
(1785116571.186662) can0 09F8021C#32FC720EAA00FFFF
(1785116571.186718) can0 09F8011C#427D2718BC9D53C1
(1785116571.186771) can0 18F01D21#6381198000AC1480
(1785116571.186825) can0 18FEE81C#990A200620644281
(1785116571.186879) can0 0CF00400#FF7D7FF01200FFFF
(1785116571.186932) can0 09F112F8#FF831D0000FF7FFD
(1785116571.186986) can0 19F10D13#1F89015B0284005E
(1785116571.187053) can0 0CF00400#FF7D7FF81200FFFF
(1785116571.187138) can0 0CF00400#FF7D7FE81200FFFF
(1785116571.187191) can0 0CF00400#FF7D7FE01200FFFF
(1785116571.188813) can0 0CF00400#FF7D7FD81200FFFF
(1785116571.188893) can0 18F01D21#6381198000AC1480
(1785116571.188946) can0 0CF00400#FF7D7FD01200FFFF
(1785116571.188993) can0 19F10D13#208B015B0284005D
(1785116571.189038) can0 0CF00400#FF7D7FD81200FFFF
(1785116571.189093) can0 0CF00400#FF7D7FF01200FFFF
(1785116571.189117) can0 09F112F8#FF781D0000FF7FFD
(1785116571.190027) can0 0CF00400#FF7D7FF81200FFFF
(1785116571.190115) can0 0CF00400#FF7D7FF81200FFFF
(1785116571.190153) can0 18F01D21#6381198000AC1480
(1785116571.190181) can0 0CF00400#FF7D7FF81200FFFF
(1785116571.190742) can0 19F10D13#218A015B0284005D
(1785116571.190818) can0 0CF00400#FF7D7FF01200FFFF
(1785116571.190886) can0 0CF00400#FF7D7FE81200FFFF
(1785116571.191418) can0 0CF00400#FF7D7FE81200FFFF
(1785116571.191717) can0 09F112F8#FF6C1D0000FF7FFD
(1785116571.191790) can0 0CF00400#FF7D7FF01200FFFF
(1785116571.191838) can0 18F01D21#6381198000AC1480
(1785116571.192393) can0 0CF00400#FF7D7F001300FFFF
(1785116571.192460) can0 19F10D13#2289015B0284005E
(1785116571.192508) can0 0CF00400#FF7D7F101300FFFF
(1785116571.192935) can0 0CF00400#FF7D7F101300FFFF
(1785116571.194265) can0 0CF00400#FF7D7FF01200FFFF
(1785116571.194323) can0 0CF00400#FF7D7FD81200FFFF
(1785116571.194364) can0 18F01D21#6381198000AC1480
(1785116571.194401) can0 0CF00400#FF7D7FD01200FFFF
(1785116571.194437) can0 19F10D13#238A015B0284005D
(1785116571.194473) can0 09F112F8#FF571D0000FF7FFD
(1785116571.194509) can0 0CF00400#FF7D7FD01200FFFF
(1785116571.195291) can0 0CF00400#FF7D7FD81200FFFF
(1785116571.195348) can0 0CF00400#FF7D7FD01200FFFF
(1785116571.195683) can0 0CF00400#FF7D7FD81200FFFF
(1785116571.195794) can0 18F01D21#6381198000AC1480
(1785116571.195837) can0 09F8021C#33FC3F0EAC00FFFF
(1785116571.195874) can0 09F8011C#7C7D2718E29D53C1
(1785116571.195960) can0 18FEE81C#730A380620644181
(1785116571.196001) can0 0CF00400#FF7D7FF81200FFFF
(1785116571.196808) can0 19F10D13#248A015B0284005D
(1785116571.196871) can0 0CF00400#FF7D7F181300FFFF
(1785116571.196927) can0 0CF00400#FF7D7F181300FFFF
(1785116571.197368) can0 09F112F8#FF3C1D0000FF7FFD
(1785116571.197438) can0 0CF00400#FF7D7FF81200FFFF
(1785116571.197750) can0 0CF00400#FF7D7FF01200FFFF
(1785116571.197802) can0 18F01D21#6381198000AC1480
(1785116571.198132) can0 0CF00400#FF7D7FD01200FFFF
(1785116571.198354) can0 19F10D13#258A015B0284005D
(1785116571.198403) can0 0CF00400#FF7D7FE01200FFFF
(1785116571.199794) can0 0CF00400#FF7D7FC81200FFFF
(1785116571.199842) can0 0CF00400#FF7D7F901200FFFF
(1785116571.199877) can0 0CF00400#FF7D7FA01200FFFF
(1785116571.199908) can0 09F112F8#FF231D0000FF7FFD
(1785116571.199939) can0 18F01D21#6381198000AC1480
(1785116571.200015) can0 0CF00400#FF7D7FA81200FFFF
(1785116571.200615) can0 19F10D13#268A015B0284005D
(1785116571.200668) can0 0CF00400#FF7D7FB81200FFFF
(1785116571.200982) can0 0CF00400#FF7D7FB01200FFFF
(1785116571.201246) can0 0CF00400#FF7D7F801200FFFF
(1785116571.202525) can0 0CF00400#FF7D7F681200FFFF
(1785116571.202568) can0 18F01D21#0B81198000AC1480
(1785116571.202590) can0 0CF00400#FF7D7F601200FFFF
(1785116571.202607) can0 19F10D13#2789015B0284005E
(1785116571.202622) can0 0CF00400#FF7D7F701200FFFF
(1785116571.202636) can0 09F112F8#FF071D0000FF7FFD
(1785116571.203184) can0 0CF00400#FF7D7F581200FFFF
(1785116571.203235) can0 0CF00400#FF7D7F201200FFFF
(1785116571.204532) can0 0CF00400#FF7D7F401200FFFF
(1785116571.204577) can0 18F01D21#6381198000AC1480
(1785116571.204608) can0 0CF00400#FF7D7F681200FFFF
(1785116571.204636) can0 19F10D13#288A015B0284005D
(1785116571.204663) can0 0CF00400#FF7D7F901200FFFF
(1785116571.205093) can0 0CF00400#FF7D7F981200FFFF
(1785116571.205283) can0 0CF00400#FF7D7F901200FFFF
(1785116571.205330) can0 09F112F8#FFE61C0000FF7FFD
(1785116571.206674) can0 0CF00400#FF7D7F301200FFFF
(1785116571.206719) can0 18F01D21#6381198000AC1480
(1785116571.206750) can0 0CF00400#FF7D7FF01100FFFF
(1785116571.206778) can0 09F8021C#34FC0F0DA900FFFF
(1785116571.206805) can0 09F8011C#AE7D2718FE9D53C1
(1785116571.206832) can0 18FEE81C#9409180620644081
(1785116571.206859) can0 19F10D13#298A015B0284005D
(1785116571.206885) can0 0CF00400#FF7D7FF81100FFFF
(1785116571.206912) can0 0CF00400#FF7D80181200FFFF
(1785116571.207771) can0 0CF00400#FF7D80201200FFFF
(1785116571.207846) can0 0CF00400#FF7D80481200FFFF
(1785116571.207879) can0 18F01D21#0B81198000AC1480
(1785116571.208210) can0 09F112F8#FFCA1C0000FF7FFD
(1785116571.208253) can0 0CF00400#FF7D80881200FFFF
(1785116571.208285) can0 19F10D13#2A8B015B0284005D
(1785116571.208646) can0 0CF00400#FF7D80981200FFFF
(1785116571.208863) can0 0CF00400#FF7D80A81200FFFF
(1785116571.210183) can0 0CF00400#FF7D80C01200FFFF
(1785116571.210224) can0 0CF00400#FF7D80A81200FFFF
(1785116571.210253) can0 18F01D21#6381198000AC1480
(1785116571.210279) can0 0CF00400#FF7D7F881200FFFF
(1785116571.210305) can0 19F10D13#2B8A015B0284005D
(1785116571.210860) can0 0CF00400#FF7D80901200FFFF
(1785116571.210915) can0 09F112F8#FFAA1C0000FF7FFD
(1785116571.210945) can0 0CF00400#FF7D80B81200FFFF
(1785116571.211341) can0 0CF00400#FF7D7FB01200FFFF
(1785116571.212598) can0 0CF00400#FF7D7FC01200FFFF
(1785116571.212640) can0 18F01D21#0B81198000AC1480
(1785116571.212668) can0 0CF00400#FF7D7FE81200FFFF
(1785116571.212695) can0 19F10D13#2C89015B0284005E
(1785116571.212720) can0 0CF00400#FF7D7FF01200FFFF
(1785116571.213225) can0 0CF00400#FF7D7FE81200FFFF
(1785116571.213308) can0 0CF00400#FF7D7FF81200FFFF
(1785116571.213557) can0 09F112F8#FF831C0000FF7FFD
(1785116571.213639) can0 0CF00400#FF7D7FC01200FFFF
(1785116571.213930) can0 18F01D21#0B81198000AC1480
(1785116571.213987) can0 0CF00400#FF7D7F981200FFFF
(1785116571.214319) can0 19F10D13#2D89015B0284005E
(1785116571.214374) can0 0CF00400#FF7D7F781200FFFF
(1785116571.215716) can0 0CF00400#FF7D7F681200FFFF
(1785116571.215769) can0 0CF00400#FF7D7F181200FFFF
(1785116571.215797) can0 0CF00400#FF7D7F201200FFFF
(1785116571.215823) can0 18F01D21#6381198000AC1480
(1785116571.216264) can0 0CF00400#FF7D80501200FFFF
(1785116571.216304) can0 09F112F8#FF631C0000FF7FFD
(1785116571.216333) can0 09F8021C#35FCFB0DAA00FFFF
(1785116571.216359) can0 09F8021C#36FCFB0DAA00FFFF
(1785116571.216385) can0 09F8011C#D87D2718169E53C1
(1785116571.216410) can0 19F10D13#2E89015B0284005E
(1785116571.216436) can0 18FEE81C#410A200641643F81
(1785116571.216461) can0 0CF00400#FF7D80701200FFFF
(1785116571.217245) can0 0CF00400#FF7D80881200FFFF
(1785116571.217304) can0 0CF00400#FF7D80B01200FFFF
(1785116571.218611) can0 0CF00400#FF7D80981200FFFF
(1785116571.218655) can0 18F01D21#6381198000AC1480
(1785116571.218684) can0 0CF00400#FF7D80701200FFFF
(1785116571.218732) can0 19F10D13#2F89015B0284005E
(1785116571.218760) can0 0CF00400#FF7D80581200FFFF
(1785116571.219247) can0 0CF00400#FF7D80701200FFFF
(1785116571.219320) can0 09F112F8#FF451C0000FF7FFD
(1785116571.219359) can0 0CF00400#FF7D80601200FFFF
(1785116571.219748) can0 0CF00400#FF7D80581200FFFF
(1785116571.219790) can0 18F01D21#0B81198000AC1480
(1785116571.220085) can0 0CF00400#FF7D80701200FFFF
(1785116571.221325) can0 19F10D13#3089015B0284005E
(1785116571.221365) can0 0CF00400#FF7D80A01200FFFF
(1785116571.221394) can0 0CF00400#FF7D80C81200FFFF
(1785116571.221430) can0 0CF00400#FF7D80D01200FFFF
(1785116571.221852) can0 09F112F8#FF2B1C0000FF7FFD
(1785116571.221906) can0 0CF00400#FF7D80C01200FFFF
(1785116571.221934) can0 18F01D21#6381198000AC1480
(1785116571.222368) can0 0CF00400#FF7D80B81200FFFF
(1785116571.222412) can0 19F10D13#318A015B0284005D
(1785116571.222443) can0 0CF00400#FF7D80C81200FFFF
(1785116571.223825) can0 0CF00400#FF7D80C81200FFFF
(1785116571.223867) can0 0CF00400#FF7D7FB81200FFFF
(1785116571.223906) can0 0CF00400#FF7D7FD01200FFFF
(1785116571.223932) can0 18F01D21#6381198000AC1480
(1785116571.224389) can0 0CF00400#FF7D80F81200FFFF
(1785116571.224430) can0 19F10D13#328A015B0284005D
(1785116571.224459) can0 09F112F8#FF0C1C0000FF7FFD
(1785116571.224485) can0 0CF00400#FF7D80181300FFFF
(1785116571.224929) can0 0CF00400#FF7D7F081300FFFF
(1785116571.226205) can0 0CF00400#FF7D7F001300FFFF
(1785116571.226259) can0 0CF00400#FF7D7FE81200FFFF
(1785116571.226287) can0 18F01D21#6381198000AC1480
(1785116571.226314) can0 0CF00400#FF7D7FE01200FFFF
(1785116571.226339) can0 19F10D13#338A015B0284005D
(1785116571.226785) can0 0CF00400#FF7D7FD81200FFFF
(1785116571.226839) can0 09F8021C#37FC7E0DAC00FFFF
(1785116571.226869) can0 09F8011C#387E27184A9E53C1
(1785116571.226895) can0 18FEE81C#E609380645643E81
(1785116571.226921) can0 0CF00400#FF7D7F901200FFFF
(1785116571.227513) can0 09F112F8#FFEB1B0000FF7FFD
(1785116571.227561) can0 0CF00400#FF7D7F801200FFFF
(1785116571.227603) can0 0CF00400#FF7D7F801200FFFF
(1785116571.227937) can0 18F01D21#6381198000AC1480
(1785116571.227981) can0 0CF00400#FF7D7F881200FFFF
(1785116571.229334) can0 19F10D13#348A015B0284005D
(1785116571.229376) can0 0CF00400#FF7D80A01200FFFF
(1785116571.229405) can0 0CF00400#FF7D80D81200FFFF
(1785116571.229431) can0 0CF00400#FF7D7FF01200FFFF
(1785116571.229870) can0 0CF00400#FF7D7FE81200FFFF
(1785116571.229928) can0 09F112F8#FFD31B0000FF7FFD
(1785116571.229958) can0 18F01D21#6381198000AC1480
(1785116571.229985) can0 0CF00400#FF7D7FE81200FFFF
(1785116571.230426) can0 19F10D13#358A015B0284005D
(1785116571.230471) can0 0CF00400#FF7D7FE01200FFFF
(1785116571.231814) can0 0CF00400#FF7D7FF01200FFFF
(1785116571.231856) can0 0CF00400#FF7D7F101300FFFF
(1785116571.231895) can0 0CF00400#FF7D7F101300FFFF
(1785116571.231921) can0 18F01D21#6381198000AC1480
(1785116571.232328) can0 0CF00400#FF7D7F101300FFFF
(1785116571.232371) can0 19F10D13#368A015B0284005D
(1785116571.232402) can0 0CF00400#FF7D7F281300FFFF
(1785116571.232430) can0 09F112F8#FFBF1B0000FF7FFD
(1785116571.232926) can0 0CF00400#FF7D7F301300FFFF
(1785116571.234185) can0 0CF00400#FF7D7FF01200FFFF
(1785116571.234236) can0 0CF00400#FF7D7FC01200FFFF
(1785116571.234266) can0 18F01D21#0B81198000AC1480
(1785116571.234292) can0 0CF00400#FF7D7FC81200FFFF
(1785116571.234318) can0 19F10D13#378B015B0284005D
(1785116571.234863) can0 0CF00400#FF7D7FD01200FFFF
(1785116571.234917) can0 0CF00400#FF7D7FA01200FFFF
(1785116571.235230) can0 09F112F8#FFA61B0000FF7FFD
(1785116571.235273) can0 0CF00400#FF7D7FB81200FFFF
(1785116571.235615) can0 0CF00400#FF7D7FB01200FFFF
(1785116571.235819) can0 18F01D21#6381198000AC1480
(1785116571.236089) can0 0CF00400#FF7D7FA81200FFFF
(1785116571.236369) can0 19F10D13#388A015B0284005D
(1785116571.236419) can0 0CF00400#FF7D7FC01200FFFF
(1785116571.237798) can0 09F8021C#38FC540DAF00FFFF
(1785116571.237839) can0 09F8011C#6E7E2718689E53C1
(1785116571.237880) can0 18FEE81C#C709500643643D81
(1785116571.237907) can0 0CF00400#FF7D7FF01200FFFF
(1785116571.237933) can0 0CF00400#FF7D7FF01200FFFF
(1785116571.237968) can0 0CF00400#FF7D7F181300FFFF
(1785116571.237994) can0 18F01D21#6381198000AC1480
(1785116571.238019) can0 09F112F8#FF861B0000FF7FFD
(1785116571.238051) can0 0CF00400#FF7D7F301300FFFF
(1785116571.238885) can0 19F10D13#3989015B0284005E
(1785116571.238954) can0 0CF00400#FF7D7F401300FFFF
(1785116571.238978) can0 0CF00400#FF7D7F401300FFFF
(1785116571.239239) can0 0CF00400#FF7D7F381300FFFF
(1785116571.240572) can0 0CF00400#FF7D7F381300FFFF
(1785116571.240608) can0 18F01D21#6381198000AC1480
(1785116571.240657) can0 0CF00400#FF7D7F481300FFFF
(1785116571.240674) can0 19F10D13#3A8B015B0284005D
(1785116571.240689) can0 0CF00400#FF7D7F481300FFFF
(1785116571.240703) can0 09F112F8#FF661B0000FF7FFD
(1785116571.241285) can0 0CF00400#FF7D7F381300FFFF
(1785116571.241318) can0 0CF00400#FF7D7F381300FFFF
(1785116571.241672) can0 0CF00400#FF7D7F101300FFFF
(1785116571.241929) can0 18F01D21#0B81198000AC1480
(1785116571.241979) can0 0CF00400#FF7D7F081300FFFF
(1785116571.243314) can0 19F10D13#3B8A015B0284005D
(1785116571.243346) can0 0CF00400#FF7D7F001300FFFF
(1785116571.243377) can0 0CF00400#FF7D7F081300FFFF
(1785116571.243406) can0 0CF00400#FF7D7F181300FFFF
(1785116571.243420) can0 09F112F8#FF431B0000FF7FFD
(1785116571.243769) can0 0CF00400#FF7D7F281300FFFF
(1785116571.243805) can0 18F01D21#6381198000AC1480
(1785116571.244123) can0 0CF00400#FF7D7F401300FFFF
(1785116571.244318) can0 19F10D13#3C8A015B0284005D
(1785116571.244406) can0 0CF00400#FF7D7F481300FFFF
(1785116571.245824) can0 0CF00400#FF7D7F481300FFFF
(1785116571.245866) can0 0CF00400#FF7D7F381300FFFF
(1785116571.245916) can0 0CF00400#FF7D7FE81200FFFF
(1785116571.245933) can0 18F01D21#6381198000AC1480
(1785116571.246196) can0 0CF00400#FF7D7FA81200FFFF
(1785116571.246231) can0 09F112F8#FF171B0000FF7FFD
(1785116571.246388) can0 19F10D13#3D8A015B0284005D
(1785116571.246416) can0 0CF00400#FF7D7FA81200FFFF
(1785116571.248035) can0 0CF00400#FF7D7FC01200FFFF
(1785116571.248094) can0 09F8021C#39FCB70CA800FFFF
(1785116571.248119) can0 09F8011C#A07E2718849E53C1
(1785116571.248138) can0 18FEE81C#5409100643643C81
(1785116571.248159) can0 0CF00400#FF7D7FD81200FFFF
(1785116571.248175) can0 0CF00400#FF7D7FE81200FFFF
(1785116571.248189) can0 18F01D21#6381198000AC1480
(1785116571.248208) can0 0CF00400#FF7D7FF81200FFFF
(1785116571.249025) can0 18FF50E0#0000800080008001
(1785116571.249872) can0 19F10D13#3E89015B0284005E
(1785116571.249925) can0 0CF00400#FF7D7F301300FFFF
(1785116571.249960) can0 09F112F8#FFEB1A0000FF7FFD
(1785116571.249991) can0 0CF00400#FF7D7F181300FFFF
(1785116571.250020) can0 0CF00400#FF7D7FE01200FFFF
(1785116571.250059) can0 0CF00400#FF7D7FD81200FFFF
(1785116571.250089) can0 18F01D21#6381198000AC1480
(1785116571.250127) can0 0CF00400#FF7D7FA01200FFFF
(1785116571.251694) can0 19F10D13#3F8A015B0284005D
(1785116571.251739) can0 0CF00400#FF7D7FB01200FFFF
(1785116571.251763) can0 0CF00400#FF7D7FA81200FFFF
(1785116571.251782) can0 0CF00400#FF7D7FA01200FFFF
(1785116571.251798) can0 0CF00400#FF7D7FC01200FFFF
(1785116571.251813) can0 09F112F8#FFC01A0000FF7FFD
(1785116571.251827) can0 18F01D21#6381198000AC1480
(1785116571.252254) can0 0CF00400#FF7D7FE01200FFFF
(1785116571.252296) can0 19F10D13#408A015B0284005D
(1785116571.253526) can0 0CF00400#FF7D7FE01200FFFF
(1785116571.253591) can0 0CF00400#FF7D7FD81200FFFF
(1785116571.253626) can0 0CF00400#FF7D7FD81200FFFF
(1785116571.253656) can0 0CF00400#FF7D7FD81200FFFF
(1785116571.253791) can0 18F01D21#6381198000AC1480
(1785116571.254872) can0 0CF00400#FF7D7FC81200FFFF
(1785116571.254922) can0 19F10D13#418A015B0284005D
(1785116571.254945) can0 0CF00400#FF7D7FC01200FFFF
(1785116571.254962) can0 09F112F8#FF8D1A0000FF7FFD
(1785116571.254978) can0 0CF00400#FF7D7FA81200FFFF
(1785116571.255648) can0 0CF00400#FF7D7FA01200FFFF
(1785116571.255700) can0 0CF00400#FF7D7FD01200FFFF
(1785116571.256506) can0 18F01D21#0B81198000AC1480
(1785116571.256566) can0 0CF00400#FF7D7FE81200FFFF
(1785116571.256596) can0 19F10D13#428A015B0284005D
(1785116571.256613) can0 0CF00400#FF7D7FF01200FFFF
(1785116571.257681) can0 0CF00400#FF7D7FE81200FFFF
(1785116571.257725) can0 09F8021C#3AFCB60CA900FFFF
(1785116571.257750) can0 09F8011C#C67E2718929E53C1
(1785116571.257768) can0 18FEE81C#5309180643643C81
(1785116571.257785) can0 09F112F8#FF611A0000FF7FFD
(1785116571.257801) can0 0CF00400#FF7D7FC81200FFFF
(1785116571.257816) can0 0CF00400#FF7D7F901200FFFF
(1785116571.257830) can0 18F01D21#0B81198000AC1480
(1785116571.259246) can0 0CF00400#FF7D7F801200FFFF
(1785116571.259307) can0 19F10D13#4389015B0284005E
(1785116571.259350) can0 0CF00400#FF7D7F881200FFFF
(1785116571.259379) can0 0CF00400#FF7D7F881200FFFF
(1785116571.259407) can0 0CF00400#FF7D7F881200FFFF
(1785116571.260681) can0 0CF00400#FF7D7FA01200FFFF
(1785116571.260751) can0 18F01D21#6381198000AC1480
(1785116571.260784) can0 09F112F8#FF2C1A0000FF7FFD
(1785116571.260813) can0 0CF00400#FF7D7FD01200FFFF
(1785116571.260841) can0 19F10D13#448A015B0284005D
(1785116571.260880) can0 0CF00400#FF7D7FE81200FFFF
(1785116571.260907) can0 0CF00400#FF7D7FE81200FFFF
(1785116571.262135) can0 0CF00400#FF7D7FC81200FFFF
(1785116571.262179) can0 0CF00400#FF7D7F801200FFFF
(1785116571.262203) can0 18F01D21#6381198000AC1480
(1785116571.262223) can0 0CF00400#FF7D7F481200FFFF
(1785116571.262310) can0 19F10D13#4589015B0284005E
(1785116571.262849) can0 0CF00400#FF7D7F501200FFFF
(1785116571.262894) can0 09F112F8#FF001A0000FF7FFD
(1785116571.262916) can0 0CF00400#FF7D7F581200FFFF
(1785116571.263923) can0 0CF00400#FF7D80601200FFFF
(1785116571.263973) can0 0CF00400#FF7D80781200FFFF
(1785116571.264007) can0 18F01D21#6381198000AC1480
(1785116571.264037) can0 0CF00400#FF7D80B01200FFFF
(1785116571.265200) can0 19F10D13#468A015B0284005D
(1785116571.265248) can0 0CF00400#FF7D7FC81200FFFF
(1785116571.265280) can0 0CF00400#FF7D80D81200FFFF
(1785116571.265299) can0 0CF00400#FF7D7FD01200FFFF
(1785116571.266202) can0 09F112F8#FFD6190000FF7FFD
(1785116571.266246) can0 0CF00400#FF7D7F981200FFFF
(1785116571.266270) can0 18F01D21#6381198000AC1480
(1785116571.266289) can0 0CF00400#FF7D7F881200FFFF
(1785116571.266305) can0 19F10D13#478B015B0284005D
(1785116571.267281) can0 0CF00400#FF7D7F981200FFFF
(1785116571.267342) can0 0CF00400#FF7D7FA81200FFFF
(1785116571.267375) can0 0CF00400#FF7D7FB81200FFFF
(1785116571.267404) can0 09F8021C#3BFCC40DAC00FFFF
(1785116571.267432) can0 09F8011C#F47E2718AC9E53C1
(1785116571.267459) can0 18FEE81C#190A380610643B81
(1785116571.268186) can0 0CF00400#FF7D7FB81200FFFF
(1785116571.268228) can0 18F01D21#6381198000AC1480
(1785116571.268253) can0 0CF00400#FF7D7FD81200FFFF
(1785116571.268272) can0 19F10D13#488A015B0284005D
(1785116571.269335) can0 09F112F8#FFB3190000FF7FFD
(1785116571.269383) can0 0CF00400#FF7D7FC81200FFFF
(1785116571.269427) can0 0CF00400#FF7D7FA81200FFFF
(1785116571.269457) can0 0CF00400#FF7D7FA01200FFFF
(1785116571.270331) can0 0CF00400#FF7D7FA81200FFFF
(1785116571.270381) can0 18F01D21#6381198000AC1480
(1785116571.270414) can0 0CF00400#FF7D7FA01200FFFF
(1785116571.270444) can0 19F10D13#498A015B0284005D
(1785116571.270473) can0 0CF00400#FF7D7F881200FFFF
(1785116571.271366) can0 0CF00400#FF7D7F701200FFFF
(1785116571.271410) can0 09F112F8#FF97190000FF7FFD
(1785116571.271442) can0 0CF00400#FF7D7F901200FFFF
(1785116571.272279) can0 0CF00400#FF7D7FC01200FFFF
(1785116571.272331) can0 18F01D21#6381198000AC1480
(1785116571.272365) can0 0CF00400#FF7D7FC81200FFFF
(1785116571.272394) can0 19F10D13#4A8A015B0284005D
(1785116571.272422) can0 0CF00400#FF7D7FC81200FFFF
(1785116571.273691) can0 0CF00400#FF7D7FC01200FFFF
(1785116571.273737) can0 0CF00400#FF7D7F981200FFFF
(1785116571.273769) can0 0CF00400#FF7D7FA01200FFFF
(1785116571.273798) can0 18F01D21#6381198000AC1480
(1785116571.273912) can0 09F112F8#FF75190000FF7FFD
(1785116571.274459) can0 0CF00400#FF7D7F981200FFFF
(1785116571.274503) can0 19F10D13#4B8A015B0284005D
(1785116571.274535) can0 0CF00400#FF7D7FA01200FFFF
(1785116571.275524) can0 0CF00400#FF7D7F901200FFFF
(1785116571.275563) can0 0CF00400#FF7D7F501200FFFF
(1785116571.275586) can0 0CF00400#FF7D7F701200FFFF
(1785116571.276513) can0 18F01D21#6381198000AC1480
(1785116571.276555) can0 0CF00400#FF7D7F901200FFFF
(1785116571.276579) can0 19F10D13#4C8B015B0284005D
(1785116571.276597) can0 0CF00400#FF7D7FB81200FFFF
(1785116571.276613) can0 09F112F8#FF51190000FF7FFD
(1785116571.277533) can0 0CF00400#FF7D7FE01200FFFF
(1785116571.277574) can0 0CF00400#FF7D7FC81200FFFF
(1785116571.277599) can0 09F8021C#3CFC340BAA00FFFF
(1785116571.277618) can0 09F8011C#327F2718CA9E53C1
(1785116571.277635) can0 18FEE81C#3808200600643C81
(1785116571.277650) can0 0CF00400#FF7D7FF01200FFFF
(1785116571.278499) can0 18F01D21#6381198000AC1480
(1785116571.278549) can0 0CF00400#FF7D7F001300FFFF
(1785116571.278583) can0 19F10D13#4D8A015B0284005D
(1785116571.278612) can0 0CF00400#FF7D7FF81200FFFF
(1785116571.279760) can0 0CF00400#FF7D7FF81200FFFF
(1785116571.279805) can0 0CF00400#FF7D7F081300FFFF
(1785116571.279836) can0 09F112F8#FF2F190000FF7FFD
(1785116571.279866) can0 0CF00400#FF7D7F001300FFFF
(1785116571.279894) can0 18F01D21#6381198000AC1480
(1785116571.280039) can0 0CF00400#FF7D7FF81200FFFF
(1785116571.281337) can0 19F10D13#4E8A015B0284005D
(1785116571.281382) can0 0CF00400#FF7D7F101300FFFF
(1785116571.281408) can0 0CF00400#FF7D7F281300FFFF
(1785116571.281433) can0 0CF00400#FF7D7F301300FFFF
(1785116571.281813) can0 0CF00400#FF7D7F181300FFFF
(1785116571.281852) can0 18F01D21#0B81198000AC1480
(1785116571.282756) can0 0CF00400#FF7D7F281300FFFF
(1785116571.282799) can0 09F112F8#FF04190000FF7FFD
(1785116571.282823) can0 19F10D13#4F8B015B0284005D
(1785116571.282842) can0 0CF00400#FF7D7F181300FFFF
(1785116571.282857) can0 0CF00400#FF7D7F281300FFFF
(1785116571.283741) can0 0CF00400#FF7D7F401300FFFF
(1785116571.283793) can0 0CF00400#FF7D7F481300FFFF
(1785116571.283820) can0 18F01D21#0B81198000AC1480
(1785116571.284562) can0 0CF00400#FF7D7F681300FFFF
(1785116571.284614) can0 19F10D13#508A015B0284005D
(1785116571.284643) can0 0CF00400#FF7D7F801300FFFF
(1785116571.285707) can0 0CF00400#FF7D7F781300FFFF
(1785116571.285770) can0 09F112F8#FFD4180000FF7FFD
(1785116571.285796) can0 0CF00400#FF7D7F681300FFFF
(1785116571.285816) can0 0CF00400#FF7D7F781300FFFF
(1785116571.285833) can0 18F01D21#6381198000AC1480
(1785116571.287060) can0 0CF00400#FF7D7F881300FFFF
(1785116571.287115) can0 19F10D13#518B015B0284005D
(1785116571.287153) can0 0CF00400#FF7D7F781300FFFF
(1785116571.287184) can0 0CF00400#FF7D7F601300FFFF
(1785116571.287225) can0 0CF00400#FF7D7F481300FFFF
(1785116571.288433) can0 09F8021C#3DFC490BAA00FFFF
(1785116571.288490) can0 09F8011C#627F2718E69E53C1
(1785116571.288616) can0 0CF00400#FF7D7F501300FFFF
(1785116571.288656) can0 18FEE81C#4708200600643C81
(1785116571.288688) can0 18F01D21#6381198000AC1480
(1785116571.288717) can0 09F112F8#FFA1180000FF7FFD
(1785116571.288746) can0 0CF00400#FF7D7F781300FFFF
(1785116571.288774) can0 19F10D13#528A015B0284005D
(1785116571.288802) can0 0CF00400#FF7D7F901300FFFF
(1785116571.288830) can0 0CF00400#FF7D7F601300FFFF
(1785116571.290335) can0 0CF00400#FF7D7F401300FFFF
(1785116571.290383) can0 0CF00400#FF7D7F281300FFFF
(1785116571.290419) can0 18F01D21#6381198000AC1480
(1785116571.290449) can0 0CF00400#FF7D7F101300FFFF
(1785116571.290478) can0 19F10D13#538A015B0284005D
(1785116571.290506) can0 0CF00400#FF7D7F001300FFFF
(1785116571.291636) can0 09F112F8#FF61180000FF7FFD
(1785116571.291690) can0 0CF00400#FF7D7F001300FFFF
(1785116571.291737) can0 0CF00400#FF7D7F001300FFFF
(1785116571.291768) can0 0CF00400#FF7D7F001300FFFF
(1785116571.291797) can0 18F01D21#6381198000AC1480
(1785116571.292929) can0 0CF00400#FF7D7F101300FFFF
(1785116571.292983) can0 19F10D13#548A015B0284005D
(1785116571.293018) can0 0CF00400#FF7D7F201300FFFF
(1785116571.293056) can0 0CF00400#FF7D7F201300FFFF
(1785116571.293238) can0 0CF00400#FF7D7F081300FFFF
(1785116571.294432) can0 09F112F8#FF1C180000FF7FFD
(1785116571.294487) can0 0CF00400#FF7D7FF01200FFFF
(1785116571.294523) can0 18F01D21#6381198000AC1480
(1785116571.294554) can0 0CF00400#FF7D7FF01200FFFF
(1785116571.294583) can0 19F10D13#558A015B0284005D
(1785116571.294611) can0 0CF00400#FF7D7FD81200FFFF
(1785116571.295873) can0 0CF00400#FF7D7FD81200FFFF
(1785116571.295940) can0 0CF00400#FF7D7FC81200FFFF
(1785116571.295976) can0 0CF00400#FF7D7FC81200FFFF
(1785116571.296007) can0 18F01D21#6381198000AC1480
(1785116571.296036) can0 0CF00400#FF7D7FE01200FFFF
(1785116571.296221) can0 09F112F8#FFE4170000FF7FFD
(1785116571.296604) can0 19F10D13#568A015B0284005D
