(1785080711.374785) can0 18F01D21#B4241C8000D11580
(1785080711.375269) can0 09F112F8#FFFF1D0000FF7FFD
(1785080711.375381) can0 0CF00400#FF7D7F001200FFFF
(1785080711.375431) can0 19F10D13#0D70015B0284006C
(1785080711.375465) can0 0CF00400#FF7D7FC81100FFFF
(1785080711.376031) can0 0CF00400#FF7D7F901100FFFF
(1785080711.376311) can0 0CF00400#FF7D7F881100FFFF
(1785080711.377644) can0 0CF00400#FF7D7FA01100FFFF
(1785080711.377736) can0 18F01D21#4BF41B8000D11580
(1785080711.377774) can0 0CF00400#FF7D80C81100FFFF
(1785080711.377828) can0 19F10D13#0E73015B0284006A
(1785080711.377851) can0 0CF00400#FF7D80F81100FFFF
(1785080711.377870) can0 09F112F8#FFFF1D0000FF7FFD
(1785080711.377887) can0 0CF00400#FF7D80181200FFFF
(1785080711.378579) can0 0CF00400#FF7D80001200FFFF
(1785080711.378641) can0 0CF00400#FF7D80E01100FFFF
(1785080711.378880) can0 18F01D21#FAC61B8000D11580
(1785080711.379137) can0 0CF00400#FF7D80D01100FFFF
(1785080711.379355) can0 19F10D13#0F74015B02840069
(1785080711.379587) can0 0CF00400#FF7D80E81100FFFF
(1785080711.380934) can0 0CF00400#FF7D80F81100FFFF
(1785080711.380997) can0 0CF00400#FF7D80081200FFFF
(1785080711.381053) can0 09F8021C#2FFC520FAB00FFFF
(1785080711.381087) can0 09F8011C#A27C2718589D53C1
(1785080711.381108) can0 18FEE81C#3D0B30061E644581
(1785080711.381127) can0 09F112F8#FF041E0000FF7FFD
(1785080711.381146) can0 0CF00400#FF7D80301200FFFF
(1785080711.381163) can0 18F01D21#6B911B8000D11580
(1785080711.381179) can0 0CF00400#FF7D80601200FFFF
(1785080711.381903) can0 19F10D13#1076015B02840068
(1785080711.381967) can0 0CF00400#FF7D80901200FFFF
(1785080711.382008) can0 0CF00400#FF7D80C01200FFFF
(1785080711.382356) can0 0CF00400#FF7D80D01200FFFF
(1785080711.383648) can0 0CF00400#FF7D80C01200FFFF
(1785080711.383725) can0 18F01D21#56551B8000D11580
(1785080711.383752) can0 0CF00400#FF7D80B01200FFFF
(1785080711.383788) can0 09F112F8#FF0F1E0000FF7FFD
(1785080711.383843) can0 19F10D13#1179015B02840067
(1785080711.383883) can0 0CF00400#FF7D80A81200FFFF
(1785080711.383917) can0 0CF00400#FF7D80E81200FFFF
(1785080711.384880) can0 0CF00400#FF7D80101300FFFF
(1785080711.384960) can0 0CF00400#FF7D80301300FFFF
(1785080711.385004) can0 18F01D21#7A151B8000AC1480
(1785080711.385054) can0 0CF00400#FF7D80581300FFFF
(1785080711.385740) can0 19F10D13#127B015B02840066
(1785080711.385818) can0 0CF00400#FF7D80781300FFFF
(1785080711.385866) can0 0CF00400#FF7D80781300FFFF
(1785080711.386648) can0 09F112F8#FF131E0000FF7FFD
(1785080711.386727) can0 0CF00400#FF7D7F601300FFFF
(1785080711.386769) can0 0CF00400#FF7D7F681300FFFF
(1785080711.386803) can0 18F01D21#DFBB1A8000AC1480
(1785080711.387492) can0 0CF00400#FF7D7F501300FFFF
(1785080711.387571) can0 19F10D13#137F015B02840063
(1785080711.387610) can0 0CF00400#FF7D7F281300FFFF
(1785080711.388036) can0 0CF00400#FF7D7F181300FFFF
(1785080711.388284) can0 0CF00400#FF7D7F101300FFFF
(1785080711.389579) can0 0CF00400#FF7D7F081300FFFF
(1785080711.389670) can0 18F01D21#3F561A8000AC1480
(1785080711.389755) can0 09F112F8#FF121E0000FF7FFD
(1785080711.389782) can0 0CF00400#FF7D7F201300FFFF
(1785080711.389818) can0 19F10D13#1482015B02840062
(1785080711.389842) can0 0CF00400#FF7D7F381300FFFF
(1785080711.389866) can0 0CF00400#FF7D7F481300FFFF
(1785080711.390901) can0 0CF00400#FF7D7F581300FFFF
(1785080711.390982) can0 09F8021C#30FC510DA900FFFF
(1785080711.391025) can0 09F8011C#C87C2718769D53C1
(1785080711.391071) can0 18FEE81C#C50918061E644381
(1785080711.391094) can0 0CF00400#FF7D7F381300FFFF
(1785080711.391113) can0 18F01D21#ABFD198000AC1480
(1785080711.391130) can0 0CF00400#FF7D7F201300FFFF
(1785080711.391817) can0 19F10D13#1585015B02840060
(1785080711.391871) can0 0CF00400#FF7D7F301300FFFF
(1785080711.391911) can0 09F112F8#FF091E0000FF7FFD
(1785080711.391945) can0 0CF00400#FF7D7F401300FFFF
(1785080711.392619) can0 0CF00400#FF7D7F201300FFFF
(1785080711.392678) can0 0CF00400#FF7D7F381300FFFF
(1785080711.392935) can0 18F01D21#59B9198000AC1480
(1785080711.393241) can0 0CF00400#FF7D7F601300FFFF
(1785080711.393307) can0 19F10D13#1689015B0284005E
(1785080711.393708) can0 0CF00400#FF7D7F601300FFFF
(1785080711.393948) can0 0CF00400#FF7D7F581300FFFF
(1785080711.395265) can0 0CF00400#FF7D7F281300FFFF
(1785080711.395328) can0 09F112F8#FFFB1D0000FF7FFD
(1785080711.395367) can0 0CF00400#FF7D7F001300FFFF
(1785080711.395402) can0 18F01D21#ED93198000AC1480
(1785080711.395436) can0 0CF00400#FF7D7FF81200FFFF
(1785080711.395468) can0 19F10D13#1789015B0284005E
(1785080711.395514) can0 0CF00400#FF7D7FF01200FFFF
(1785080711.396310) can0 0CF00400#FF7D7FC81200FFFF
(1785080711.396369) can0 0CF00400#FF7D7FA81200FFFF
(1785080711.397659) can0 0CF00400#FF7D7FA81200FFFF
(1785080711.397698) can0 18F01D21#D284198000AC1480
(1785080711.397722) can0 0CF00400#FF7D7FA01200FFFF
(1785080711.397740) can0 09F112F8#FFEB1D0000FF7FFD
(1785080711.397757) can0 19F10D13#188A015B0284005D
(1785080711.397779) can0 0CF00400#FF7D7FB01200FFFF
(1785080711.398270) can0 0CF00400#FF7D7FC81200FFFF
(1785080711.398311) can0 0CF00400#FF7D7FC01200FFFF
(1785080711.399595) can0 0CF00400#FF7D7FA81200FFFF
(1785080711.399634) can0 18F01D21#7283198000AC1480
(1785080711.399658) can0 0CF00400#FF7D7F781200FFFF
(1785080711.399678) can0 19F10D13#1989015B0284005E
(1785080711.399701) can0 0CF00400#FF7D7F901200FFFF
(1785080711.400234) can0 0CF00400#FF7D7FA01200FFFF
(1785080711.400283) can0 09F112F8#FFD31D0000FF7FFD
(1785080711.400308) can0 0CF00400#FF7D7FB01200FFFF
(1785080711.400716) can0 09F8021C#31FC1D0EA800FFFF
(1785080711.400773) can0 09F8011C#F27C27188C9D53C1
(1785080711.400818) can0 0CF00400#FF7D7FC01200FFFF
(1785080711.400853) can0 18FEE81C#5A0A10061E644381
(1785080711.400895) can0 18F01D21#6B82198000AC1480
(1785080711.401792) can0 0CF00400#FF7D7FB81200FFFF
(1785080711.401880) can0 19F10D13#1A89015B0284005E
(1785080711.401931) can0 0CF00400#FF7D7FA81200FFFF
(1785080711.401979) can0 0CF00400#FF7D7F981200FFFF
(1785080711.402522) can0 0CF00400#FF7D7F801200FFFF
(1785080711.402818) can0 0CF00400#FF7D7F401200FFFF
(1785080711.402891) can0 09F112F8#FFBD1D0000FF7FFD
(1785080711.402933) can0 18F01D21#6B82198000AC1480
(1785080711.404469) can0 0CF00400#FF7D7F401200FFFF
(1785080711.404541) can0 19F10D13#1B8A015B0284005D
(1785080711.404580) can0 0CF00400#FF7D7F481200FFFF
(1785080711.404627) can0 0CF00400#FF7D7F501200FFFF
(1785080711.404671) can0 0CF00400#FF7D7F701200FFFF
(1785080711.404702) can0 0CF00400#FF7D7F781200FFFF
(1785080711.405180) can0 18F01D21#1382198000AC1480
(1785080711.405234) can0 0CF00400#FF7D7F981200FFFF
(1785080711.405476) can0 19F10D13#1C8A015B0284005D
(1785080711.405519) can0 0CF00400#FF7D7FC81200FFFF
(1785080711.405931) can0 09F112F8#FFA51D0000FF7FFD
(1785080711.405982) can0 0CF00400#FF7D7FE81200FFFF
(1785080711.406303) can0 0CF00400#FF7D7FC01200FFFF
(1785080711.407923) can0 0CF00400#FF7D7F981200FFFF
(1785080711.407995) can0 18F01D21#1382198000AC1480
(1785080711.408036) can0 0CF00400#FF7D7FB81200FFFF
(1785080711.408087) can0 19F10D13#1D8B015B0284005D
(1785080711.408108) can0 0CF00400#FF7D7FC01200FFFF
(1785080711.408132) can0 0CF00400#FF7D7FC81200FFFF
(1785080711.409636) can0 0CF00400#FF7D7FD01200FFFF
(1785080711.409710) can0 09F112F8#FF921D0000FF7FFD
(1785080711.409743) can0 0CF00400#FF7D7FA81200FFFF
(1785080711.409766) can0 18F01D21#BB81198000AC1480
(1785080711.409786) can0 0CF00400#FF7D7FA01200FFFF
(1785080711.409927) can0 19F10D13#1E8A015B0284005D
(1785080711.409970) can0 0CF00400#FF7D7FC01200FFFF
(1785080711.410015) can0 0CF00400#FF7D7FD01200FFFF
(1785080711.412138) can0 0CF00400#FF7D7FC81200FFFF
(1785080711.412205) can0 0CF00400#FF7D7FE01200FFFF
(1785080711.412245) can0 09F8021C#32FC720EAA00FFFF
(1785080711.412278) can0 09F8011C#427D2718BC9D53C1
(1785080711.412311) can0 18F01D21#6381198000AC1480
(1785080711.412342) can0 18FEE81C#990A200620644281
(1785080711.412374) can0 0CF00400#FF7D7FF01200FFFF
(1785080711.412405) can0 09F112F8#FF831D0000FF7FFD
(1785080711.412436) can0 19F10D13#1F89015B0284005E
(1785080711.412468) can0 0CF00400#FF7D7FF81200FFFF
(1785080711.412512) can0 0CF00400#FF7D7FE81200FFFF
(1785080711.412544) can0 0CF00400#FF7D7FE01200FFFF
(1785080711.414498) can0 0CF00400#FF7D7FD81200FFFF
(1785080711.414557) can0 18F01D21#6381198000AC1480
(1785080711.414586) can0 0CF00400#FF7D7FD01200FFFF
(1785080711.414608) can0 19F10D13#208B015B0284005D
(1785080711.414627) can0 0CF00400#FF7D7FD81200FFFF
(1785080711.414650) can0 0CF00400#FF7D7FF01200FFFF
(1785080711.414668) can0 09F112F8#FF781D0000FF7FFD
(1785080711.414683) can0 0CF00400#FF7D7FF81200FFFF
(1785080711.414699) can0 0CF00400#FF7D7FF81200FFFF
(1785080711.415410) can0 18F01D21#6381198000AC1480
(1785080711.415464) can0 0CF00400#FF7D7FF81200FFFF
(1785080711.415493) can0 19F10D13#218A015B0284005D
(1785080711.415512) can0 0CF00400#FF7D7FF01200FFFF
(1785080711.417101) can0 0CF00400#FF7D7FE81200FFFF
(1785080711.417168) can0 0CF00400#FF7D7FE81200FFFF
(1785080711.417207) can0 09F112F8#FF6C1D0000FF7FFD
(1785080711.417241) can0 0CF00400#FF7D7FF01200FFFF
(1785080711.417274) can0 18F01D21#6381198000AC1480
(1785080711.417306) can0 0CF00400#FF7D7F001300FFFF
(1785080711.417337) can0 19F10D13#2289015B0284005E
(1785080711.419967) can0 0CF00400#FF7D7F101300FFFF
(1785080711.420089) can0 0CF00400#FF7D7F101300FFFF
(1785080711.420143) can0 0CF00400#FF7D7FF01200FFFF
(1785080711.420185) can0 0CF00400#FF7D7FD81200FFFF
(1785080711.420229) can0 18F01D21#6381198000AC1480
(1785080711.420273) can0 0CF00400#FF7D7FD01200FFFF
(1785080711.420313) can0 19F10D13#238A015B0284005D
(1785080711.420348) can0 09F112F8#FF571D0000FF7FFD
(1785080711.420377) can0 0CF00400#FF7D7FD01200FFFF
(1785080711.420428) can0 0CF00400#FF7D7FD81200FFFF
(1785080711.420475) can0 0CF00400#FF7D7FD01200FFFF
(1785080711.423291) can0 0CF00400#FF7D7FD81200FFFF
(1785080711.423368) can0 18F01D21#6381198000AC1480
(1785080711.423409) can0 09F8021C#33FC3F0EAC00FFFF
(1785080711.423445) can0 09F8011C#7C7D2718E29D53C1
(1785080711.423478) can0 18FEE81C#730A380620644181
(1785080711.423512) can0 0CF00400#FF7D7FF81200FFFF
(1785080711.423544) can0 19F10D13#248A015B0284005D
(1785080711.423577) can0 0CF00400#FF7D7F181300FFFF
(1785080711.423621) can0 0CF00400#FF7D7F181300FFFF
(1785080711.423655) can0 09F112F8#FF3C1D0000FF7FFD
(1785080711.423688) can0 0CF00400#FF7D7FF81200FFFF
(1785080711.423722) can0 0CF00400#FF7D7FF01200FFFF
(1785080711.423754) can0 18F01D21#6381198000AC1480
(1785080711.423787) can0 0CF00400#FF7D7FD01200FFFF
(1785080711.423820) can0 19F10D13#258A015B0284005D
(1785080711.423853) can0 0CF00400#FF7D7FE01200FFFF
(1785080711.423899) can0 0CF00400#FF7D7FC81200FFFF
(1785080711.426880) can0 0CF00400#FF7D7F901200FFFF
(1785080711.426954) can0 0CF00400#FF7D7FA01200FFFF
(1785080711.427000) can0 09F112F8#FF231D0000FF7FFD
(1785080711.427035) can0 18F01D21#6381198000AC1480
(1785080711.427094) can0 0CF00400#FF7D7FA81200FFFF
(1785080711.427127) can0 19F10D13#268A015B0284005D
(1785080711.427159) can0 0CF00400#FF7D7FB81200FFFF
(1785080711.427191) can0 0CF00400#FF7D7FB01200FFFF
(1785080711.427236) can0 0CF00400#FF7D7F801200FFFF
(1785080711.427269) can0 0CF00400#FF7D7F681200FFFF
(1785080711.427301) can0 18F01D21#0B81198000AC1480
(1785080711.427333) can0 0CF00400#FF7D7F601200FFFF
(1785080711.427366) can0 19F10D13#2789015B0284005E
(1785080711.428451) can0 0CF00400#FF7D7F701200FFFF
(1785080711.428545) can0 09F112F8#FF071D0000FF7FFD
(1785080711.428580) can0 0CF00400#FF7D7F581200FFFF
(1785080711.428631) can0 0CF00400#FF7D7F201200FFFF
(1785080711.428655) can0 0CF00400#FF7D7F401200FFFF
(1785080711.430544) can0 18F01D21#6381198000AC1480
(1785080711.430606) can0 0CF00400#FF7D7F681200FFFF
(1785080711.430638) can0 19F10D13#288A015B0284005D
(1785080711.430662) can0 0CF00400#FF7D7F901200FFFF
(1785080711.430682) can0 0CF00400#FF7D7F981200FFFF
(1785080711.430705) can0 0CF00400#FF7D7F901200FFFF
(1785080711.430722) can0 09F112F8#FFE61C0000FF7FFD
(1785080711.430739) can0 0CF00400#FF7D7F301200FFFF
(1785080711.432444) can0 18F01D21#6381198000AC1480
(1785080711.432506) can0 0CF00400#FF7D7FF01100FFFF
(1785080711.432546) can0 09F8021C#34FC0F0DA900FFFF
(1785080711.432581) can0 09F8011C#AE7D2718FE9D53C1
(1785080711.432615) can0 18FEE81C#9409180620644081
(1785080711.432647) can0 19F10D13#298A015B0284005D
(1785080711.432679) can0 0CF00400#FF7D7FF81100FFFF
(1785080711.432711) can0 0CF00400#FF7D80181200FFFF
(1785080711.432755) can0 0CF00400#FF7D80201200FFFF
(1785080711.432787) can0 0CF00400#FF7D80481200FFFF
(1785080711.432819) can0 18F01D21#0B81198000AC1480
(1785080711.435234) can0 09F112F8#FFCA1C0000FF7FFD
(1785080711.435306) can0 0CF00400#FF7D80881200FFFF
(1785080711.435339) can0 19F10D13#2A8B015B0284005D
(1785080711.435363) can0 0CF00400#FF7D80981200FFFF
(1785080711.435382) can0 0CF00400#FF7D80A81200FFFF
(1785080711.435406) can0 0CF00400#FF7D80C01200FFFF
(1785080711.435423) can0 0CF00400#FF7D80A81200FFFF
(1785080711.435440) can0 18F01D21#6381198000AC1480
(1785080711.435456) can0 0CF00400#FF7D7F881200FFFF
(1785080711.435471) can0 19F10D13#2B8A015B0284005D
(1785080711.435487) can0 0CF00400#FF7D80901200FFFF
(1785080711.437118) can0 09F112F8#FFAA1C0000FF7FFD
(1785080711.437240) can0 0CF00400#FF7D80B81200FFFF
(1785080711.437311) can0 0CF00400#FF7D7FB01200FFFF
(1785080711.437355) can0 0CF00400#FF7D7FC01200FFFF
(1785080711.437398) can0 18F01D21#0B81198000AC1480
(1785080711.437438) can0 0CF00400#FF7D7FE81200FFFF
(1785080711.437480) can0 19F10D13#2C89015B0284005E
(1785080711.437521) can0 0CF00400#FF7D7FF01200FFFF
(1785080711.440817) can0 0CF00400#FF7D7FE81200FFFF
(1785080711.440931) can0 0CF00400#FF7D7FF81200FFFF
(1785080711.440974) can0 09F112F8#FF831C0000FF7FFD
(1785080711.441009) can0 0CF00400#FF7D7FC01200FFFF
(1785080711.441061) can0 18F01D21#0B81198000AC1480
(1785080711.441097) can0 0CF00400#FF7D7F981200FFFF
(1785080711.441130) can0 19F10D13#2D89015B0284005E
(1785080711.441162) can0 0CF00400#FF7D7F781200FFFF
(1785080711.441195) can0 0CF00400#FF7D7F681200FFFF
(1785080711.441240) can0 0CF00400#FF7D7F181200FFFF
(1785080711.441272) can0 0CF00400#FF7D7F201200FFFF
(1785080711.441306) can0 18F01D21#6381198000AC1480
(1785080711.441338) can0 0CF00400#FF7D80501200FFFF
(1785080711.441370) can0 09F112F8#FF631C0000FF7FFD
(1785080711.441402) can0 09F8021C#35FCFB0DAA00FFFF
(1785080711.441434) can0 09F8021C#36FCFB0DAA00FFFF
(1785080711.441467) can0 09F8011C#D87D2718169E53C1
(1785080711.441510) can0 19F10D13#2E89015B0284005E
(1785080711.441543) can0 18FEE81C#410A200641643F81
(1785080711.441576) can0 0CF00400#FF7D80701200FFFF
(1785080711.443993) can0 0CF00400#FF7D80881200FFFF
(1785080711.444144) can0 0CF00400#FF7D80B01200FFFF
(1785080711.444181) can0 0CF00400#FF7D80981200FFFF
(1785080711.444204) can0 18F01D21#6381198000AC1480
(1785080711.444222) can0 0CF00400#FF7D80701200FFFF
(1785080711.444303) can0 19F10D13#2F89015B0284005E
(1785080711.444339) can0 0CF00400#FF7D80581200FFFF
(1785080711.444371) can0 0CF00400#FF7D80701200FFFF
(1785080711.444397) can0 09F112F8#FF451C0000FF7FFD
(1785080711.444433) can0 0CF00400#FF7D80601200FFFF
(1785080711.447273) can0 0CF00400#FF7D80581200FFFF
(1785080711.447334) can0 18F01D21#0B81198000AC1480
(1785080711.447373) can0 0CF00400#FF7D80701200FFFF
(1785080711.447407) can0 19F10D13#3089015B0284005E
(1785080711.447440) can0 0CF00400#FF7D80A01200FFFF
(1785080711.447472) can0 0CF00400#FF7D80C81200FFFF
(1785080711.447516) can0 0CF00400#FF7D80D01200FFFF
(1785080711.447548) can0 09F112F8#FF2B1C0000FF7FFD
(1785080711.447580) can0 0CF00400#FF7D80C01200FFFF
(1785080711.447612) can0 18F01D21#6381198000AC1480
(1785080711.447644) can0 0CF00400#FF7D80B81200FFFF
(1785080711.447676) can0 19F10D13#318A015B0284005D
(1785080711.447707) can0 0CF00400#FF7D80C81200FFFF
(1785080711.449739) can0 0CF00400#FF7D80C81200FFFF
(1785080711.449808) can0 0CF00400#FF7D7FB81200FFFF
(1785080711.449862) can0 0CF00400#FF7D7FD01200FFFF
(1785080711.449895) can0 18F01D21#6381198000AC1480
(1785080711.449924) can0 0CF00400#FF7D80F81200FFFF
(1785080711.449954) can0 19F10D13#328A015B0284005D
(1785080711.449983) can0 09F112F8#FF0C1C0000FF7FFD
(1785080711.450012) can0 0CF00400#FF7D80181300FFFF
(1785080711.450054) can0 0CF00400#FF7D7F081300FFFF
(1785080711.452133) can0 0CF00400#FF7D7F001300FFFF
(1785080711.452220) can0 0CF00400#FF7D7FE81200FFFF
(1785080711.452250) can0 18F01D21#6381198000AC1480
(1785080711.452271) can0 0CF00400#FF7D7FE01200FFFF
(1785080711.452288) can0 19F10D13#338A015B0284005D
(1785080711.452305) can0 0CF00400#FF7D7FD81200FFFF
(1785080711.452321) can0 09F8021C#37FC7E0DAC00FFFF
(1785080711.452338) can0 09F8011C#387E27184A9E53C1
(1785080711.452353) can0 18FEE81C#E609380645643E81
(1785080711.452369) can0 0CF00400#FF7D7F901200FFFF
(1785080711.452385) can0 09F112F8#FFEB1B0000FF7FFD
(1785080711.452401) can0 0CF00400#FF7D7F801200FFFF
(1785080711.455432) can0 0CF00400#FF7D7F801200FFFF
(1785080711.455548) can0 18F01D21#6381198000AC1480
(1785080711.455585) can0 0CF00400#FF7D7F881200FFFF
(1785080711.455607) can0 19F10D13#348A015B0284005D
(1785080711.455626) can0 0CF00400#FF7D80A01200FFFF
(1785080711.455644) can0 0CF00400#FF7D80D81200FFFF
(1785080711.455661) can0 0CF00400#FF7D7FF01200FFFF
(1785080711.455683) can0 0CF00400#FF7D7FE81200FFFF
(1785080711.455701) can0 09F112F8#FFD31B0000FF7FFD
(1785080711.455717) can0 18F01D21#6381198000AC1480
(1785080711.455732) can0 0CF00400#FF7D7FE81200FFFF
(1785080711.455748) can0 19F10D13#358A015B0284005D
(1785080711.455764) can0 0CF00400#FF7D7FE01200FFFF
(1785080711.456795) can0 0CF00400#FF7D7FF01200FFFF
(1785080711.456862) can0 0CF00400#FF7D7F101300FFFF
(1785080711.456915) can0 0CF00400#FF7D7F101300FFFF
(1785080711.456950) can0 18F01D21#6381198000AC1480
(1785080711.458927) can0 0CF00400#FF7D7F101300FFFF
(1785080711.459010) can0 19F10D13#368A015B0284005D
(1785080711.459074) can0 0CF00400#FF7D7F281300FFFF
(1785080711.459103) can0 09F112F8#FFBF1B0000FF7FFD
(1785080711.459123) can0 0CF00400#FF7D7F301300FFFF
(1785080711.459141) can0 0CF00400#FF7D7FF01200FFFF
(1785080711.459164) can0 0CF00400#FF7D7FC01200FFFF
(1785080711.459182) can0 18F01D21#0B81198000AC1480
(1785080711.459198) can0 0CF00400#FF7D7FC81200FFFF
(1785080711.461094) can0 19F10D13#378B015B0284005D
(1785080711.461195) can0 0CF00400#FF7D7FD01200FFFF
(1785080711.461234) can0 0CF00400#FF7D7FA01200FFFF
(1785080711.461259) can0 09F112F8#FFA61B0000FF7FFD
(1785080711.461278) can0 0CF00400#FF7D7FB81200FFFF
(1785080711.461302) can0 0CF00400#FF7D7FB01200FFFF
(1785080711.461319) can0 18F01D21#6381198000AC1480
(1785080711.461335) can0 0CF00400#FF7D7FA81200FFFF
(1785080711.461351) can0 19F10D13#388A015B0284005D
(1785080711.461521) can0 0CF00400#FF7D7FC01200FFFF
(1785080711.463214) can0 09F8021C#38FC540DAF00FFFF
(1785080711.463280) can0 09F8011C#6E7E2718689E53C1
(1785080711.463323) can0 18FEE81C#C709500643643D81
(1785080711.463360) can0 0CF00400#FF7D7FF01200FFFF
(1785080711.463393) can0 0CF00400#FF7D7FF01200FFFF
(1785080711.463439) can0 0CF00400#FF7D7F181300FFFF
(1785080711.463471) can0 18F01D21#6381198000AC1480
(1785080711.463504) can0 09F112F8#FF861B0000FF7FFD
(1785080711.463535) can0 0CF00400#FF7D7F301300FFFF
(1785080711.463568) can0 19F10D13#3989015B0284005E
(1785080711.463600) can0 0CF00400#FF7D7F401300FFFF
(1785080711.465329) can0 0CF00400#FF7D7F401300FFFF
(1785080711.465390) can0 0CF00400#FF7D7F381300FFFF
(1785080711.465429) can0 0CF00400#FF7D7F381300FFFF
(1785080711.465451) can0 18F01D21#6381198000AC1480
(1785080711.465470) can0 0CF00400#FF7D7F481300FFFF
(1785080711.465487) can0 19F10D13#3A8B015B0284005D
(1785080711.465504) can0 0CF00400#FF7D7F481300FFFF
(1785080711.465668) can0 09F112F8#FF661B0000FF7FFD
(1785080711.467488) can0 0CF00400#FF7D7F381300FFFF
(1785080711.467617) can0 0CF00400#FF7D7F381300FFFF
(1785080711.467675) can0 0CF00400#FF7D7F101300FFFF
(1785080711.467738) can0 18F01D21#0B81198000AC1480
(1785080711.467771) can0 0CF00400#FF7D7F081300FFFF
(1785080711.467905) can0 19F10D13#3B8A015B0284005D
(1785080711.467933) can0 0CF00400#FF7D7F001300FFFF
(1785080711.467967) can0 0CF00400#FF7D7F081300FFFF
(1785080711.469936) can0 0CF00400#FF7D7F181300FFFF
(1785080711.470031) can0 09F112F8#FF431B0000FF7FFD
(1785080711.470093) can0 0CF00400#FF7D7F281300FFFF
(1785080711.470146) can0 18F01D21#6381198000AC1480
(1785080711.470181) can0 0CF00400#FF7D7F401300FFFF
(1785080711.470216) can0 19F10D13#3C8A015B0284005D
(1785080711.470236) can0 0CF00400#FF7D7F481300FFFF
(1785080711.470253) can0 0CF00400#FF7D7F481300FFFF
(1785080711.470270) can0 0CF00400#FF7D7F381300FFFF
(1785080711.472071) can0 0CF00400#FF7D7FE81200FFFF
(1785080711.472147) can0 18F01D21#6381198000AC1480
(1785080711.472186) can0 0CF00400#FF7D7FA81200FFFF
(1785080711.472219) can0 09F112F8#FF171B0000FF7FFD
(1785080711.472242) can0 19F10D13#3D8A015B0284005D
(1785080711.472260) can0 0CF00400#FF7D7FA81200FFFF
(1785080711.472277) can0 0CF00400#FF7D7FC01200FFFF
(1785080711.472294) can0 09F8021C#39FCB70CA800FFFF
(1785080711.472310) can0 09F8011C#A07E2718849E53C1
(1785080711.472327) can0 18FEE81C#5409100643643C81
(1785080711.472343) can0 0CF00400#FF7D7FD81200FFFF
(1785080711.473855) can0 18FF50E0#0000800080008001
(1785080711.474855) can0 0CF00400#FF7D7FE81200FFFF
(1785080711.474929) can0 18F01D21#6381198000AC1480
(1785080711.474984) can0 0CF00400#FF7D7FF81200FFFF
(1785080711.475020) can0 19F10D13#3E89015B0284005E
(1785080711.475077) can0 0CF00400#FF7D7F301300FFFF
(1785080711.475115) can0 09F112F8#FFEB1A0000FF7FFD
(1785080711.475148) can0 0CF00400#FF7D7F181300FFFF
(1785080711.475182) can0 0CF00400#FF7D7FE01200FFFF
(1785080711.475214) can0 0CF00400#FF7D7FD81200FFFF
(1785080711.475247) can0 18F01D21#6381198000AC1480
(1785080711.475304) can0 0CF00400#FF7D7FA01200FFFF
(1785080711.475343) can0 19F10D13#3F8A015B0284005D
(1785080711.476898) can0 0CF00400#FF7D7FB01200FFFF
(1785080711.476973) can0 0CF00400#FF7D7FA81200FFFF
(1785080711.477015) can0 0CF00400#FF7D7FA01200FFFF
(1785080711.477064) can0 0CF00400#FF7D7FC01200FFFF
(1785080711.477087) can0 09F112F8#FFC01A0000FF7FFD
(1785080711.477106) can0 18F01D21#6381198000AC1480
(1785080711.477123) can0 0CF00400#FF7D7FE01200FFFF
(1785080711.478962) can0 19F10D13#408A015B0284005D
(1785080711.479022) can0 0CF00400#FF7D7FE01200FFFF
(1785080711.479102) can0 0CF00400#FF7D7FD81200FFFF
(1785080711.479130) can0 0CF00400#FF7D7FD81200FFFF
(1785080711.479149) can0 0CF00400#FF7D7FD81200FFFF
(1785080711.479168) can0 18F01D21#6381198000AC1480
(1785080711.479185) can0 0CF00400#FF7D7FC81200FFFF
(1785080711.480293) can0 19F10D13#418A015B0284005D
(1785080711.480347) can0 0CF00400#FF7D7FC01200FFFF
(1785080711.480377) can0 09F112F8#FF8D1A0000FF7FFD
(1785080711.480400) can0 0CF00400#FF7D7FA81200FFFF
(1785080711.480420) can0 0CF00400#FF7D7FA01200FFFF
(1785080711.481639) can0 0CF00400#FF7D7FD01200FFFF
(1785080711.481698) can0 18F01D21#0B81198000AC1480
(1785080711.481739) can0 0CF00400#FF7D7FE81200FFFF
(1785080711.481787) can0 19F10D13#428A015B0284005D
(1785080711.481821) can0 0CF00400#FF7D7FF01200FFFF
(1785080711.481853) can0 0CF00400#FF7D7FE81200FFFF
(1785080711.483445) can0 09F8021C#3AFCB60CA900FFFF
(1785080711.483520) can0 09F8011C#C67E2718929E53C1
(1785080711.483562) can0 18FEE81C#5309180643643C81
(1785080711.483598) can0 09F112F8#FF611A0000FF7FFD
(1785080711.483637) can0 0CF00400#FF7D7FC81200FFFF
(1785080711.483666) can0 0CF00400#FF7D7F901200FFFF
(1785080711.483696) can0 18F01D21#0B81198000AC1480
(1785080711.483726) can0 0CF00400#FF7D7F801200FFFF
(1785080711.483764) can0 19F10D13#4389015B0284005E
(1785080711.483796) can0 0CF00400#FF7D7F881200FFFF
(1785080711.484940) can0 0CF00400#FF7D7F881200FFFF
(1785080711.485002) can0 0CF00400#FF7D7F881200FFFF
(1785080711.485057) can0 0CF00400#FF7D7FA01200FFFF
(1785080711.485099) can0 18F01D21#6381198000AC1480
(1785080711.485133) can0 09F112F8#FF2C1A0000FF7FFD
(1785080711.485165) can0 0CF00400#FF7D7FD01200FFFF
(1785080711.487382) can0 19F10D13#448A015B0284005D
(1785080711.487482) can0 0CF00400#FF7D7FE81200FFFF
(1785080711.487523) can0 0CF00400#FF7D7FE81200FFFF
(1785080711.487558) can0 0CF00400#FF7D7FC81200FFFF
(1785080711.487591) can0 0CF00400#FF7D7F801200FFFF
(1785080711.487624) can0 18F01D21#6381198000AC1480
(1785080711.487658) can0 0CF00400#FF7D7F481200FFFF
(1785080711.487691) can0 19F10D13#4589015B0284005E
(1785080711.487728) can0 0CF00400#FF7D7F501200FFFF
(1785080711.487776) can0 09F112F8#FF001A0000FF7FFD
(1785080711.489414) can0 0CF00400#FF7D7F581200FFFF
(1785080711.489483) can0 0CF00400#FF7D80601200FFFF
(1785080711.489522) can0 0CF00400#FF7D80781200FFFF
(1785080711.489556) can0 18F01D21#6381198000AC1480
(1785080711.489589) can0 0CF00400#FF7D80B01200FFFF
(1785080711.489621) can0 19F10D13#468A015B0284005D
(1785080711.489653) can0 0CF00400#FF7D7FC81200FFFF
(1785080711.491501) can0 0CF00400#FF7D80D81200FFFF
(1785080711.491578) can0 0CF00400#FF7D7FD01200FFFF
(1785080711.491622) can0 09F112F8#FFD6190000FF7FFD
(1785080711.491658) can0 0CF00400#FF7D7F981200FFFF
(1785080711.491692) can0 18F01D21#6381198000AC1480
(1785080711.491725) can0 0CF00400#FF7D7F881200FFFF
(1785080711.491758) can0 19F10D13#478B015B0284005D
(1785080711.491790) can0 0CF00400#FF7D7F981200FFFF
(1785080711.491835) can0 0CF00400#FF7D7FA81200FFFF
(1785080711.493907) can0 0CF00400#FF7D7FB81200FFFF
