(1785079359.374062) can0 18F01D21#B4241C8000D11580
(1785079359.374785) can0 09F112F8#FFFF1D0000FF7FFD
(1785079359.374916) can0 0CF00400#FF7D7F001200FFFF
(1785079359.374994) can0 19F10D13#0D70015B0284006C
(1785079359.375087) can0 0CF00400#FF7D7FC81100FFFF
(1785079359.375132) can0 0CF00400#FF7D7F901100FFFF
(1785079359.376180) can0 0CF00400#FF7D7F881100FFFF
(1785079359.376255) can0 0CF00400#FF7D7FA01100FFFF
(1785079359.376300) can0 18F01D21#4BF41B8000D11580
(1785079359.376335) can0 0CF00400#FF7D80C81100FFFF
(1785079359.376890) can0 19F10D13#0E73015B0284006A
(1785079359.376959) can0 0CF00400#FF7D80F81100FFFF
(1785079359.377113) can0 09F112F8#FFFF1D0000FF7FFD
(1785079359.377151) can0 0CF00400#FF7D80181200FFFF
(1785079359.377957) can0 0CF00400#FF7D80001200FFFF
(1785079359.378068) can0 0CF00400#FF7D80E01100FFFF
(1785079359.378136) can0 18F01D21#FAC61B8000D11580
(1785079359.378726) can0 0CF00400#FF7D80D01100FFFF
(1785079359.378804) can0 19F10D13#0F74015B02840069
(1785079359.378841) can0 0CF00400#FF7D80E81100FFFF
(1785079359.379415) can0 0CF00400#FF7D80F81100FFFF
(1785079359.379526) can0 0CF00400#FF7D80081200FFFF
(1785079359.379570) can0 09F8021C#2FFC520FAB00FFFF
(1785079359.379605) can0 09F8011C#A27C2718589D53C1
(1785079359.379635) can0 18FEE81C#3D0B30061E644581
(1785079359.380489) can0 09F112F8#FF041E0000FF7FFD
(1785079359.380569) can0 0CF00400#FF7D80301200FFFF
(1785079359.380628) can0 18F01D21#6B911B8000D11580
(1785079359.380681) can0 0CF00400#FF7D80601200FFFF
(1785079359.380752) can0 19F10D13#1076015B02840068
(1785079359.380803) can0 0CF00400#FF7D80901200FFFF
(1785079359.381839) can0 0CF00400#FF7D80C01200FFFF
(1785079359.381925) can0 0CF00400#FF7D80D01200FFFF
(1785079359.381987) can0 0CF00400#FF7D80C01200FFFF
(1785079359.382054) can0 18F01D21#56551B8000D11580
(1785079359.382704) can0 0CF00400#FF7D80B01200FFFF
(1785079359.382780) can0 09F112F8#FF0F1E0000FF7FFD
(1785079359.382817) can0 19F10D13#1179015B02840067
(1785079359.382848) can0 0CF00400#FF7D80A81200FFFF
(1785079359.383523) can0 0CF00400#FF7D80E81200FFFF
(1785079359.383588) can0 0CF00400#FF7D80101300FFFF
(1785079359.384026) can0 0CF00400#FF7D80301300FFFF
(1785079359.384107) can0 18F01D21#7A151B8000AC1480
(1785079359.384568) can0 0CF00400#FF7D80581300FFFF
(1785079359.384656) can0 19F10D13#127B015B02840066
(1785079359.384727) can0 0CF00400#FF7D80781300FFFF
(1785079359.385472) can0 0CF00400#FF7D80781300FFFF
(1785079359.385587) can0 09F112F8#FF131E0000FF7FFD
(1785079359.385663) can0 0CF00400#FF7D7F601300FFFF
(1785079359.386345) can0 0CF00400#FF7D7F681300FFFF
(1785079359.386437) can0 18F01D21#DFBB1A8000AC1480
(1785079359.386482) can0 0CF00400#FF7D7F501300FFFF
(1785079359.387063) can0 19F10D13#137F015B02840063
(1785079359.387203) can0 0CF00400#FF7D7F281300FFFF
(1785079359.387247) can0 0CF00400#FF7D7F181300FFFF
(1785079359.387784) can0 0CF00400#FF7D7F101300FFFF
(1785079359.387947) can0 0CF00400#FF7D7F081300FFFF
(1785079359.388390) can0 18F01D21#3F561A8000AC1480
(1785079359.388474) can0 09F112F8#FF121E0000FF7FFD
(1785079359.388515) can0 0CF00400#FF7D7F201300FFFF
(1785079359.388627) can0 19F10D13#1482015B02840062
(1785079359.388687) can0 0CF00400#FF7D7F381300FFFF
(1785079359.389581) can0 0CF00400#FF7D7F481300FFFF
(1785079359.389668) can0 0CF00400#FF7D7F581300FFFF
(1785079359.389711) can0 09F8021C#30FC510DA900FFFF
(1785079359.389758) can0 09F8011C#C87C2718769D53C1
(1785079359.389891) can0 18FEE81C#C50918061E644381
(1785079359.389951) can0 0CF00400#FF7D7F381300FFFF
(1785079359.390933) can0 18F01D21#ABFD198000AC1480
(1785079359.391026) can0 0CF00400#FF7D7F201300FFFF
(1785079359.391106) can0 19F10D13#1585015B02840060
(1785079359.391141) can0 0CF00400#FF7D7F301300FFFF
(1785079359.391169) can0 09F112F8#FF091E0000FF7FFD
(1785079359.391196) can0 0CF00400#FF7D7F401300FFFF
(1785079359.392114) can0 0CF00400#FF7D7F201300FFFF
(1785079359.392209) can0 0CF00400#FF7D7F381300FFFF
(1785079359.392253) can0 18F01D21#59B9198000AC1480
(1785079359.392285) can0 0CF00400#FF7D7F601300FFFF
(1785079359.392922) can0 19F10D13#1689015B0284005E
(1785079359.393002) can0 0CF00400#FF7D7F601300FFFF
(1785079359.393466) can0 0CF00400#FF7D7F581300FFFF
(1785079359.393549) can0 0CF00400#FF7D7F281300FFFF
(1785079359.393919) can0 09F112F8#FFFB1D0000FF7FFD
(1785079359.394006) can0 0CF00400#FF7D7F001300FFFF
(1785079359.394077) can0 18F01D21#ED93198000AC1480
(1785079359.394646) can0 0CF00400#FF7D7FF81200FFFF
(1785079359.394720) can0 19F10D13#1789015B0284005E
(1785079359.394770) can0 0CF00400#FF7D7FF01200FFFF
(1785079359.395346) can0 0CF00400#FF7D7FC81200FFFF
(1785079359.395687) can0 0CF00400#FF7D7FA81200FFFF
(1785079359.396032) can0 0CF00400#FF7D7FA81200FFFF
(1785079359.396137) can0 18F01D21#D284198000AC1480
(1785079359.396565) can0 0CF00400#FF7D7FA01200FFFF
(1785079359.396642) can0 09F112F8#FFEB1D0000FF7FFD
(1785079359.396682) can0 19F10D13#188A015B0284005D
(1785079359.396722) can0 0CF00400#FF7D7FB01200FFFF
(1785079359.397520) can0 0CF00400#FF7D7FC81200FFFF
(1785079359.397598) can0 0CF00400#FF7D7FC01200FFFF
(1785079359.397987) can0 0CF00400#FF7D7FA81200FFFF
(1785079359.398084) can0 18F01D21#7283198000AC1480
(1785079359.398565) can0 0CF00400#FF7D7F781200FFFF
(1785079359.398645) can0 19F10D13#1989015B0284005E
(1785079359.398695) can0 0CF00400#FF7D7F901200FFFF
(1785079359.399265) can0 0CF00400#FF7D7FA01200FFFF
(1785079359.399345) can0 09F112F8#FFD31D0000FF7FFD
(1785079359.399771) can0 0CF00400#FF7D7FB01200FFFF
(1785079359.400120) can0 09F8021C#31FC1D0EA800FFFF
(1785079359.400200) can0 09F8011C#F27C27188C9D53C1
(1785079359.400241) can0 0CF00400#FF7D7FC01200FFFF
(1785079359.400272) can0 18FEE81C#5A0A10061E644381
(1785079359.400299) can0 18F01D21#6B82198000AC1480
(1785079359.400325) can0 0CF00400#FF7D7FB81200FFFF
(1785079359.401376) can0 19F10D13#1A89015B0284005E
(1785079359.401494) can0 0CF00400#FF7D7FA81200FFFF
(1785079359.401598) can0 0CF00400#FF7D7F981200FFFF
(1785079359.401676) can0 0CF00400#FF7D7F801200FFFF
(1785079359.402498) can0 0CF00400#FF7D7F401200FFFF
(1785079359.402597) can0 09F112F8#FFBD1D0000FF7FFD
(1785079359.402642) can0 18F01D21#6B82198000AC1480
(1785079359.402677) can0 0CF00400#FF7D7F401200FFFF
(1785079359.402709) can0 19F10D13#1B8A015B0284005D
(1785079359.402737) can0 0CF00400#FF7D7F481200FFFF
(1785079359.403822) can0 0CF00400#FF7D7F501200FFFF
(1785079359.403920) can0 0CF00400#FF7D7F701200FFFF
(1785079359.403982) can0 0CF00400#FF7D7F781200FFFF
(1785079359.404137) can0 18F01D21#1382198000AC1480
(1785079359.404902) can0 0CF00400#FF7D7F981200FFFF
(1785079359.405003) can0 19F10D13#1C8A015B0284005D
(1785079359.405091) can0 0CF00400#FF7D7FC81200FFFF
(1785079359.405192) can0 09F112F8#FFA51D0000FF7FFD
(1785079359.405258) can0 0CF00400#FF7D7FE81200FFFF
(1785079359.407092) can0 0CF00400#FF7D7FC01200FFFF
(1785079359.407197) can0 0CF00400#FF7D7F981200FFFF
(1785079359.407244) can0 18F01D21#1382198000AC1480
(1785079359.407278) can0 0CF00400#FF7D7FB81200FFFF
(1785079359.407307) can0 19F10D13#1D8B015B0284005D
(1785079359.407383) can0 0CF00400#FF7D7FC01200FFFF
(1785079359.407421) can0 0CF00400#FF7D7FC81200FFFF
(1785079359.407550) can0 0CF00400#FF7D7FD01200FFFF
(1785079359.407596) can0 09F112F8#FF921D0000FF7FFD
(1785079359.409228) can0 0CF00400#FF7D7FA81200FFFF
(1785079359.409349) can0 18F01D21#BB81198000AC1480
(1785079359.409411) can0 0CF00400#FF7D7FA01200FFFF
(1785079359.409530) can0 19F10D13#1E8A015B0284005D
(1785079359.409588) can0 0CF00400#FF7D7FC01200FFFF
(1785079359.409660) can0 0CF00400#FF7D7FD01200FFFF
(1785079359.409711) can0 0CF00400#FF7D7FC81200FFFF
(1785079359.410814) can0 0CF00400#FF7D7FE01200FFFF
(1785079359.410910) can0 09F8021C#32FC720EAA00FFFF
(1785079359.410970) can0 09F8011C#427D2718BC9D53C1
(1785079359.411023) can0 18F01D21#6381198000AC1480
(1785079359.411083) can0 18FEE81C#990A200620644281
(1785079359.411114) can0 0CF00400#FF7D7FF01200FFFF
(1785079359.411143) can0 09F112F8#FF831D0000FF7FFD
(1785079359.411170) can0 19F10D13#1F89015B0284005E
(1785079359.411195) can0 0CF00400#FF7D7FF81200FFFF
(1785079359.411230) can0 0CF00400#FF7D7FE81200FFFF
(1785079359.412581) can0 0CF00400#FF7D7FE01200FFFF
(1785079359.412686) can0 0CF00400#FF7D7FD81200FFFF
(1785079359.412749) can0 18F01D21#6381198000AC1480
(1785079359.412805) can0 0CF00400#FF7D7FD01200FFFF
(1785079359.412857) can0 19F10D13#208B015B0284005D
(1785079359.412908) can0 0CF00400#FF7D7FD81200FFFF
(1785079359.413889) can0 0CF00400#FF7D7FF01200FFFF
(1785079359.413986) can0 09F112F8#FF781D0000FF7FFD
(1785079359.414063) can0 0CF00400#FF7D7FF81200FFFF
(1785079359.414104) can0 0CF00400#FF7D7FF81200FFFF
(1785079359.414134) can0 18F01D21#6381198000AC1480
(1785079359.414839) can0 0CF00400#FF7D7FF81200FFFF
(1785079359.414925) can0 19F10D13#218A015B0284005D
(1785079359.414984) can0 0CF00400#FF7D7FF01200FFFF
(1785079359.415548) can0 0CF00400#FF7D7FE81200FFFF
(1785079359.415637) can0 0CF00400#FF7D7FE81200FFFF
(1785079359.416028) can0 09F112F8#FF6C1D0000FF7FFD
(1785079359.416127) can0 0CF00400#FF7D7FF01200FFFF
(1785079359.416167) can0 18F01D21#6381198000AC1480
(1785079359.416815) can0 0CF00400#FF7D7F001300FFFF
(1785079359.416908) can0 19F10D13#2289015B0284005E
(1785079359.416984) can0 0CF00400#FF7D7F101300FFFF
(1785079359.417209) can0 0CF00400#FF7D7F101300FFFF
(1785079359.417981) can0 0CF00400#FF7D7FF01200FFFF
(1785079359.418088) can0 0CF00400#FF7D7FD81200FFFF
(1785079359.418133) can0 18F01D21#6381198000AC1480
(1785079359.418719) can0 0CF00400#FF7D7FD01200FFFF
(1785079359.418798) can0 19F10D13#238A015B0284005D
(1785079359.418857) can0 09F112F8#FF571D0000FF7FFD
(1785079359.418910) can0 0CF00400#FF7D7FD01200FFFF
(1785079359.419736) can0 0CF00400#FF7D7FD81200FFFF
(1785079359.419813) can0 0CF00400#FF7D7FD01200FFFF
(1785079359.420250) can0 0CF00400#FF7D7FD81200FFFF
(1785079359.420331) can0 18F01D21#6381198000AC1480
(1785079359.420387) can0 09F8021C#33FC3F0EAC00FFFF
(1785079359.420439) can0 09F8011C#7C7D2718E29D53C1
(1785079359.420491) can0 18FEE81C#730A380620644181
(1785079359.420541) can0 0CF00400#FF7D7FF81200FFFF
(1785079359.420592) can0 19F10D13#248A015B0284005D
(1785079359.421874) can0 0CF00400#FF7D7F181300FFFF
(1785079359.421984) can0 0CF00400#FF7D7F181300FFFF
(1785079359.422058) can0 09F112F8#FF3C1D0000FF7FFD
(1785079359.422115) can0 0CF00400#FF7D7FF81200FFFF
(1785079359.422167) can0 0CF00400#FF7D7FF01200FFFF
(1785079359.422218) can0 18F01D21#6381198000AC1480
(1785079359.422411) can0 0CF00400#FF7D7FD01200FFFF
(1785079359.423461) can0 19F10D13#258A015B0284005D
(1785079359.423552) can0 0CF00400#FF7D7FE01200FFFF
(1785079359.423632) can0 0CF00400#FF7D7FC81200FFFF
(1785079359.423685) can0 0CF00400#FF7D7F901200FFFF
(1785079359.424404) can0 0CF00400#FF7D7FA01200FFFF
(1785079359.424491) can0 09F112F8#FF231D0000FF7FFD
(1785079359.424550) can0 18F01D21#6381198000AC1480
(1785079359.424602) can0 0CF00400#FF7D7FA81200FFFF
(1785079359.424654) can0 19F10D13#268A015B0284005D
(1785079359.424705) can0 0CF00400#FF7D7FB81200FFFF
(1785079359.425744) can0 0CF00400#FF7D7FB01200FFFF
(1785079359.425841) can0 0CF00400#FF7D7F801200FFFF
(1785079359.425884) can0 0CF00400#FF7D7F681200FFFF
(1785079359.426427) can0 18F01D21#0B81198000AC1480
(1785079359.426508) can0 0CF00400#FF7D7F601200FFFF
(1785079359.426565) can0 19F10D13#2789015B0284005E
(1785079359.427219) can0 0CF00400#FF7D7F701200FFFF
(1785079359.427296) can0 09F112F8#FF071D0000FF7FFD
(1785079359.427338) can0 0CF00400#FF7D7F581200FFFF
(1785079359.427965) can0 0CF00400#FF7D7F201200FFFF
(1785079359.428101) can0 0CF00400#FF7D7F401200FFFF
(1785079359.428145) can0 18F01D21#6381198000AC1480
(1785079359.428698) can0 0CF00400#FF7D7F681200FFFF
(1785079359.428776) can0 19F10D13#288A015B0284005D
(1785079359.428817) can0 0CF00400#FF7D7F901200FFFF
(1785079359.429403) can0 0CF00400#FF7D7F981200FFFF
(1785079359.429507) can0 0CF00400#FF7D7F901200FFFF
(1785079359.429564) can0 09F112F8#FFE61C0000FF7FFD
(1785079359.430191) can0 0CF00400#FF7D7F301200FFFF
(1785079359.430266) can0 18F01D21#6381198000AC1480
(1785079359.430306) can0 0CF00400#FF7D7FF01100FFFF
(1785079359.430336) can0 09F8021C#34FC0F0DA900FFFF
(1785079359.430364) can0 09F8011C#AE7D2718FE9D53C1
(1785079359.431257) can0 18FEE81C#9409180620644081
(1785079359.431343) can0 19F10D13#298A015B0284005D
(1785079359.431402) can0 0CF00400#FF7D7FF81100FFFF
(1785079359.431455) can0 0CF00400#FF7D80181200FFFF
(1785079359.431526) can0 0CF00400#FF7D80201200FFFF
(1785079359.432494) can0 0CF00400#FF7D80481200FFFF
(1785079359.432579) can0 18F01D21#0B81198000AC1480
(1785079359.432638) can0 09F112F8#FFCA1C0000FF7FFD
(1785079359.432689) can0 0CF00400#FF7D80881200FFFF
(1785079359.432741) can0 19F10D13#2A8B015B0284005D
(1785079359.432792) can0 0CF00400#FF7D80981200FFFF
(1785079359.433823) can0 0CF00400#FF7D80A81200FFFF
(1785079359.433935) can0 0CF00400#FF7D80C01200FFFF
(1785079359.433995) can0 0CF00400#FF7D80A81200FFFF
(1785079359.434064) can0 18F01D21#6381198000AC1480
(1785079359.434766) can0 0CF00400#FF7D7F881200FFFF
(1785079359.434871) can0 19F10D13#2B8A015B0284005D
(1785079359.434932) can0 0CF00400#FF7D80901200FFFF
(1785079359.434985) can0 09F112F8#FFAA1C0000FF7FFD
(1785079359.435786) can0 0CF00400#FF7D80B81200FFFF
(1785079359.435891) can0 0CF00400#FF7D7FB01200FFFF
(1785079359.435951) can0 0CF00400#FF7D7FC01200FFFF
(1785079359.436554) can0 18F01D21#0B81198000AC1480
(1785079359.436637) can0 0CF00400#FF7D7FE81200FFFF
(1785079359.436677) can0 19F10D13#2C89015B0284005E
(1785079359.436710) can0 0CF00400#FF7D7FF01200FFFF
(1785079359.437501) can0 0CF00400#FF7D7FE81200FFFF
(1785079359.437606) can0 0CF00400#FF7D7FF81200FFFF
(1785079359.437762) can0 09F112F8#FF831C0000FF7FFD
(1785079359.438423) can0 0CF00400#FF7D7FC01200FFFF
(1785079359.438502) can0 18F01D21#0B81198000AC1480
(1785079359.438544) can0 0CF00400#FF7D7F981200FFFF
(1785079359.438575) can0 19F10D13#2D89015B0284005E
(1785079359.439212) can0 0CF00400#FF7D7F781200FFFF
(1785079359.439286) can0 0CF00400#FF7D7F681200FFFF
(1785079359.439752) can0 0CF00400#FF7D7F181200FFFF
(1785079359.440170) can0 0CF00400#FF7D7F201200FFFF
(1785079359.440270) can0 18F01D21#6381198000AC1480
(1785079359.440328) can0 0CF00400#FF7D80501200FFFF
(1785079359.440460) can0 09F112F8#FF631C0000FF7FFD
(1785079359.440521) can0 09F8021C#35FCFB0DAA00FFFF
(1785079359.440573) can0 09F8021C#36FCFB0DAA00FFFF
(1785079359.440623) can0 09F8011C#D87D2718169E53C1
(1785079359.440674) can0 19F10D13#2E89015B0284005E
(1785079359.440725) can0 18FEE81C#410A200641643F81
(1785079359.440775) can0 0CF00400#FF7D80701200FFFF
(1785079359.442674) can0 0CF00400#FF7D80881200FFFF
(1785079359.442802) can0 0CF00400#FF7D80B01200FFFF
(1785079359.442865) can0 0CF00400#FF7D80981200FFFF
(1785079359.442921) can0 18F01D21#6381198000AC1480
(1785079359.442974) can0 0CF00400#FF7D80701200FFFF
(1785079359.443085) can0 19F10D13#2F89015B0284005E
(1785079359.443143) can0 0CF00400#FF7D80581200FFFF
(1785079359.443197) can0 0CF00400#FF7D80701200FFFF
(1785079359.443247) can0 09F112F8#FF451C0000FF7FFD
(1785079359.444583) can0 0CF00400#FF7D80601200FFFF
(1785079359.444666) can0 0CF00400#FF7D80581200FFFF
(1785079359.444709) can0 18F01D21#0B81198000AC1480
(1785079359.444740) can0 0CF00400#FF7D80701200FFFF
(1785079359.444768) can0 19F10D13#3089015B0284005E
(1785079359.444795) can0 0CF00400#FF7D80A01200FFFF
(1785079359.445751) can0 0CF00400#FF7D80C81200FFFF
(1785079359.445873) can0 0CF00400#FF7D80D01200FFFF
(1785079359.445931) can0 09F112F8#FF2B1C0000FF7FFD
(1785079359.445984) can0 0CF00400#FF7D80C01200FFFF
(1785079359.446156) can0 18F01D21#6381198000AC1480
(1785079359.447073) can0 0CF00400#FF7D80B81200FFFF
(1785079359.447158) can0 19F10D13#318A015B0284005D
(1785079359.447228) can0 0CF00400#FF7D80C81200FFFF
(1785079359.447283) can0 0CF00400#FF7D80C81200FFFF
(1785079359.448010) can0 0CF00400#FF7D7FB81200FFFF
(1785079359.448138) can0 0CF00400#FF7D7FD01200FFFF
(1785079359.448197) can0 18F01D21#6381198000AC1480
(1785079359.448776) can0 0CF00400#FF7D80F81200FFFF
(1785079359.448856) can0 19F10D13#328A015B0284005D
(1785079359.448913) can0 09F112F8#FF0C1C0000FF7FFD
(1785079359.448965) can0 0CF00400#FF7D80181300FFFF
(1785079359.449703) can0 0CF00400#FF7D7F081300FFFF
(1785079359.449789) can0 0CF00400#FF7D7F001300FFFF
(1785079359.450264) can0 0CF00400#FF7D7FE81200FFFF
(1785079359.450347) can0 18F01D21#6381198000AC1480
(1785079359.450404) can0 0CF00400#FF7D7FE01200FFFF
(1785079359.450988) can0 19F10D13#338A015B0284005D
(1785079359.451085) can0 0CF00400#FF7D7FD81200FFFF
(1785079359.451127) can0 09F8021C#37FC7E0DAC00FFFF
(1785079359.451159) can0 09F8011C#387E27184A9E53C1
(1785079359.451187) can0 18FEE81C#E609380645643E81
(1785079359.451213) can0 0CF00400#FF7D7F901200FFFF
(1785079359.452337) can0 09F112F8#FFEB1B0000FF7FFD
(1785079359.452430) can0 0CF00400#FF7D7F801200FFFF
(1785079359.452488) can0 0CF00400#FF7D7F801200FFFF
(1785079359.452521) can0 18F01D21#6381198000AC1480
(1785079359.452549) can0 0CF00400#FF7D7F881200FFFF
(1785079359.452575) can0 19F10D13#348A015B0284005D
(1785079359.453900) can0 0CF00400#FF7D80A01200FFFF
(1785079359.454026) can0 0CF00400#FF7D80D81200FFFF
(1785079359.454137) can0 0CF00400#FF7D7FF01200FFFF
(1785079359.454215) can0 0CF00400#FF7D7FE81200FFFF
(1785079359.454269) can0 09F112F8#FFD31B0000FF7FFD
(1785079359.454315) can0 18F01D21#6381198000AC1480
(1785079359.454366) can0 0CF00400#FF7D7FE81200FFFF
(1785079359.455575) can0 19F10D13#358A015B0284005D
(1785079359.455704) can0 0CF00400#FF7D7FE01200FFFF
(1785079359.455776) can0 0CF00400#FF7D7FF01200FFFF
(1785079359.455833) can0 0CF00400#FF7D7F101300FFFF
(1785079359.455907) can0 0CF00400#FF7D7F101300FFFF
(1785079359.456195) can0 18F01D21#6381198000AC1480
(1785079359.456352) can0 0CF00400#FF7D7F101300FFFF
(1785079359.457323) can0 19F10D13#368A015B0284005D
(1785079359.457432) can0 0CF00400#FF7D7F281300FFFF
(1785079359.457504) can0 09F112F8#FFBF1B0000FF7FFD
(1785079359.457566) can0 0CF00400#FF7D7F301300FFFF
(1785079359.457617) can0 0CF00400#FF7D7FF01200FFFF
(1785079359.458962) can0 0CF00400#FF7D7FC01200FFFF
(1785079359.459081) can0 18F01D21#0B81198000AC1480
(1785079359.459146) can0 0CF00400#FF7D7FC81200FFFF
(1785079359.459202) can0 19F10D13#378B015B0284005D
(1785079359.459258) can0 0CF00400#FF7D7FD01200FFFF
(1785079359.459312) can0 0CF00400#FF7D7FA01200FFFF
(1785079359.460075) can0 09F112F8#FFA61B0000FF7FFD
(1785079359.460174) can0 0CF00400#FF7D7FB81200FFFF
(1785079359.460260) can0 0CF00400#FF7D7FB01200FFFF
(1785079359.460316) can0 18F01D21#6381198000AC1480
(1785079359.460364) can0 0CF00400#FF7D7FA81200FFFF
(1785079359.461626) can0 19F10D13#388A015B0284005D
(1785079359.461734) can0 0CF00400#FF7D7FC01200FFFF
(1785079359.461806) can0 09F8021C#38FC540DAF00FFFF
(1785079359.461865) can0 09F8011C#6E7E2718689E53C1
(1785079359.461915) can0 18FEE81C#C709500643643D81
(1785079359.461962) can0 0CF00400#FF7D7FF01200FFFF
(1785079359.462008) can0 0CF00400#FF7D7FF01200FFFF
(1785079359.462088) can0 0CF00400#FF7D7F181300FFFF
(1785079359.462139) can0 18F01D21#6381198000AC1480
(1785079359.462191) can0 09F112F8#FF861B0000FF7FFD
(1785079359.462820) can0 0CF00400#FF7D7F301300FFFF
(1785079359.462907) can0 19F10D13#3989015B0284005E
(1785079359.462973) can0 0CF00400#FF7D7F401300FFFF
(1785079359.463969) can0 0CF00400#FF7D7F401300FFFF
(1785079359.464089) can0 0CF00400#FF7D7F381300FFFF
(1785079359.464180) can0 0CF00400#FF7D7F381300FFFF
(1785079359.464238) can0 18F01D21#6381198000AC1480
(1785079359.464288) can0 0CF00400#FF7D7F481300FFFF
(1785079359.465843) can0 19F10D13#3A8B015B0284005D
(1785079359.465944) can0 0CF00400#FF7D7F481300FFFF
(1785079359.466010) can0 09F112F8#FF661B0000FF7FFD
(1785079359.466080) can0 0CF00400#FF7D7F381300FFFF
(1785079359.466130) can0 0CF00400#FF7D7F381300FFFF
(1785079359.466176) can0 0CF00400#FF7D7F101300FFFF
(1785079359.466236) can0 18F01D21#0B81198000AC1480
(1785079359.466279) can0 0CF00400#FF7D7F081300FFFF
(1785079359.467590) can0 19F10D13#3B8A015B0284005D
(1785079359.467692) can0 0CF00400#FF7D7F001300FFFF
(1785079359.467761) can0 0CF00400#FF7D7F081300FFFF
(1785079359.467819) can0 0CF00400#FF7D7F181300FFFF
(1785079359.467870) can0 09F112F8#FF431B0000FF7FFD
(1785079359.467920) can0 0CF00400#FF7D7F281300FFFF
(1785079359.468141) can0 18F01D21#6381198000AC1480
(1785079359.469272) can0 0CF00400#FF7D7F401300FFFF
(1785079359.469378) can0 19F10D13#3C8A015B0284005D
(1785079359.469444) can0 0CF00400#FF7D7F481300FFFF
(1785079359.469500) can0 0CF00400#FF7D7F481300FFFF
(1785079359.469550) can0 0CF00400#FF7D7F381300FFFF
(1785079359.470496) can0 0CF00400#FF7D7FE81200FFFF
(1785079359.470600) can0 18F01D21#6381198000AC1480
(1785079359.470691) can0 0CF00400#FF7D7FA81200FFFF
(1785079359.470751) can0 09F112F8#FF171B0000FF7FFD
(1785079359.470804) can0 19F10D13#3D8A015B0284005D
(1785079359.470852) can0 0CF00400#FF7D7FA81200FFFF
(1785079359.471990) can0 0CF00400#FF7D7FC01200FFFF
(1785079359.472118) can0 09F8021C#39FCB70CA800FFFF
(1785079359.472185) can0 09F8011C#A07E2718849E53C1
(1785079359.472239) can0 18FEE81C#5409100643643C81
(1785079359.472291) can0 0CF00400#FF7D7FD81200FFFF
(1785079359.472343) can0 0CF00400#FF7D7FE81200FFFF
(1785079359.472394) can0 18F01D21#6381198000AC1480
(1785079359.472477) can0 0CF00400#FF7D7FF81200FFFF
(1785079359.473013) can0 18FF50E0#0000800080008001
(1785079359.473768) can0 19F10D13#3E89015B0284005E
(1785079359.473848) can0 0CF00400#FF7D7F301300FFFF
(1785079359.473905) can0 09F112F8#FFEB1A0000FF7FFD
(1785079359.473959) can0 0CF00400#FF7D7F181300FFFF
(1785079359.474010) can0 0CF00400#FF7D7FE01200FFFF
(1785079359.474070) can0 0CF00400#FF7D7FD81200FFFF
(1785079359.474104) can0 18F01D21#6381198000AC1480
(1785079359.475665) can0 0CF00400#FF7D7FA01200FFFF
(1785079359.475744) can0 19F10D13#3F8A015B0284005D
(1785079359.475802) can0 0CF00400#FF7D7FB01200FFFF
(1785079359.475855) can0 0CF00400#FF7D7FA81200FFFF
(1785079359.475907) can0 0CF00400#FF7D7FA01200FFFF
(1785079359.475958) can0 0CF00400#FF7D7FC01200FFFF
(1785079359.476008) can0 09F112F8#FFC01A0000FF7FFD
(1785079359.476074) can0 18F01D21#6381198000AC1480
(1785079359.477258) can0 0CF00400#FF7D7FE01200FFFF
(1785079359.477358) can0 19F10D13#408A015B0284005D
(1785079359.477419) can0 0CF00400#FF7D7FE01200FFFF
(1785079359.477625) can0 0CF00400#FF7D7FD81200FFFF
(1785079359.477702) can0 0CF00400#FF7D7FD81200FFFF
(1785079359.478523) can0 0CF00400#FF7D7FD81200FFFF
(1785079359.478605) can0 18F01D21#6381198000AC1480
(1785079359.478661) can0 0CF00400#FF7D7FC81200FFFF
(1785079359.478734) can0 19F10D13#418A015B0284005D
(1785079359.478785) can0 0CF00400#FF7D7FC01200FFFF
(1785079359.478835) can0 09F112F8#FF8D1A0000FF7FFD
(1785079359.479828) can0 0CF00400#FF7D7FA81200FFFF
(1785079359.479896) can0 0CF00400#FF7D7FA01200FFFF
(1785079359.479937) can0 0CF00400#FF7D7FD01200FFFF
(1785079359.480452) can0 18F01D21#0B81198000AC1480
(1785079359.480517) can0 0CF00400#FF7D7FE81200FFFF
(1785079359.480564) can0 19F10D13#428A015B0284005D
(1785079359.481241) can0 0CF00400#FF7D7FF01200FFFF
(1785079359.481305) can0 0CF00400#FF7D7FE81200FFFF
(1785079359.481723) can0 09F8021C#3AFCB60CA900FFFF
(1785079359.481786) can0 09F8011C#C67E2718929E53C1
(1785079359.481822) can0 18FEE81C#5309180643643C81
(1785079359.481853) can0 09F112F8#FF611A0000FF7FFD
(1785079359.481881) can0 0CF00400#FF7D7FC81200FFFF
(1785079359.481906) can0 0CF00400#FF7D7F901200FFFF
(1785079359.482835) can0 18F01D21#0B81198000AC1480
(1785079359.482920) can0 0CF00400#FF7D7F801200FFFF
(1785079359.482975) can0 19F10D13#4389015B0284005E
(1785079359.483009) can0 0CF00400#FF7D7F881200FFFF
(1785079359.484092) can0 0CF00400#FF7D7F881200FFFF
(1785079359.484183) can0 0CF00400#FF7D7F881200FFFF
(1785079359.484246) can0 0CF00400#FF7D7FA01200FFFF
(1785079359.484302) can0 18F01D21#6381198000AC1480
(1785079359.484354) can0 09F112F8#FF2C1A0000FF7FFD
(1785079359.484405) can0 0CF00400#FF7D7FD01200FFFF
(1785079359.485132) can0 19F10D13#448A015B0284005D
(1785079359.485299) can0 0CF00400#FF7D7FE81200FFFF
(1785079359.485359) can0 0CF00400#FF7D7FE81200FFFF
(1785079359.486279) can0 0CF00400#FF7D7FC81200FFFF
(1785079359.486383) can0 0CF00400#FF7D7F801200FFFF
(1785079359.486432) can0 18F01D21#6381198000AC1480
(1785079359.486466) can0 0CF00400#FF7D7F481200FFFF
(1785079359.487528) can0 19F10D13#4589015B0284005E
(1785079359.487652) can0 0CF00400#FF7D7F501200FFFF
(1785079359.487756) can0 09F112F8#FF001A0000FF7FFD
(1785079359.487823) can0 0CF00400#FF7D7F581200FFFF
(1785079359.487859) can0 0CF00400#FF7D80601200FFFF
(1785079359.487905) can0 0CF00400#FF7D80781200FFFF
(1785079359.489070) can0 18F01D21#6381198000AC1480
(1785079359.489181) can0 0CF00400#FF7D80B01200FFFF
(1785079359.489244) can0 19F10D13#468A015B0284005D
(1785079359.489297) can0 0CF00400#FF7D7FC81200FFFF
(1785079359.489369) can0 0CF00400#FF7D80D81200FFFF
(1785079359.490336) can0 0CF00400#FF7D7FD01200FFFF
(1785079359.490465) can0 09F112F8#FFD6190000FF7FFD
(1785079359.490527) can0 0CF00400#FF7D7F981200FFFF
(1785079359.490581) can0 18F01D21#6381198000AC1480
(1785079359.490633) can0 0CF00400#FF7D7F881200FFFF
(1785079359.490684) can0 19F10D13#478B015B0284005D
(1785079359.490736) can0 0CF00400#FF7D7F981200FFFF
(1785079359.492313) can0 0CF00400#FF7D7FA81200FFFF
(1785079359.492406) can0 0CF00400#FF7D7FB81200FFFF
(1785079359.492467) can0 09F8021C#3BFCC40DAC00FFFF
(1785079359.492522) can0 09F8011C#F47E2718AC9E53C1
(1785079359.492575) can0 18FEE81C#190A380610643B81
(1785079359.492629) can0 0CF00400#FF7D7FB81200FFFF
(1785079359.492683) can0 18F01D21#6381198000AC1480
(1785079359.492736) can0 0CF00400#FF7D7FD81200FFFF
(1785079359.492790) can0 19F10D13#488A015B0284005D
(1785079359.492844) can0 09F112F8#FFB3190000FF7FFD
(1785079359.492898) can0 0CF00400#FF7D7FC81200FFFF
(1785079359.494765) can0 0CF00400#FF7D7FA81200FFFF
(1785079359.494891) can0 0CF00400#FF7D7FA01200FFFF
(1785079359.494963) can0 0CF00400#FF7D7FA81200FFFF
(1785079359.495022) can0 18F01D21#6381198000AC1480
(1785079359.495114) can0 0CF00400#FF7D7FA01200FFFF
(1785079359.495151) can0 19F10D13#498A015B0284005D
(1785079359.495180) can0 0CF00400#FF7D7F881200FFFF
(1785079359.495217) can0 0CF00400#FF7D7F701200FFFF
(1785079359.496712) can0 09F112F8#FF97190000FF7FFD
(1785079359.496855) can0 0CF00400#FF7D7F901200FFFF
(1785079359.496942) can0 0CF00400#FF7D7FC01200FFFF
(1785079359.496999) can0 18F01D21#6381198000AC1480
(1785079359.497068) can0 0CF00400#FF7D7FC81200FFFF
(1785079359.497117) can0 19F10D13#4A8A015B0284005D
(1785079359.497162) can0 0CF00400#FF7D7FC81200FFFF
(1785079359.497220) can0 0CF00400#FF7D7FC01200FFFF
(1785079359.498941) can0 0CF00400#FF7D7F981200FFFF
(1785079359.499114) can0 0CF00400#FF7D7FA01200FFFF
(1785079359.499191) can0 18F01D21#6381198000AC1480
(1785079359.499252) can0 09F112F8#FF75190000FF7FFD
(1785079359.499304) can0 0CF00400#FF7D7F981200FFFF
(1785079359.499352) can0 19F10D13#4B8A015B0284005D
(1785079359.499409) can0 0CF00400#FF7D7FA01200FFFF
(1785079359.499473) can0 0CF00400#FF7D7F901200FFFF
(1785079359.499517) can0 0CF00400#FF7D7F501200FFFF
(1785079359.500882) can0 0CF00400#FF7D7F701200FFFF
(1785079359.500997) can0 18F01D21#6381198000AC1480
(1785079359.501095) can0 0CF00400#FF7D7F901200FFFF
(1785079359.501199) can0 19F10D13#4C8B015B0284005D
(1785079359.501279) can0 0CF00400#FF7D7FB81200FFFF
(1785079359.501333) can0 09F112F8#FF51190000FF7FFD
(1785079359.501399) can0 0CF00400#FF7D7FE01200FFFF
(1785079359.502437) can0 0CF00400#FF7D7FC81200FFFF
(1785079359.502546) can0 09F8021C#3CFC340BAA00FFFF
(1785079359.502606) can0 09F8011C#327F2718CA9E53C1
(1785079359.502655) can0 18FEE81C#3808200600643C81
(1785079359.502699) can0 0CF00400#FF7D7FF01200FFFF
(1785079359.502742) can0 18F01D21#6381198000AC1480
(1785079359.502784) can0 0CF00400#FF7D7F001300FFFF
(1785079359.502826) can0 19F10D13#4D8A015B0284005D
(1785079359.502882) can0 0CF00400#FF7D7FF81200FFFF
(1785079359.504242) can0 0CF00400#FF7D7FF81200FFFF
(1785079359.504335) can0 0CF00400#FF7D7F081300FFFF
(1785079359.504392) can0 09F112F8#FF2F190000FF7FFD
(1785079359.504441) can0 0CF00400#FF7D7F001300FFFF
(1785079359.504488) can0 18F01D21#6381198000AC1480
(1785079359.504532) can0 0CF00400#FF7D7FF81200FFFF
(1785079359.504574) can0 19F10D13#4E8A015B0284005D
(1785079359.505984) can0 0CF00400#FF7D7F101300FFFF
(1785079359.506099) can0 0CF00400#FF7D7F281300FFFF
(1785079359.506178) can0 0CF00400#FF7D7F301300FFFF
(1785079359.506229) can0 0CF00400#FF7D7F181300FFFF
(1785079359.506274) can0 18F01D21#0B81198000AC1480
(1785079359.506318) can0 0CF00400#FF7D7F281300FFFF
(1785079359.507324) can0 09F112F8#FF04190000FF7FFD
(1785079359.507428) can0 19F10D13#4F8B015B0284005D
(1785079359.507492) can0 0CF00400#FF7D7F181300FFFF
(1785079359.507542) can0 0CF00400#FF7D7F281300FFFF
(1785079359.507606) can0 0CF00400#FF7D7F401300FFFF
(1785079359.508548) can0 0CF00400#FF7D7F481300FFFF
(1785079359.508670) can0 18F01D21#0B81198000AC1480
(1785079359.508752) can0 0CF00400#FF7D7F681300FFFF
(1785079359.508827) can0 19F10D13#508A015B0284005D
(1785079359.508906) can0 0CF00400#FF7D7F801300FFFF
(1785079359.510002) can0 0CF00400#FF7D7F781300FFFF
(1785079359.510153) can0 09F112F8#FFD4180000FF7FFD
(1785079359.510218) can0 0CF00400#FF7D7F681300FFFF
(1785079359.510273) can0 0CF00400#FF7D7F781300FFFF
(1785079359.510327) can0 18F01D21#6381198000AC1480
(1785079359.510378) can0 0CF00400#FF7D7F881300FFFF
(1785079359.511394) can0 19F10D13#518B015B0284005D
(1785079359.511495) can0 0CF00400#FF7D7F781300FFFF
(1785079359.511559) can0 0CF00400#FF7D7F601300FFFF
(1785079359.511628) can0 0CF00400#FF7D7F481300FFFF
(1785079359.512346) can0 09F8021C#3DFC490BAA00FFFF
(1785079359.512438) can0 09F8011C#627F2718E69E53C1
(1785079359.512587) can0 0CF00400#FF7D7F501300FFFF
(1785079359.512647) can0 18FEE81C#4708200600643C81
(1785079359.512696) can0 18F01D21#6381198000AC1480
(1785079359.512741) can0 09F112F8#FFA1180000FF7FFD
(1785079359.512784) can0 0CF00400#FF7D7F781300FFFF
(1785079359.512827) can0 19F10D13#528A015B0284005D
(1785079359.512870) can0 0CF00400#FF7D7F901300FFFF
(1785079359.513755) can0 0CF00400#FF7D7F601300FFFF
(1785079359.513874) can0 0CF00400#FF7D7F401300FFFF
(1785079359.513925) can0 0CF00400#FF7D7F281300FFFF
(1785079359.515137) can0 18F01D21#6381198000AC1480
(1785079359.515236) can0 0CF00400#FF7D7F101300FFFF
(1785079359.515298) can0 19F10D13#538A015B0284005D
(1785079359.515352) can0 0CF00400#FF7D7F001300FFFF
(1785079359.515401) can0 09F112F8#FF61180000FF7FFD
(1785079359.515446) can0 0CF00400#FF7D7F001300FFFF
(1785079359.515506) can0 0CF00400#FF7D7F001300FFFF
(1785079359.516791) can0 0CF00400#FF7D7F001300FFFF
(1785079359.516893) can0 18F01D21#6381198000AC1480
(1785079359.516962) can0 0CF00400#FF7D7F101300FFFF
(1785079359.517020) can0 19F10D13#548A015B0284005D
(1785079359.517089) can0 0CF00400#FF7D7F201300FFFF
(1785079359.517138) can0 0CF00400#FF7D7F201300FFFF
(1785079359.518198) can0 0CF00400#FF7D7F081300FFFF
(1785079359.518306) can0 09F112F8#FF1C180000FF7FFD
(1785079359.518374) can0 0CF00400#FF7D7FF01200FFFF
(1785079359.518430) can0 18F01D21#6381198000AC1480
(1785079359.518480) can0 0CF00400#FF7D7FF01200FFFF
(1785079359.518654) can0 19F10D13#558A015B0284005D
(1785079359.518720) can0 0CF00400#FF7D7FD81200FFFF
(1785079359.519899) can0 0CF00400#FF7D7FD81200FFFF
(1785079359.520022) can0 0CF00400#FF7D7FC81200FFFF
(1785079359.520137) can0 0CF00400#FF7D7FC81200FFFF
(1785079359.520178) can0 18F01D21#6381198000AC1480
(1785079359.520721) can0 0CF00400#FF7D7FE01200FFFF
(1785079359.520785) can0 09F112F8#FFE4170000FF7FFD
(1785079359.520823) can0 19F10D13#568A015B0284005D
(1785079359.520853) can0 0CF00400#FF7D7FE81200FFFF
(1785079359.521873) can0 0CF00400#FF7D7FB81200FFFF
(1785079359.521981) can0 0CF00400#FF7D7FA81200FFFF
(1785079359.522057) can0 0CF00400#FF7D7FA81200FFFF
(1785079359.522099) can0 09F8021C#3EFC500AB000FFFF
(1785079359.522130) can0 09F8011C#B67F27180E9F53C1
(1785079359.522158) can0 18F01D21#6381198000AC1480
(1785079359.522186) can0 18FEE81C#9107580600643C81
(1785079359.522712) can0 0CF00400#FF7D7FB01200FFFF
(1785079359.522796) can0 19F10D13#578A015B0284005D
(1785079359.522850) can0 0CF00400#FF7D7FB81200FFFF
(1785079359.524166) can0 0CF00400#FF7D7FA01200FFFF
(1785079359.524264) can0 09F112F8#FFA4170000FF7FFD
(1785079359.524346) can0 0CF00400#FF7D7FA01200FFFF
(1785079359.524400) can0 0CF00400#FF7D7FB81200FFFF
(1785079359.524451) can0 18F01D21#6381198000AC1480
(1785079359.524503) can0 0CF00400#FF7D7FC01200FFFF
(1785079359.524672) can0 19F10D13#588A015B0284005D
(1785079359.524730) can0 0CF00400#FF7D7FB01200FFFF
(1785079359.526019) can0 0CF00400#FF7D7F901200FFFF
(1785079359.526132) can0 0CF00400#FF7D7F981200FFFF
(1785079359.526212) can0 0CF00400#FF7D7FA01200FFFF
(1785079359.526265) can0 18F01D21#6381198000AC1480
(1785079359.526317) can0 09F112F8#FF6B170000FF7FFD
(1785079359.526369) can0 0CF00400#FF7D7FB81200FFFF
(1785079359.527425) can0 19F10D13#598B015B0284005D
(1785079359.527504) can0 0CF00400#FF7D7FD01200FFFF
(1785079359.527545) can0 0CF00400#FF7D7FD01200FFFF
(1785079359.527577) can0 0CF00400#FF7D7FD01200FFFF
(1785079359.528157) can0 0CF00400#FF7D7FE81200FFFF
(1785079359.528213) can0 18F01D21#6381198000AC1480
(1785079359.528603) can0 0CF00400#FF7D7FF01200FFFF
(1785079359.528666) can0 19F10D13#5A8A015B0284005D
(1785079359.528702) can0 0CF00400#FF7D7FF01200FFFF
(1785079359.529469) can0 09F112F8#FF2B170000FF7FFD
(1785079359.529537) can0 0CF00400#FF7D7F001300FFFF
(1785079359.529577) can0 0CF00400#FF7D7FD81200FFFF
(1785079359.530149) can0 0CF00400#FF7D7FC81200FFFF
(1785079359.530206) can0 18F01D21#6381198000AC1480
(1785079359.530642) can0 0CF00400#FF7D7FE81200FFFF
(1785079359.530703) can0 19F10D13#5B89015B0284005E
(1785079359.530738) can0 0CF00400#FF7D7F081300FFFF
(1785079359.531260) can0 0CF00400#FF7D7F181300FFFF
(1785079359.531574) can0 0CF00400#FF7D7F401300FFFF
(1785079359.531888) can0 09F112F8#FFEF160000FF7FFD
(1785079359.531955) can0 0CF00400#FF7D7F581300FFFF
(1785079359.532498) can0 18F01D21#6381198000AC1480
(1785079359.532581) can0 09F8021C#3FFC4E0AAC00FFFF
(1785079359.532636) can0 09F8011C#EE7F2718249F53C1
(1785079359.532688) can0 18FEE81C#8F073806E5633D81
(1785079359.532739) can0 0CF00400#FF7D7F681300FFFF
(1785079359.532790) can0 19F10D13#5C8A015B0284005D
(1785079359.532840) can0 0CF00400#FF7D7F601300FFFF
(1785079359.534126) can0 0CF00400#FF7D7F581300FFFF
(1785079359.534207) can0 0CF00400#FF7D7F401300FFFF
(1785079359.534260) can0 0CF00400#FF7D7F081300FFFF
(1785079359.534293) can0 18F01D21#6381198000AC1480
(1785079359.534321) can0 0CF00400#FF7D7F081300FFFF
(1785079359.535227) can0 19F10D13#5D8A015B0284005D
(1785079359.535324) can0 09F112F8#FFA6160000FF7FFD
(1785079359.535369) can0 0CF00400#FF7D7F001300FFFF
(1785079359.535400) can0 0CF00400#FF7D7F001300FFFF
(1785079359.536148) can0 0CF00400#FF7D7F201300FFFF
(1785079359.536237) can0 0CF00400#FF7D7F481300FFFF
(1785079359.536290) can0 18F01D21#6381198000AC1480
(1785079359.536321) can0 0CF00400#FF7D7F581300FFFF
(1785079359.536963) can0 19F10D13#5E8B015B0284005D
(1785079359.537063) can0 0CF00400#FF7D7F481300FFFF
(1785079359.537106) can0 0CF00400#FF7D7F381300FFFF
(1785079359.537625) can0 09F112F8#FF75160000FF7FFD
(1785079359.537708) can0 0CF00400#FF7D7F381300FFFF
(1785079359.538207) can0 0CF00400#FF7D7F201300FFFF
(1785079359.538303) can0 18F01D21#6381198000AC1480
(1785079359.538342) can0 0CF00400#FF7D7F281300FFFF
(1785079359.538931) can0 19F10D13#5F8B015B0284005D
(1785079359.539013) can0 0CF00400#FF7D7F281300FFFF
(1785079359.539089) can0 0CF00400#FF7D7F281300FFFF
(1785079359.539639) can0 0CF00400#FF7D7F381300FFFF
(1785079359.539967) can0 0CF00400#FF7D7F581300FFFF
(1785079359.540076) can0 18F01D21#6381198000AC1480
(1785079359.540547) can0 09F112F8#FF43160000FF7FFD
(1785079359.540622) can0 0CF00400#FF7D7F701300FFFF
(1785079359.540661) can0 19F10D13#608A015B0284005D
(1785079359.540692) can0 0CF00400#FF7D7F581300FFFF
(1785079359.541416) can0 0CF00400#FF7D7F081300FFFF
(1785079359.541492) can0 0CF00400#FF7D7EB81200FFFF
(1785079359.541943) can0 0CF00400#FF7D7F981200FFFF
(1785079359.542131) can0 18F01D21#6381198000AC1480
(1785079359.542543) can0 09F8021C#40FCDE09AC00FFFF
(1785079359.542617) can0 09F8011C#428027183E9F53C1
(1785079359.542673) can0 0CF00400#FF7D7F681200FFFF
(1785079359.542724) can0 18FEE81C#3D073806E0633C81
(1785079359.542776) can0 19F10D13#618A015B0284005D
(1785079359.542826) can0 0CF00400#FF7D7F581200FFFF
(1785079359.543737) can0 09F112F8#FF08160000FF7FFD
(1785079359.543830) can0 0CF00400#FF7D7F601200FFFF
(1785079359.543891) can0 0CF00400#FF7D7F601200FFFF
(1785079359.543944) can0 0CF00400#FF7D7F501200FFFF
(1785079359.544559) can0 18F01D21#6381198000AC1480
(1785079359.544666) can0 0CF00400#FF7D7F581200FFFF
(1785079359.544724) can0 19F10D13#628A015B0284005D
(1785079359.544776) can0 0CF00400#FF7D7F481200FFFF
(1785079359.545445) can0 0CF00400#FF7D7F481200FFFF
(1785079359.545527) can0 0CF00400#FF7D7F681200FFFF
(1785079359.545933) can0 09F112F8#FFD6150000FF7FFD
(1785079359.546016) can0 0CF00400#FF7D7F881200FFFF
(1785079359.546088) can0 18F01D21#6381198000AC1480
(1785079359.546709) can0 0CF00400#FF7D7F681200FFFF
(1785079359.546782) can0 19F10D13#638A015B0284005D
(1785079359.546821) can0 0CF00400#FF7D7F581200FFFF
(1785079359.547387) can0 0CF00400#FF7D7F581200FFFF
(1785079359.547470) can0 0CF00400#FF7D7F501200FFFF
(1785079359.547924) can0 0CF00400#FF7D7F881200FFFF
(1785079359.548277) can0 18F01D21#6381198000231880
(1785079359.548363) can0 0CF00400#FF7D7F901200FFFF
(1785079359.548823) can0 09F112F8#FF8F150000FF7FFD
(1785079359.548909) can0 19F10D13#6489015B0284005E
(1785079359.548965) can0 0CF00400#FF7D7F801200FFFF
(1785079359.549562) can0 0CF00400#FF7D7F701200FFFF
(1785079359.549649) can0 0CF00400#FF7D7F301200FFFF
(1785079359.550071) can0 0CF00400#FF7D7F181200FFFF
(1785079359.550145) can0 18F01D21#6381198000231880
(1785079359.550557) can0 0CF00400#FF7D7F181200FFFF
(1785079359.550642) can0 19F10D13#658A015B0284005D
(1785079359.550679) can0 0CF00400#FF7D7F381200FFFF
(1785079359.551287) can0 0CF00400#FF7D7F501200FFFF
(1785079359.551380) can0 09F112F8#FF59150000FF7FFD
(1785079359.551531) can0 0CF00400#FF7D7F481200FFFF
(1785079359.552204) can0 0CF00400#FF7D7F401200FFFF
(1785079359.552305) can0 18F01D21#6381198000231880
(1785079359.552367) can0 0CF00400#FF7D7F501200FFFF
(1785079359.552420) can0 09F8021C#41FCF308AB00FFFF
(1785079359.552471) can0 09F8011C#888027185C9F53C1
(1785079359.552542) can0 18FEE81C#91063006E0633C81
(1785079359.552593) can0 19F10D13#668A015B0284005D
(1785079359.553857) can0 0CF00400#FF7D7F581200FFFF
(1785079359.553954) can0 0CF00400#FF7D7F281200FFFF
(1785079359.554017) can0 0CF00400#FF7D7F301200FFFF
(1785079359.554091) can0 0CF00400#FF7D7F381200FFFF
(1785079359.554145) can0 09F112F8#FF20150000FF7FFD
(1785079359.554197) can0 18F01D21#6381198000231880
(1785079359.555201) can0 0CF00400#FF7D7F401200FFFF
(1785079359.555299) can0 19F10D13#678A015B0284005D
(1785079359.555342) can0 0CF00400#FF7D7F381200FFFF
(1785079359.555374) can0 0CF00400#FF7D7F481200FFFF
(1785079359.556062) can0 0CF00400#FF7D7F681200FFFF
(1785079359.556143) can0 0CF00400#FF7D7F701200FFFF
(1785079359.556185) can0 18F01D21#6381198000231880
(1785079359.556777) can0 0CF00400#FF7D7F801200FFFF
(1785079359.556886) can0 19F10D13#688A015B0284005D
(1785079359.556944) can0 0CF00400#FF7D7FA01200FFFF
(1785079359.556996) can0 09F112F8#FFEB140000FF7FFD
(1785079359.557754) can0 0CF00400#FF7D7FA01200FFFF
(1785079359.557833) can0 0CF00400#FF7D7FC01200FFFF
(1785079359.557954) can0 0CF00400#FF7D7FE01200FFFF
(1785079359.558490) can0 18F01D21#6381198000231880
(1785079359.558585) can0 0CF00400#FF7D7FE01200FFFF
(1785079359.558663) can0 19F10D13#698A015B0284005D
(1785079359.558715) can0 0CF00400#FF7D7FE01200FFFF
(1785079359.559515) can0 0CF00400#FF7D7FC81200FFFF
(1785079359.559598) can0 0CF00400#FF7D7FE81200FFFF
(1785079359.559655) can0 09F112F8#FFB2140000FF7FFD
(1785079359.560280) can0 0CF00400#FF7D7F001300FFFF
(1785079359.560363) can0 18F01D21#6381198000231880
(1785079359.560422) can0 0CF00400#FF7D7F181300FFFF
(1785079359.561064) can0 19F10D13#6A8A015B0284005D
(1785079359.561143) can0 0CF00400#FF7D7F281300FFFF
(1785079359.561184) can0 0CF00400#FF7D7FF01200FFFF
(1785079359.561782) can0 0CF00400#FF7D7FE81200FFFF
(1785079359.561937) can0 0CF00400#FF7D7FD01200FFFF
(1785079359.562403) can0 18F01D21#6381198000231880
(1785079359.562480) can0 0CF00400#FF7D7FC81200FFFF
(1785079359.562521) can0 09F8021C#42FCBC08AD00FFFF
(1785079359.562552) can0 09F8011C#E6802718789F53C1
(1785079359.562580) can0 18FEE81C#68064006E0633D81
(1785079359.562607) can0 19F10D13#6B8A015B0284005D
(1785079359.563717) can0 0CF00400#FF7D7FE81200FFFF
(1785079359.563833) can0 09F112F8#FF78140000FF7FFD
(1785079359.563893) can0 0CF00400#FF7D7F081300FFFF
(1785079359.563946) can0 0CF00400#FF7D7F081300FFFF
(1785079359.563997) can0 0CF00400#FF7D7FF01200FFFF
(1785079359.564065) can0 18F01D21#6381198000231880
(1785079359.565037) can0 0CF00400#FF7D7FF81200FFFF
(1785079359.565136) can0 19F10D13#6C8A015B0284005D
(1785079359.565179) can0 0CF00400#FF7D7FF01200FFFF
(1785079359.565221) can0 0CF00400#FF7D7FB81200FFFF
(1785079359.565251) can0 09F112F8#FF3B140000FF7FFD
(1785079359.566104) can0 0CF00400#FF7D7F901200FFFF
(1785079359.566184) can0 0CF00400#FF7D7F781200FFFF
(1785079359.566227) can0 18F01D21#6381198000231880
(1785079359.566336) can0 0CF00400#FF7D7F781200FFFF
(1785079359.567063) can0 19F10D13#6D8B015B0284005D
(1785079359.567153) can0 0CF00400#FF7D7F781200FFFF
(1785079359.567231) can0 0CF00400#FF7D7F801200FFFF
(1785079359.567874) can0 0CF00400#FF7D7F681200FFFF
(1785079359.567963) can0 0CF00400#FF7D7F781200FFFF
(1785079359.568038) can0 09F112F8#FF01140000FF7FFD
(1785079359.568118) can0 18F01D21#6381198000231880
(1785079359.568932) can0 0CF00400#FF7D7FA01200FFFF
(1785079359.569021) can0 19F10D13#6E8A015B0284005D
(1785079359.569092) can0 0CF00400#FF7D7FB81200FFFF
(1785079359.569135) can0 0CF00400#FF7D7F981200FFFF
(1785079359.569846) can0 0CF00400#FF7D7F801200FFFF
(1785079359.569925) can0 0CF00400#FF7D7F801200FFFF
(1785079359.570394) can0 18F01D21#6381198000231880
(1785079359.570472) can0 0CF00400#FF7D7F981200FFFF
(1785079359.570962) can0 19F10D13#6F8A015B0284005D
(1785079359.571060) can0 09F112F8#FFCF130000FF7FFD
(1785079359.571104) can0 0CF00400#FF7D7FB01200FFFF
(1785079359.571146) can0 0CF00400#FF7D7FC01200FFFF
(1785079359.571917) can0 0CF00400#FF7D7FD01200FFFF
(1785079359.572006) can0 0CF00400#FF7D7FF01200FFFF
(1785079359.572074) can0 18F01D21#6381198000231880
(1785079359.572715) can0 0CF00400#FF7D7F081300FFFF
(1785079359.572801) can0 19F10D13#7089015B0284005E
(1785079359.572859) can0 09F8021C#43FCD306A700FFFF
(1785079359.572911) can0 09F8011C#00812718769F53C1
(1785079359.572963) can0 0CF00400#FF7D7F181300FFFF
(1785079359.573013) can0 18FEE81C#51051006DC633D81
(1785079359.573103) can0 0CF00400#FF7D7F101300FFFF
(1785079359.573635) can0 18FF50E0#0000800080008002
(1785079359.574699) can0 09F112F8#FF98130000FF7FFD
(1785079359.574803) can0 0CF00400#FF7D7FD81200FFFF
(1785079359.574866) can0 0CF00400#FF7D7FC01200FFFF
(1785079359.574920) can0 18F01D21#6381198000231880
(1785079359.574972) can0 0CF00400#FF7D7FB81200FFFF
(1785079359.575024) can0 19F10D13#718A015B0284005D
(1785079359.575086) can0 0CF00400#FF7D7FC81200FFFF
(1785079359.575129) can0 0CF00400#FF7D7FE81200FFFF
(1785079359.576410) can0 0CF00400#FF7D7F081300FFFF
(1785079359.576516) can0 0CF00400#FF7D7F301300FFFF
(1785079359.576579) can0 18F01D21#6381198000231880
(1785079359.576633) can0 09F112F8#FF51130000FF7FFD
(1785079359.576685) can0 0CF00400#FF7D7F401300FFFF
(1785079359.576736) can0 19F10D13#728A015B0284005D
(1785079359.576787) can0 0CF00400#FF7D7F501300FFFF
(1785079359.577981) can0 0CF00400#FF7D7F601300FFFF
(1785079359.578080) can0 0CF00400#FF7D7F501300FFFF
(1785079359.578125) can0 0CF00400#FF7D7F301300FFFF
(1785079359.578158) can0 18F01D21#6381198000231880
(1785079359.578806) can0 0CF00400#FF7D7F581300FFFF
(1785079359.578887) can0 19F10D13#738A015B0284005D
(1785079359.578946) can0 0CF00400#FF7D7F601300FFFF
(1785079359.578998) can0 09F112F8#FF0C130000FF7FFD
(1785079359.579683) can0 0CF00400#FF7D7F401300FFFF
(1785079359.579788) can0 0CF00400#FF7D7F701300FFFF
(1785079359.579927) can0 0CF00400#FF7D7FA01300FFFF
(1785079359.580397) can0 18F01D21#6381198000231880
(1785079359.580484) can0 0CF00400#FF7D7FB81300FFFF
(1785079359.580958) can0 19F10D13#748A015B0284005D
(1785079359.581058) can0 0CF00400#FF7D7FA81300FFFF
(1785079359.581102) can0 0CF00400#FF7D7F801300FFFF
(1785079359.581704) can0 0CF00400#FF7D7F381300FFFF
(1785079359.581779) can0 09F112F8#FFD7120000FF7FFD
(1785079359.582269) can0 0CF00400#FF7D7F001300FFFF
(1785079359.582343) can0 18F01D21#6381198000231880
(1785079359.582382) can0 0CF00400#FF7D7F181300FFFF
(1785079359.582870) can0 19F10D13#758B015B0284005D
(1785079359.582947) can0 0CF00400#FF7D7F201300FFFF
(1785079359.583002) can0 09F8021C#44FC2808A600FFFF
(1785079359.583080) can0 09F8011C#448127187E9F53C1
(1785079359.583117) can0 18FEE81C#FC050006DC633D81
(1785079359.583148) can0 0CF00400#FF7D7F401300FFFF
(1785079359.584287) can0 0CF00400#FF7D7F701300FFFF
(1785079359.584397) can0 0CF00400#FF7D7F781300FFFF
(1785079359.584460) can0 18F01D21#6381198000231880
(1785079359.584509) can0 0CF00400#FF7D7F701300FFFF
(1785079359.584558) can0 09F112F8#FF95120000FF7FFD
(1785079359.584607) can0 19F10D13#768B015B0284005D
(1785079359.584757) can0 0CF00400#FF7D7F681300FFFF
(1785079359.585884) can0 0CF00400#FF7D7F481300FFFF
(1785079359.586004) can0 0CF00400#FF7D7F281300FFFF
(1785079359.586086) can0 0CF00400#FF7D7F201300FFFF
(1785079359.586144) can0 18F01D21#6381198000231880
(1785079359.586920) can0 0CF00400#FF7D7F201300FFFF
(1785079359.587019) can0 19F10D13#778A015B0284005D
(1785079359.587102) can0 0CF00400#FF7D7F081300FFFF
(1785079359.587157) can0 0CF00400#FF7D7F281300FFFF
(1785079359.587206) can0 09F112F8#FF4D120000FF7FFD
(1785079359.588121) can0 0CF00400#FF7D7F281300FFFF
(1785079359.588234) can0 0CF00400#FF7D7F181300FFFF
(1785079359.588303) can0 18F01D21#6381198000231880
(1785079359.588342) can0 0CF00400#FF7D7F201300FFFF
(1785079359.589143) can0 19F10D13#788A015B0284005D
(1785079359.589309) can0 0CF00400#FF7D7FF81200FFFF
(1785079359.589401) can0 0CF00400#FF7D7EA81200FFFF
(1785079359.589532) can0 0CF00400#FF7D7E801200FFFF
(1785079359.590407) can0 09F112F8#FF15120000FF7FFD
(1785079359.590503) can0 0CF00400#FF7D7F781200FFFF
(1785079359.590564) can0 18F01D21#6381198000231880
(1785079359.590599) can0 0CF00400#FF7D7F401200FFFF
(1785079359.590628) can0 19F10D13#798A015B0284005D
(1785079359.590740) can0 0CF00400#FF7D7F401200FFFF
(1785079359.592704) can0 0CF00400#FF7D7F481200FFFF
(1785079359.592867) can0 0CF00400#FF7D7F701200FFFF
(1785079359.592931) can0 0CF00400#FF7D7F881200FFFF
(1785079359.592987) can0 18F01D21#6381198000231880
(1785079359.593057) can0 0CF00400#FF7D7F701200FFFF
(1785079359.593099) can0 19F10D13#7A8A015B0284005D
(1785079359.593128) can0 09F112F8#FFD1110000FF7FFD
(1785079359.593155) can0 0CF00400#FF7D7F981200FFFF
(1785079359.593181) can0 09F8021C#45FC8706AB00FFFF
(1785079359.593209) can0 09F8011C#8C812718829F53C1
(1785079359.593235) can0 18FEE81C#CA043006CD633E81
(1785079359.593262) can0 0CF00400#FF7D7F681200FFFF
(1785079359.598013) can0 0CF00400#FF7D7F281200FFFF
(1785079359.598135) can0 0CF00400#FF7D7F101200FFFF
(1785079359.598184) can0 18F01D21#6381198000231880
(1785079359.598221) can0 0CF00400#FF7D7FF81100FFFF
(1785079359.598252) can0 19F10D13#7B8A015B0284005D
(1785079359.598279) can0 0CF00400#FF7D7F001200FFFF
(1785079359.598307) can0 0CF00400#FF7D7F081200FFFF
(1785079359.598333) can0 09F112F8#FF98110000FF7FFD
(1785079359.598360) can0 0CF00400#FF7D7F101200FFFF
(1785079359.598394) can0 0CF00400#FF7D7F201200FFFF
(1785079359.598419) can0 18F01D21#6381198000231880
(1785079359.598449) can0 0CF00400#FF7D7F201200FFFF
(1785079359.598504) can0 19F10D13#7C8A015B0284005D
(1785079359.598548) can0 0CF00400#FF7D7F101200FFFF
(1785079359.598577) can0 0CF00400#FF7D7F081200FFFF
(1785079359.598604) can0 0CF00400#FF7D7F281200FFFF
(1785079359.598638) can0 0CF00400#FF7D7F381200FFFF
(1785079359.598673) can0 09F112F8#FF5A110000FF7FFD
(1785079359.598700) can0 18F01D21#6381198000231880
(1785079359.598725) can0 0CF00400#FF7D7F301200FFFF
(1785079359.598750) can0 19F10D13#7D89015B0284005E
(1785079359.598774) can0 0CF00400#FF7D7F301200FFFF
(1785079359.602196) can0 0CF00400#FF7D7F381200FFFF
(1785079359.602305) can0 0CF00400#FF7D7F381200FFFF
(1785079359.602368) can0 0CF00400#FF7D7F481200FFFF
(1785079359.602407) can0 18F01D21#6381198000231880
(1785079359.602439) can0 0CF00400#FF7D7F601200FFFF
(1785079359.602470) can0 19F10D13#7E8A015B0284005D
(1785079359.602498) can0 0CF00400#FF7D7F601200FFFF
(1785079359.602525) can0 09F112F8#FF1A110000FF7FFD
(1785079359.602552) can0 0CF00400#FF7D7F481200FFFF
(1785079359.602578) can0 0CF00400#FF7D7F301200FFFF
(1785079359.602614) can0 0CF00400#FF7D7F401200FFFF
(1785079359.602639) can0 18F01D21#6381198000231880
(1785079359.602665) can0 0CF00400#FF7D7F581200FFFF
(1785079359.602690) can0 19F10D13#7F8A015B0284005D
(1785079359.602715) can0 0CF00400#FF7D80701200FFFF
(1785079359.606211) can0 09F8021C#46FCB304A900FFFF
(1785079359.606314) can0 09F8011C#B8812718869F53C1
(1785079359.606364) can0 0CF00400#FF7D80881200FFFF
(1785079359.606400) can0 18FEE81C#73031806CB633D81
(1785079359.606432) can0 0CF00400#FF7D7F901200FFFF
(1785079359.606460) can0 09F112F8#FFD8100000FF7FFD
(1785079359.606496) can0 0CF00400#FF7D7F901200FFFF
(1785079359.606522) can0 18F01D21#6381198000231880
(1785079359.606548) can0 0CF00400#FF7D7FA81200FFFF
(1785079359.606574) can0 19F10D13#8088015B0284005E
(1785079359.606599) can0 0CF00400#FF7D7FC81200FFFF
(1785079359.606623) can0 0CF00400#FF7D7FA01200FFFF
(1785079359.606648) can0 0CF00400#FF7D7F901200FFFF
(1785079359.606682) can0 0CF00400#FF7D7F801200FFFF
(1785079359.606708) can0 18F01D21#6381198000231880
(1785079359.606733) can0 0CF00400#FF7D7F881200FFFF
(1785079359.606757) can0 09F112F8#FF9E100000FF7FFD
(1785079359.606782) can0 19F10D13#818A015B0284005D
(1785079359.606807) can0 0CF00400#FF7D7F901200FFFF
(1785079359.610832) can0 0CF00400#FF7D7F881200FFFF
(1785079359.610963) can0 0CF00400#FF7D7F881200FFFF
(1785079359.611087) can0 0CF00400#FF7D7FA81200FFFF
(1785079359.611134) can0 18F01D21#8285198000D51A80
(1785079359.611166) can0 0CF00400#FF7D7FB01200FFFF
(1785079359.611194) can0 19F10D13#828C015B0284005C
(1785079359.611219) can0 0CF00400#FF7D7FA81200FFFF
(1785079359.611245) can0 09F112F8#FF66100000FF7FFD
(1785079359.611270) can0 0CF00400#FF7D7F881200FFFF
(1785079359.611295) can0 0CF00400#FF7D7FA81200FFFF
(1785079359.611320) can0 0CF00400#FF7D7FC01200FFFF
(1785079359.611344) can0 18F01D21#7BB2198000D51A80
(1785079359.611378) can0 0CF00400#FF7D7FE01200FFFF
(1785079359.611404) can0 19F10D13#838A015B0284005D
(1785079359.611429) can0 0CF00400#FF7D7FF81200FFFF
(1785079359.611454) can0 0CF00400#FF7D7FD81200FFFF
(1785079359.611478) can0 0CF00400#FF7D7FB01200FFFF
(1785079359.615187) can0 09F112F8#FF2F100000FF7FFD
(1785079359.615294) can0 0CF00400#FF7D7FC01200FFFF
(1785079359.615342) can0 18F01D21#11D2198000D51A80
(1785079359.615380) can0 0CF00400#FF7D7FE01200FFFF
(1785079359.615458) can0 19F10D13#848B015B0284005D
(1785079359.615513) can0 0CF00400#FF7D7FE81200FFFF
(1785079359.615563) can0 0CF00400#FF7D7FA81200FFFF
(1785079359.615614) can0 09F8021C#47FCF905A600FFFF
(1785079359.615664) can0 09F8011C#08822718929F53C1
(1785079359.615715) can0 18FEE81C#62040006CB633E81
(1785079359.615765) can0 0CF00400#FF7D7F801200FFFF
(1785079359.615816) can0 0CF00400#FF7D7F801200FFFF
(1785079359.615867) can0 18F01D21#1EF6198000D51A80
(1785079359.615917) can0 0CF00400#FF7D7F981200FFFF
(1785079359.615968) can0 09F112F8#FFF50F0000FF7FFD
(1785079359.616037) can0 19F10D13#8589015B0284005E
(1785079359.616095) can0 0CF00400#FF7D7FA81200FFFF
(1785079359.616124) can0 0CF00400#FF7D7FB81200FFFF
(1785079359.616194) can0 0CF00400#FF7D7FB01200FFFF
(1785079359.616228) can0 0CF00400#FF7D7FC01200FFFF
(1785079359.616253) can0 18F01D21#991D1A8000D51A80
(1785079359.616277) can0 0CF00400#FF7D7FC81200FFFF
(1785079359.621156) can0 19F10D13#8687015B0284005F
(1785079359.621248) can0 0CF00400#FF7D7FB81200FFFF
(1785079359.621298) can0 0CF00400#FF7D7FB81200FFFF
(1785079359.621332) can0 09F112F8#FFAF0F0000FF7FFD
(1785079359.621363) can0 0CF00400#FF7D7F801200FFFF
(1785079359.621390) can0 0CF00400#FF7D7F481200FFFF
(1785079359.621417) can0 18F01D21#1C461A8000D51A80
(1785079359.621442) can0 0CF00400#FF7D7F381200FFFF
(1785079359.621476) can0 19F10D13#8784015B02840061
(1785079359.621502) can0 0CF00400#FF7D7F481200FFFF
(1785079359.621526) can0 0CF00400#FF7D7F601200FFFF
(1785079359.621551) can0 0CF00400#FF7D7F901200FFFF
(1785079359.621576) can0 0CF00400#FF7D7F981200FFFF
(1785079359.621602) can0 09F112F8#FF680F0000FF7FFD
(1785079359.621626) can0 18F01D21#296A1A8000D51A80
(1785079359.621650) can0 0CF00400#FF7D7FB01200FFFF
(1785079359.621675) can0 19F10D13#8885015B02840060
(1785079359.621707) can0 0CF00400#FF7D7FE01200FFFF
(1785079359.621733) can0 0CF00400#FF7D7FD81200FFFF
(1785079359.621759) can0 0CF00400#FF7D7FC81200FFFF
(1785079359.625558) can0 0CF00400#FF7D7FC01200FFFF
(1785079359.625663) can0 18F01D21#2E8D1A8000D51A80
(1785079359.625713) can0 0CF00400#FF7D7FB01200FFFF
(1785079359.625747) can0 19F10D13#8983015B02840061
(1785079359.625777) can0 0CF00400#FF7D7FA81200FFFF
(1785079359.625803) can0 09F112F8#FF1F0F0000FF7FFD
(1785079359.625838) can0 0CF00400#FF7D7FA81200FFFF
(1785079359.625864) can0 0CF00400#FF7D7FA01200FFFF
(1785079359.625889) can0 09F8021C#48FC5704B100FFFF
(1785079359.625913) can0 09F8011C#468227189E9F53C1
(1785079359.625937) can0 18FEE81C#2F036006AD633E81
(1785079359.625962) can0 18FEE81C#2F036006AD633E81
(1785079359.625986) can0 0CF00400#FF7D7FA81200FFFF
(1785079359.626010) can0 18F01D21#A1B31A8000D51A80
(1785079359.626034) can0 0CF00400#FF7D7FB81200FFFF
(1785079359.626112) can0 19F10D13#8A81015B02840062
(1785079359.626143) can0 0CF00400#FF7D7FD81200FFFF
(1785079359.626178) can0 0CF00400#FF7D7F001300FFFF
(1785079359.626203) can0 09F112F8#FFCF0E0000FF7FFD
(1785079359.626228) can0 0CF00400#FF7D7FF01200FFFF
(1785079359.626253) can0 0CF00400#FF7D7FC81200FFFF
(1785079359.626277) can0 18F01D21#37D31A8000D51A80
(1785079359.626301) can0 0CF00400#FF7D7FD01200FFFF
(1785079359.630882) can0 19F10D13#8B81015B02840062
(1785079359.630988) can0 0CF00400#FF7D7F081300FFFF
(1785079359.631095) can0 0CF00400#FF7D7F081300FFFF
(1785079359.631136) can0 0CF00400#FF7D7F301300FFFF
(1785079359.631168) can0 0CF00400#FF7D7F501300FFFF
(1785079359.631196) can0 18F01D21#EFD41A8000D51A80
(1785079359.631223) can0 09F112F8#FF8A0E0000FF7FFD
(1785079359.631249) can0 0CF00400#FF7D7F601300FFFF
(1785079359.631277) can0 19F10D13#8C81015B02840062
(1785079359.631303) can0 0CF00400#FF7D7F581300FFFF
(1785079359.631337) can0 0CF00400#FF7D7F481300FFFF
(1785079359.631362) can0 0CF00400#FF7D7F001300FFFF
(1785079359.631388) can0 0CF00400#FF7D7FC81200FFFF
(1785079359.631413) can0 18F01D21#EFD41A8000D51A80
(1785079359.631437) can0 0CF00400#FF7D7FB81200FFFF
(1785079359.631463) can0 19F10D13#8D81015B02840062
(1785079359.631487) can0 0CF00400#FF7D7FA01200FFFF
(1785079359.631512) can0 09F112F8#FF470E0000FF7FFD
(1785079359.631545) can0 0CF00400#FF7D7F781200FFFF
(1785079359.631570) can0 0CF00400#FF7D7F801200FFFF
(1785079359.635552) can0 0CF00400#FF7D7FA81200FFFF
(1785079359.635658) can0 18F01D21#EFD41A8000D51A80
(1785079359.635709) can0 0CF00400#FF7D7FD81200FFFF
(1785079359.635744) can0 19F10D13#8E80015B02840063
(1785079359.635773) can0 0CF00400#FF7D7FF81200FFFF
(1785079359.635809) can0 0CF00400#FF7D7F081300FFFF
(1785079359.635835) can0 0CF00400#FF7D7FF01200FFFF
(1785079359.635860) can0 09F112F8#FF060E0000FF7FFD
(1785079359.635886) can0 09F8021C#49FCEB03A800FFFF
(1785079359.635911) can0 09F8011C#9A822718B29F53C1
(1785079359.635936) can0 18FEE81C#E0021006AC633D81
(1785079359.635961) can0 0CF00400#FF7D7FC01200FFFF
(1785079359.635986) can0 18F01D21#EFD41A8000D51A80
(1785079359.636010) can0 0CF00400#FF7D7FB81200FFFF
(1785079359.636035) can0 19F10D13#8F81015B02840062
(1785079359.636113) can0 0CF00400#FF7D7FC01200FFFF
(1785079359.636181) can0 0CF00400#FF7D7F981200FFFF
(1785079359.636245) can0 0CF00400#FF7D7FA81200FFFF
(1785079359.636311) can0 0CF00400#FF7D7FB81200FFFF
(1785079359.636363) can0 18F01D21#EFD41A8000D51A80
(1785079359.636408) can0 0CF00400#FF7D7FB81200FFFF
(1785079359.637740) can0 09F112F8#FFCD0D0000FF7FFD
(1785079359.637814) can0 19F10D13#9080015B02840063
(1785079359.637858) can0 0CF00400#FF7D7FC81200FFFF
(1785079359.637891) can0 0CF00400#FF7D7FD81200FFFF
(1785079359.637929) can0 0CF00400#FF7D7FB81200FFFF
(1785079359.637956) can0 0CF00400#FF7D7FA81200FFFF
(1785079359.642063) can0 18F01D21#EFD41A8000D51A80
(1785079359.642166) can0 0CF00400#FF7D7FC01200FFFF
(1785079359.642230) can0 19F10D13#9180015B02840063
(1785079359.642284) can0 0CF00400#FF7D7FD81200FFFF
(1785079359.642338) can0 0CF00400#FF7D7FA81200FFFF
(1785079359.642409) can0 09F112F8#FF830D0000FF7FFD
(1785079359.642460) can0 0CF00400#FF7D7F981200FFFF
(1785079359.642511) can0 0CF00400#FF7D7F981200FFFF
(1785079359.642561) can0 18F01D21#EFD41A8000D51A80
(1785079359.642612) can0 0CF00400#FF7D7FA01200FFFF
(1785079359.642662) can0 19F10D13#9280015B02840063
(1785079359.642713) can0 0CF00400#FF7D7F881200FFFF
(1785079359.642763) can0 0CF00400#FF7D7F681200FFFF
(1785079359.642832) can0 0CF00400#FF7D7F381200FFFF
(1785079359.642883) can0 0CF00400#FF7D7F281200FFFF
(1785079359.642934) can0 09F112F8#FF330D0000FF7FFD
(1785079359.642984) can0 18F01D21#EFD41A8000D51A80
(1785079359.643035) can0 0CF00400#FF7D7F381200FFFF
(1785079359.643107) can0 19F10D13#9380015B02840063
(1785079359.643158) can0 0CF00400#FF7D7F301200FFFF
(1785079359.643209) can0 0CF00400#FF7D7F481200FFFF
(1785079359.645321) can0 0CF00400#FF7D7F501200FFFF
(1785079359.645422) can0 0CF00400#FF7D7F501200FFFF
(1785079359.645468) can0 09F8021C#4AFC7204AB00FFFF
(1785079359.645502) can0 09F8011C#BC822718B69F53C1
(1785079359.645532) can0 18F01D21#EFD41A8000D51A80
(1785079359.645559) can0 18FEE81C#43032806A3633C81
(1785079359.645585) can0 0CF00400#FF7D7F601200FFFF
(1785079359.645611) can0 19F10D13#9480015B02840063
(1785079359.645636) can0 0CF00400#FF7D7F981200FFFF
(1785079359.645661) can0 09F112F8#FFE00C0000FF7FFD
(1785079359.645686) can0 0CF00400#FF7D7F981200FFFF
(1785079359.645720) can0 0CF00400#FF7D7F781200FFFF
(1785079359.650524) can0 0CF00400#FF7D7F581200FFFF
(1785079359.650648) can0 18F01D21#EFD41A8000D51A80
(1785079359.650718) can0 0CF00400#FF7D7F481200FFFF
(1785079359.650776) can0 19F10D13#9580015B02840063
(1785079359.650830) can0 0CF00400#FF7D7F301200FFFF
(1785079359.650882) can0 0CF00400#FF7D7F401200FFFF
(1785079359.650948) can0 0CF00400#FF7D7F581200FFFF
(1785079359.650997) can0 09F112F8#FF840C0000FF7FFD
(1785079359.651081) can0 0CF00400#FF7D80681200FFFF
(1785079359.651132) can0 18F01D21#EFD41A8000D51A80
(1785079359.651175) can0 0CF00400#FF7D80881200FFFF
(1785079359.651221) can0 19F10D13#9680015B02840063
(1785079359.651266) can0 0CF00400#FF7D7FC81200FFFF
(1785079359.651312) can0 0CF00400#FF7D7FC01200FFFF
(1785079359.651361) can0 0CF00400#FF7D7FB81200FFFF
(1785079359.651424) can0 0CF00400#FF7D7FE01200FFFF
(1785079359.651474) can0 18F01D21#EFD41A8000D51A80
(1785079359.651564) can0 0CF00400#FF7D7FF01200FFFF
(1785079359.651614) can0 09F112F8#FF2D0C0000FF7FFD
(1785079359.651662) can0 19F10D13#9780015B02840063
(1785079359.651708) can0 0CF00400#FF7D7F181300FFFF
(1785079359.651776) can0 0CF00400#FF7D7F401300FFFF
(1785079359.651841) can0 0CF00400#FF7D7F501300FFFF
(1785079359.651917) can0 0CF00400#FF7D7F381300FFFF
(1785079359.653615) can0 18F01D21#EFD41A8000D51A80
(1785079359.653704) can0 0CF00400#FF7D7F281300FFFF
(1785079359.653763) can0 19F10D13#9880015B02840063
(1785079359.653815) can0 0CF00400#FF7D7F501300FFFF
(1785079359.653866) can0 0CF00400#FF7D7F581300FFFF
(1785079359.653918) can0 09F112F8#FFDD0B0000FF7FFD
(1785079359.653968) can0 0CF00400#FF7D7F301300FFFF
(1785079359.654038) can0 0CF00400#FF7D7F181300FFFF
(1785079359.654097) can0 18F01D21#EFD41A8000D51A80
(1785079359.655764) can0 09F8021C#4BFCBE02A800FFFF
(1785079359.655852) can0 09F8011C#18832718BC9F53C1
(1785079359.655915) can0 0CF00400#FF7D7F181300FFFF
(1785079359.655971) can0 18FEE81C#03021006A2633D81
(1785079359.656024) can0 19F10D13#9981015B02840062
(1785079359.656089) can0 0CF00400#FF7D7F201300FFFF
(1785079359.656124) can0 0CF00400#FF7D7F201300FFFF
(1785079359.656153) can0 0CF00400#FF7D7F181300FFFF
(1785079359.656200) can0 0CF00400#FF7D7F281300FFFF
(1785079359.656230) can0 09F112F8#FF8F0B0000FF7FFD
(1785079359.656258) can0 18F01D21#EFD41A8000D51A80
(1785079359.656284) can0 0CF00400#FF7D7F481300FFFF
(1785079359.662678) can0 19F10D13#9A80015B02840063
(1785079359.662797) can0 0CF00400#FF7D7F681300FFFF
(1785079359.662868) can0 0CF00400#FF7D7F581300FFFF
(1785079359.662922) can0 0CF00400#FF7D7F481300FFFF
(1785079359.662993) can0 0CF00400#FF7D7F401300FFFF
(1785079359.663068) can0 18F01D21#EFD41A8000D51A80
(1785079359.663119) can0 0CF00400#FF7D7F301300FFFF
(1785079359.663181) can0 19F10D13#9B80015B02840063
(1785079359.663235) can0 0CF00400#FF7D7F201300FFFF
(1785079359.663286) can0 09F112F8#FF460B0000FF7FFD
(1785079359.663337) can0 0CF00400#FF7D7F101300FFFF
(1785079359.663387) can0 0CF00400#FF7D7F001300FFFF
(1785079359.663457) can0 0CF00400#FF7D7FE81200FFFF
(1785079359.663507) can0 18F01D21#EFD41A8000D51A80
(1785079359.663557) can0 0CF00400#FF7D7FF81200FFFF
(1785079359.663608) can0 19F10D13#9C80015B02840063
(1785079359.663658) can0 0CF00400#FF7D7F081300FFFF
(1785079359.663709) can0 0CF00400#FF7D7FD81200FFFF
(1785079359.663760) can0 0CF00400#FF7D7FA81200FFFF
(1785079359.663810) can0 09F112F8#FFF70A0000FF7FFD
(1785079359.663880) can0 0CF00400#FF7D7FA81200FFFF
(1785079359.663931) can0 18F01D21#EFD41A8000D51A80
(1785079359.663982) can0 0CF00400#FF7D7FA81200FFFF
(1785079359.664032) can0 19F10D13#9D80015B02840063
(1785079359.664087) can0 0CF00400#FF7D7FA01200FFFF
(1785079359.664116) can0 0CF00400#FF7D7FA81200FFFF
(1785079359.664144) can0 0CF00400#FF7D7FC81200FFFF
(1785079359.664179) can0 0CF00400#FF7D7FF01200FFFF
(1785079359.664206) can0 18F01D21#EFD41A8000D51A80
(1785079359.665072) can0 0CF00400#FF7D7FF81200FFFF
(1785079359.665144) can0 09F8021C#4CFC2503AB00FFFF
(1785079359.665184) can0 09F8011C#7C832718C49F53C1
(1785079359.665215) can0 18FEE81C#4F023006A2633E81
(1785079359.665242) can0 19F10D13#9E80015B02840063
(1785079359.665268) can0 09F112F8#FFA80A0000FF7FFD
(1785079359.665293) can0 0CF00400#FF7D7F001300FFFF
(1785079359.665317) can0 0CF00400#FF7D7FF81200FFFF
(1785079359.670167) can0 0CF00400#FF7D7FD81200FFFF
(1785079359.670302) can0 0CF00400#FF7D7FB01200FFFF
(1785079359.670368) can0 18F01D21#EFD41A8000D51A80
(1785079359.670424) can0 0CF00400#FF7D7FC01200FFFF
(1785079359.670478) can0 19F10D13#9F80015B02840063
(1785079359.670531) can0 0CF00400#FF7D7FD01200FFFF
(1785079359.670583) can0 0CF00400#FF7D7FB81200FFFF
(1785079359.670635) can0 09F112F8#FF5E0A0000FF7FFD
(1785079359.670687) can0 0CF00400#FF7D7FC81200FFFF
(1785079359.670739) can0 0CF00400#FF7D7FE81200FFFF
(1785079359.670810) can0 18F01D21#EFD41A8000D51A80
(1785079359.670861) can0 0CF00400#FF7D7FF01200FFFF
(1785079359.670912) can0 19F10D13#A080015B02840063
(1785079359.670963) can0 0CF00400#FF7D7FF01200FFFF
(1785079359.671013) can0 0CF00400#FF7D7FD01200FFFF
(1785079359.671080) can0 0CF00400#FF7D7FA01200FFFF
(1785079359.671134) can0 0CF00400#FF7D7F801200FFFF
(1785079359.671204) can0 09F112F8#FF0D0A0000FF7FFD
(1785079359.671255) can0 18F01D21#EFD41A8000D51A80
(1785079359.671305) can0 0CF00400#FF7D7FA01200FFFF
(1785079359.671356) can0 19F10D13#A17F015B02840063
(1785079359.671418) can0 0CF00400#FF7D7FB01200FFFF
(1785079359.671470) can0 0CF00400#FF7D7FC01200FFFF
(1785079359.671521) can0 0CF00400#FF7D7FF01200FFFF
(1785079359.674038) can0 0CF00400#FF7D7F181300FFFF
(1785079359.674159) can0 18F01D21#EFD41A8000D51A80
(1785079359.674204) can0 0CF00400#FF7D7F101300FFFF
(1785079359.674239) can0 19F10D13#A27F015B02840063
(1785079359.674273) can0 0CF00400#FF7D7F101300FFFF
(1785079359.674301) can0 09F112F8#FFB7090000FF7FFD
(1785079359.674328) can0 0CF00400#FF7D7F181300FFFF
(1785079359.674353) can0 0CF00400#FF7D7F101300FFFF
(1785079359.674378) can0 0CF00400#FF7D7FF81200FFFF
(1785079359.674412) can0 18F01D21#EFD41A8000D51A80
(1785079359.674437) can0 0CF00400#FF7D7F101300FFFF
(1785079359.674584) can0 18FF50E0#000080937C008003
(1785079359.678402) can0 09F8021C#4DFC3C01AB00FFFF
(1785079359.678483) can0 19F10D13#A380015B02840063
(1785079359.678530) can0 09F8011C#FE832718CC9F53C1
(1785079359.678564) can0 18FEE81C#E80030069A633E81
(1785079359.678592) can0 0CF00400#FF7D7F181300FFFF
(1785079359.678619) can0 0CF00400#FF7D7F101300FFFF
(1785079359.678645) can0 0CF00400#FF7D7F301300FFFF
(1785079359.678670) can0 09F112F8#FF67090000FF7FFD
(1785079359.678696) can0 0CF00400#FF7D7F301300FFFF
(1785079359.678720) can0 18F01D21#EFD41A8000D51A80
(1785079359.678755) can0 0CF00400#FF7D7F301300FFFF
(1785079359.678780) can0 19F10D13#A480015B02840063
(1785079359.678805) can0 0CF00400#FF7D7F401300FFFF
(1785079359.678830) can0 0CF00400#FF7D7F501300FFFF
(1785079359.678855) can0 0CF00400#FF7D7F301300FFFF
(1785079359.678879) can0 0CF00400#FF7D7F281300FFFF
(1785079359.678904) can0 18F01D21#EFD41A8000D51A80
(1785079359.678936) can0 0CF00400#FF7D7F401300FFFF
(1785079359.678962) can0 09F112F8#FF19090000FF7FFD
(1785079359.678986) can0 19F10D13#A580015B02840063
(1785079359.679010) can0 0CF00400#FF7D7F481300FFFF
(1785079359.680294) can0 0CF00400#FF7D7F501300FFFF
(1785079359.680427) can0 0CF00400#FF7D7F601300FFFF
(1785079359.680491) can0 0CF00400#FF7D7F601300FFFF
(1785079359.680547) can0 18F01D21#EFD41A8000D51A80
(1785079359.680629) can0 0CF00400#FF7D7F601300FFFF
(1785079359.680681) can0 19F10D13#A680015B02840063
(1785079359.680733) can0 0CF00400#FF7D7F581300FFFF
(1785079359.685415) can0 0CF00400#FF7D7F401300FFFF
(1785079359.685549) can0 09F112F8#FFC4080000FF7FFD
(1785079359.685621) can0 0CF00400#FF7D7F181300FFFF
(1785079359.685677) can0 0CF00400#FF7D7FF81200FFFF
(1785079359.685726) can0 18F01D21#EFD41A8000D51A80
(1785079359.685789) can0 0CF00400#FF7D7F001300FFFF
(1785079359.685838) can0 19F10D13#A780015B02840063
(1785079359.685882) can0 0CF00400#FF7D7FE01200FFFF
(1785079359.685928) can0 0CF00400#FF7D7EB81200FFFF
(1785079359.685972) can0 0CF00400#FF7D7FC81200FFFF
(1785079359.686017) can0 0CF00400#FF7D7FF81200FFFF
(1785079359.686086) can0 09F112F8#FF86080000FF7FFD
(1785079359.686132) can0 18F01D21#EFD41A8000D51A80
(1785079359.686174) can0 0CF00400#FF7D7F181300FFFF
(1785079359.686238) can0 19F10D13#A881015B02840062
(1785079359.686449) can0 0CF00400#FF7D7F181300FFFF
(1785079359.686506) can0 09F8021C#4EFC7100A900FFFF
(1785079359.686554) can0 09F8011C#56842718C89F53C1
(1785079359.686600) can0 18FEE81C#530018069A633D81
(1785079359.686646) can0 0CF00400#FF7D7FE81200FFFF
(1785079359.686691) can0 0CF00400#FF7D7FC81200FFFF
(1785079359.686737) can0 0CF00400#FF7D7FC81200FFFF
(1785079359.686779) can0 18F01D21#EFD41A8000D51A80
(1785079359.686824) can0 0CF00400#FF7D7FC01200FFFF
(1785079359.686886) can0 19F10D13#A980015B02840063
(1785079359.686929) can0 0CF00400#FF7D7FA01200FFFF
(1785079359.686973) can0 09F112F8#FF3F080000FF7FFD
(1785079359.689294) can0 0CF00400#FF7D7FB81200FFFF
(1785079359.689400) can0 0CF00400#FF7D7FC81200FFFF
(1785079359.689467) can0 0CF00400#FF7D7FD81200FFFF
(1785079359.689521) can0 18F01D21#EFD41A8000D51A80
(1785079359.689571) can0 0CF00400#FF7D7FE01200FFFF
(1785079359.689634) can0 19F10D13#AA80015B02840063
(1785079359.689677) can0 0CF00400#FF7D7F901200FFFF
(1785079359.689724) can0 0CF00400#FF7D7F701200FFFF
(1785079359.689766) can0 0CF00400#FF7D7F601200FFFF
(1785079359.689807) can0 09F112F8#FFEC070000FF7FFD
(1785079359.693394) can0 0CF00400#FF7D7F381200FFFF
(1785079359.693508) can0 18F01D21#EFD41A8000D51A80
(1785079359.693571) can0 0CF00400#FF7D7F301200FFFF
(1785079359.693638) can0 19F10D13#AB80015B02840063
(1785079359.693684) can0 0CF00400#FF7D7F401200FFFF
(1785079359.693728) can0 0CF00400#FF7D7F581200FFFF
(1785079359.693771) can0 0CF00400#FF7D7F781200FFFF
(1785079359.693812) can0 0CF00400#FF7D7F981200FFFF
(1785079359.693856) can0 18F01D21#03FA1A8000701D80
(1785079359.693899) can0 0CF00400#FF7D7FA81200FFFF
(1785079359.693942) can0 09F112F8#FFAF070000FF7FFD
(1785079359.693984) can0 19F10D13#AC80015B02840063
(1785079359.694055) can0 0CF00400#FF7D7F981200FFFF
(1785079359.694102) can0 0CF00400#FF7D7F901200FFFF
(1785079359.694144) can0 0CF00400#FF7D7F981200FFFF
(1785079359.694189) can0 0CF00400#FF7D7FA81200FFFF
(1785079359.694230) can0 18F01D21#1AFD1A8000701D80
(1785079359.694273) can0 0CF00400#FF7D7FB01200FFFF
(1785079359.698696) can0 19F10D13#AD7F015B02840063
(1785079359.698825) can0 0CF00400#FF7D7FD01200FFFF
(1785079359.698888) can0 09F8021C#4FFC9500AF00FFFF
(1785079359.698941) can0 09F8011C#D8842718CC9F53C1
(1785079359.698988) can0 18FEE81C#6E0050069A633C81
(1785079359.699033) can0 0CF00400#FF7D7FC01200FFFF
(1785079359.699126) can0 09F112F8#FF74070000FF7FFD
(1785079359.699173) can0 0CF00400#FF7D7FB81200FFFF
(1785079359.699216) can0 0CF00400#FF7D7FD01200FFFF
(1785079359.699260) can0 18F01D21#1AFD1A8000701D80
(1785079359.699304) can0 0CF00400#FF7D7FE81200FFFF
(1785079359.699348) can0 19F10D13#AE80015B02840063
(1785079359.699403) can0 0CF00400#FF7D7FC81200FFFF
(1785079359.699448) can0 0CF00400#FF7D7FB81200FFFF
(1785079359.699490) can0 0CF00400#FF7D7FB81200FFFF
(1785079359.699529) can0 0CF00400#FF7D7F981200FFFF
(1785079359.699571) can0 09F112F8#FF23070000FF7FFD
(1785079359.699613) can0 18F01D21#72FD1A8000701D80
(1785079359.699654) can0 0CF00400#FF7D7F981200FFFF
(1785079359.699697) can0 19F10D13#AF7F015B02840063
(1785079359.699738) can0 0CF00400#FF7D7FA01200FFFF
(1785079359.699795) can0 0CF00400#FF7D7FA01200FFFF
(1785079359.699838) can0 0CF00400#FF7D7FA81200FFFF
(1785079359.699878) can0 0CF00400#FF7D7FC81200FFFF
(1785079359.703929) can0 18F01D21#72FD1A8000701D80
(1785079359.704061) can0 0CF00400#FF7D7FE81200FFFF
(1785079359.704131) can0 19F10D13#B080015B02840063
(1785079359.704183) can0 0CF00400#FF7D7FD81200FFFF
(1785079359.704230) can0 09F112F8#FFDD060000FF7FFD
(1785079359.704288) can0 0CF00400#FF7D7FC81200FFFF
(1785079359.704335) can0 0CF00400#FF7D7FD81200FFFF
(1785079359.704379) can0 0CF00400#FF7D7FD81200FFFF
(1785079359.704422) can0 18F01D21#72FD1A8000701D80
(1785079359.704467) can0 0CF00400#FF7D7FB01200FFFF
(1785079359.704509) can0 19F10D13#B17F015B02840063
(1785079359.704562) can0 0CF00400#FF7D7FC81200FFFF
(1785079359.704620) can0 0CF00400#FF7D7FE81200FFFF
(1785079359.704665) can0 09F112F8#FF86060000FF7FFD
(1785079359.704706) can0 0CF00400#FF7D7FF01200FFFF
(1785079359.704750) can0 0CF00400#FF7D7FF01200FFFF
(1785079359.704791) can0 18F01D21#72FD1A8000701D80
(1785079359.704836) can0 0CF00400#FF7D7F201300FFFF
(1785079359.704875) can0 19F10D13#B27F015B02840063
(1785079359.704917) can0 0CF00400#FF7D7F101300FFFF
(1785079359.707755) can0 09F8021C#50FC3CF4AD00FFFF
(1785079359.707864) can0 09F8011C#2A852718CE9F53C1
(1785079359.707931) can0 0CF00400#FF7D7FF81200FFFF
(1785079359.707986) can0 18FEE81C#22B340069A633D81
(1785079359.708035) can0 0CF00400#FF7D7F001300FFFF
(1785079359.708099) can0 0CF00400#FF7D7F101300FFFF
(1785079359.708149) can0 18F01D21#7AFE1A8000701D80
(1785079359.708192) can0 0CF00400#FF7D7FF81200FFFF
(1785079359.708237) can0 09F112F8#FF25060000FF7FFD
(1785079359.708282) can0 19F10D13#B37F015B02840063
(1785079359.708325) can0 0CF00400#FF7D7FE81200FFFF
(1785079359.708387) can0 0CF00400#FF7D7FD01200FFFF
(1785079359.708431) can0 0CF00400#FF7D7FD81200FFFF
(1785079359.708473) can0 0CF00400#FF7D7F001300FFFF
(1785079359.708516) can0 18F01D21#50041B8000701D80
(1785079359.708561) can0 0CF00400#FF7D7F101300FFFF
(1785079359.708605) can0 19F10D13#B47F015B02840063
(1785079359.712110) can0 0CF00400#FF7D7F181300FFFF
(1785079359.712247) can0 09F112F8#FFDC050000FF7FFD
(1785079359.712319) can0 0CF00400#FF7D7FF01200FFFF
(1785079359.712381) can0 0CF00400#FF7D7FC81200FFFF
(1785079359.712443) can0 0CF00400#FF7D7FC01200FFFF
(1785079359.712518) can0 18F01D21#D60A1B8000701D80
(1785079359.712585) can0 0CF00400#FF7D7FC81200FFFF
(1785079359.712648) can0 19F10D13#B57F015B02840063
(1785079359.712702) can0 0CF00400#FF7D7FA01200FFFF
(1785079359.712772) can0 0CF00400#FF7D7F881200FFFF
(1785079359.712823) can0 0CF00400#FF7D7F801200FFFF
(1785079359.712873) can0 09F112F8#FF98050000FF7FFD
(1785079359.712923) can0 0CF00400#FF7D7F881200FFFF
(1785079359.712975) can0 18F01D21#9C0E1B8000701D80
(1785079359.713026) can0 0CF00400#FF7D7F901200FFFF
(1785079359.713084) can0 19F10D13#B67F015B02840063
(1785079359.713114) can0 0CF00400#FF7D7F881200FFFF
(1785079359.713151) can0 0CF00400#FF7D7F881200FFFF
(1785079359.717450) can0 0CF00400#FF7D7F781200FFFF
(1785079359.717550) can0 0CF00400#FF7D7F581200FFFF
(1785079359.717600) can0 18F01D21#9C0E1B8000701D80
(1785079359.717637) can0 0CF00400#FF7D7F501200FFFF
(1785079359.717695) can0 09F112F8#FF4D050000FF7FFD
(1785079359.717754) can0 19F10D13#B77F015B02840063
(1785079359.717801) can0 0CF00400#FF7D7F581200FFFF
(1785079359.717860) can0 0CF00400#FF7D7F801200FFFF
(1785079359.717941) can0 09F8021C#51FCE4F4AC00FFFF
(1785079359.717999) can0 09F8011C#98852718D09F53C1
(1785079359.718081) can0 18FEE81C#9DB338069A633E81
(1785079359.718120) can0 0CF00400#FF7D7FA81200FFFF
(1785079359.718170) can0 0CF00400#FF7D7FD01200FFFF
(1785079359.718222) can0 18F01D21#9C0E1B8000701D80
(1785079359.718271) can0 0CF00400#FF7D7FD81200FFFF
(1785079359.718327) can0 19F10D13#B87F015B02840063
(1785079359.718373) can0 0CF00400#FF7D7FC81200FFFF
(1785079359.718425) can0 0CF00400#FF7D7FD01200FFFF
(1785079359.718485) can0 09F112F8#FF12050000FF7FFD
(1785079359.718531) can0 0CF00400#FF7D7FD01200FFFF
(1785079359.718590) can0 0CF00400#FF7D7FC81200FFFF
(1785079359.718646) can0 18F01D21#B3111B8000701D80
(1785079359.718685) can0 0CF00400#FF7D7FD81200FFFF
(1785079359.718740) can0 19F10D13#B97F015B02840063
(1785079359.718790) can0 0CF00400#FF7D7FB01200FFFF
(1785079359.722992) can0 0CF00400#FF7D7F981200FFFF
(1785079359.723189) can0 0CF00400#FF7D7FB01200FFFF
(1785079359.723243) can0 0CF00400#FF7D7FE01200FFFF
(1785079359.723281) can0 09F112F8#FFC9040000FF7FFD
(1785079359.723314) can0 18F01D21#63121B8000701D80
(1785079359.723343) can0 0CF00400#FF7D7FE01200FFFF
(1785079359.723371) can0 19F10D13#BA7E015B02840064
(1785079359.723401) can0 0CF00400#FF7D7FD81200FFFF
(1785079359.723428) can0 0CF00400#FF7D7FD81200FFFF
(1785079359.723464) can0 0CF00400#FF7D7FC81200FFFF
(1785079359.723489) can0 0CF00400#FF7D7FA81200FFFF
(1785079359.723514) can0 18F01D21#63121B8000701D80
(1785079359.723538) can0 0CF00400#FF7D7FC81200FFFF
(1785079359.723563) can0 19F10D13#BB7E015B02840064
(1785079359.723587) can0 0CF00400#FF7D7FD81200FFFF
(1785079359.723610) can0 09F112F8#FF91040000FF7FFD
(1785079359.723635) can0 0CF00400#FF7D7FE01200FFFF
(1785079359.723667) can0 0CF00400#FF7D7F001300FFFF
(1785079359.726188) can0 0CF00400#FF7D7F201300FFFF
(1785079359.726300) can0 18F01D21#0B121B8000701D80
(1785079359.726372) can0 0CF00400#FF7D7F181300FFFF
(1785079359.726434) can0 19F10D13#BC7F015B02840063
(1785079359.726492) can0 0CF00400#FF7D7F201300FFFF
(1785079359.726554) can0 0CF00400#FF7D7F081300FFFF
(1785079359.726628) can0 09F8021C#52FC65F4AE00FFFF
(1785079359.726694) can0 09F8011C#E0852718D29F53C1
(1785079359.726777) can0 18FEE81C#C7B240069A633F81
(1785079359.726830) can0 0CF00400#FF7D7FE01200FFFF
(1785079359.726881) can0 09F112F8#FF5A040000FF7FFD
(1785079359.726931) can0 0CF00400#FF7D7FF01200FFFF
(1785079359.726981) can0 18F01D21#63121B8000701D80
(1785079359.727031) can0 0CF00400#FF7D7F201300FFFF
(1785079359.727095) can0 19F10D13#BD7E015B02840064
(1785079359.727125) can0 0CF00400#FF7D7FD01200FFFF
(1785079359.727151) can0 0CF00400#FF7D7FD81200FFFF
(1785079359.732145) can0 0CF00400#FF7D7FF81200FFFF
(1785079359.732251) can0 0CF00400#FF7D7F081300FFFF
(1785079359.732315) can0 18F01D21#0B121B8000701D80
(1785079359.732373) can0 0CF00400#FF7D7F201300FFFF
(1785079359.732428) can0 09F112F8#FF25040000FF7FFD
(1785079359.732484) can0 19F10D13#BE7F015B02840063
(1785079359.732535) can0 0CF00400#FF7D7F301300FFFF
(1785079359.732602) can0 0CF00400#FF7D7F281300FFFF
(1785079359.732698) can0 0CF00400#FF7D7F081300FFFF
(1785079359.732765) can0 0CF00400#FF7D7FF81200FFFF
(1785079359.732821) can0 18F01D21#0B121B8000701D80
(1785079359.732872) can0 0CF00400#FF7D7F081300FFFF
(1785079359.732931) can0 19F10D13#BF7E015B02840064
(1785079359.732990) can0 0CF00400#FF7D7F201300FFFF
(1785079359.733033) can0 09F112F8#FFF0030000FF7FFD
(1785079359.733104) can0 0CF00400#FF7D7F281300FFFF
(1785079359.733158) can0 0CF00400#FF7D7F301300FFFF
(1785079359.733235) can0 0CF00400#FF7D7F381300FFFF
(1785079359.733286) can0 18F01D21#63121B8000701D80
(1785079359.733337) can0 0CF00400#FF7D7F401300FFFF
(1785079359.733389) can0 19F10D13#C07E015B02840064
(1785079359.733440) can0 0CF00400#FF7D7F281300FFFF
(1785079359.733490) can0 0CF00400#FF7D7FE81200FFFF
(1785079359.733541) can0 0CF00400#FF7D7FC81200FFFF
(1785079359.736824) can0 09F112F8#FFB3030000FF7FFD
(1785079359.736953) can0 0CF00400#FF7D7FD81200FFFF
(1785079359.737027) can0 18F01D21#BB121B8000701D80
(1785079359.737122) can0 0CF00400#FF7D7FC81200FFFF
(1785079359.737181) can0 19F10D13#C17E015B02840064
(1785079359.737229) can0 0CF00400#FF7D7FA01200FFFF
(1785079359.737278) can0 0CF00400#FF7D7FA01200FFFF
(1785079359.737330) can0 09F8021C#53FC5FF4AB00FFFF
(1785079359.737375) can0 0CF00400#FF7D7FC01200FFFF
(1785079359.737416) can0 09F8011C#50862718D09F53C1
(1785079359.737460) can0 18FEE81C#3CB328069A634081
(1785079359.737521) can0 0CF00400#FF7D7FD01200FFFF
(1785079359.737572) can0 18F01D21#A11A1B8000701D80
(1785079359.737633) can0 0CF00400#FF7D7FC81200FFFF
(1785079359.737691) can0 09F112F8#FF66030000FF7FFD
(1785079359.737740) can0 19F10D13#C27E015B02840064
(1785079359.737790) can0 0CF00400#FF7D7FB01200FFFF
(1785079359.737840) can0 0CF00400#FF7D7FB01200FFFF
(1785079359.737897) can0 0CF00400#FF7D7F981200FFFF
(1785079359.737991) can0 0CF00400#FF7D7FA81200FFFF
(1785079359.743297) can0 18F01D21#E6231B8000701D80
(1785079359.743401) can0 0CF00400#FF7D7FB01200FFFF
(1785079359.743452) can0 19F10D13#C37E015B02840064
(1785079359.743487) can0 0CF00400#FF7D7FA01200FFFF
(1785079359.743517) can0 0CF00400#FF7D7FA01200FFFF
(1785079359.743544) can0 09F112F8#FF19030000FF7FFD
(1785079359.743571) can0 0CF00400#FF7D7FE01200FFFF
(1785079359.743606) can0 0CF00400#FF7D7F081300FFFF
(1785079359.743632) can0 18F01D21#4D261B8000701D80
(1785079359.743657) can0 0CF00400#FF7D7F181300FFFF
(1785079359.743683) can0 19F10D13#C47E015B02840064
(1785079359.743708) can0 0CF00400#FF7D7F101300FFFF
(1785079359.743733) can0 0CF00400#FF7D7F201300FFFF
(1785079359.743758) can0 0CF00400#FF7D7F101300FFFF
(1785079359.743792) can0 0CF00400#FF7D7F101300FFFF
(1785079359.743818) can0 09F112F8#FFCB020000FF7FFD
(1785079359.743842) can0 18F01D21#4D261B8000701D80
(1785079359.743867) can0 0CF00400#FF7D7F001300FFFF
(1785079359.743892) can0 19F10D13#C57D015B02840064
(1785079359.743916) can0 0CF00400#FF7D7F201300FFFF
(1785079359.743940) can0 0CF00400#FF7D7F401300FFFF
(1785079359.743965) can0 0CF00400#FF7D7F301300FFFF
(1785079359.743998) can0 0CF00400#FF7D7F501300FFFF
(1785079359.749730) can0 18F01D21#5C281B8000701D80
(1785079359.749841) can0 0CF00400#FF7D7F501300FFFF
(1785079359.749908) can0 19F10D13#C67D015B02840064
(1785079359.749963) can0 09F112F8#FF94020000FF7FFD
(1785079359.750015) can0 0CF00400#FF7D7F481300FFFF
(1785079359.750095) can0 0CF00400#FF7D7F581300FFFF
(1785079359.750162) can0 0CF00400#FF7D7F781300FFFF
(1785079359.750219) can0 09F8021C#54FC7BF4A600FFFF
(1785079359.750275) can0 09F8011C#B2862718CE9F53C1
(1785079359.750326) can0 18FEE81C#50B30006B0634181
(1785079359.750376) can0 0CF00400#FF7D7FA01300FFFF
(1785079359.750446) can0 18F01D21#6C2A1B8000701D80
(1785079359.750497) can0 0CF00400#FF7D7F981300FFFF
(1785079359.750546) can0 19F10D13#C77E015B02840064
(1785079359.750596) can0 0CF00400#FF7D7F681300FFFF
(1785079359.750647) can0 0CF00400#FF7D7F181300FFFF
(1785079359.750697) can0 0CF00400#FF7D7FF81200FFFF
(1785079359.750748) can0 09F112F8#FF61020000FF7FFD
(1785079359.750798) can0 0CF00400#FF7D7F201300FFFF
(1785079359.750868) can0 18F01D21#6C2A1B8000701D80
(1785079359.750918) can0 0CF00400#FF7D7F081300FFFF
(1785079359.750984) can0 19F10D13#C87C015B02840065
(1785079359.751076) can0 0CF00400#FF7D7FF01200FFFF
(1785079359.751134) can0 0CF00400#FF7D7F081300FFFF
(1785079359.751190) can0 0CF00400#FF7D7F281300FFFF
(1785079359.751251) can0 0CF00400#FF7D7FF81200FFFF
(1785079359.751295) can0 18F01D21#6C2A1B8000701D80
(1785079359.751322) can0 09F112F8#FF21020000FF7FFD
(1785079359.751349) can0 0CF00400#FF7D7F001300FFFF
(1785079359.751375) can0 19F10D13#C97E015B02840064
(1785079359.751401) can0 0CF00400#FF7D7F181300FFFF
(1785079359.751438) can0 0CF00400#FF7D7F101300FFFF
(1785079359.751466) can0 0CF00400#FF7D7FF01200FFFF
(1785079359.756891) can0 0CF00400#FF7D7F281300FFFF
(1785079359.757009) can0 18F01D21#142A1B8000701D80
(1785079359.757117) can0 0CF00400#FF7D7F081300FFFF
(1785079359.757179) can0 19F10D13#CA7D015B02840064
(1785079359.757238) can0 0CF00400#FF7D7FF01200FFFF
(1785079359.757293) can0 09F112F8#FFE9010000FF7FFD
(1785079359.757348) can0 0CF00400#FF7D7FF81200FFFF
(1785079359.757421) can0 0CF00400#FF7D7F001300FFFF
(1785079359.757494) can0 0CF00400#FF7D7F001300FFFF
(1785079359.757589) can0 18F01D21#142A1B8000701D80
(1785079359.757665) can0 0CF00400#FF7D7F301300FFFF
(1785079359.757716) can0 19F10D13#CB7D015B02840064
(1785079359.757767) can0 0CF00400#FF7D7F401300FFFF
(1785079359.757818) can0 0CF00400#FF7D7F581300FFFF
(1785079359.757869) can0 0CF00400#FF7D7F681300FFFF
(1785079359.757920) can0 09F112F8#FFB6010000FF7FFD
(1785079359.757970) can0 0CF00400#FF7D7F581300FFFF
(1785079359.758020) can0 09F8021C#55FCF3F2AC00FFFF
(1785079359.758080) can0 09F8011C#FA862718CC9F53C1
(1785079359.758111) can0 18FEE81C#31B23806B0634281
(1785079359.758139) can0 18F01D21#142A1B8000701D80
(1785079359.758167) can0 0CF00400#FF7D7F201300FFFF
(1785079359.758202) can0 19F10D13#CC7E015B02840064
(1785079359.758227) can0 0CF00400#FF7D7F001300FFFF
(1785079359.758253) can0 0CF00400#FF7D7FE81200FFFF
(1785079359.758279) can0 0CF00400#FF7D7FE81200FFFF
(1785079359.758307) can0 0CF00400#FF7D7FE81200FFFF
(1785079359.758334) can0 18F01D21#142A1B8000701D80
(1785079359.758361) can0 0CF00400#FF7D7FB81200FFFF
(1785079359.760674) can0 19F10D13#CD7D015B02840064
(1785079359.760778) can0 09F112F8#FF7E010000FF7FFD
(1785079359.760848) can0 0CF00400#FF7D7FC81200FFFF
(1785079359.760902) can0 0CF00400#FF7D7FE01200FFFF
(1785079359.760957) can0 0CF00400#FF7D7FF01200FFFF
(1785079359.761011) can0 0CF00400#FF7D7F081300FFFF
(1785079359.761097) can0 18F01D21#6C2A1B8000701D80
(1785079359.761151) can0 0CF00400#FF7D7F181300FFFF
(1785079359.761246) can0 19F10D13#CE7E015B02840064
(1785079359.761318) can0 0CF00400#FF7D7F101300FFFF
(1785079359.761384) can0 0CF00400#FF7D7F001300FFFF
(1785079359.761434) can0 09F112F8#FF42010000FF7FFD
(1785079359.761481) can0 0CF00400#FF7D7F001300FFFF
(1785079359.767869) can0 0CF00400#FF7D7F001300FFFF
(1785079359.768000) can0 18F01D21#732B1B8000701D80
(1785079359.768091) can0 0CF00400#FF7D7F081300FFFF
(1785079359.768174) can0 19F10D13#CF7E015B02840064
(1785079359.768233) can0 0CF00400#FF7D7F181300FFFF
(1785079359.768287) can0 0CF00400#FF7D7F201300FFFF
(1785079359.768346) can0 0CF00400#FF7D7F101300FFFF
(1785079359.768418) can0 0CF00400#FF7D7F101300FFFF
(1785079359.768489) can0 09F112F8#FF03010000FF7FFD
(1785079359.768553) can0 18F01D21#42301B8000701D80
(1785079359.768610) can0 0CF00400#FF7D7F201300FFFF
(1785079359.768681) can0 19F10D13#D07E015B02840064
(1785079359.768732) can0 0CF00400#FF7D7FD81200FFFF
(1785079359.768782) can0 0CF00400#FF7D7FB01200FFFF
(1785079359.768833) can0 0CF00400#FF7D7FC81200FFFF
(1785079359.768883) can0 0CF00400#FF7D7FE01200FFFF
(1785079359.768933) can0 18F01D21#A9321B8000701D80
(1785079359.768984) can0 09F8021C#56FCE4F2A900FFFF
(1785079359.769035) can0 09F8011C#3C872718C89F53C1
(1785079359.769114) can0 18FEE81C#26B21806C5634381
(1785079359.769143) can0 0CF00400#FF7D7FD01200FFFF
(1785079359.769180) can0 19F10D13#D17D015B02840064
(1785079359.769207) can0 0CF00400#FF7D7FB01200FFFF
(1785079359.769235) can0 09F112F8#FFC3000000FF7FFD
(1785079359.769262) can0 0CF00400#FF7D7FD01200FFFF
(1785079359.769289) can0 0CF00400#FF7D7FD01200FFFF
(1785079359.769315) can0 0CF00400#FF7D7FC01200FFFF
(1785079359.769340) can0 18F01D21#51321B8000701D80
(1785079359.769365) can0 0CF00400#FF7D7FB01200FFFF
(1785079359.769391) can0 19F10D13#D27E015B02840064
(1785079359.769425) can0 0CF00400#FF7D7FA01200FFFF
(1785079359.769450) can0 0CF00400#FF7D7F901200FFFF
(1785079359.769475) can0 0CF00400#FF7D7F981200FFFF
(1785079359.770489) can0 09F112F8#FF7D000000FF7FFD
(1785079359.770554) can0 0CF00400#FF7D7F901200FFFF
(1785079359.770595) can0 18F01D21#A9321B8000701D80
(1785079359.770629) can0 0CF00400#FF7D7F801200FFFF
(1785079359.770660) can0 19F10D13#D37D015B02840064
(1785079359.770698) can0 0CF00400#FF7D7FB01200FFFF
(1785079359.776059) can0 18FF50E0#0057800080008004
(1785079359.776832) can0 0CF00400#FF7D7FF01200FFFF
(1785079359.776943) can0 0CF00400#FF7D7FF81200FFFF
(1785079359.777012) can0 0CF00400#FF7D7F101300FFFF
(1785079359.777080) can0 18F01D21#01331B8000701D80
(1785079359.777117) can0 0CF00400#FF7D7F201300FFFF
(1785079359.777147) can0 09F112F8#FF2E000000FF7FFD
(1785079359.777176) can0 19F10D13#D47D015B02840064
(1785079359.777202) can0 0CF00400#FF7D7FE01200FFFF
(1785079359.777237) can0 0CF00400#FF7D7FB81200FFFF
(1785079359.777263) can0 0CF00400#FF7D7FD81200FFFF
(1785079359.777288) can0 0CF00400#FF7D7FE81200FFFF
(1785079359.777313) can0 18F01D21#B1331B8000CC1E80
(1785079359.777339) can0 0CF00400#FF7D7FD01200FFFF
(1785079359.777364) can0 19F10D13#D57E015B02840064
(1785079359.777389) can0 0CF00400#FF7D7FD81200FFFF
(1785079359.777421) can0 09F112F8#FF4DF50000FF7FFD
(1785079359.777446) can0 0CF00400#FF7D7F101300FFFF
(1785079359.777470) can0 0CF00400#FF7D7F201300FFFF
(1785079359.777494) can0 0CF00400#FF7D7F181300FFFF
(1785079359.777519) can0 18F01D21#B1331B8000CC1E80
(1785079359.777543) can0 0CF00400#FF7D7F101300FFFF
(1785079359.777567) can0 09F8021C#57FC1FF2AC00FFFF
(1785079359.777591) can0 09F8011C#68872718C89F53C1
(1785079359.777615) can0 18FEE81C#95B13806D0634381
(1785079359.777639) can0 19F10D13#D67D015B02840064
(1785079359.777663) can0 0CF00400#FF7D7F001300FFFF
(1785079359.777695) can0 0CF00400#FF7D7FD81200FFFF
(1785079359.777719) can0 0CF00400#FF7D7FF01200FFFF
(1785079359.782558) can0 0CF00400#FF7D7FF81200FFFF
(1785079359.782677) can0 09F112F8#FF01F50000FF7FFD
(1785079359.782746) can0 18F01D21#59331B8000CC1E80
(1785079359.782805) can0 0CF00400#FF7D7F101300FFFF
(1785079359.782861) can0 19F10D13#D77D015B02840064
(1785079359.782918) can0 0CF00400#FF7D7F301300FFFF
(1785079359.782986) can0 0CF00400#FF7D7F401300FFFF
(1785079359.783067) can0 0CF00400#FF7D7F581300FFFF
(1785079359.783141) can0 0CF00400#FF7D7F581300FFFF
(1785079359.783205) can0 18F01D21#59331B8000CC1E80
(1785079359.783258) can0 0CF00400#FF7D7F601300FFFF
(1785079359.783290) can0 19F10D13#D87E015B02840064
(1785079359.783319) can0 09F112F8#FFC9F40000FF7FFD
(1785079359.783346) can0 0CF00400#FF7D7F501300FFFF
(1785079359.783382) can0 0CF00400#FF7D7F401300FFFF
(1785079359.783409) can0 0CF00400#FF7D7F301300FFFF
(1785079359.783435) can0 0CF00400#FF7D7F181300FFFF
(1785079359.783461) can0 18F01D21#59331B8000CC1E80
(1785079359.783486) can0 0CF00400#FF7D7F001300FFFF
(1785079359.783510) can0 19F10D13#D97E015B02840064
(1785079359.783535) can0 0CF00400#FF7D7F201300FFFF
(1785079359.783559) can0 0CF00400#FF7D7F481300FFFF
(1785079359.783593) can0 09F112F8#FF8DF40000FF7FFD
(1785079359.783618) can0 0CF00400#FF7D7F401300FFFF
(1785079359.786788) can0 0CF00400#FF7D7F201300FFFF
