(1785076489.292596) can0 18F01D21#B4241C8000D11580
(1785076489.293218) can0 09F112F8#FFFF1D0000FF7FFD
(1785076489.293319) can0 0CF00400#FF7D7F001200FFFF
(1785076489.293365) can0 19F10D13#0D70015B0284006C
(1785076489.293400) can0 0CF00400#FF7D7FC81100FFFF
(1785076489.294206) can0 0CF00400#FF7D7F901100FFFF
(1785076489.294306) can0 0CF00400#FF7D7F881100FFFF
(1785076489.294723) can0 0CF00400#FF7D7FA01100FFFF
(1785076489.294839) can0 18F01D21#4BF41B8000D11580
(1785076489.294885) can0 0CF00400#FF7D80C81100FFFF
(1785076489.295458) can0 19F10D13#0E73015B0284006A
(1785076489.295535) can0 0CF00400#FF7D80F81100FFFF
(1785076489.295577) can0 09F112F8#FFFF1D0000FF7FFD
(1785076489.296171) can0 0CF00400#FF7D80181200FFFF
(1785076489.296249) can0 0CF00400#FF7D80001200FFFF
(1785076489.296612) can0 0CF00400#FF7D80E01100FFFF
(1785076489.296687) can0 18F01D21#FAC61B8000D11580
(1785076489.297111) can0 0CF00400#FF7D80D01100FFFF
(1785076489.297197) can0 19F10D13#0F74015B02840069
(1785076489.297235) can0 0CF00400#FF7D80E81100FFFF
(1785076489.297788) can0 0CF00400#FF7D80F81100FFFF
(1785076489.298133) can0 0CF00400#FF7D80081200FFFF
(1785076489.298204) can0 09F8021C#2FFC520FAB00FFFF
(1785076489.298245) can0 09F8011C#A27C2718589D53C1
(1785076489.298275) can0 18FEE81C#3D0B30061E644581
(1785076489.298901) can0 09F112F8#FF041E0000FF7FFD
(1785076489.298978) can0 0CF00400#FF7D80301200FFFF
(1785076489.299035) can0 18F01D21#6B911B8000D11580
(1785076489.299095) can0 0CF00400#FF7D80601200FFFF
(1785076489.299134) can0 19F10D13#1076015B02840068
(1785076489.299850) can0 0CF00400#FF7D80901200FFFF
(1785076489.299925) can0 0CF00400#FF7D80C01200FFFF
(1785076489.300306) can0 0CF00400#FF7D80D01200FFFF
(1785076489.300613) can0 0CF00400#FF7D80C01200FFFF
(1785076489.300722) can0 18F01D21#56551B8000D11580
(1785076489.301188) can0 0CF00400#FF7D80B01200FFFF
(1785076489.301286) can0 09F112F8#FF0F1E0000FF7FFD
(1785076489.301325) can0 19F10D13#1179015B02840067
(1785076489.301356) can0 0CF00400#FF7D80A81200FFFF
(1785076489.301967) can0 0CF00400#FF7D80E81200FFFF
(1785076489.302038) can0 0CF00400#FF7D80101300FFFF
(1785076489.303470) can0 0CF00400#FF7D80301300FFFF
(1785076489.303541) can0 18F01D21#7A151B8000AC1480
(1785076489.303581) can0 0CF00400#FF7D80581300FFFF
(1785076489.303619) can0 19F10D13#127B015B02840066
(1785076489.303646) can0 0CF00400#FF7D80781300FFFF
(1785076489.303671) can0 0CF00400#FF7D80781300FFFF
(1785076489.304362) can0 09F112F8#FF131E0000FF7FFD
(1785076489.304437) can0 0CF00400#FF7D7F601300FFFF
(1785076489.304481) can0 0CF00400#FF7D7F681300FFFF
(1785076489.305025) can0 18F01D21#DFBB1A8000AC1480
(1785076489.305119) can0 0CF00400#FF7D7F501300FFFF
(1785076489.305171) can0 19F10D13#137F015B02840063
(1785076489.305677) can0 0CF00400#FF7D7F281300FFFF
(1785076489.305749) can0 0CF00400#FF7D7F181300FFFF
(1785076489.306140) can0 0CF00400#FF7D7F101300FFFF
(1785076489.307511) can0 0CF00400#FF7D7F081300FFFF
(1785076489.307584) can0 18F01D21#3F561A8000AC1480
(1785076489.307624) can0 09F112F8#FF121E0000FF7FFD
(1785076489.307655) can0 0CF00400#FF7D7F201300FFFF
(1785076489.307693) can0 19F10D13#1482015B02840062
(1785076489.307719) can0 0CF00400#FF7D7F381300FFFF
(1785076489.307744) can0 0CF00400#FF7D7F481300FFFF
(1785076489.308557) can0 0CF00400#FF7D7F581300FFFF
(1785076489.308637) can0 09F8021C#30FC510DA900FFFF
(1785076489.308683) can0 09F8011C#C87C2718769D53C1
(1785076489.308716) can0 18FEE81C#C50918061E644381
(1785076489.308744) can0 0CF00400#FF7D7F381300FFFF
(1785076489.308770) can0 18F01D21#ABFD198000AC1480
(1785076489.309553) can0 0CF00400#FF7D7F201300FFFF
(1785076489.309641) can0 19F10D13#1585015B02840060
(1785076489.309682) can0 0CF00400#FF7D7F301300FFFF
(1785076489.309713) can0 09F112F8#FF091E0000FF7FFD
(1785076489.309740) can0 0CF00400#FF7D7F401300FFFF
(1785076489.310475) can0 0CF00400#FF7D7F201300FFFF
(1785076489.310553) can0 0CF00400#FF7D7F381300FFFF
(1785076489.310595) can0 18F01D21#59B9198000AC1480
(1785076489.311106) can0 0CF00400#FF7D7F601300FFFF
(1785076489.311194) can0 19F10D13#1689015B0284005E
(1785076489.311233) can0 0CF00400#FF7D7F601300FFFF
(1785076489.311726) can0 0CF00400#FF7D7F581300FFFF
(1785076489.313078) can0 0CF00400#FF7D7F281300FFFF
(1785076489.313152) can0 09F112F8#FFFB1D0000FF7FFD
(1785076489.313190) can0 0CF00400#FF7D7F001300FFFF
(1785076489.313220) can0 18F01D21#ED93198000AC1480
(1785076489.313246) can0 0CF00400#FF7D7FF81200FFFF
(1785076489.313271) can0 19F10D13#1789015B0284005E
(1785076489.313305) can0 0CF00400#FF7D7FF01200FFFF
(1785076489.314122) can0 0CF00400#FF7D7FC81200FFFF
(1785076489.314199) can0 0CF00400#FF7D7FA81200FFFF
(1785076489.314560) can0 0CF00400#FF7D7FA81200FFFF
(1785076489.314632) can0 18F01D21#D284198000AC1480
(1785076489.315036) can0 0CF00400#FF7D7FA01200FFFF
(1785076489.315118) can0 09F112F8#FFEB1D0000FF7FFD
(1785076489.315156) can0 19F10D13#188A015B0284005D
(1785076489.315632) can0 0CF00400#FF7D7FB01200FFFF
(1785076489.315699) can0 0CF00400#FF7D7FC81200FFFF
(1785076489.316084) can0 0CF00400#FF7D7FC01200FFFF
(1785076489.317441) can0 0CF00400#FF7D7FA81200FFFF
(1785076489.317508) can0 18F01D21#7283198000AC1480
(1785076489.317559) can0 0CF00400#FF7D7F781200FFFF
(1785076489.317606) can0 19F10D13#1989015B0284005E
(1785076489.317669) can0 0CF00400#FF7D7F901200FFFF
(1785076489.317714) can0 0CF00400#FF7D7FA01200FFFF
(1785076489.317759) can0 09F112F8#FFD31D0000FF7FFD
(1785076489.318537) can0 0CF00400#FF7D7FB01200FFFF
(1785076489.318609) can0 09F8021C#31FC1D0EA800FFFF
(1785076489.318663) can0 09F8011C#F27C27188C9D53C1
(1785076489.318712) can0 0CF00400#FF7D7FC01200FFFF
(1785076489.318758) can0 18FEE81C#5A0A10061E644381
(1785076489.318804) can0 18F01D21#6B82198000AC1480
(1785076489.318849) can0 0CF00400#FF7D7FB81200FFFF
(1785076489.319645) can0 19F10D13#1A89015B0284005E
(1785076489.319719) can0 0CF00400#FF7D7FA81200FFFF
(1785076489.319831) can0 0CF00400#FF7D7F981200FFFF
(1785076489.320287) can0 0CF00400#FF7D7F801200FFFF
(1785076489.320605) can0 0CF00400#FF7D7F401200FFFF
(1785076489.320673) can0 09F112F8#FFBD1D0000FF7FFD
(1785076489.320726) can0 18F01D21#6B82198000AC1480
(1785076489.321248) can0 0CF00400#FF7D7F401200FFFF
(1785076489.321343) can0 19F10D13#1B8A015B0284005D
(1785076489.321408) can0 0CF00400#FF7D7F481200FFFF
(1785076489.321878) can0 0CF00400#FF7D7F501200FFFF
(1785076489.322206) can0 0CF00400#FF7D7F701200FFFF
(1785076489.322498) can0 0CF00400#FF7D7F781200FFFF
(1785076489.322770) can0 18F01D21#1382198000AC1480
(1785076489.322835) can0 0CF00400#FF7D7F981200FFFF
(1785076489.323258) can0 19F10D13#1C8A015B0284005D
(1785076489.323323) can0 0CF00400#FF7D7FC81200FFFF
(1785076489.323457) can0 09F112F8#FFA51D0000FF7FFD
(1785076489.323935) can0 0CF00400#FF7D7FE81200FFFF
(1785076489.324227) can0 0CF00400#FF7D7FC01200FFFF
(1785076489.324507) can0 0CF00400#FF7D7F981200FFFF
(1785076489.324635) can0 18F01D21#1382198000AC1480
(1785076489.325067) can0 0CF00400#FF7D7FB81200FFFF
(1785076489.325135) can0 19F10D13#1D8B015B0284005D
(1785076489.325502) can0 0CF00400#FF7D7FC01200FFFF
(1785076489.325799) can0 0CF00400#FF7D7FC81200FFFF
(1785076489.326110) can0 0CF00400#FF7D7FD01200FFFF
(1785076489.326176) can0 09F112F8#FF921D0000FF7FFD
(1785076489.326564) can0 0CF00400#FF7D7FA81200FFFF
(1785076489.326636) can0 18F01D21#BB81198000AC1480
(1785076489.327015) can0 0CF00400#FF7D7FA01200FFFF
(1785076489.327184) can0 19F10D13#1E8A015B0284005D
(1785076489.327247) can0 0CF00400#FF7D7FC01200FFFF
(1785076489.327749) can0 0CF00400#FF7D7FD01200FFFF
(1785076489.329077) can0 0CF00400#FF7D7FC81200FFFF
(1785076489.329142) can0 0CF00400#FF7D7FE01200FFFF
(1785076489.329190) can0 09F8021C#32FC720EAA00FFFF
(1785076489.329233) can0 09F8011C#427D2718BC9D53C1
(1785076489.329277) can0 18F01D21#6381198000AC1480
(1785076489.329320) can0 18FEE81C#990A200620644281
(1785076489.329363) can0 0CF00400#FF7D7FF01200FFFF
(1785076489.329406) can0 09F112F8#FF831D0000FF7FFD
(1785076489.329449) can0 19F10D13#1F89015B0284005E
(1785076489.329492) can0 0CF00400#FF7D7FF81200FFFF
(1785076489.330527) can0 0CF00400#FF7D7FE81200FFFF
(1785076489.330600) can0 0CF00400#FF7D7FE01200FFFF
(1785076489.330653) can0 0CF00400#FF7D7FD81200FFFF
(1785076489.330700) can0 18F01D21#6381198000AC1480
(1785076489.331206) can0 0CF00400#FF7D7FD01200FFFF
(1785076489.331275) can0 19F10D13#208B015B0284005D
(1785076489.331325) can0 0CF00400#FF7D7FD81200FFFF
(1785076489.331802) can0 0CF00400#FF7D7FF01200FFFF
(1785076489.331864) can0 09F112F8#FF781D0000FF7FFD
(1785076489.332246) can0 0CF00400#FF7D7FF81200FFFF
(1785076489.332556) can0 0CF00400#FF7D7FF81200FFFF
(1785076489.332621) can0 18F01D21#6381198000AC1480
(1785076489.332995) can0 0CF00400#FF7D7FF81200FFFF
(1785076489.333304) can0 19F10D13#218A015B0284005D
(1785076489.333366) can0 0CF00400#FF7D7FF01200FFFF
(1785076489.333745) can0 0CF00400#FF7D7FE81200FFFF
(1785076489.335077) can0 0CF00400#FF7D7FE81200FFFF
(1785076489.335142) can0 09F112F8#FF6C1D0000FF7FFD
(1785076489.335191) can0 0CF00400#FF7D7FF01200FFFF
(1785076489.335236) can0 18F01D21#6381198000AC1480
(1785076489.335280) can0 0CF00400#FF7D7F001300FFFF
(1785076489.335323) can0 19F10D13#2289015B0284005E
(1785076489.335366) can0 0CF00400#FF7D7F101300FFFF
(1785076489.336123) can0 0CF00400#FF7D7F101300FFFF
(1785076489.336188) can0 0CF00400#FF7D7FF01200FFFF
(1785076489.336522) can0 0CF00400#FF7D7FD81200FFFF
(1785076489.336587) can0 18F01D21#6381198000AC1480
(1785076489.336955) can0 0CF00400#FF7D7FD01200FFFF
(1785076489.337232) can0 19F10D13#238A015B0284005D
(1785076489.337295) can0 09F112F8#FF571D0000FF7FFD
(1785076489.337330) can0 0CF00400#FF7D7FD01200FFFF
(1785076489.337799) can0 0CF00400#FF7D7FD81200FFFF
(1785076489.338094) can0 0CF00400#FF7D7FD01200FFFF
(1785076489.339429) can0 0CF00400#FF7D7FD81200FFFF
(1785076489.339491) can0 18F01D21#6381198000AC1480
(1785076489.339526) can0 09F8021C#33FC3F0EAC00FFFF
(1785076489.339553) can0 09F8011C#7C7D2718E29D53C1
(1785076489.339578) can0 18FEE81C#730A380620644181
(1785076489.339601) can0 0CF00400#FF7D7FF81200FFFF
(1785076489.339623) can0 19F10D13#248A015B0284005D
(1785076489.339645) can0 0CF00400#FF7D7F181300FFFF
(1785076489.339674) can0 0CF00400#FF7D7F181300FFFF
(1785076489.340596) can0 09F112F8#FF3C1D0000FF7FFD
(1785076489.340669) can0 0CF00400#FF7D7FF81200FFFF
(1785076489.340710) can0 0CF00400#FF7D7FF01200FFFF
(1785076489.340740) can0 18F01D21#6381198000AC1480
(1785076489.341275) can0 0CF00400#FF7D7FD01200FFFF
(1785076489.341342) can0 19F10D13#258A015B0284005D
(1785076489.341380) can0 0CF00400#FF7D7FE01200FFFF
(1785076489.341811) can0 0CF00400#FF7D7FC81200FFFF
(1785076489.342121) can0 0CF00400#FF7D7F901200FFFF
(1785076489.343528) can0 0CF00400#FF7D7FA01200FFFF
(1785076489.343594) can0 09F112F8#FF231D0000FF7FFD
(1785076489.343630) can0 18F01D21#6381198000AC1480
(1785076489.343656) can0 0CF00400#FF7D7FA81200FFFF
(1785076489.343680) can0 19F10D13#268A015B0284005D
(1785076489.343703) can0 0CF00400#FF7D7FB81200FFFF
(1785076489.343724) can0 0CF00400#FF7D7FB01200FFFF
(1785076489.344454) can0 0CF00400#FF7D7F801200FFFF
(1785076489.344524) can0 0CF00400#FF7D7F681200FFFF
(1785076489.344868) can0 18F01D21#0B81198000AC1480
(1785076489.344933) can0 0CF00400#FF7D7F601200FFFF
(1785076489.345318) can0 19F10D13#2789015B0284005E
(1785076489.345382) can0 0CF00400#FF7D7F701200FFFF
(1785076489.345433) can0 09F112F8#FF071D0000FF7FFD
(1785076489.345894) can0 0CF00400#FF7D7F581200FFFF
(1785076489.346189) can0 0CF00400#FF7D7F201200FFFF
(1785076489.347521) can0 0CF00400#FF7D7F401200FFFF
(1785076489.347586) can0 18F01D21#6381198000AC1480
(1785076489.347635) can0 0CF00400#FF7D7F681200FFFF
(1785076489.347679) can0 19F10D13#288A015B0284005D
(1785076489.347722) can0 0CF00400#FF7D7F901200FFFF
(1785076489.347765) can0 0CF00400#FF7D7F981200FFFF
(1785076489.348515) can0 0CF00400#FF7D7F901200FFFF
(1785076489.348590) can0 09F112F8#FFE61C0000FF7FFD
(1785076489.348640) can0 0CF00400#FF7D7F301200FFFF
(1785076489.348686) can0 18F01D21#6381198000AC1480
(1785076489.349314) can0 0CF00400#FF7D7FF01100FFFF
(1785076489.349387) can0 09F8021C#34FC0F0DA900FFFF
(1785076489.349437) can0 09F8011C#AE7D2718FE9D53C1
(1785076489.349482) can0 18FEE81C#9409180620644081
(1785076489.349526) can0 19F10D13#298A015B0284005D
(1785076489.349569) can0 0CF00400#FF7D7FF81100FFFF
(1785076489.350471) can0 0CF00400#FF7D80181200FFFF
(1785076489.350561) can0 0CF00400#FF7D80201200FFFF
(1785076489.350612) can0 0CF00400#FF7D80481200FFFF
(1785076489.350657) can0 18F01D21#0B81198000AC1480
(1785076489.351171) can0 09F112F8#FFCA1C0000FF7FFD
(1785076489.351239) can0 0CF00400#FF7D80881200FFFF
(1785076489.351288) can0 19F10D13#2A8B015B0284005D
(1785076489.351339) can0 0CF00400#FF7D80981200FFFF
(1785076489.351989) can0 0CF00400#FF7D80A81200FFFF
(1785076489.352090) can0 0CF00400#FF7D80C01200FFFF
(1785076489.353520) can0 0CF00400#FF7D80A81200FFFF
(1785076489.353586) can0 18F01D21#6381198000AC1480
(1785076489.353635) can0 0CF00400#FF7D7F881200FFFF
(1785076489.353679) can0 19F10D13#2B8A015B0284005D
(1785076489.353723) can0 0CF00400#FF7D80901200FFFF
(1785076489.353766) can0 09F112F8#FFAA1C0000FF7FFD
(1785076489.353809) can0 0CF00400#FF7D80B81200FFFF
(1785076489.354554) can0 0CF00400#FF7D7FB01200FFFF
(1785076489.354626) can0 0CF00400#FF7D7FC01200FFFF
(1785076489.354679) can0 18F01D21#0B81198000AC1480
(1785076489.355120) can0 0CF00400#FF7D7FE81200FFFF
(1785076489.355186) can0 19F10D13#2C89015B0284005E
(1785076489.355236) can0 0CF00400#FF7D7FF01200FFFF
(1785076489.355787) can0 0CF00400#FF7D7FE81200FFFF
(1785076489.356130) can0 0CF00400#FF7D7FF81200FFFF
(1785076489.356462) can0 09F112F8#FF831C0000FF7FFD
(1785076489.356530) can0 0CF00400#FF7D7FC01200FFFF
(1785076489.356898) can0 18F01D21#0B81198000AC1480
(1785076489.356961) can0 0CF00400#FF7D7F981200FFFF
(1785076489.357377) can0 19F10D13#2D89015B0284005E
(1785076489.357440) can0 0CF00400#FF7D7F781200FFFF
(1785076489.357804) can0 0CF00400#FF7D7F681200FFFF
(1785076489.358124) can0 0CF00400#FF7D7F181200FFFF
(1785076489.359530) can0 0CF00400#FF7D7F201200FFFF
(1785076489.359596) can0 18F01D21#6381198000AC1480
(1785076489.359645) can0 0CF00400#FF7D80501200FFFF
(1785076489.359689) can0 09F112F8#FF631C0000FF7FFD
(1785076489.359733) can0 09F8021C#35FCFB0DAA00FFFF
(1785076489.359794) can0 09F8021C#36FCFB0DAA00FFFF
(1785076489.359852) can0 09F8011C#D87D2718169E53C1
(1785076489.359896) can0 19F10D13#2E89015B0284005E
(1785076489.359939) can0 18FEE81C#410A200641643F81
(1785076489.359982) can0 0CF00400#FF7D80701200FFFF
(1785076489.360025) can0 0CF00400#FF7D80881200FFFF
(1785076489.360084) can0 0CF00400#FF7D80B01200FFFF
(1785076489.361264) can0 0CF00400#FF7D80981200FFFF
(1785076489.361337) can0 18F01D21#6381198000AC1480
(1785076489.361378) can0 0CF00400#FF7D80701200FFFF
(1785076489.361444) can0 19F10D13#2F89015B0284005E
(1785076489.361475) can0 0CF00400#FF7D80581200FFFF
(1785076489.362119) can0 0CF00400#FF7D80701200FFFF
(1785076489.362189) can0 09F112F8#FF451C0000FF7FFD
(1785076489.362237) can0 0CF00400#FF7D80601200FFFF
(1785076489.362700) can0 0CF00400#FF7D80581200FFFF
(1785076489.362766) can0 18F01D21#0B81198000AC1480
(1785076489.363152) can0 0CF00400#FF7D80701200FFFF
(1785076489.363216) can0 19F10D13#3089015B0284005E
(1785076489.363252) can0 0CF00400#FF7D80A01200FFFF
(1785076489.363678) can0 0CF00400#FF7D80C81200FFFF
(1785076489.365036) can0 0CF00400#FF7D80D01200FFFF
(1785076489.365111) can0 09F112F8#FF2B1C0000FF7FFD
(1785076489.365146) can0 0CF00400#FF7D80C01200FFFF
(1785076489.365172) can0 18F01D21#6381198000AC1480
(1785076489.365196) can0 0CF00400#FF7D80B81200FFFF
(1785076489.365218) can0 19F10D13#318A015B0284005D
(1785076489.365239) can0 0CF00400#FF7D80C81200FFFF
(1785076489.365952) can0 0CF00400#FF7D80C81200FFFF
(1785076489.366024) can0 0CF00400#FF7D7FB81200FFFF
(1785076489.367441) can0 0CF00400#FF7D7FD01200FFFF
(1785076489.367507) can0 18F01D21#6381198000AC1480
(1785076489.367543) can0 0CF00400#FF7D80F81200FFFF
(1785076489.367570) can0 19F10D13#328A015B0284005D
(1785076489.367593) can0 09F112F8#FF0C1C0000FF7FFD
(1785076489.367615) can0 0CF00400#FF7D80181300FFFF
(1785076489.367699) can0 0CF00400#FF7D7F081300FFFF
(1785076489.368421) can0 0CF00400#FF7D7F001300FFFF
(1785076489.368501) can0 0CF00400#FF7D7FE81200FFFF
(1785076489.368804) can0 18F01D21#6381198000AC1480
(1785076489.368868) can0 0CF00400#FF7D7FE01200FFFF
(1785076489.369250) can0 19F10D13#338A015B0284005D
(1785076489.369313) can0 0CF00400#FF7D7FD81200FFFF
(1785076489.369348) can0 09F8021C#37FC7E0DAC00FFFF
(1785076489.369374) can0 09F8011C#387E27184A9E53C1
(1785076489.369459) can0 18FEE81C#E609380645643E81
(1785076489.370103) can0 0CF00400#FF7D7F901200FFFF
(1785076489.370171) can0 09F112F8#FFEB1B0000FF7FFD
(1785076489.370208) can0 0CF00400#FF7D7F801200FFFF
(1785076489.370687) can0 0CF00400#FF7D7F801200FFFF
(1785076489.370754) can0 18F01D21#6381198000AC1480
(1785076489.371137) can0 0CF00400#FF7D7F881200FFFF
(1785076489.371201) can0 19F10D13#348A015B0284005D
(1785076489.371235) can0 0CF00400#FF7D80A01200FFFF
(1785076489.372701) can0 0CF00400#FF7D80D81200FFFF
(1785076489.372766) can0 0CF00400#FF7D7FF01200FFFF
(1785076489.372808) can0 0CF00400#FF7D7FE81200FFFF
(1785076489.372833) can0 09F112F8#FFD31B0000FF7FFD
(1785076489.372855) can0 18F01D21#6381198000AC1480
(1785076489.372877) can0 0CF00400#FF7D7FE81200FFFF
(1785076489.373495) can0 19F10D13#358A015B0284005D
(1785076489.373562) can0 0CF00400#FF7D7FE01200FFFF
(1785076489.373915) can0 0CF00400#FF7D7FF01200FFFF
(1785076489.374193) can0 0CF00400#FF7D7F101300FFFF
(1785076489.374488) can0 0CF00400#FF7D7F101300FFFF
(1785076489.374743) can0 18F01D21#6381198000AC1480
(1785076489.374855) can0 0CF00400#FF7D7F101300FFFF
(1785076489.375246) can0 19F10D13#368A015B0284005D
(1785076489.375310) can0 0CF00400#FF7D7F281300FFFF
(1785076489.375360) can0 09F112F8#FFBF1B0000FF7FFD
(1785076489.375821) can0 0CF00400#FF7D7F301300FFFF
(1785076489.376117) can0 0CF00400#FF7D7FF01200FFFF
(1785076489.377524) can0 0CF00400#FF7D7FC01200FFFF
(1785076489.377588) can0 18F01D21#0B81198000AC1480
(1785076489.377638) can0 0CF00400#FF7D7FC81200FFFF
(1785076489.377682) can0 19F10D13#378B015B0284005D
(1785076489.377726) can0 0CF00400#FF7D7FD01200FFFF
(1785076489.377769) can0 0CF00400#FF7D7FA01200FFFF
(1785076489.378404) can0 09F112F8#FFA61B0000FF7FFD
(1785076489.378471) can0 0CF00400#FF7D7FB81200FFFF
(1785076489.378537) can0 0CF00400#FF7D7FB01200FFFF
(1785076489.378963) can0 18F01D21#6381198000AC1480
(1785076489.379025) can0 0CF00400#FF7D7FA81200FFFF
(1785076489.379392) can0 19F10D13#388A015B0284005D
(1785076489.379454) can0 0CF00400#FF7D7FC01200FFFF
(1785076489.379827) can0 09F8021C#38FC540DAF00FFFF
(1785076489.379889) can0 09F8011C#6E7E2718689E53C1
(1785076489.379938) can0 18FEE81C#C709500643643D81
(1785076489.379983) can0 0CF00400#FF7D7FF01200FFFF
(1785076489.380110) can0 0CF00400#FF7D7FF01200FFFF
(1785076489.380728) can0 0CF00400#FF7D7F181300FFFF
(1785076489.380790) can0 18F01D21#6381198000AC1480
(1785076489.380826) can0 09F112F8#FF861B0000FF7FFD
(1785076489.380852) can0 0CF00400#FF7D7F301300FFFF
(1785076489.381380) can0 19F10D13#3989015B0284005E
(1785076489.381443) can0 0CF00400#FF7D7F401300FFFF
(1785076489.381824) can0 0CF00400#FF7D7F401300FFFF
(1785076489.382147) can0 0CF00400#FF7D7F381300FFFF
(1785076489.383627) can0 0CF00400#FF7D7F381300FFFF
(1785076489.383686) can0 18F01D21#6381198000AC1480
(1785076489.383722) can0 0CF00400#FF7D7F481300FFFF
(1785076489.383748) can0 19F10D13#3A8B015B0284005D
(1785076489.383772) can0 0CF00400#FF7D7F481300FFFF
(1785076489.383795) can0 09F112F8#FF661B0000FF7FFD
(1785076489.383817) can0 0CF00400#FF7D7F381300FFFF
(1785076489.384531) can0 0CF00400#FF7D7F381300FFFF
(1785076489.384636) can0 0CF00400#FF7D7F101300FFFF
(1785076489.384686) can0 18F01D21#0B81198000AC1480
(1785076489.385166) can0 0CF00400#FF7D7F081300FFFF
(1785076489.385244) can0 19F10D13#3B8A015B0284005D
(1785076489.385282) can0 0CF00400#FF7D7F001300FFFF
(1785076489.385720) can0 0CF00400#FF7D7F081300FFFF
(1785076489.387147) can0 0CF00400#FF7D7F181300FFFF
(1785076489.387215) can0 09F112F8#FF431B0000FF7FFD
(1785076489.387249) can0 0CF00400#FF7D7F281300FFFF
(1785076489.387284) can0 18F01D21#6381198000AC1480
(1785076489.387309) can0 0CF00400#FF7D7F401300FFFF
(1785076489.387332) can0 19F10D13#3C8A015B0284005D
(1785076489.387354) can0 0CF00400#FF7D7F481300FFFF
(1785076489.388099) can0 0CF00400#FF7D7F481300FFFF
(1785076489.388170) can0 0CF00400#FF7D7F381300FFFF
(1785076489.388487) can0 0CF00400#FF7D7FE81200FFFF
(1785076489.388645) can0 18F01D21#6381198000AC1480
(1785076489.389025) can0 0CF00400#FF7D7FA81200FFFF
(1785076489.389108) can0 09F112F8#FF171B0000FF7FFD
(1785076489.389160) can0 19F10D13#3D8A015B0284005D
(1785076489.389625) can0 0CF00400#FF7D7FA81200FFFF
(1785076489.389692) can0 0CF00400#FF7D7FC01200FFFF
(1785076489.389743) can0 09F8021C#39FCB70CA800FFFF
(1785076489.389787) can0 09F8011C#A07E2718849E53C1
(1785076489.389832) can0 18FEE81C#5409100643643C81
(1785076489.390438) can0 0CF00400#FF7D7FD81200FFFF
(1785076489.390507) can0 0CF00400#FF7D7FE81200FFFF
(1785076489.390828) can0 18F01D21#6381198000AC1480
(1785076489.390911) can0 0CF00400#FF7D7FF81200FFFF
(1785076489.391311) can0 19F10D13#3E89015B0284005E
(1785076489.391376) can0 0CF00400#FF7D7F301300FFFF
(1785076489.391580) can0 18FF50E0#0000800080008001
(1785076489.392085) can0 09F112F8#FFEB1A0000FF7FFD
(1785076489.392156) can0 0CF00400#FF7D7F181300FFFF
(1785076489.392207) can0 0CF00400#FF7D7FE01200FFFF
(1785076489.392812) can0 0CF00400#FF7D7FD81200FFFF
(1785076489.392879) can0 18F01D21#6381198000AC1480
(1785076489.392946) can0 0CF00400#FF7D7FA01200FFFF
(1785076489.393400) can0 19F10D13#3F8A015B0284005D
(1785076489.393465) can0 0CF00400#FF7D7FB01200FFFF
(1785076489.393863) can0 0CF00400#FF7D7FA81200FFFF
(1785076489.394155) can0 0CF00400#FF7D7FA01200FFFF
(1785076489.395584) can0 0CF00400#FF7D7FC01200FFFF
(1785076489.395651) can0 09F112F8#FFC01A0000FF7FFD
(1785076489.395699) can0 18F01D21#6381198000AC1480
(1785076489.395743) can0 0CF00400#FF7D7FE01200FFFF
(1785076489.395803) can0 19F10D13#408A015B0284005D
(1785076489.395847) can0 0CF00400#FF7D7FE01200FFFF
(1785076489.395936) can0 0CF00400#FF7D7FD81200FFFF
(1785076489.396667) can0 0CF00400#FF7D7FD81200FFFF
(1785076489.396740) can0 0CF00400#FF7D7FD81200FFFF
(1785076489.396791) can0 18F01D21#6381198000AC1480
(1785076489.396836) can0 0CF00400#FF7D7FC81200FFFF
(1785076489.397332) can0 19F10D13#418A015B0284005D
(1785076489.397392) can0 0CF00400#FF7D7FC01200FFFF
(1785076489.397440) can0 09F112F8#FF8D1A0000FF7FFD
(1785076489.397901) can0 0CF00400#FF7D7FA81200FFFF
(1785076489.398172) can0 0CF00400#FF7D7FA01200FFFF
(1785076489.399584) can0 0CF00400#FF7D7FD01200FFFF
(1785076489.399650) can0 18F01D21#0B81198000AC1480
(1785076489.399697) can0 0CF00400#FF7D7FE81200FFFF
(1785076489.399758) can0 19F10D13#428A015B0284005D
(1785076489.399836) can0 0CF00400#FF7D7FF01200FFFF
(1785076489.399881) can0 0CF00400#FF7D7FE81200FFFF
(1785076489.399925) can0 09F8021C#3AFCB60CA900FFFF
(1785076489.399967) can0 09F8011C#C67E2718929E53C1
(1785076489.400010) can0 18FEE81C#5309180643643C81
(1785076489.400066) can0 09F112F8#FF611A0000FF7FFD
(1785076489.400096) can0 0CF00400#FF7D7FC81200FFFF
(1785076489.401357) can0 0CF00400#FF7D7F901200FFFF
(1785076489.401438) can0 18F01D21#0B81198000AC1480
(1785076489.401490) can0 0CF00400#FF7D7F801200FFFF
(1785076489.401554) can0 19F10D13#4389015B0284005E
(1785076489.401598) can0 0CF00400#FF7D7F881200FFFF
(1785076489.401709) can0 0CF00400#FF7D7F881200FFFF
(1785076489.402479) can0 0CF00400#FF7D7F881200FFFF
(1785076489.402553) can0 0CF00400#FF7D7FA01200FFFF
(1785076489.402604) can0 18F01D21#6381198000AC1480
(1785076489.403054) can0 09F112F8#FF2C1A0000FF7FFD
(1785076489.403118) can0 0CF00400#FF7D7FD01200FFFF
(1785076489.403152) can0 19F10D13#448A015B0284005D
(1785076489.403255) can0 0CF00400#FF7D7FE81200FFFF
(1785076489.403813) can0 0CF00400#FF7D7FE81200FFFF
(1785076489.404144) can0 0CF00400#FF7D7FC81200FFFF
(1785076489.405532) can0 0CF00400#FF7D7F801200FFFF
(1785076489.405617) can0 18F01D21#6381198000AC1480
(1785076489.405674) can0 0CF00400#FF7D7F481200FFFF
(1785076489.405720) can0 19F10D13#4589015B0284005E
(1785076489.405765) can0 0CF00400#FF7D7F501200FFFF
(1785076489.405826) can0 09F112F8#FF001A0000FF7FFD
(1785076489.405869) can0 0CF00400#FF7D7F581200FFFF
(1785076489.406723) can0 0CF00400#FF7D80601200FFFF
(1785076489.406794) can0 0CF00400#FF7D80781200FFFF
(1785076489.406846) can0 18F01D21#6381198000AC1480
(1785076489.406893) can0 0CF00400#FF7D80B01200FFFF
(1785076489.407396) can0 19F10D13#468A015B0284005D
(1785076489.407462) can0 0CF00400#FF7D7FC81200FFFF
(1785076489.407845) can0 0CF00400#FF7D80D81200FFFF
(1785076489.408143) can0 0CF00400#FF7D7FD01200FFFF
(1785076489.408423) can0 09F112F8#FFD6190000FF7FFD
(1785076489.408487) can0 0CF00400#FF7D7F981200FFFF
(1785076489.408859) can0 18F01D21#6381198000AC1480
(1785076489.408923) can0 0CF00400#FF7D7F881200FFFF
(1785076489.409316) can0 19F10D13#478B015B0284005D
(1785076489.409380) can0 0CF00400#FF7D7F981200FFFF
(1785076489.409804) can0 0CF00400#FF7D7FA81200FFFF
(1785076489.410110) can0 0CF00400#FF7D7FB81200FFFF
(1785076489.410173) can0 09F8021C#3BFCC40DAC00FFFF
(1785076489.410222) can0 09F8011C#F47E2718AC9E53C1
(1785076489.410266) can0 18FEE81C#190A380610643B81
(1785076489.410817) can0 0CF00400#FF7D7FB81200FFFF
(1785076489.410884) can0 18F01D21#6381198000AC1480
(1785076489.410968) can0 0CF00400#FF7D7FD81200FFFF
(1785076489.411438) can0 19F10D13#488A015B0284005D
(1785076489.411501) can0 09F112F8#FFB3190000FF7FFD
(1785076489.411538) can0 0CF00400#FF7D7FC81200FFFF
(1785076489.412016) can0 0CF00400#FF7D7FA81200FFFF
(1785076489.412096) can0 0CF00400#FF7D7FA01200FFFF
(1785076489.412447) can0 0CF00400#FF7D7FA81200FFFF
(1785076489.412712) can0 18F01D21#6381198000AC1480
(1785076489.413058) can0 0CF00400#FF7D7FA01200FFFF
(1785076489.413121) can0 19F10D13#498A015B0284005D
(1785076489.413456) can0 0CF00400#FF7D7F881200FFFF
(1785076489.413735) can0 0CF00400#FF7D7F701200FFFF
(1785076489.414021) can0 09F112F8#FF97190000FF7FFD
(1785076489.414099) can0 0CF00400#FF7D7F901200FFFF
(1785076489.414470) can0 0CF00400#FF7D7FC01200FFFF
(1785076489.414754) can0 18F01D21#6381198000AC1480
(1785076489.414873) can0 0CF00400#FF7D7FC81200FFFF
(1785076489.415299) can0 19F10D13#4A8A015B0284005D
(1785076489.415374) can0 0CF00400#FF7D7FC81200FFFF
(1785076489.415733) can0 0CF00400#FF7D7FC01200FFFF
(1785076489.417075) can0 0CF00400#FF7D7F981200FFFF
(1785076489.417138) can0 0CF00400#FF7D7FA01200FFFF
(1785076489.417172) can0 18F01D21#6381198000AC1480
(1785076489.417200) can0 09F112F8#FF75190000FF7FFD
(1785076489.417224) can0 0CF00400#FF7D7F981200FFFF
(1785076489.417248) can0 19F10D13#4B8A015B0284005D
(1785076489.417270) can0 0CF00400#FF7D7FA01200FFFF
(1785076489.417978) can0 0CF00400#FF7D7F901200FFFF
(1785076489.418056) can0 0CF00400#FF7D7F501200FFFF
(1785076489.419442) can0 0CF00400#FF7D7F701200FFFF
(1785076489.419506) can0 18F01D21#6381198000AC1480
(1785076489.419542) can0 0CF00400#FF7D7F901200FFFF
(1785076489.419569) can0 19F10D13#4C8B015B0284005D
(1785076489.419593) can0 0CF00400#FF7D7FB81200FFFF
(1785076489.419616) can0 09F112F8#FF51190000FF7FFD
(1785076489.419647) can0 0CF00400#FF7D7FE01200FFFF
(1785076489.420500) can0 0CF00400#FF7D7FC81200FFFF
(1785076489.420570) can0 09F8021C#3CFC340BAA00FFFF
(1785076489.420608) can0 09F8011C#327F2718CA9E53C1
(1785076489.420637) can0 18FEE81C#3808200600643C81
(1785076489.420662) can0 0CF00400#FF7D7FF01200FFFF
(1785076489.420684) can0 18F01D21#6381198000AC1480
(1785076489.421391) can0 0CF00400#FF7D7F001300FFFF
(1785076489.421459) can0 19F10D13#4D8A015B0284005D
(1785076489.421498) can0 0CF00400#FF7D7FF81200FFFF
(1785076489.421910) can0 0CF00400#FF7D7FF81200FFFF
(1785076489.422183) can0 0CF00400#FF7D7F081300FFFF
(1785076489.422245) can0 09F112F8#FF2F190000FF7FFD
(1785076489.422619) can0 0CF00400#FF7D7F001300FFFF
(1785076489.422681) can0 18F01D21#6381198000AC1480
(1785076489.423019) can0 0CF00400#FF7D7FF81200FFFF
(1785076489.423164) can0 19F10D13#4E8A015B0284005D
(1785076489.423277) can0 0CF00400#FF7D7F101300FFFF
(1785076489.423764) can0 0CF00400#FF7D7F281300FFFF
(1785076489.424132) can0 0CF00400#FF7D7F301300FFFF
(1785076489.424461) can0 0CF00400#FF7D7F181300FFFF
(1785076489.424827) can0 18F01D21#0B81198000AC1480
(1785076489.424956) can0 0CF00400#FF7D7F281300FFFF
(1785076489.425433) can0 09F112F8#FF04190000FF7FFD
(1785076489.425499) can0 19F10D13#4F8B015B0284005D
(1785076489.425546) can0 0CF00400#FF7D7F181300FFFF
(1785076489.426053) can0 0CF00400#FF7D7F281300FFFF
(1785076489.426124) can0 0CF00400#FF7D7F401300FFFF
(1785076489.427573) can0 0CF00400#FF7D7F481300FFFF
(1785076489.427626) can0 18F01D21#0B81198000AC1480
(1785076489.427657) can0 0CF00400#FF7D7F681300FFFF
(1785076489.427682) can0 19F10D13#508A015B0284005D
(1785076489.427705) can0 0CF00400#FF7D7F801300FFFF
(1785076489.427728) can0 0CF00400#FF7D7F781300FFFF
(1785076489.428260) can0 09F112F8#FFD4180000FF7FFD
(1785076489.428315) can0 0CF00400#FF7D7F681300FFFF
(1785076489.428904) can0 0CF00400#FF7D7F781300FFFF
(1785076489.428984) can0 18F01D21#6381198000AC1480
(1785076489.429056) can0 0CF00400#FF7D7F881300FFFF
(1785076489.429554) can0 19F10D13#518B015B0284005D
(1785076489.429626) can0 0CF00400#FF7D7F781300FFFF
(1785076489.429664) can0 0CF00400#FF7D7F601300FFFF
(1785076489.430141) can0 0CF00400#FF7D7F481300FFFF
(1785076489.431485) can0 09F8021C#3DFC490BAA00FFFF
(1785076489.431550) can0 09F8011C#627F2718E69E53C1
(1785076489.431618) can0 0CF00400#FF7D7F501300FFFF
(1785076489.431651) can0 18FEE81C#4708200600643C81
(1785076489.431676) can0 18F01D21#6381198000AC1480
(1785076489.431699) can0 09F112F8#FFA1180000FF7FFD
(1785076489.431722) can0 0CF00400#FF7D7F781300FFFF
(1785076489.431745) can0 19F10D13#528A015B0284005D
(1785076489.431767) can0 0CF00400#FF7D7F901300FFFF
(1785076489.431788) can0 0CF00400#FF7D7F601300FFFF
(1785076489.432876) can0 0CF00400#FF7D7F401300FFFF
(1785076489.432947) can0 0CF00400#FF7D7F281300FFFF
(1785076489.433015) can0 18F01D21#6381198000AC1480
(1785076489.433073) can0 0CF00400#FF7D7F101300FFFF
(1785076489.433172) can0 19F10D13#538A015B0284005D
(1785076489.433274) can0 0CF00400#FF7D7F001300FFFF
(1785076489.434065) can0 09F112F8#FF61180000FF7FFD
(1785076489.434137) can0 0CF00400#FF7D7F001300FFFF
(1785076489.434206) can0 0CF00400#FF7D7F001300FFFF
(1785076489.434719) can0 0CF00400#FF7D7F001300FFFF
(1785076489.434784) can0 18F01D21#6381198000AC1480
(1785076489.434842) can0 0CF00400#FF7D7F101300FFFF
(1785076489.435280) can0 19F10D13#548A015B0284005D
(1785076489.435344) can0 0CF00400#FF7D7F201300FFFF
(1785076489.435696) can0 0CF00400#FF7D7F201300FFFF
(1785076489.437070) can0 0CF00400#FF7D7F081300FFFF
(1785076489.437130) can0 09F112F8#FF1C180000FF7FFD
(1785076489.437165) can0 0CF00400#FF7D7FF01200FFFF
(1785076489.437191) can0 18F01D21#6381198000AC1480
(1785076489.437214) can0 0CF00400#FF7D7FF01200FFFF
(1785076489.437237) can0 19F10D13#558A015B0284005D
(1785076489.437259) can0 0CF00400#FF7D7FD81200FFFF
(1785076489.437954) can0 0CF00400#FF7D7FD81200FFFF
(1785076489.438054) can0 0CF00400#FF7D7FC81200FFFF
(1785076489.439437) can0 0CF00400#FF7D7FC81200FFFF
(1785076489.439502) can0 18F01D21#6381198000AC1480
(1785076489.439538) can0 0CF00400#FF7D7FE01200FFFF
(1785076489.439564) can0 09F112F8#FFE4170000FF7FFD
(1785076489.439589) can0 19F10D13#568A015B0284005D
(1785076489.439611) can0 0CF00400#FF7D7FE81200FFFF
(1785076489.439698) can0 0CF00400#FF7D7FB81200FFFF
(1785076489.440480) can0 0CF00400#FF7D7FA81200FFFF
(1785076489.440546) can0 0CF00400#FF7D7FA81200FFFF
(1785076489.440585) can0 09F8021C#3EFC500AB000FFFF
(1785076489.440612) can0 09F8011C#B67F27180E9F53C1
(1785076489.440637) can0 18F01D21#6381198000AC1480
(1785076489.440660) can0 18FEE81C#9107580600643C81
(1785076489.441333) can0 0CF00400#FF7D7FB01200FFFF
(1785076489.441403) can0 19F10D13#578A015B0284005D
(1785076489.441442) can0 0CF00400#FF7D7FB81200FFFF
(1785076489.441850) can0 0CF00400#FF7D7FA01200FFFF
(1785076489.442134) can0 09F112F8#FFA4170000FF7FFD
(1785076489.442209) can0 0CF00400#FF7D7FA01200FFFF
(1785076489.442626) can0 0CF00400#FF7D7FB81200FFFF
(1785076489.442702) can0 18F01D21#6381198000AC1480
(1785076489.443105) can0 0CF00400#FF7D7FC01200FFFF
(1785076489.443168) can0 19F10D13#588A015B0284005D
(1785076489.443542) can0 0CF00400#FF7D7FB01200FFFF
(1785076489.443829) can0 0CF00400#FF7D7F901200FFFF
(1785076489.444129) can0 0CF00400#FF7D7F981200FFFF
(1785076489.445563) can0 0CF00400#FF7D7FA01200FFFF
(1785076489.445628) can0 18F01D21#6381198000AC1480
(1785076489.445662) can0 09F112F8#FF6B170000FF7FFD
(1785076489.445688) can0 0CF00400#FF7D7FB81200FFFF
(1785076489.445712) can0 19F10D13#598B015B0284005D
(1785076489.445735) can0 0CF00400#FF7D7FD01200FFFF
(1785076489.445756) can0 0CF00400#FF7D7FD01200FFFF
(1785076489.446461) can0 0CF00400#FF7D7FD01200FFFF
(1785076489.446542) can0 0CF00400#FF7D7FE81200FFFF
(1785076489.446851) can0 18F01D21#6381198000AC1480
(1785076489.446915) can0 0CF00400#FF7D7FF01200FFFF
(1785076489.447306) can0 19F10D13#5A8A015B0284005D
(1785076489.447370) can0 0CF00400#FF7D7FF01200FFFF
(1785076489.447726) can0 09F112F8#FF2B170000FF7FFD
(1785076489.447788) can0 0CF00400#FF7D7F001300FFFF
(1785076489.448179) can0 0CF00400#FF7D7FD81200FFFF
(1785076489.448476) can0 0CF00400#FF7D7FC81200FFFF
(1785076489.448739) can0 18F01D21#6381198000AC1480
(1785076489.449053) can0 0CF00400#FF7D7FE81200FFFF
(1785076489.449116) can0 19F10D13#5B89015B0284005E
(1785076489.449467) can0 0CF00400#FF7D7F081300FFFF
(1785076489.449729) can0 0CF00400#FF7D7F181300FFFF
(1785076489.451152) can0 0CF00400#FF7D7F401300FFFF
(1785076489.451237) can0 09F112F8#FFEF160000FF7FFD
(1785076489.451285) can0 0CF00400#FF7D7F581300FFFF
(1785076489.451329) can0 18F01D21#6381198000AC1480
(1785076489.451372) can0 09F8021C#3FFC4E0AAC00FFFF
(1785076489.451415) can0 09F8011C#EE7F2718249F53C1
(1785076489.451458) can0 18FEE81C#8F073806E5633D81
(1785076489.451501) can0 0CF00400#FF7D7F681300FFFF
(1785076489.451544) can0 19F10D13#5C8A015B0284005D
(1785076489.451588) can0 0CF00400#FF7D7F601300FFFF
(1785076489.451693) can0 0CF00400#FF7D7F581300FFFF
(1785076489.452806) can0 0CF00400#FF7D7F401300FFFF
(1785076489.452899) can0 0CF00400#FF7D7F081300FFFF
(1785076489.452952) can0 18F01D21#6381198000AC1480
(1785076489.452999) can0 0CF00400#FF7D7F081300FFFF
(1785076489.453522) can0 19F10D13#5D8A015B0284005D
(1785076489.453587) can0 09F112F8#FFA6160000FF7FFD
(1785076489.453624) can0 0CF00400#FF7D7F001300FFFF
(1785076489.453652) can0 0CF00400#FF7D7F001300FFFF
(1785076489.454184) can0 0CF00400#FF7D7F201300FFFF
(1785076489.454493) can0 0CF00400#FF7D7F481300FFFF
(1785076489.454813) can0 18F01D21#6381198000AC1480
(1785076489.454880) can0 0CF00400#FF7D7F581300FFFF
(1785076489.455312) can0 19F10D13#5E8B015B0284005D
(1785076489.455392) can0 0CF00400#FF7D7F481300FFFF
(1785076489.455806) can0 0CF00400#FF7D7F381300FFFF
(1785076489.456130) can0 09F112F8#FF75160000FF7FFD
(1785076489.456194) can0 0CF00400#FF7D7F381300FFFF
(1785076489.456561) can0 0CF00400#FF7D7F201300FFFF
(1785076489.456634) can0 18F01D21#6381198000AC1480
(1785076489.456977) can0 0CF00400#FF7D7F281300FFFF
(1785076489.457270) can0 19F10D13#5F8B015B0284005D
(1785076489.457333) can0 0CF00400#FF7D7F281300FFFF
(1785076489.457682) can0 0CF00400#FF7D7F281300FFFF
(1785076489.459122) can0 0CF00400#FF7D7F381300FFFF
(1785076489.459206) can0 0CF00400#FF7D7F581300FFFF
(1785076489.459259) can0 18F01D21#6381198000AC1480
(1785076489.459288) can0 09F112F8#FF43160000FF7FFD
(1785076489.459312) can0 0CF00400#FF7D7F701300FFFF
(1785076489.459336) can0 19F10D13#608A015B0284005D
(1785076489.459358) can0 0CF00400#FF7D7F581300FFFF
(1785076489.460162) can0 0CF00400#FF7D7F081300FFFF
(1785076489.460233) can0 0CF00400#FF7D7EB81200FFFF
(1785076489.460586) can0 0CF00400#FF7D7F981200FFFF
(1785076489.460664) can0 18F01D21#6381198000AC1480
(1785076489.461064) can0 09F8021C#40FCDE09AC00FFFF
(1785076489.461130) can0 09F8011C#428027183E9F53C1
(1785076489.461178) can0 0CF00400#FF7D7F681200FFFF
(1785076489.461223) can0 18FEE81C#3D073806E0633C81
(1785076489.461267) can0 19F10D13#618A015B0284005D
(1785076489.461310) can0 0CF00400#FF7D7F581200FFFF
(1785076489.462069) can0 09F112F8#FF08160000FF7FFD
(1785076489.462149) can0 0CF00400#FF7D7F601200FFFF
(1785076489.462196) can0 0CF00400#FF7D7F601200FFFF
(1785076489.462626) can0 0CF00400#FF7D7F501200FFFF
(1785076489.462709) can0 18F01D21#6381198000AC1480
(1785076489.463110) can0 0CF00400#FF7D7F581200FFFF
(1785076489.463175) can0 19F10D13#628A015B0284005D
(1785076489.463237) can0 0CF00400#FF7D7F481200FFFF
(1785076489.463674) can0 0CF00400#FF7D7F481200FFFF
(1785076489.465028) can0 0CF00400#FF7D7F681200FFFF
(1785076489.465108) can0 09F112F8#FFD6150000FF7FFD
(1785076489.465158) can0 0CF00400#FF7D7F881200FFFF
(1785076489.465202) can0 18F01D21#6381198000AC1480
(1785076489.465307) can0 0CF00400#FF7D7F681200FFFF
(1785076489.465355) can0 19F10D13#638A015B0284005D
(1785076489.465399) can0 0CF00400#FF7D7F581200FFFF
(1785076489.466238) can0 0CF00400#FF7D7F581200FFFF
(1785076489.466310) can0 0CF00400#FF7D7F501200FFFF
(1785076489.466635) can0 0CF00400#FF7D7F881200FFFF
(1785076489.466702) can0 18F01D21#6381198000231880
(1785076489.467100) can0 0CF00400#FF7D7F901200FFFF
(1785076489.467185) can0 09F112F8#FF8F150000FF7FFD
(1785076489.467233) can0 19F10D13#6489015B0284005E
(1785076489.467277) can0 0CF00400#FF7D7F801200FFFF
(1785076489.467809) can0 0CF00400#FF7D7F701200FFFF
(1785076489.468103) can0 0CF00400#FF7D7F301200FFFF
(1785076489.469521) can0 0CF00400#FF7D7F181200FFFF
(1785076489.469587) can0 18F01D21#6381198000231880
(1785076489.469636) can0 0CF00400#FF7D7F181200FFFF
(1785076489.469697) can0 19F10D13#658A015B0284005D
(1785076489.469740) can0 0CF00400#FF7D7F381200FFFF
(1785076489.469783) can0 0CF00400#FF7D7F501200FFFF
(1785076489.469826) can0 09F112F8#FF59150000FF7FFD
(1785076489.470551) can0 0CF00400#FF7D7F481200FFFF
(1785076489.470620) can0 0CF00400#FF7D7F401200FFFF
(1785076489.470671) can0 18F01D21#6381198000231880
(1785076489.471144) can0 0CF00400#FF7D7F501200FFFF
(1785076489.471210) can0 09F8021C#41FCF308AB00FFFF
(1785076489.471261) can0 09F8011C#888027185C9F53C1
(1785076489.471323) can0 18FEE81C#91063006E0633C81
(1785076489.471367) can0 19F10D13#668A015B0284005D
(1785076489.471412) can0 0CF00400#FF7D7F581200FFFF
(1785076489.472114) can0 0CF00400#FF7D7F281200FFFF
(1785076489.472187) can0 0CF00400#FF7D7F301200FFFF
(1785076489.472529) can0 0CF00400#FF7D7F381200FFFF
(1785076489.472595) can0 09F112F8#FF20150000FF7FFD
(1785076489.472645) can0 18F01D21#6381198000231880
(1785076489.473153) can0 0CF00400#FF7D7F401200FFFF
(1785076489.473237) can0 19F10D13#678A015B0284005D
(1785076489.473286) can0 0CF00400#FF7D7F381200FFFF
(1785076489.473711) can0 0CF00400#FF7D7F481200FFFF
(1785076489.475077) can0 0CF00400#FF7D7F681200FFFF
(1785076489.475143) can0 0CF00400#FF7D7F701200FFFF
(1785076489.475192) can0 18F01D21#6381198000231880
(1785076489.475236) can0 0CF00400#FF7D7F801200FFFF
(1785076489.475296) can0 19F10D13#688A015B0284005D
(1785076489.475339) can0 0CF00400#FF7D7FA01200FFFF
(1785076489.475386) can0 09F112F8#FFEB140000FF7FFD
(1785076489.476133) can0 0CF00400#FF7D7FA01200FFFF
(1785076489.476202) can0 0CF00400#FF7D7FC01200FFFF
(1785076489.476540) can0 0CF00400#FF7D7FE01200FFFF
(1785076489.476667) can0 18F01D21#6381198000231880
(1785076489.477030) can0 0CF00400#FF7D7FE01200FFFF
(1785076489.477129) can0 19F10D13#698A015B0284005D
(1785076489.477482) can0 0CF00400#FF7D7FE01200FFFF
(1785076489.477757) can0 0CF00400#FF7D7FC81200FFFF
(1785076489.479071) can0 0CF00400#FF7D7FE81200FFFF
(1785076489.479140) can0 09F112F8#FFB2140000FF7FFD
(1785076489.479189) can0 0CF00400#FF7D7F001300FFFF
(1785076489.479233) can0 18F01D21#6381198000231880
(1785076489.479277) can0 0CF00400#FF7D7F181300FFFF
(1785076489.479336) can0 19F10D13#6A8A015B0284005D
(1785076489.479379) can0 0CF00400#FF7D7F281300FFFF
(1785076489.480146) can0 0CF00400#FF7D7FF01200FFFF
(1785076489.480218) can0 0CF00400#FF7D7FE81200FFFF
(1785076489.480545) can0 0CF00400#FF7D7FD01200FFFF
(1785076489.480718) can0 18F01D21#6381198000231880
(1785076489.481124) can0 0CF00400#FF7D7FC81200FFFF
(1785076489.481189) can0 09F8021C#42FCBC08AD00FFFF
(1785076489.481239) can0 09F8011C#E6802718789F53C1
(1785076489.481284) can0 18FEE81C#68064006E0633D81
(1785076489.481328) can0 19F10D13#6B8A015B0284005D
(1785076489.481371) can0 0CF00400#FF7D7FE81200FFFF
(1785076489.481431) can0 09F112F8#FF78140000FF7FFD
(1785076489.482233) can0 0CF00400#FF7D7F081300FFFF
(1785076489.482304) can0 0CF00400#FF7D7F081300FFFF
(1785076489.482672) can0 0CF00400#FF7D7FF01200FFFF
(1785076489.482742) can0 18F01D21#6381198000231880
(1785076489.483163) can0 0CF00400#FF7D7FF81200FFFF
(1785076489.483228) can0 19F10D13#6C8A015B0284005D
(1785076489.483278) can0 0CF00400#FF7D7FF01200FFFF
(1785076489.483727) can0 0CF00400#FF7D7FB81200FFFF
(1785076489.483790) can0 09F112F8#FF3B140000FF7FFD
(1785076489.484188) can0 0CF00400#FF7D7F901200FFFF
(1785076489.484464) can0 0CF00400#FF7D7F781200FFFF
(1785076489.484722) can0 18F01D21#6381198000231880
(1785076489.485053) can0 0CF00400#FF7D7F781200FFFF
(1785076489.485117) can0 19F10D13#6D8B015B0284005D
(1785076489.485482) can0 0CF00400#FF7D7F781200FFFF
(1785076489.485764) can0 0CF00400#FF7D7F801200FFFF
(1785076489.486068) can0 0CF00400#FF7D7F681200FFFF
(1785076489.487464) can0 0CF00400#FF7D7F781200FFFF
(1785076489.487529) can0 09F112F8#FF01140000FF7FFD
(1785076489.487578) can0 18F01D21#6381198000231880
(1785076489.487622) can0 0CF00400#FF7D7FA01200FFFF
(1785076489.487665) can0 19F10D13#6E8A015B0284005D
(1785076489.487709) can0 0CF00400#FF7D7FB81200FFFF
(1785076489.487769) can0 0CF00400#FF7D7F981200FFFF
(1785076489.488485) can0 0CF00400#FF7D7F801200FFFF
(1785076489.488555) can0 0CF00400#FF7D7F801200FFFF
(1785076489.488670) can0 18F01D21#6381198000231880
(1785076489.489089) can0 0CF00400#FF7D7F981200FFFF
(1785076489.489154) can0 19F10D13#6F8A015B0284005D
(1785076489.489189) can0 09F112F8#FFCF130000FF7FFD
(1785076489.489276) can0 0CF00400#FF7D7FB01200FFFF
(1785076489.489901) can0 0CF00400#FF7D7FC01200FFFF
(1785076489.490207) can0 0CF00400#FF7D7FD01200FFFF
(1785076489.490482) can0 0CF00400#FF7D7FF01200FFFF
(1785076489.490740) can0 18F01D21#6381198000231880
(1785076489.491079) can0 0CF00400#FF7D7F081300FFFF
(1785076489.491143) can0 19F10D13#7089015B0284005E
(1785076489.491192) can0 09F8021C#43FCD306A700FFFF
(1785076489.491237) can0 09F8011C#00812718769F53C1
(1785076489.491280) can0 0CF00400#FF7D7F181300FFFF
(1785076489.491324) can0 18FEE81C#51051006DC633D81
(1785076489.491980) can0 18FF50E0#0000800080008002
(1785076489.492337) can0 0CF00400#FF7D7F101300FFFF
(1785076489.492404) can0 09F112F8#FF98130000FF7FFD
(1785076489.492455) can0 0CF00400#FF7D7FD81200FFFF
(1785076489.492500) can0 0CF00400#FF7D7FC01200FFFF
(1785076489.493057) can0 18F01D21#6381198000231880
(1785076489.493124) can0 0CF00400#FF7D7FB81200FFFF
(1785076489.493171) can0 19F10D13#718A015B0284005D
(1785076489.493266) can0 0CF00400#FF7D7FC81200FFFF
(1785076489.494136) can0 0CF00400#FF7D7FE81200FFFF
(1785076489.494200) can0 0CF00400#FF7D7F081300FFFF
(1785076489.494554) can0 0CF00400#FF7D7F301300FFFF
(1785076489.494613) can0 18F01D21#6381198000231880
(1785076489.495035) can0 09F112F8#FF51130000FF7FFD
(1785076489.495114) can0 0CF00400#FF7D7F401300FFFF
(1785076489.495160) can0 19F10D13#728A015B0284005D
(1785076489.495257) can0 0CF00400#FF7D7F501300FFFF
(1785076489.495872) can0 0CF00400#FF7D7F601300FFFF
(1785076489.496147) can0 0CF00400#FF7D7F501300FFFF
(1785076489.497426) can0 0CF00400#FF7D7F301300FFFF
(1785076489.497475) can0 18F01D21#6381198000231880
(1785076489.497506) can0 0CF00400#FF7D7F581300FFFF
(1785076489.497533) can0 19F10D13#738A015B0284005D
(1785076489.497559) can0 0CF00400#FF7D7F601300FFFF
(1785076489.497581) can0 09F112F8#FF0C130000FF7FFD
(1785076489.498271) can0 0CF00400#FF7D7F401300FFFF
(1785076489.498336) can0 0CF00400#FF7D7F701300FFFF
(1785076489.498659) can0 0CF00400#FF7D7FA01300FFFF
(1785076489.498720) can0 18F01D21#6381198000231880
(1785076489.499081) can0 0CF00400#FF7D7FB81300FFFF
(1785076489.499133) can0 19F10D13#748A015B0284005D
(1785076489.499536) can0 0CF00400#FF7D7FA81300FFFF
(1785076489.499813) can0 0CF00400#FF7D7F801300FFFF
(1785076489.500093) can0 0CF00400#FF7D7F381300FFFF
(1785076489.500150) can0 09F112F8#FFD7120000FF7FFD
(1785076489.500524) can0 0CF00400#FF7D7F001300FFFF
(1785076489.500760) can0 18F01D21#6381198000231880
(1785076489.500860) can0 0CF00400#FF7D7F181300FFFF
(1785076489.501230) can0 19F10D13#758B015B0284005D
(1785076489.501280) can0 0CF00400#FF7D7F201300FFFF
(1785076489.501605) can0 09F8021C#44FC2808A600FFFF
(1785076489.501655) can0 09F8011C#448127187E9F53C1
(1785076489.501684) can0 18FEE81C#FC050006DC633D81
(1785076489.501710) can0 0CF00400#FF7D7F401300FFFF
(1785076489.502283) can0 0CF00400#FF7D7F701300FFFF
(1785076489.502531) can0 0CF00400#FF7D7F781300FFFF
(1785076489.502767) can0 18F01D21#6381198000231880
(1785076489.502905) can0 0CF00400#FF7D7F701300FFFF
(1785076489.502956) can0 09F112F8#FF95120000FF7FFD
(1785076489.503458) can0 19F10D13#768B015B0284005D
(1785076489.503513) can0 0CF00400#FF7D7F681300FFFF
(1785076489.503843) can0 0CF00400#FF7D7F481300FFFF
(1785076489.504124) can0 0CF00400#FF7D7F281300FFFF
(1785076489.505428) can0 0CF00400#FF7D7F201300FFFF
(1785076489.505478) can0 18F01D21#6381198000231880
(1785076489.505509) can0 0CF00400#FF7D7F201300FFFF
(1785076489.505534) can0 19F10D13#778A015B0284005D
(1785076489.505558) can0 0CF00400#FF7D7F081300FFFF
(1785076489.506086) can0 0CF00400#FF7D7F281300FFFF
(1785076489.506150) can0 09F112F8#FF4D120000FF7FFD
(1785076489.506194) can0 0CF00400#FF7D7F281300FFFF
(1785076489.506654) can0 0CF00400#FF7D7F181300FFFF
(1785076489.506713) can0 18F01D21#6381198000231880
(1785076489.507020) can0 0CF00400#FF7D7F201300FFFF
(1785076489.507253) can0 19F10D13#788A015B0284005D
(1785076489.507311) can0 0CF00400#FF7D7FF81200FFFF
(1785076489.507677) can0 0CF00400#FF7D7EA81200FFFF
(1785076489.508977) can0 0CF00400#FF7D7E801200FFFF
(1785076489.509021) can0 09F112F8#FF15120000FF7FFD
(1785076489.509068) can0 0CF00400#FF7D7F781200FFFF
(1785076489.509098) can0 18F01D21#6381198000231880
(1785076489.509121) can0 0CF00400#FF7D7F401200FFFF
(1785076489.509144) can0 19F10D13#798A015B0284005D
(1785076489.509524) can0 0CF00400#FF7D7F401200FFFF
(1785076489.510087) can0 0CF00400#FF7D7F481200FFFF
(1785076489.510154) can0 0CF00400#FF7D7F701200FFFF
(1785076489.510452) can0 0CF00400#FF7D7F881200FFFF
(1785076489.510669) can0 18F01D21#6381198000231880
(1785076489.510976) can0 0CF00400#FF7D7F701200FFFF
(1785076489.511262) can0 19F10D13#7A8A015B0284005D
(1785076489.511322) can0 09F112F8#FFD1110000FF7FFD
(1785076489.511358) can0 0CF00400#FF7D7F981200FFFF
(1785076489.511775) can0 09F8021C#45FC8706AB00FFFF
(1785076489.511825) can0 09F8011C#8C812718829F53C1
(1785076489.511856) can0 18FEE81C#CA043006CD633E81
(1785076489.511882) can0 0CF00400#FF7D7F681200FFFF
(1785076489.512478) can0 0CF00400#FF7D7F281200FFFF
(1785076489.512544) can0 0CF00400#FF7D7F101200FFFF
(1785076489.512889) can0 18F01D21#6381198000231880
(1785076489.512955) can0 0CF00400#FF7D7FF81100FFFF
(1785076489.513333) can0 19F10D13#7B8A015B0284005D
(1785076489.513407) can0 0CF00400#FF7D7F001200FFFF
(1785076489.513762) can0 0CF00400#FF7D7F081200FFFF
(1785076489.513965) can0 09F112F8#FF98110000FF7FFD
(1785076489.514070) can0 0CF00400#FF7D7F101200FFFF
(1785076489.515476) can0 0CF00400#FF7D7F201200FFFF
(1785076489.515527) can0 18F01D21#6381198000231880
(1785076489.515558) can0 0CF00400#FF7D7F201200FFFF
(1785076489.515584) can0 19F10D13#7C8A015B0284005D
(1785076489.515607) can0 0CF00400#FF7D7F101200FFFF
(1785076489.515670) can0 0CF00400#FF7D7F081200FFFF
(1785076489.516290) can0 0CF00400#FF7D7F281200FFFF
(1785076489.516521) can0 0CF00400#FF7D7F381200FFFF
(1785076489.516579) can0 09F112F8#FF5A110000FF7FFD
(1785076489.516616) can0 18F01D21#6381198000231880
(1785076489.517094) can0 0CF00400#FF7D7F301200FFFF
(1785076489.517144) can0 19F10D13#7D89015B0284005E
(1785076489.517438) can0 0CF00400#FF7D7F301200FFFF
(1785076489.518715) can0 0CF00400#FF7D7F381200FFFF
(1785076489.518764) can0 0CF00400#FF7D7F381200FFFF
(1785076489.518802) can0 0CF00400#FF7D7F481200FFFF
(1785076489.518827) can0 18F01D21#6381198000231880
(1785076489.518851) can0 0CF00400#FF7D7F601200FFFF
(1785076489.519342) can0 19F10D13#7E8A015B0284005D
(1785076489.519399) can0 0CF00400#FF7D7F601200FFFF
(1785076489.519432) can0 09F112F8#FF1A110000FF7FFD
(1785076489.519910) can0 0CF00400#FF7D7F481200FFFF
(1785076489.520163) can0 0CF00400#FF7D7F301200FFFF
(1785076489.521470) can0 0CF00400#FF7D7F401200FFFF
(1785076489.521517) can0 18F01D21#6381198000231880
(1785076489.521546) can0 0CF00400#FF7D7F581200FFFF
(1785076489.521570) can0 19F10D13#7F8A015B0284005D
(1785076489.521593) can0 0CF00400#FF7D80701200FFFF
(1785076489.521616) can0 09F8021C#46FCB304A900FFFF
(1785076489.521637) can0 09F8011C#B8812718869F53C1
(1785076489.521659) can0 0CF00400#FF7D80881200FFFF
(1785076489.522239) can0 18FEE81C#73031806CB633D81
(1785076489.522299) can0 0CF00400#FF7D7F901200FFFF
(1785076489.522333) can0 09F112F8#FFD8100000FF7FFD
(1785076489.523148) can0 0CF00400#FF7D7F901200FFFF
(1785076489.523223) can0 18F01D21#6381198000231880
(1785076489.523278) can0 0CF00400#FF7D7FA81200FFFF
(1785076489.523326) can0 19F10D13#8088015B0284005E
(1785076489.523371) can0 0CF00400#FF7D7FC81200FFFF
(1785076489.524091) can0 0CF00400#FF7D7FA01200FFFF
(1785076489.524149) can0 0CF00400#FF7D7F901200FFFF
(1785076489.524488) can0 0CF00400#FF7D7F801200FFFF
(1785076489.524700) can0 18F01D21#6381198000231880
(1785076489.525000) can0 0CF00400#FF7D7F881200FFFF
(1785076489.525073) can0 09F112F8#FF9E100000FF7FFD
(1785076489.525149) can0 19F10D13#818A015B0284005D
(1785076489.525481) can0 0CF00400#FF7D7F901200FFFF
(1785076489.525818) can0 0CF00400#FF7D7F881200FFFF
(1785076489.526141) can0 0CF00400#FF7D7F881200FFFF
(1785076489.527445) can0 0CF00400#FF7D7FA81200FFFF
(1785076489.527491) can0 18F01D21#8285198000D51A80
(1785076489.527520) can0 0CF00400#FF7D7FB01200FFFF
(1785076489.527546) can0 19F10D13#828C015B0284005C
(1785076489.527570) can0 0CF00400#FF7D7FA81200FFFF
(1785076489.527592) can0 09F112F8#FF66100000FF7FFD
(1785076489.528122) can0 0CF00400#FF7D7F881200FFFF
(1785076489.528187) can0 0CF00400#FF7D7FA81200FFFF
(1785076489.528585) can0 0CF00400#FF7D7FC01200FFFF
(1785076489.528649) can0 18F01D21#7BB2198000D51A80
(1785076489.528980) can0 0CF00400#FF7D7FE01200FFFF
(1785076489.529242) can0 19F10D13#838A015B0284005D
(1785076489.529300) can0 0CF00400#FF7D7FF81200FFFF
(1785076489.529668) can0 0CF00400#FF7D7FD81200FFFF
(1785076489.530954) can0 0CF00400#FF7D7FB01200FFFF
(1785076489.531003) can0 09F112F8#FF2F100000FF7FFD
(1785076489.531034) can0 0CF00400#FF7D7FC01200FFFF
(1785076489.531073) can0 18F01D21#11D2198000D51A80
(1785076489.531099) can0 0CF00400#FF7D7FE01200FFFF
(1785076489.531130) can0 19F10D13#848B015B0284005D
(1785076489.531479) can0 0CF00400#FF7D7FE81200FFFF
(1785076489.532058) can0 0CF00400#FF7D7FA81200FFFF
(1785076489.532109) can0 09F8021C#47FCF905A600FFFF
(1785076489.532140) can0 09F8011C#08822718929F53C1
(1785076489.532165) can0 18FEE81C#62040006CB633E81
(1785076489.532189) can0 0CF00400#FF7D7F801200FFFF
(1785076489.532934) can0 0CF00400#FF7D7F801200FFFF
(1785076489.533006) can0 18F01D21#1EF6198000D51A80
(1785076489.533066) can0 0CF00400#FF7D7F981200FFFF
(1785076489.533123) can0 09F112F8#FFF50F0000FF7FFD
(1785076489.533173) can0 19F10D13#8589015B0284005E
(1785076489.533557) can0 0CF00400#FF7D7FA81200FFFF
(1785076489.533764) can0 0CF00400#FF7D7FB81200FFFF
(1785076489.534344) can0 0CF00400#FF7D7FB01200FFFF
(1785076489.534415) can0 0CF00400#FF7D7FC01200FFFF
(1785076489.534715) can0 18F01D21#991D1A8000D51A80
(1785076489.534847) can0 0CF00400#FF7D7FC81200FFFF
(1785076489.535235) can0 19F10D13#8687015B0284005F
(1785076489.535291) can0 0CF00400#FF7D7FB81200FFFF
(1785076489.535711) can0 0CF00400#FF7D7FB81200FFFF
(1785076489.535769) can0 09F112F8#FFAF0F0000FF7FFD
(1785076489.536137) can0 0CF00400#FF7D7F801200FFFF
(1785076489.537460) can0 0CF00400#FF7D7F481200FFFF
(1785076489.537510) can0 18F01D21#1C461A8000D51A80
(1785076489.537539) can0 0CF00400#FF7D7F381200FFFF
(1785076489.537574) can0 19F10D13#8784015B02840061
(1785076489.537597) can0 0CF00400#FF7D7F481200FFFF
(1785076489.537961) can0 0CF00400#FF7D7F601200FFFF
(1785076489.538249) can0 0CF00400#FF7D7F901200FFFF
(1785076489.538540) can0 0CF00400#FF7D7F981200FFFF
(1785076489.538601) can0 09F112F8#FF680F0000FF7FFD
(1785076489.538669) can0 18F01D21#296A1A8000D51A80
(1785076489.539149) can0 0CF00400#FF7D7FB01200FFFF
(1785076489.539206) can0 19F10D13#8885015B02840060
(1785076489.539245) can0 0CF00400#FF7D7FE01200FFFF
(1785076489.539853) can0 0CF00400#FF7D7FD81200FFFF
(1785076489.540136) can0 0CF00400#FF7D7FC81200FFFF
(1785076489.541487) can0 0CF00400#FF7D7FC01200FFFF
(1785076489.541543) can0 18F01D21#2E8D1A8000D51A80
(1785076489.541578) can0 0CF00400#FF7D7FB01200FFFF
(1785076489.541605) can0 19F10D13#8983015B02840061
(1785076489.541630) can0 0CF00400#FF7D7FA81200FFFF
(1785076489.541652) can0 09F112F8#FF1F0F0000FF7FFD
(1785076489.541682) can0 0CF00400#FF7D7FA81200FFFF
(1785076489.542432) can0 0CF00400#FF7D7FA01200FFFF
(1785076489.542485) can0 09F8021C#48FC5704B100FFFF
(1785076489.542519) can0 09F8011C#468227189E9F53C1
(1785076489.542546) can0 18FEE81C#2F036006AD633E81
(1785076489.542569) can0 18FEE81C#2F036006AD633E81
(1785076489.542592) can0 0CF00400#FF7D7FA81200FFFF
(1785076489.542918) can0 18F01D21#A1B31A8000D51A80
(1785076489.542965) can0 0CF00400#FF7D7FB81200FFFF
(1785076489.544153) can0 19F10D13#8A81015B02840062
(1785076489.544224) can0 0CF00400#FF7D7FD81200FFFF
(1785076489.544270) can0 0CF00400#FF7D7F001300FFFF
(1785076489.544297) can0 09F112F8#FFCF0E0000FF7FFD
(1785076489.544323) can0 0CF00400#FF7D7FF01200FFFF
(1785076489.544958) can0 0CF00400#FF7D7FC81200FFFF
(1785076489.545030) can0 18F01D21#37D31A8000D51A80
(1785076489.545089) can0 0CF00400#FF7D7FD01200FFFF
(1785076489.545117) can0 19F10D13#8B81015B02840062
(1785076489.545447) can0 0CF00400#FF7D7F081300FFFF
(1785076489.545972) can0 0CF00400#FF7D7F081300FFFF
(1785076489.546052) can0 0CF00400#FF7D7F301300FFFF
(1785076489.547490) can0 0CF00400#FF7D7F501300FFFF
(1785076489.547543) can0 18F01D21#EFD41A8000D51A80
(1785076489.547574) can0 09F112F8#FF8A0E0000FF7FFD
(1785076489.547601) can0 0CF00400#FF7D7F601300FFFF
(1785076489.547624) can0 19F10D13#8C81015B02840062
(1785076489.547646) can0 0CF00400#FF7D7F581300FFFF
(1785076489.547675) can0 0CF00400#FF7D7F481300FFFF
(1785076489.548494) can0 0CF00400#FF7D7F001300FFFF
(1785076489.548578) can0 0CF00400#FF7D7FC81200FFFF
(1785076489.548636) can0 18F01D21#EFD41A8000D51A80
(1785076489.551373) can0 0CF00400#FF7D7FB81200FFFF
(1785076489.551460) can0 19F10D13#8D81015B02840062
(1785076489.551506) can0 0CF00400#FF7D7FA01200FFFF
(1785076489.551538) can0 09F112F8#FF470E0000FF7FFD
(1785076489.551574) can0 0CF00400#FF7D7F781200FFFF
(1785076489.551598) can0 0CF00400#FF7D7F801200FFFF
(1785076489.551620) can0 0CF00400#FF7D7FA81200FFFF
(1785076489.551642) can0 18F01D21#EFD41A8000D51A80
(1785076489.551663) can0 0CF00400#FF7D7FD81200FFFF
(1785076489.551684) can0 19F10D13#8E80015B02840063
(1785076489.551704) can0 0CF00400#FF7D7FF81200FFFF
(1785076489.551733) can0 0CF00400#FF7D7F081300FFFF
(1785076489.553036) can0 0CF00400#FF7D7FF01200FFFF
(1785076489.553139) can0 09F112F8#FF060E0000FF7FFD
(1785076489.553197) can0 09F8021C#49FCEB03A800FFFF
(1785076489.553247) can0 09F8011C#9A822718B29F53C1
(1785076489.553295) can0 18FEE81C#E0021006AC633D81
(1785076489.553342) can0 0CF00400#FF7D7FC01200FFFF
(1785076489.553389) can0 18F01D21#EFD41A8000D51A80
(1785076489.553436) can0 0CF00400#FF7D7FB81200FFFF
(1785076489.553483) can0 19F10D13#8F81015B02840062
(1785076489.553542) can0 0CF00400#FF7D7FC01200FFFF
