(1785078555.762602) can0 18F01D21#B4241C8000D11580
(1785078555.763311) can0 09F112F8#FFFF1D0000FF7FFD
(1785078555.763407) can0 0CF00400#FF7D7F001200FFFF
(1785078555.763453) can0 19F10D13#0D70015B0284006C
(1785078555.763488) can0 0CF00400#FF7D7FC81100FFFF
(1785078555.764405) can0 0CF00400#FF7D7F901100FFFF
(1785078555.764484) can0 0CF00400#FF7D7F881100FFFF
(1785078555.764529) can0 0CF00400#FF7D7FA01100FFFF
(1785078555.765111) can0 18F01D21#4BF41B8000D11580
(1785078555.765194) can0 0CF00400#FF7D80C81100FFFF
(1785078555.765251) can0 19F10D13#0E73015B0284006A
(1785078555.765285) can0 0CF00400#FF7D80F81100FFFF
(1785078555.766095) can0 09F112F8#FFFF1D0000FF7FFD
(1785078555.766179) can0 0CF00400#FF7D80181200FFFF
(1785078555.766226) can0 0CF00400#FF7D80001200FFFF
(1785078555.766837) can0 0CF00400#FF7D80E01100FFFF
(1785078555.766904) can0 18F01D21#FAC61B8000D11580
(1785078555.766942) can0 0CF00400#FF7D80D01100FFFF
(1785078555.767574) can0 19F10D13#0F74015B02840069
(1785078555.767653) can0 0CF00400#FF7D80E81100FFFF
(1785078555.767706) can0 0CF00400#FF7D80F81100FFFF
(1785078555.768328) can0 0CF00400#FF7D80081200FFFF
(1785078555.768389) can0 09F8021C#2FFC520FAB00FFFF
(1785078555.768425) can0 09F8011C#A27C2718589D53C1
(1785078555.768456) can0 18FEE81C#3D0B30061E644581
(1785078555.768485) can0 09F112F8#FF041E0000FF7FFD
(1785078555.768511) can0 0CF00400#FF7D80301200FFFF
(1785078555.769498) can0 18F01D21#6B911B8000D11580
(1785078555.769569) can0 0CF00400#FF7D80601200FFFF
(1785078555.769619) can0 19F10D13#1076015B02840068
(1785078555.769650) can0 0CF00400#FF7D80901200FFFF
(1785078555.769676) can0 0CF00400#FF7D80C01200FFFF
(1785078555.770515) can0 0CF00400#FF7D80D01200FFFF
(1785078555.770579) can0 0CF00400#FF7D80C01200FFFF
(1785078555.770616) can0 18F01D21#56551B8000D11580
(1785078555.771138) can0 0CF00400#FF7D80B01200FFFF
(1785078555.771207) can0 09F112F8#FF0F1E0000FF7FFD
(1785078555.771240) can0 19F10D13#1179015B02840067
(1785078555.771267) can0 0CF00400#FF7D80A81200FFFF
(1785078555.771925) can0 0CF00400#FF7D80E81200FFFF
(1785078555.772232) can0 0CF00400#FF7D80101300FFFF
(1785078555.772588) can0 0CF00400#FF7D80301300FFFF
(1785078555.772647) can0 18F01D21#7A151B8000AC1480
(1785078555.773092) can0 0CF00400#FF7D80581300FFFF
(1785078555.773159) can0 19F10D13#127B015B02840066
(1785078555.773568) can0 0CF00400#FF7D80781300FFFF
(1785078555.773801) can0 0CF00400#FF7D80781300FFFF
(1785078555.773865) can0 09F112F8#FF131E0000FF7FFD
(1785078555.774286) can0 0CF00400#FF7D7F601300FFFF
(1785078555.774541) can0 0CF00400#FF7D7F681300FFFF
(1785078555.774638) can0 18F01D21#DFBB1A8000AC1480
(1785078555.775064) can0 0CF00400#FF7D7F501300FFFF
(1785078555.775130) can0 19F10D13#137F015B02840063
(1785078555.775537) can0 0CF00400#FF7D7F281300FFFF
(1785078555.775784) can0 0CF00400#FF7D7F181300FFFF
(1785078555.776094) can0 0CF00400#FF7D7F101300FFFF
(1785078555.777442) can0 0CF00400#FF7D7F081300FFFF
(1785078555.777496) can0 18F01D21#3F561A8000AC1480
(1785078555.777529) can0 09F112F8#FF121E0000FF7FFD
(1785078555.777558) can0 0CF00400#FF7D7F201300FFFF
(1785078555.777593) can0 19F10D13#1482015B02840062
(1785078555.777617) can0 0CF00400#FF7D7F381300FFFF
(1785078555.778002) can0 0CF00400#FF7D7F481300FFFF
(1785078555.778077) can0 0CF00400#FF7D7F581300FFFF
(1785078555.778852) can0 09F8021C#30FC510DA900FFFF
(1785078555.778921) can0 09F8011C#C87C2718769D53C1
(1785078555.778970) can0 18FEE81C#C50918061E644381
(1785078555.779016) can0 0CF00400#FF7D7F381300FFFF
(1785078555.779070) can0 18F01D21#ABFD198000AC1480
(1785078555.779101) can0 0CF00400#FF7D7F201300FFFF
(1785078555.779134) can0 19F10D13#1585015B02840060
(1785078555.779566) can0 0CF00400#FF7D7F301300FFFF
(1785078555.779612) can0 09F112F8#FF091E0000FF7FFD
(1785078555.779642) can0 0CF00400#FF7D7F401300FFFF
(1785078555.780714) can0 0CF00400#FF7D7F201300FFFF
(1785078555.780782) can0 0CF00400#FF7D7F381300FFFF
(1785078555.780819) can0 18F01D21#59B9198000AC1480
(1785078555.780850) can0 0CF00400#FF7D7F601300FFFF
(1785078555.781427) can0 19F10D13#1689015B0284005E
(1785078555.781496) can0 0CF00400#FF7D7F601300FFFF
(1785078555.781902) can0 0CF00400#FF7D7F581300FFFF
(1785078555.782182) can0 0CF00400#FF7D7F281300FFFF
(1785078555.782245) can0 09F112F8#FFFB1D0000FF7FFD
(1785078555.782595) can0 0CF00400#FF7D7F001300FFFF
(1785078555.782648) can0 18F01D21#ED93198000AC1480
(1785078555.783038) can0 0CF00400#FF7D7FF81200FFFF
(1785078555.783268) can0 19F10D13#1789015B0284005E
(1785078555.783338) can0 0CF00400#FF7D7FF01200FFFF
(1785078555.783732) can0 0CF00400#FF7D7FC81200FFFF
(1785078555.785148) can0 0CF00400#FF7D7FA81200FFFF
(1785078555.785214) can0 0CF00400#FF7D7FA81200FFFF
(1785078555.785249) can0 18F01D21#D284198000AC1480
(1785078555.785275) can0 0CF00400#FF7D7FA01200FFFF
(1785078555.785300) can0 09F112F8#FFEB1D0000FF7FFD
(1785078555.785324) can0 19F10D13#188A015B0284005D
(1785078555.785354) can0 0CF00400#FF7D7FB01200FFFF
(1785078555.786093) can0 0CF00400#FF7D7FC81200FFFF
(1785078555.786164) can0 0CF00400#FF7D7FC01200FFFF
(1785078555.786513) can0 0CF00400#FF7D7FA81200FFFF
(1785078555.786778) can0 18F01D21#7283198000AC1480
(1785078555.786843) can0 0CF00400#FF7D7F781200FFFF
(1785078555.787214) can0 19F10D13#1989015B0284005E
(1785078555.787289) can0 0CF00400#FF7D7F901200FFFF
(1785078555.788713) can0 0CF00400#FF7D7FA01200FFFF
(1785078555.788778) can0 09F112F8#FFD31D0000FF7FFD
(1785078555.788814) can0 0CF00400#FF7D7FB01200FFFF
(1785078555.788840) can0 09F8021C#31FC1D0EA800FFFF
(1785078555.788865) can0 09F8011C#F27C27188C9D53C1
(1785078555.788888) can0 0CF00400#FF7D7FC01200FFFF
(1785078555.788911) can0 18FEE81C#5A0A10061E644381
(1785078555.788932) can0 18F01D21#6B82198000AC1480
(1785078555.788954) can0 0CF00400#FF7D7FB81200FFFF
(1785078555.789846) can0 19F10D13#1A89015B0284005E
(1785078555.789918) can0 0CF00400#FF7D7FA81200FFFF
(1785078555.789988) can0 0CF00400#FF7D7F981200FFFF
(1785078555.790115) can0 0CF00400#FF7D7F801200FFFF
(1785078555.790605) can0 0CF00400#FF7D7F401200FFFF
(1785078555.790671) can0 09F112F8#FFBD1D0000FF7FFD
(1785078555.790708) can0 18F01D21#6B82198000AC1480
(1785078555.791178) can0 0CF00400#FF7D7F401200FFFF
(1785078555.791243) can0 19F10D13#1B8A015B0284005D
(1785078555.791278) can0 0CF00400#FF7D7F481200FFFF
(1785078555.791704) can0 0CF00400#FF7D7F501200FFFF
(1785078555.793072) can0 0CF00400#FF7D7F701200FFFF
(1785078555.793134) can0 0CF00400#FF7D7F781200FFFF
(1785078555.793167) can0 18F01D21#1382198000AC1480
(1785078555.793192) can0 0CF00400#FF7D7F981200FFFF
(1785078555.793215) can0 19F10D13#1C8A015B0284005D
(1785078555.793237) can0 0CF00400#FF7D7FC81200FFFF
(1785078555.793843) can0 09F112F8#FFA51D0000FF7FFD
(1785078555.793902) can0 0CF00400#FF7D7FE81200FFFF
(1785078555.794364) can0 0CF00400#FF7D7FC01200FFFF
(1785078555.794442) can0 0CF00400#FF7D7F981200FFFF
(1785078555.794759) can0 18F01D21#1382198000AC1480
(1785078555.794878) can0 0CF00400#FF7D7FB81200FFFF
(1785078555.795240) can0 19F10D13#1D8B015B0284005D
(1785078555.795297) can0 0CF00400#FF7D7FC01200FFFF
(1785078555.795683) can0 0CF00400#FF7D7FC81200FFFF
(1785078555.796967) can0 0CF00400#FF7D7FD01200FFFF
(1785078555.797019) can0 09F112F8#FF921D0000FF7FFD
(1785078555.797069) can0 0CF00400#FF7D7FA81200FFFF
(1785078555.797101) can0 18F01D21#BB81198000AC1480
(1785078555.797126) can0 0CF00400#FF7D7FA01200FFFF
(1785078555.797173) can0 19F10D13#1E8A015B0284005D
(1785078555.797793) can0 0CF00400#FF7D7FC01200FFFF
(1785078555.797858) can0 0CF00400#FF7D7FD01200FFFF
(1785078555.798147) can0 0CF00400#FF7D7FC81200FFFF
(1785078555.799443) can0 0CF00400#FF7D7FE01200FFFF
(1785078555.799493) can0 09F8021C#32FC720EAA00FFFF
(1785078555.799524) can0 09F8011C#427D2718BC9D53C1
(1785078555.799551) can0 18F01D21#6381198000AC1480
(1785078555.799573) can0 18FEE81C#990A200620644281
(1785078555.799595) can0 0CF00400#FF7D7FF01200FFFF
(1785078555.799615) can0 09F112F8#FF831D0000FF7FFD
(1785078555.799636) can0 19F10D13#1F89015B0284005E
(1785078555.799656) can0 0CF00400#FF7D7FF81200FFFF
(1785078555.799684) can0 0CF00400#FF7D7FE81200FFFF
(1785078555.800707) can0 0CF00400#FF7D7FE01200FFFF
(1785078555.800780) can0 0CF00400#FF7D7FD81200FFFF
(1785078555.800830) can0 18F01D21#6381198000AC1480
(1785078555.800874) can0 0CF00400#FF7D7FD01200FFFF
(1785078555.801401) can0 19F10D13#208B015B0284005D
(1785078555.801462) can0 0CF00400#FF7D7FD81200FFFF
(1785078555.801838) can0 0CF00400#FF7D7FF01200FFFF
(1785078555.801890) can0 09F112F8#FF781D0000FF7FFD
(1785078555.802236) can0 0CF00400#FF7D7FF81200FFFF
(1785078555.803512) can0 0CF00400#FF7D7FF81200FFFF
(1785078555.803561) can0 18F01D21#6381198000AC1480
(1785078555.803591) can0 0CF00400#FF7D7FF81200FFFF
(1785078555.803617) can0 19F10D13#218A015B0284005D
(1785078555.803640) can0 0CF00400#FF7D7FF01200FFFF
(1785078555.803669) can0 0CF00400#FF7D7FE81200FFFF
(1785078555.804442) can0 0CF00400#FF7D7FE81200FFFF
(1785078555.804515) can0 09F112F8#FF6C1D0000FF7FFD
(1785078555.804550) can0 0CF00400#FF7D7FF01200FFFF
(1785078555.805050) can0 18F01D21#6381198000AC1480
(1785078555.805121) can0 0CF00400#FF7D7F001300FFFF
(1785078555.805174) can0 19F10D13#2289015B0284005E
(1785078555.805280) can0 0CF00400#FF7D7F101300FFFF
(1785078555.806112) can0 0CF00400#FF7D7F101300FFFF
(1785078555.806175) can0 0CF00400#FF7D7FF01200FFFF
(1785078555.806516) can0 0CF00400#FF7D7FD81200FFFF
(1785078555.806748) can0 18F01D21#6381198000AC1480
(1785078555.807038) can0 0CF00400#FF7D7FD01200FFFF
(1785078555.807297) can0 19F10D13#238A015B0284005D
(1785078555.807370) can0 09F112F8#FF571D0000FF7FFD
(1785078555.807407) can0 0CF00400#FF7D7FD01200FFFF
(1785078555.807961) can0 0CF00400#FF7D7FD81200FFFF
(1785078555.808104) can0 0CF00400#FF7D7FD01200FFFF
(1785078555.808487) can0 0CF00400#FF7D7FD81200FFFF
(1785078555.808768) can0 18F01D21#6381198000AC1480
(1785078555.808837) can0 09F8021C#33FC3F0EAC00FFFF
(1785078555.808884) can0 09F8011C#7C7D2718E29D53C1
(1785078555.808927) can0 18FEE81C#730A380620644181
(1785078555.808969) can0 0CF00400#FF7D7FF81200FFFF
(1785078555.809765) can0 19F10D13#248A015B0284005D
(1785078555.809839) can0 0CF00400#FF7D7F181300FFFF
(1785078555.809906) can0 0CF00400#FF7D7F181300FFFF
(1785078555.809950) can0 09F112F8#FF3C1D0000FF7FFD
(1785078555.810114) can0 0CF00400#FF7D7FF81200FFFF
(1785078555.810870) can0 0CF00400#FF7D7FF01200FFFF
(1785078555.810942) can0 18F01D21#6381198000AC1480
(1785078555.810992) can0 0CF00400#FF7D7FD01200FFFF
(1785078555.811490) can0 19F10D13#258A015B0284005D
(1785078555.811562) can0 0CF00400#FF7D7FE01200FFFF
(1785078555.811994) can0 0CF00400#FF7D7FC81200FFFF
(1785078555.812071) can0 0CF00400#FF7D7F901200FFFF
(1785078555.813506) can0 0CF00400#FF7D7FA01200FFFF
(1785078555.813570) can0 09F112F8#FF231D0000FF7FFD
(1785078555.813604) can0 18F01D21#6381198000AC1480
(1785078555.813631) can0 0CF00400#FF7D7FA81200FFFF
(1785078555.813654) can0 19F10D13#268A015B0284005D
(1785078555.813676) can0 0CF00400#FF7D7FB81200FFFF
(1785078555.813697) can0 0CF00400#FF7D7FB01200FFFF
(1785078555.814609) can0 0CF00400#FF7D7F801200FFFF
(1785078555.814682) can0 0CF00400#FF7D7F681200FFFF
(1785078555.814732) can0 18F01D21#0B81198000AC1480
(1785078555.815237) can0 0CF00400#FF7D7F601200FFFF
(1785078555.815306) can0 19F10D13#2789015B0284005E
(1785078555.815341) can0 0CF00400#FF7D7F701200FFFF
(1785078555.815368) can0 09F112F8#FF071D0000FF7FFD
(1785078555.815977) can0 0CF00400#FF7D7F581200FFFF
(1785078555.816069) can0 0CF00400#FF7D7F201200FFFF
(1785078555.817489) can0 0CF00400#FF7D7F401200FFFF
(1785078555.817553) can0 18F01D21#6381198000AC1480
(1785078555.817587) can0 0CF00400#FF7D7F681200FFFF
(1785078555.817613) can0 19F10D13#288A015B0284005D
(1785078555.817635) can0 0CF00400#FF7D7F901200FFFF
(1785078555.817657) can0 0CF00400#FF7D7F981200FFFF
(1785078555.818402) can0 0CF00400#FF7D7F901200FFFF
(1785078555.818465) can0 09F112F8#FFE61C0000FF7FFD
(1785078555.818500) can0 0CF00400#FF7D7F301200FFFF
(1785078555.818983) can0 18F01D21#6381198000AC1480
(1785078555.819059) can0 0CF00400#FF7D7FF01100FFFF
(1785078555.819107) can0 09F8021C#34FC0F0DA900FFFF
(1785078555.819150) can0 09F8011C#AE7D2718FE9D53C1
(1785078555.819191) can0 18FEE81C#9409180620644081
(1785078555.819233) can0 19F10D13#298A015B0284005D
(1785078555.819274) can0 0CF00400#FF7D7FF81100FFFF
(1785078555.820293) can0 0CF00400#FF7D80181200FFFF
(1785078555.820381) can0 0CF00400#FF7D80201200FFFF
(1785078555.820494) can0 0CF00400#FF7D80481200FFFF
(1785078555.820976) can0 18F01D21#0B81198000AC1480
(1785078555.821058) can0 09F112F8#FFCA1C0000FF7FFD
(1785078555.821096) can0 0CF00400#FF7D80881200FFFF
(1785078555.821123) can0 19F10D13#2A8B015B0284005D
(1785078555.821757) can0 0CF00400#FF7D80981200FFFF
(1785078555.821829) can0 0CF00400#FF7D80A81200FFFF
(1785078555.822232) can0 0CF00400#FF7D80C01200FFFF
(1785078555.822527) can0 0CF00400#FF7D80A81200FFFF
(1785078555.822821) can0 18F01D21#6381198000AC1480
(1785078555.822891) can0 0CF00400#FF7D7F881200FFFF
(1785078555.823323) can0 19F10D13#2B8A015B0284005D
(1785078555.823389) can0 0CF00400#FF7D80901200FFFF
(1785078555.823783) can0 09F112F8#FFAA1C0000FF7FFD
(1785078555.823850) can0 0CF00400#FF7D80B81200FFFF
(1785078555.824306) can0 0CF00400#FF7D7FB01200FFFF
(1785078555.824593) can0 0CF00400#FF7D7FC01200FFFF
(1785078555.824659) can0 18F01D21#0B81198000AC1480
(1785078555.825075) can0 0CF00400#FF7D7FE81200FFFF
(1785078555.825138) can0 19F10D13#2C89015B0284005E
(1785078555.825512) can0 0CF00400#FF7D7FF01200FFFF
(1785078555.825798) can0 0CF00400#FF7D7FE81200FFFF
(1785078555.826115) can0 0CF00400#FF7D7FF81200FFFF
(1785078555.826411) can0 09F112F8#FF831C0000FF7FFD
(1785078555.826475) can0 0CF00400#FF7D7FC01200FFFF
(1785078555.826868) can0 18F01D21#0B81198000AC1480
(1785078555.826938) can0 0CF00400#FF7D7F981200FFFF
(1785078555.827376) can0 19F10D13#2D89015B0284005E
(1785078555.827445) can0 0CF00400#FF7D7F781200FFFF
(1785078555.827856) can0 0CF00400#FF7D7F681200FFFF
(1785078555.828173) can0 0CF00400#FF7D7F181200FFFF
(1785078555.828474) can0 0CF00400#FF7D7F201200FFFF
(1785078555.828744) can0 18F01D21#6381198000AC1480
(1785078555.829086) can0 0CF00400#FF7D80501200FFFF
(1785078555.829149) can0 09F112F8#FF631C0000FF7FFD
(1785078555.829195) can0 09F8021C#35FCFB0DAA00FFFF
(1785078555.829238) can0 09F8021C#36FCFB0DAA00FFFF
(1785078555.829281) can0 09F8011C#D87D2718169E53C1
(1785078555.829323) can0 19F10D13#2E89015B0284005E
(1785078555.829365) can0 18FEE81C#410A200641643F81
(1785078555.829406) can0 0CF00400#FF7D80701200FFFF
(1785078555.830515) can0 0CF00400#FF7D80881200FFFF
(1785078555.830610) can0 0CF00400#FF7D80B01200FFFF
(1785078555.830660) can0 0CF00400#FF7D80981200FFFF
(1785078555.830705) can0 18F01D21#6381198000AC1480
(1785078555.831301) can0 0CF00400#FF7D80701200FFFF
(1785078555.831477) can0 19F10D13#2F89015B0284005E
(1785078555.831537) can0 0CF00400#FF7D80581200FFFF
(1785078555.832074) can0 0CF00400#FF7D80701200FFFF
(1785078555.832146) can0 09F112F8#FF451C0000FF7FFD
(1785078555.832210) can0 0CF00400#FF7D80601200FFFF
(1785078555.832744) can0 0CF00400#FF7D80581200FFFF
(1785078555.832810) can0 18F01D21#0B81198000AC1480
(1785078555.832858) can0 0CF00400#FF7D80701200FFFF
(1785078555.833365) can0 19F10D13#3089015B0284005E
(1785078555.833431) can0 0CF00400#FF7D80A01200FFFF
(1785078555.833854) can0 0CF00400#FF7D80C81200FFFF
(1785078555.834203) can0 0CF00400#FF7D80D01200FFFF
(1785078555.834496) can0 09F112F8#FF2B1C0000FF7FFD
(1785078555.834562) can0 0CF00400#FF7D80C01200FFFF
(1785078555.834664) can0 18F01D21#6381198000AC1480
(1785078555.835221) can0 0CF00400#FF7D80B81200FFFF
(1785078555.835287) can0 19F10D13#318A015B0284005D
(1785078555.835336) can0 0CF00400#FF7D80C81200FFFF
(1785078555.835827) can0 0CF00400#FF7D80C81200FFFF
(1785078555.836145) can0 0CF00400#FF7D7FB81200FFFF
(1785078555.837521) can0 0CF00400#FF7D7FD01200FFFF
(1785078555.837590) can0 18F01D21#6381198000AC1480
(1785078555.837638) can0 0CF00400#FF7D80F81200FFFF
(1785078555.837682) can0 19F10D13#328A015B0284005D
(1785078555.837724) can0 09F112F8#FF0C1C0000FF7FFD
(1785078555.837766) can0 0CF00400#FF7D80181300FFFF
(1785078555.837808) can0 0CF00400#FF7D7F081300FFFF
(1785078555.838680) can0 0CF00400#FF7D7F001300FFFF
(1785078555.838769) can0 0CF00400#FF7D7FE81200FFFF
(1785078555.838818) can0 18F01D21#6381198000AC1480
(1785078555.838861) can0 0CF00400#FF7D7FE01200FFFF
(1785078555.839457) can0 19F10D13#338A015B0284005D
(1785078555.839527) can0 0CF00400#FF7D7FD81200FFFF
(1785078555.839575) can0 09F8021C#37FC7E0DAC00FFFF
(1785078555.839619) can0 09F8011C#387E27184A9E53C1
(1785078555.839661) can0 18FEE81C#E609380645643E81
(1785078555.839703) can0 0CF00400#FF7D7F901200FFFF
(1785078555.840594) can0 09F112F8#FFEB1B0000FF7FFD
(1785078555.840669) can0 0CF00400#FF7D7F801200FFFF
(1785078555.840736) can0 0CF00400#FF7D7F801200FFFF
(1785078555.840780) can0 18F01D21#6381198000AC1480
(1785078555.840887) can0 0CF00400#FF7D7F881200FFFF
(1785078555.841629) can0 19F10D13#348A015B0284005D
(1785078555.841701) can0 0CF00400#FF7D80A01200FFFF
(1785078555.841749) can0 0CF00400#FF7D80D81200FFFF
(1785078555.842273) can0 0CF00400#FF7D7FF01200FFFF
(1785078555.842580) can0 0CF00400#FF7D7FE81200FFFF
(1785078555.842651) can0 09F112F8#FFD31B0000FF7FFD
(1785078555.842698) can0 18F01D21#6381198000AC1480
(1785078555.843220) can0 0CF00400#FF7D7FE81200FFFF
(1785078555.843284) can0 19F10D13#358A015B0284005D
(1785078555.843332) can0 0CF00400#FF7D7FE01200FFFF
(1785078555.843747) can0 0CF00400#FF7D7FF01200FFFF
(1785078555.845078) can0 0CF00400#FF7D7F101300FFFF
(1785078555.845158) can0 0CF00400#FF7D7F101300FFFF
(1785078555.845203) can0 18F01D21#6381198000AC1480
(1785078555.845245) can0 0CF00400#FF7D7F101300FFFF
(1785078555.845287) can0 19F10D13#368A015B0284005D
(1785078555.845328) can0 0CF00400#FF7D7F281300FFFF
(1785078555.845370) can0 09F112F8#FFBF1B0000FF7FFD
(1785078555.846062) can0 0CF00400#FF7D7F301300FFFF
(1785078555.846127) can0 0CF00400#FF7D7FF01200FFFF
(1785078555.846453) can0 0CF00400#FF7D7FC01200FFFF
(1785078555.846702) can0 18F01D21#0B81198000AC1480
(1785078555.846993) can0 0CF00400#FF7D7FC81200FFFF
(1785078555.847256) can0 19F10D13#378B015B0284005D
(1785078555.847316) can0 0CF00400#FF7D7FD01200FFFF
(1785078555.848802) can0 0CF00400#FF7D7FA01200FFFF
(1785078555.848866) can0 09F112F8#FFA61B0000FF7FFD
(1785078555.848912) can0 0CF00400#FF7D7FB81200FFFF
(1785078555.848970) can0 0CF00400#FF7D7FB01200FFFF
(1785078555.849012) can0 18F01D21#6381198000AC1480
(1785078555.849066) can0 0CF00400#FF7D7FA81200FFFF
(1785078555.849650) can0 19F10D13#388A015B0284005D
(1785078555.849715) can0 0CF00400#FF7D7FC01200FFFF
(1785078555.849750) can0 09F8021C#38FC540DAF00FFFF
(1785078555.849776) can0 09F8011C#6E7E2718689E53C1
(1785078555.849800) can0 18FEE81C#C709500643643D81
(1785078555.849822) can0 0CF00400#FF7D7FF01200FFFF
(1785078555.850468) can0 0CF00400#FF7D7FF01200FFFF
(1785078555.850546) can0 0CF00400#FF7D7F181300FFFF
(1785078555.850843) can0 18F01D21#6381198000AC1480
(1785078555.850906) can0 09F112F8#FF861B0000FF7FFD
(1785078555.850952) can0 0CF00400#FF7D7F301300FFFF
(1785078555.851413) can0 19F10D13#3989015B0284005E
(1785078555.851477) can0 0CF00400#FF7D7F401300FFFF
(1785078555.851810) can0 0CF00400#FF7D7F401300FFFF
(1785078555.852102) can0 0CF00400#FF7D7F381300FFFF
(1785078555.853516) can0 0CF00400#FF7D7F381300FFFF
(1785078555.853573) can0 18F01D21#6381198000AC1480
(1785078555.853606) can0 0CF00400#FF7D7F481300FFFF
(1785078555.853631) can0 19F10D13#3A8B015B0284005D
(1785078555.853653) can0 0CF00400#FF7D7F481300FFFF
(1785078555.853674) can0 09F112F8#FF661B0000FF7FFD
(1785078555.853695) can0 0CF00400#FF7D7F381300FFFF
(1785078555.854395) can0 0CF00400#FF7D7F381300FFFF
(1785078555.854461) can0 0CF00400#FF7D7F101300FFFF
(1785078555.854769) can0 18F01D21#0B81198000AC1480
(1785078555.854884) can0 0CF00400#FF7D7F081300FFFF
(1785078555.855267) can0 19F10D13#3B8A015B0284005D
(1785078555.855330) can0 0CF00400#FF7D7F001300FFFF
(1785078555.855700) can0 0CF00400#FF7D7F081300FFFF
(1785078555.857052) can0 0CF00400#FF7D7F181300FFFF
(1785078555.857116) can0 09F112F8#FF431B0000FF7FFD
(1785078555.857148) can0 0CF00400#FF7D7F281300FFFF
(1785078555.857180) can0 18F01D21#6381198000AC1480
(1785078555.857203) can0 0CF00400#FF7D7F401300FFFF
(1785078555.857224) can0 19F10D13#3C8A015B0284005D
(1785078555.857245) can0 0CF00400#FF7D7F481300FFFF
(1785078555.857936) can0 0CF00400#FF7D7F481300FFFF
(1785078555.858224) can0 0CF00400#FF7D7F381300FFFF
(1785078555.858520) can0 0CF00400#FF7D7FE81200FFFF
(1785078555.858651) can0 18F01D21#6381198000AC1480
(1785078555.859187) can0 0CF00400#FF7D7FA81200FFFF
(1785078555.859272) can0 09F112F8#FF171B0000FF7FFD
(1785078555.859326) can0 19F10D13#3D8A015B0284005D
(1785078555.859374) can0 0CF00400#FF7D7FA81200FFFF
(1785078555.860219) can0 0CF00400#FF7D7FC01200FFFF
(1785078555.860294) can0 09F8021C#39FCB70CA800FFFF
(1785078555.860344) can0 09F8011C#A07E2718849E53C1
(1785078555.860390) can0 18FEE81C#5409100643643C81
(1785078555.860418) can0 0CF00400#FF7D7FD81200FFFF
(1785078555.860441) can0 0CF00400#FF7D7FE81200FFFF
(1785078555.860724) can0 18FF50E0#0000800080008001
(1785078555.861475) can0 18F01D21#6381198000AC1480
(1785078555.861570) can0 0CF00400#FF7D7FF81200FFFF
(1785078555.861622) can0 19F10D13#3E89015B0284005E
(1785078555.861668) can0 0CF00400#FF7D7F301300FFFF
(1785078555.861711) can0 09F112F8#FFEB1A0000FF7FFD
(1785078555.861753) can0 0CF00400#FF7D7F181300FFFF
(1785078555.862606) can0 0CF00400#FF7D7FE01200FFFF
(1785078555.862680) can0 0CF00400#FF7D7FD81200FFFF
(1785078555.862722) can0 18F01D21#6381198000AC1480
(1785078555.863136) can0 0CF00400#FF7D7FA01200FFFF
(1785078555.863202) can0 19F10D13#3F8A015B0284005D
(1785078555.863239) can0 0CF00400#FF7D7FB01200FFFF
(1785078555.864707) can0 0CF00400#FF7D7FA81200FFFF
(1785078555.864773) can0 0CF00400#FF7D7FA01200FFFF
(1785078555.864821) can0 0CF00400#FF7D7FC01200FFFF
(1785078555.864864) can0 09F112F8#FFC01A0000FF7FFD
(1785078555.864906) can0 18F01D21#6381198000AC1480
(1785078555.864948) can0 0CF00400#FF7D7FE01200FFFF
(1785078555.865598) can0 19F10D13#408A015B0284005D
(1785078555.865663) can0 0CF00400#FF7D7FE01200FFFF
(1785078555.865752) can0 0CF00400#FF7D7FD81200FFFF
(1785078555.866207) can0 0CF00400#FF7D7FD81200FFFF
(1785078555.866484) can0 0CF00400#FF7D7FD81200FFFF
(1785078555.866744) can0 18F01D21#6381198000AC1480
(1785078555.867050) can0 0CF00400#FF7D7FC81200FFFF
(1785078555.867131) can0 19F10D13#418A015B0284005D
(1785078555.867470) can0 0CF00400#FF7D7FC01200FFFF
(1785078555.867531) can0 09F112F8#FF8D1A0000FF7FFD
(1785078555.867884) can0 0CF00400#FF7D7FA81200FFFF
(1785078555.868152) can0 0CF00400#FF7D7FA01200FFFF
(1785078555.869509) can0 0CF00400#FF7D7FD01200FFFF
(1785078555.869571) can0 18F01D21#0B81198000AC1480
(1785078555.869617) can0 0CF00400#FF7D7FE81200FFFF
(1785078555.869677) can0 19F10D13#428A015B0284005D
(1785078555.869719) can0 0CF00400#FF7D7FF01200FFFF
(1785078555.869761) can0 0CF00400#FF7D7FE81200FFFF
(1785078555.870402) can0 09F8021C#3AFCB60CA900FFFF
(1785078555.870469) can0 09F8011C#C67E2718929E53C1
(1785078555.870518) can0 18FEE81C#5309180643643C81
(1785078555.870564) can0 09F112F8#FF611A0000FF7FFD
(1785078555.870606) can0 0CF00400#FF7D7FC81200FFFF
(1785078555.870648) can0 0CF00400#FF7D7F901200FFFF
(1785078555.870690) can0 18F01D21#0B81198000AC1480
(1785078555.871494) can0 0CF00400#FF7D7F801200FFFF
(1785078555.871582) can0 19F10D13#4389015B0284005E
(1785078555.871632) can0 0CF00400#FF7D7F881200FFFF
(1785078555.871677) can0 0CF00400#FF7D7F881200FFFF
(1785078555.872180) can0 0CF00400#FF7D7F881200FFFF
(1785078555.873520) can0 0CF00400#FF7D7FA01200FFFF
(1785078555.873583) can0 18F01D21#6381198000AC1480
(1785078555.873631) can0 09F112F8#FF2C1A0000FF7FFD
(1785078555.873673) can0 0CF00400#FF7D7FD01200FFFF
(1785078555.873715) can0 19F10D13#448A015B0284005D
(1785078555.873772) can0 0CF00400#FF7D7FE81200FFFF
(1785078555.873813) can0 0CF00400#FF7D7FE81200FFFF
(1785078555.874524) can0 0CF00400#FF7D7FC81200FFFF
(1785078555.874593) can0 0CF00400#FF7D7F801200FFFF
(1785078555.874644) can0 18F01D21#6381198000AC1480
(1785078555.875053) can0 0CF00400#FF7D7F481200FFFF
(1785078555.875120) can0 19F10D13#4589015B0284005E
(1785078555.875467) can0 0CF00400#FF7D7F501200FFFF
(1785078555.875547) can0 09F112F8#FF001A0000FF7FFD
(1785078555.875895) can0 0CF00400#FF7D7F581200FFFF
(1785078555.876161) can0 0CF00400#FF7D80601200FFFF
(1785078555.877558) can0 0CF00400#FF7D80781200FFFF
(1785078555.877620) can0 18F01D21#6381198000AC1480
(1785078555.877668) can0 0CF00400#FF7D80B01200FFFF
(1785078555.877711) can0 19F10D13#468A015B0284005D
(1785078555.877761) can0 0CF00400#FF7D7FC81200FFFF
(1785078555.877820) can0 0CF00400#FF7D80D81200FFFF
(1785078555.878481) can0 0CF00400#FF7D7FD01200FFFF
(1785078555.878548) can0 09F112F8#FFD6190000FF7FFD
(1785078555.878596) can0 0CF00400#FF7D7F981200FFFF
(1785078555.878640) can0 18F01D21#6381198000AC1480
(1785078555.879166) can0 0CF00400#FF7D7F881200FFFF
(1785078555.879230) can0 19F10D13#478B015B0284005D
(1785078555.879277) can0 0CF00400#FF7D7F981200FFFF
(1785078555.879738) can0 0CF00400#FF7D7FA81200FFFF
(1785078555.881077) can0 0CF00400#FF7D7FB81200FFFF
(1785078555.881139) can0 09F8021C#3BFCC40DAC00FFFF
(1785078555.881185) can0 09F8011C#F47E2718AC9E53C1
(1785078555.881226) can0 18FEE81C#190A380610643B81
(1785078555.881268) can0 0CF00400#FF7D7FB81200FFFF
(1785078555.881309) can0 18F01D21#6381198000AC1480
(1785078555.881351) can0 0CF00400#FF7D7FD81200FFFF
(1785078555.881392) can0 19F10D13#488A015B0284005D
(1785078555.881433) can0 09F112F8#FFB3190000FF7FFD
(1785078555.881475) can0 0CF00400#FF7D7FC81200FFFF
(1785078555.882433) can0 0CF00400#FF7D7FA81200FFFF
(1785078555.882503) can0 0CF00400#FF7D7FA01200FFFF
(1785078555.882555) can0 0CF00400#FF7D7FA81200FFFF
(1785078555.882664) can0 18F01D21#6381198000AC1480
(1785078555.883139) can0 0CF00400#FF7D7FA01200FFFF
(1785078555.883210) can0 19F10D13#498A015B0284005D
(1785078555.883258) can0 0CF00400#FF7D7F881200FFFF
(1785078555.883674) can0 0CF00400#FF7D7F701200FFFF
(1785078555.883935) can0 09F112F8#FF97190000FF7FFD
(1785078555.884258) can0 0CF00400#FF7D7F901200FFFF
(1785078555.884519) can0 0CF00400#FF7D7FC01200FFFF
(1785078555.884767) can0 18F01D21#6381198000AC1480
(1785078555.884827) can0 0CF00400#FF7D7FC81200FFFF
(1785078555.885210) can0 19F10D13#4A8A015B0284005D
(1785078555.885271) can0 0CF00400#FF7D7FC81200FFFF
(1785078555.885680) can0 0CF00400#FF7D7FC01200FFFF
(1785078555.887007) can0 0CF00400#FF7D7F981200FFFF
(1785078555.887076) can0 0CF00400#FF7D7FA01200FFFF
(1785078555.887122) can0 18F01D21#6381198000AC1480
(1785078555.887164) can0 09F112F8#FF75190000FF7FFD
(1785078555.887206) can0 0CF00400#FF7D7F981200FFFF
(1785078555.887247) can0 19F10D13#4B8A015B0284005D
(1785078555.887288) can0 0CF00400#FF7D7FA01200FFFF
(1785078555.887989) can0 0CF00400#FF7D7F901200FFFF
(1785078555.888062) can0 0CF00400#FF7D7F501200FFFF
(1785078555.889445) can0 0CF00400#FF7D7F701200FFFF
(1785078555.889507) can0 18F01D21#6381198000AC1480
(1785078555.889554) can0 0CF00400#FF7D7F901200FFFF
(1785078555.889596) can0 19F10D13#4C8B015B0284005D
(1785078555.889638) can0 0CF00400#FF7D7FB81200FFFF
(1785078555.889679) can0 09F112F8#FF51190000FF7FFD
(1785078555.889736) can0 0CF00400#FF7D7FE01200FFFF
(1785078555.890468) can0 0CF00400#FF7D7FC81200FFFF
(1785078555.890536) can0 09F8021C#3CFC340BAA00FFFF
(1785078555.890586) can0 09F8011C#327F2718CA9E53C1
(1785078555.890630) can0 18FEE81C#3808200600643C81
(1785078555.890672) can0 0CF00400#FF7D7FF01200FFFF
(1785078555.890714) can0 18F01D21#6381198000AC1480
(1785078555.891443) can0 0CF00400#FF7D7F001300FFFF
(1785078555.891507) can0 19F10D13#4D8A015B0284005D
(1785078555.891542) can0 0CF00400#FF7D7FF81200FFFF
(1785078555.891941) can0 0CF00400#FF7D7FF81200FFFF
(1785078555.892207) can0 0CF00400#FF7D7F081300FFFF
(1785078555.892267) can0 09F112F8#FF2F190000FF7FFD
(1785078555.892601) can0 0CF00400#FF7D7F001300FFFF
(1785078555.892662) can0 18F01D21#6381198000AC1480
(1785078555.893004) can0 0CF00400#FF7D7FF81200FFFF
(1785078555.893265) can0 19F10D13#4E8A015B0284005D
(1785078555.893323) can0 0CF00400#FF7D7F101300FFFF
(1785078555.894720) can0 0CF00400#FF7D7F281300FFFF
(1785078555.894791) can0 0CF00400#FF7D7F301300FFFF
(1785078555.894823) can0 0CF00400#FF7D7F181300FFFF
(1785078555.894848) can0 18F01D21#0B81198000AC1480
(1785078555.894871) can0 0CF00400#FF7D7F281300FFFF
(1785078555.895370) can0 09F112F8#FF04190000FF7FFD
(1785078555.895430) can0 19F10D13#4F8B015B0284005D
(1785078555.895464) can0 0CF00400#FF7D7F181300FFFF
(1785078555.895892) can0 0CF00400#FF7D7F281300FFFF
(1785078555.896164) can0 0CF00400#FF7D7F401300FFFF
(1785078555.897489) can0 0CF00400#FF7D7F481300FFFF
(1785078555.897548) can0 18F01D21#0B81198000AC1480
(1785078555.897581) can0 0CF00400#FF7D7F681300FFFF
(1785078555.897606) can0 19F10D13#508A015B0284005D
(1785078555.897629) can0 0CF00400#FF7D7F801300FFFF
(1785078555.897651) can0 0CF00400#FF7D7F781300FFFF
(1785078555.898312) can0 09F112F8#FFD4180000FF7FFD
(1785078555.898373) can0 0CF00400#FF7D7F681300FFFF
(1785078555.898711) can0 0CF00400#FF7D7F781300FFFF
(1785078555.898772) can0 18F01D21#6381198000AC1480
(1785078555.899133) can0 0CF00400#FF7D7F881300FFFF
(1785078555.899194) can0 19F10D13#518B015B0284005D
(1785078555.899511) can0 0CF00400#FF7D7F781300FFFF
(1785078555.899778) can0 0CF00400#FF7D7F601300FFFF
(1785078555.900092) can0 0CF00400#FF7D7F481300FFFF
(1785078555.901511) can0 09F8021C#3DFC490BAA00FFFF
(1785078555.901603) can0 09F8011C#627F2718E69E53C1
(1785078555.901668) can0 0CF00400#FF7D7F501300FFFF
(1785078555.901697) can0 18FEE81C#4708200600643C81
(1785078555.901720) can0 18F01D21#6381198000AC1480
(1785078555.901741) can0 09F112F8#FFA1180000FF7FFD
(1785078555.901762) can0 0CF00400#FF7D7F781300FFFF
(1785078555.901783) can0 19F10D13#528A015B0284005D
(1785078555.901803) can0 0CF00400#FF7D7F901300FFFF
(1785078555.901824) can0 0CF00400#FF7D7F601300FFFF
(1785078555.902786) can0 0CF00400#FF7D7F401300FFFF
(1785078555.902880) can0 0CF00400#FF7D7F281300FFFF
(1785078555.902941) can0 18F01D21#6381198000AC1480
(1785078555.902993) can0 0CF00400#FF7D7F101300FFFF
(1785078555.903569) can0 19F10D13#538A015B0284005D
(1785078555.903644) can0 0CF00400#FF7D7F001300FFFF
(1785078555.903685) can0 09F112F8#FF61180000FF7FFD
(1785078555.903716) can0 0CF00400#FF7D7F001300FFFF
(1785078555.904335) can0 0CF00400#FF7D7F001300FFFF
(1785078555.904635) can0 0CF00400#FF7D7F001300FFFF
(1785078555.904708) can0 18F01D21#6381198000AC1480
(1785078555.905137) can0 0CF00400#FF7D7F101300FFFF
(1785078555.905210) can0 19F10D13#548A015B0284005D
(1785078555.905250) can0 0CF00400#FF7D7F201300FFFF
(1785078555.905703) can0 0CF00400#FF7D7F201300FFFF
(1785078555.906071) can0 0CF00400#FF7D7F081300FFFF
(1785078555.906368) can0 09F112F8#FF1C180000FF7FFD
(1785078555.906435) can0 0CF00400#FF7D7FF01200FFFF
(1785078555.906828) can0 18F01D21#6381198000AC1480
(1785078555.906901) can0 0CF00400#FF7D7FF01200FFFF
(1785078555.907329) can0 19F10D13#558A015B0284005D
(1785078555.907398) can0 0CF00400#FF7D7FD81200FFFF
(1785078555.907789) can0 0CF00400#FF7D7FD81200FFFF
(1785078555.908132) can0 0CF00400#FF7D7FC81200FFFF
(1785078555.909561) can0 0CF00400#FF7D7FC81200FFFF
(1785078555.909632) can0 18F01D21#6381198000AC1480
(1785078555.909669) can0 0CF00400#FF7D7FE01200FFFF
(1785078555.909699) can0 09F112F8#FFE4170000FF7FFD
(1785078555.909726) can0 19F10D13#568A015B0284005D
(1785078555.909751) can0 0CF00400#FF7D7FE81200FFFF
(1785078555.909775) can0 0CF00400#FF7D7FB81200FFFF
(1785078555.910582) can0 0CF00400#FF7D7FA81200FFFF
(1785078555.910655) can0 0CF00400#FF7D7FA81200FFFF
(1785078555.910696) can0 09F8021C#3EFC500AB000FFFF
(1785078555.910726) can0 09F8011C#B67F27180E9F53C1
(1785078555.910753) can0 18F01D21#6381198000AC1480
(1785078555.910778) can0 18FEE81C#9107580600643C81
(1785078555.911531) can0 0CF00400#FF7D7FB01200FFFF
(1785078555.911606) can0 19F10D13#578A015B0284005D
(1785078555.911648) can0 0CF00400#FF7D7FB81200FFFF
(1785078555.911680) can0 0CF00400#FF7D7FA01200FFFF
(1785078555.912248) can0 09F112F8#FFA4170000FF7FFD
(1785078555.912330) can0 0CF00400#FF7D7FA01200FFFF
(1785078555.912724) can0 0CF00400#FF7D7FB81200FFFF
(1785078555.912793) can0 18F01D21#6381198000AC1480
(1785078555.912831) can0 0CF00400#FF7D7FC01200FFFF
(1785078555.913309) can0 19F10D13#588A015B0284005D
(1785078555.913378) can0 0CF00400#FF7D7FB01200FFFF
(1785078555.913783) can0 0CF00400#FF7D7F901200FFFF
(1785078555.914117) can0 0CF00400#FF7D7F981200FFFF
(1785078555.915485) can0 0CF00400#FF7D7FA01200FFFF
(1785078555.915555) can0 18F01D21#6381198000AC1480
(1785078555.915592) can0 09F112F8#FF6B170000FF7FFD
(1785078555.915621) can0 0CF00400#FF7D7FB81200FFFF
(1785078555.915647) can0 19F10D13#598B015B0284005D
(1785078555.915672) can0 0CF00400#FF7D7FD01200FFFF
(1785078555.915697) can0 0CF00400#FF7D7FD01200FFFF
(1785078555.916519) can0 0CF00400#FF7D7FD01200FFFF
(1785078555.916609) can0 0CF00400#FF7D7FE81200FFFF
(1785078555.916648) can0 18F01D21#6381198000AC1480
(1785078555.917113) can0 0CF00400#FF7D7FF01200FFFF
(1785078555.917185) can0 19F10D13#5A8A015B0284005D
(1785078555.917293) can0 0CF00400#FF7D7FF01200FFFF
(1785078555.917755) can0 09F112F8#FF2B170000FF7FFD
(1785078555.917824) can0 0CF00400#FF7D7F001300FFFF
(1785078555.918248) can0 0CF00400#FF7D7FD81200FFFF
(1785078555.918556) can0 0CF00400#FF7D7FC81200FFFF
(1785078555.918625) can0 18F01D21#6381198000AC1480
(1785078555.919009) can0 0CF00400#FF7D7FE81200FFFF
(1785078555.919313) can0 19F10D13#5B89015B0284005E
(1785078555.919380) can0 0CF00400#FF7D7F081300FFFF
(1785078555.919769) can0 0CF00400#FF7D7F181300FFFF
(1785078555.920100) can0 0CF00400#FF7D7F401300FFFF
(1785078555.920442) can0 09F112F8#FFEF160000FF7FFD
(1785078555.920507) can0 0CF00400#FF7D7F581300FFFF
(1785078555.920896) can0 18F01D21#6381198000AC1480
(1785078555.920965) can0 09F8021C#3FFC4E0AAC00FFFF
(1785078555.921018) can0 09F8011C#EE7F2718249F53C1
(1785078555.921073) can0 18FEE81C#8F073806E5633D81
(1785078555.921104) can0 0CF00400#FF7D7F681300FFFF
(1785078555.921130) can0 19F10D13#5C8A015B0284005D
(1785078555.921914) can0 0CF00400#FF7D7F601300FFFF
(1785078555.921990) can0 0CF00400#FF7D7F581300FFFF
(1785078555.922111) can0 0CF00400#FF7D7F401300FFFF
(1785078555.922556) can0 0CF00400#FF7D7F081300FFFF
(1785078555.922624) can0 18F01D21#6381198000AC1480
(1785078555.923105) can0 0CF00400#FF7D7F081300FFFF
(1785078555.923184) can0 19F10D13#5D8A015B0284005D
(1785078555.923223) can0 09F112F8#FFA6160000FF7FFD
(1785078555.923253) can0 0CF00400#FF7D7F001300FFFF
(1785078555.923834) can0 0CF00400#FF7D7F001300FFFF
(1785078555.924164) can0 0CF00400#FF7D7F201300FFFF
(1785078555.924482) can0 0CF00400#FF7D7F481300FFFF
(1785078555.924783) can0 18F01D21#6381198000AC1480
(1785078555.924853) can0 0CF00400#FF7D7F581300FFFF
(1785078555.925292) can0 19F10D13#5E8B015B0284005D
(1785078555.925363) can0 0CF00400#FF7D7F481300FFFF
(1785078555.925772) can0 0CF00400#FF7D7F381300FFFF
(1785078555.926097) can0 09F112F8#FF75160000FF7FFD
(1785078555.926172) can0 0CF00400#FF7D7F381300FFFF
(1785078555.926577) can0 0CF00400#FF7D7F201300FFFF
(1785078555.926656) can0 18F01D21#6381198000AC1480
(1785078555.927065) can0 0CF00400#FF7D7F281300FFFF
(1785078555.927134) can0 19F10D13#5F8B015B0284005D
(1785078555.927547) can0 0CF00400#FF7D7F281300FFFF
(1785078555.927839) can0 0CF00400#FF7D7F281300FFFF
(1785078555.928158) can0 0CF00400#FF7D7F381300FFFF
(1785078555.928451) can0 0CF00400#FF7D7F581300FFFF
(1785078555.928742) can0 18F01D21#6381198000AC1480
(1785078555.928810) can0 09F112F8#FF43160000FF7FFD
(1785078555.928847) can0 0CF00400#FF7D7F701300FFFF
(1785078555.929371) can0 19F10D13#608A015B0284005D
(1785078555.929441) can0 0CF00400#FF7D7F581300FFFF
(1785078555.929839) can0 0CF00400#FF7D7F081300FFFF
(1785078555.930149) can0 0CF00400#FF7D7EB81200FFFF
(1785078555.931585) can0 0CF00400#FF7D7F981200FFFF
(1785078555.931677) can0 18F01D21#6381198000AC1480
(1785078555.931729) can0 09F8021C#40FCDE09AC00FFFF
(1785078555.931777) can0 09F8011C#428027183E9F53C1
(1785078555.931825) can0 0CF00400#FF7D7F681200FFFF
(1785078555.931873) can0 18FEE81C#3D073806E0633C81
(1785078555.931922) can0 19F10D13#618A015B0284005D
(1785078555.931971) can0 0CF00400#FF7D7F581200FFFF
(1785078555.932019) can0 09F112F8#FF08160000FF7FFD
(1785078555.932074) can0 0CF00400#FF7D7F601200FFFF
(1785078555.932104) can0 0CF00400#FF7D7F601200FFFF
(1785078555.933270) can0 0CF00400#FF7D7F501200FFFF
(1785078555.933351) can0 18F01D21#6381198000AC1480
(1785078555.933407) can0 0CF00400#FF7D7F581200FFFF
(1785078555.933440) can0 19F10D13#628A015B0284005D
(1785078555.933468) can0 0CF00400#FF7D7F481200FFFF
(1785078555.934104) can0 0CF00400#FF7D7F481200FFFF
(1785078555.934179) can0 0CF00400#FF7D7F681200FFFF
(1785078555.934292) can0 09F112F8#FFD6150000FF7FFD
(1785078555.934749) can0 0CF00400#FF7D7F881200FFFF
(1785078555.934821) can0 18F01D21#6381198000AC1480
(1785078555.935030) can0 0CF00400#FF7D7F681200FFFF
(1785078555.935462) can0 19F10D13#638A015B0284005D
(1785078555.935533) can0 0CF00400#FF7D7F581200FFFF
(1785078555.935985) can0 0CF00400#FF7D7F581200FFFF
(1785078555.936069) can0 0CF00400#FF7D7F501200FFFF
(1785078555.937497) can0 0CF00400#FF7D7F881200FFFF
(1785078555.937576) can0 18F01D21#6381198000231880
(1785078555.937615) can0 0CF00400#FF7D7F901200FFFF
(1785078555.937654) can0 09F112F8#FF8F150000FF7FFD
(1785078555.937680) can0 19F10D13#6489015B0284005E
(1785078555.937705) can0 0CF00400#FF7D7F801200FFFF
(1785078555.937729) can0 0CF00400#FF7D7F701200FFFF
(1785078555.938528) can0 0CF00400#FF7D7F301200FFFF
(1785078555.938605) can0 0CF00400#FF7D7F181200FFFF
(1785078555.938648) can0 18F01D21#6381198000231880
(1785078555.939103) can0 0CF00400#FF7D7F181200FFFF
(1785078555.939198) can0 19F10D13#658A015B0284005D
(1785078555.939251) can0 0CF00400#FF7D7F381200FFFF
(1785078555.939736) can0 0CF00400#FF7D7F501200FFFF
(1785078555.940073) can0 09F112F8#FF59150000FF7FFD
(1785078555.940145) can0 0CF00400#FF7D7F481200FFFF
(1785078555.940571) can0 0CF00400#FF7D7F401200FFFF
(1785078555.940641) can0 18F01D21#6381198000231880
(1785078555.941075) can0 0CF00400#FF7D7F501200FFFF
(1785078555.941147) can0 09F8021C#41FCF308AB00FFFF
(1785078555.941202) can0 09F8011C#888027185C9F53C1
(1785078555.941271) can0 18FEE81C#91063006E0633C81
(1785078555.941320) can0 19F10D13#668A015B0284005D
(1785078555.941369) can0 0CF00400#FF7D7F581200FFFF
(1785078555.942158) can0 0CF00400#FF7D7F281200FFFF
(1785078555.942234) can0 0CF00400#FF7D7F301200FFFF
(1785078555.942594) can0 0CF00400#FF7D7F381200FFFF
(1785078555.942666) can0 09F112F8#FF20150000FF7FFD
(1785078555.942723) can0 18F01D21#6381198000231880
(1785078555.943280) can0 0CF00400#FF7D7F401200FFFF
(1785078555.943375) can0 19F10D13#678A015B0284005D
(1785078555.943428) can0 0CF00400#FF7D7F381200FFFF
(1785078555.943900) can0 0CF00400#FF7D7F481200FFFF
(1785078555.944205) can0 0CF00400#FF7D7F681200FFFF
(1785078555.944514) can0 0CF00400#FF7D7F701200FFFF
(1785078555.944820) can0 18F01D21#6381198000231880
(1785078555.944890) can0 0CF00400#FF7D7F801200FFFF
(1785078555.945325) can0 19F10D13#688A015B0284005D
(1785078555.945390) can0 0CF00400#FF7D7FA01200FFFF
(1785078555.945443) can0 09F112F8#FFEB140000FF7FFD
(1785078555.945940) can0 0CF00400#FF7D7FA01200FFFF
(1785078555.946249) can0 0CF00400#FF7D7FC01200FFFF
(1785078555.946552) can0 0CF00400#FF7D7FE01200FFFF
(1785078555.946620) can0 18F01D21#6381198000231880
(1785078555.947020) can0 0CF00400#FF7D7FE01200FFFF
(1785078555.947126) can0 19F10D13#698A015B0284005D
(1785078555.947516) can0 0CF00400#FF7D7FE01200FFFF
(1785078555.947808) can0 0CF00400#FF7D7FC81200FFFF
(1785078555.948127) can0 0CF00400#FF7D7FE81200FFFF
(1785078555.948197) can0 09F112F8#FFB2140000FF7FFD
(1785078555.948603) can0 0CF00400#FF7D7F001300FFFF
(1785078555.948673) can0 18F01D21#6381198000231880
(1785078555.949115) can0 0CF00400#FF7D7F181300FFFF
(1785078555.949205) can0 19F10D13#6A8A015B0284005D
(1785078555.949259) can0 0CF00400#FF7D7F281300FFFF
(1785078555.949780) can0 0CF00400#FF7D7FF01200FFFF
(1785078555.950106) can0 0CF00400#FF7D7FE81200FFFF
(1785078555.951471) can0 0CF00400#FF7D7FD01200FFFF
(1785078555.951546) can0 18F01D21#6381198000231880
(1785078555.951600) can0 0CF00400#FF7D7FC81200FFFF
(1785078555.951650) can0 09F8021C#42FCBC08AD00FFFF
(1785078555.951699) can0 09F8011C#E6802718789F53C1
(1785078555.951747) can0 18FEE81C#68064006E0633D81
(1785078555.951796) can0 19F10D13#6B8A015B0284005D
(1785078555.951845) can0 0CF00400#FF7D7FE81200FFFF
(1785078555.951912) can0 09F112F8#FF78140000FF7FFD
(1785078555.951961) can0 0CF00400#FF7D7F081300FFFF
(1785078555.953059) can0 0CF00400#FF7D7F081300FFFF
(1785078555.953140) can0 0CF00400#FF7D7FF01200FFFF
(1785078555.953185) can0 18F01D21#6381198000231880
(1785078555.953217) can0 0CF00400#FF7D7FF81200FFFF
(1785078555.953245) can0 19F10D13#6C8A015B0284005D
(1785078555.953270) can0 0CF00400#FF7D7FF01200FFFF
(1785078555.954034) can0 0CF00400#FF7D7FB81200FFFF
(1785078555.954128) can0 09F112F8#FF3B140000FF7FFD
(1785078555.954170) can0 0CF00400#FF7D7F901200FFFF
(1785078555.954643) can0 0CF00400#FF7D7F781200FFFF
(1785078555.954715) can0 18F01D21#6381198000231880
(1785078555.955157) can0 0CF00400#FF7D7F781200FFFF
(1785078555.955229) can0 19F10D13#6D8B015B0284005D
(1785078555.955267) can0 0CF00400#FF7D7F781200FFFF
(1785078555.955741) can0 0CF00400#FF7D7F801200FFFF
(1785078555.956081) can0 0CF00400#FF7D7F681200FFFF
(1785078555.957444) can0 0CF00400#FF7D7F781200FFFF
(1785078555.957514) can0 09F112F8#FF01140000FF7FFD
(1785078555.957552) can0 18F01D21#6381198000231880
(1785078555.957581) can0 0CF00400#FF7D7FA01200FFFF
(1785078555.957608) can0 19F10D13#6E8A015B0284005D
(1785078555.957633) can0 0CF00400#FF7D7FB81200FFFF
(1785078555.957665) can0 0CF00400#FF7D7F981200FFFF
(1785078555.958492) can0 0CF00400#FF7D7F801200FFFF
(1785078555.958580) can0 0CF00400#FF7D7F801200FFFF
(1785078555.958626) can0 18F01D21#6381198000231880
(1785078555.959092) can0 0CF00400#FF7D7F981200FFFF
(1785078555.959164) can0 19F10D13#6F8A015B0284005D
(1785078555.959204) can0 09F112F8#FFCF130000FF7FFD
(1785078555.959234) can0 0CF00400#FF7D7FB01200FFFF
(1785078555.959821) can0 0CF00400#FF7D7FC01200FFFF
(1785078555.960147) can0 0CF00400#FF7D7FD01200FFFF
(1785078555.960450) can0 0CF00400#FF7D7FF01200FFFF
(1785078555.960744) can0 18F01D21#6381198000231880
(1785078555.960883) can0 0CF00400#FF7D7F081300FFFF
(1785078555.961393) can0 18FF50E0#0000800080008002
(1785078555.961565) can0 19F10D13#7089015B0284005E
(1785078555.961623) can0 09F8021C#43FCD306A700FFFF
(1785078555.961659) can0 09F8011C#00812718769F53C1
(1785078555.961689) can0 0CF00400#FF7D7F181300FFFF
(1785078555.961715) can0 18FEE81C#51051006DC633D81
(1785078555.961749) can0 0CF00400#FF7D7F101300FFFF
(1785078555.962117) can0 09F112F8#FF98130000FF7FFD
(1785078555.962168) can0 0CF00400#FF7D7FD81200FFFF
(1785078555.962994) can0 0CF00400#FF7D7FC01200FFFF
(1785078555.963079) can0 18F01D21#6381198000231880
(1785078555.963124) can0 0CF00400#FF7D7FB81200FFFF
(1785078555.963156) can0 19F10D13#718A015B0284005D
(1785078555.963638) can0 0CF00400#FF7D7FC81200FFFF
(1785078555.963705) can0 0CF00400#FF7D7FE81200FFFF
(1785078555.965079) can0 0CF00400#FF7D7F081300FFFF
(1785078555.965134) can0 0CF00400#FF7D7F301300FFFF
(1785078555.965168) can0 18F01D21#6381198000231880
(1785078555.965196) can0 09F112F8#FF51130000FF7FFD
(1785078555.965223) can0 0CF00400#FF7D7F401300FFFF
(1785078555.965248) can0 19F10D13#728A015B0284005D
(1785078555.965272) can0 0CF00400#FF7D7F501300FFFF
(1785078555.965986) can0 0CF00400#FF7D7F601300FFFF
(1785078555.966072) can0 0CF00400#FF7D7F501300FFFF
(1785078555.967500) can0 0CF00400#FF7D7F301300FFFF
(1785078555.967574) can0 18F01D21#6381198000231880
(1785078555.967614) can0 0CF00400#FF7D7F581300FFFF
(1785078555.967644) can0 19F10D13#738A015B0284005D
(1785078555.967670) can0 0CF00400#FF7D7F601300FFFF
(1785078555.967695) can0 09F112F8#FF0C130000FF7FFD
(1785078555.967719) can0 0CF00400#FF7D7F401300FFFF
(1785078555.968534) can0 0CF00400#FF7D7F701300FFFF
(1785078555.968612) can0 0CF00400#FF7D7FA01300FFFF
(1785078555.968655) can0 18F01D21#6381198000231880
(1785078555.969115) can0 0CF00400#FF7D7FB81300FFFF
(1785078555.969187) can0 19F10D13#748A015B0284005D
(1785078555.969225) can0 0CF00400#FF7D7FA81300FFFF
(1785078555.969684) can0 0CF00400#FF7D7F801300FFFF
(1785078555.971083) can0 0CF00400#FF7D7F381300FFFF
(1785078555.971156) can0 09F112F8#FFD7120000FF7FFD
(1785078555.971195) can0 0CF00400#FF7D7F001300FFFF
(1785078555.971225) can0 18F01D21#6381198000231880
(1785078555.971252) can0 0CF00400#FF7D7F181300FFFF
(1785078555.971278) can0 19F10D13#758B015B0284005D
(1785078555.971303) can0 0CF00400#FF7D7F201300FFFF
(1785078555.971397) can0 09F8021C#44FC2808A600FFFF
(1785078555.971438) can0 09F8011C#448127187E9F53C1
(1785078555.971467) can0 18FEE81C#FC050006DC633D81
(1785078555.972558) can0 0CF00400#FF7D7F401300FFFF
(1785078555.972654) can0 0CF00400#FF7D7F701300FFFF
(1785078555.972696) can0 0CF00400#FF7D7F781300FFFF
(1785078555.972728) can0 18F01D21#6381198000231880
(1785078555.973268) can0 0CF00400#FF7D7F701300FFFF
(1785078555.973341) can0 09F112F8#FF95120000FF7FFD
(1785078555.973381) can0 19F10D13#768B015B0284005D
(1785078555.973411) can0 0CF00400#FF7D7F681300FFFF
(1785078555.973974) can0 0CF00400#FF7D7F481300FFFF
(1785078555.974071) can0 0CF00400#FF7D7F281300FFFF
(1785078555.975500) can0 0CF00400#FF7D7F201300FFFF
(1785078555.975571) can0 18F01D21#6381198000231880
(1785078555.975610) can0 0CF00400#FF7D7F201300FFFF
(1785078555.975640) can0 19F10D13#778A015B0284005D
(1785078555.975666) can0 0CF00400#FF7D7F081300FFFF
(1785078555.975690) can0 0CF00400#FF7D7F281300FFFF
(1785078555.975714) can0 09F112F8#FF4D120000FF7FFD
(1785078555.976514) can0 0CF00400#FF7D7F281300FFFF
(1785078555.976586) can0 0CF00400#FF7D7F181300FFFF
(1785078555.976626) can0 18F01D21#6381198000231880
(1785078555.977097) can0 0CF00400#FF7D7F201300FFFF
(1785078555.977169) can0 19F10D13#788A015B0284005D
(1785078555.977543) can0 0CF00400#FF7D7FF81200FFFF
(1785078555.977829) can0 0CF00400#FF7D7EA81200FFFF
(1785078555.978171) can0 0CF00400#FF7D7E801200FFFF
(1785078555.978471) can0 09F112F8#FF15120000FF7FFD
(1785078555.978539) can0 0CF00400#FF7D7F781200FFFF
(1785078555.978933) can0 18F01D21#6381198000231880
(1785078555.979005) can0 0CF00400#FF7D7F401200FFFF
(1785078555.979423) can0 19F10D13#798A015B0284005D
(1785078555.979492) can0 0CF00400#FF7D7F401200FFFF
(1785078555.979867) can0 0CF00400#FF7D7F481200FFFF
(1785078555.980031) can0 0CF00400#FF7D7F701200FFFF
(1785078555.981457) can0 0CF00400#FF7D7F881200FFFF
(1785078555.981529) can0 18F01D21#6381198000231880
(1785078555.981567) can0 0CF00400#FF7D7F701200FFFF
(1785078555.981596) can0 19F10D13#7A8A015B0284005D
(1785078555.981622) can0 09F112F8#FFD1110000FF7FFD
(1785078555.981648) can0 0CF00400#FF7D7F981200FFFF
(1785078555.981671) can0 09F8021C#45FC8706AB00FFFF
(1785078555.981696) can0 09F8011C#8C812718829F53C1
(1785078555.981720) can0 18FEE81C#CA043006CD633E81
(1785078555.981744) can0 0CF00400#FF7D7F681200FFFF
(1785078555.982850) can0 0CF00400#FF7D7F281200FFFF
(1785078555.982923) can0 0CF00400#FF7D7F101200FFFF
(1785078555.982982) can0 18F01D21#6381198000231880
(1785078555.983032) can0 0CF00400#FF7D7FF81100FFFF
(1785078555.983572) can0 19F10D13#7B8A015B0284005D
(1785078555.983644) can0 0CF00400#FF7D7F001200FFFF
(1785078555.983684) can0 0CF00400#FF7D7F081200FFFF
(1785078555.984132) can0 09F112F8#FF98110000FF7FFD
(1785078555.984203) can0 0CF00400#FF7D7F101200FFFF
(1785078555.984622) can0 0CF00400#FF7D7F201200FFFF
(1785078555.984691) can0 18F01D21#6381198000231880
(1785078555.985118) can0 0CF00400#FF7D7F201200FFFF
(1785078555.985188) can0 19F10D13#7C8A015B0284005D
(1785078555.985226) can0 0CF00400#FF7D7F101200FFFF
(1785078555.985676) can0 0CF00400#FF7D7F081200FFFF
(1785078555.987054) can0 0CF00400#FF7D7F281200FFFF
(1785078555.987139) can0 0CF00400#FF7D7F381200FFFF
(1785078555.987175) can0 09F112F8#FF5A110000FF7FFD
(1785078555.987204) can0 18F01D21#6381198000231880
(1785078555.987229) can0 0CF00400#FF7D7F301200FFFF
(1785078555.987255) can0 19F10D13#7D89015B0284005E
(1785078555.987280) can0 0CF00400#FF7D7F301200FFFF
(1785078555.988055) can0 0CF00400#FF7D7F381200FFFF
(1785078555.988121) can0 0CF00400#FF7D7F381200FFFF
(1785078555.989616) can0 0CF00400#FF7D7F481200FFFF
(1785078555.989696) can0 18F01D21#6381198000231880
(1785078555.989738) can0 0CF00400#FF7D7F601200FFFF
(1785078555.989769) can0 19F10D13#7E8A015B0284005D
(1785078555.989797) can0 0CF00400#FF7D7F601200FFFF
(1785078555.989821) can0 09F112F8#FF1A110000FF7FFD
(1785078555.989845) can0 0CF00400#FF7D7F481200FFFF
(1785078555.990618) can0 0CF00400#FF7D7F301200FFFF
(1785078555.990707) can0 0CF00400#FF7D7F401200FFFF
(1785078555.990746) can0 18F01D21#6381198000231880
(1785078555.991237) can0 0CF00400#FF7D7F581200FFFF
(1785078555.991311) can0 19F10D13#7F8A015B0284005D
(1785078555.991352) can0 0CF00400#FF7D80701200FFFF
(1785078555.991813) can0 09F8021C#46FCB304A900FFFF
(1785078555.991884) can0 09F8011C#B8812718869F53C1
(1785078555.991938) can0 0CF00400#FF7D80881200FFFF
(1785078555.991987) can0 18FEE81C#73031806CB633D81
(1785078555.992034) can0 0CF00400#FF7D7F901200FFFF
(1785078555.992086) can0 09F112F8#FFD8100000FF7FFD
(1785078555.992877) can0 0CF00400#FF7D7F901200FFFF
(1785078555.992950) can0 18F01D21#6381198000231880
(1785078555.993008) can0 0CF00400#FF7D7FA81200FFFF
(1785078555.993497) can0 19F10D13#8088015B0284005E
(1785078555.993570) can0 0CF00400#FF7D7FC81200FFFF
(1785078555.993962) can0 0CF00400#FF7D7FA01200FFFF
(1785078555.994033) can0 0CF00400#FF7D7F901200FFFF
(1785078555.995492) can0 0CF00400#FF7D7F801200FFFF
(1785078555.995558) can0 18F01D21#6381198000231880
(1785078555.995599) can0 0CF00400#FF7D7F881200FFFF
(1785078555.995627) can0 09F112F8#FF9E100000FF7FFD
(1785078555.995653) can0 19F10D13#818A015B0284005D
(1785078555.995678) can0 0CF00400#FF7D7F901200FFFF
(1785078555.995702) can0 0CF00400#FF7D7F881200FFFF
(1785078555.996517) can0 0CF00400#FF7D7F881200FFFF
(1785078555.996606) can0 0CF00400#FF7D7FA81200FFFF
(1785078555.996647) can0 18F01D21#8285198000D51A80
(1785078555.997102) can0 0CF00400#FF7D7FB01200FFFF
(1785078555.997175) can0 19F10D13#828C015B0284005C
(1785078555.997284) can0 0CF00400#FF7D7FA81200FFFF
(1785078555.997750) can0 09F112F8#FF66100000FF7FFD
(1785078555.997819) can0 0CF00400#FF7D7F881200FFFF
(1785078555.998240) can0 0CF00400#FF7D7FA81200FFFF
(1785078555.998545) can0 0CF00400#FF7D7FC01200FFFF
(1785078555.998677) can0 18F01D21#7BB2198000D51A80
(1785078555.999141) can0 0CF00400#FF7D7FE01200FFFF
(1785078555.999208) can0 19F10D13#838A015B0284005D
(1785078555.999247) can0 0CF00400#FF7D7FF81200FFFF
(1785078556.001887) can0 0CF00400#FF7D7FD81200FFFF
(1785078556.001981) can0 0CF00400#FF7D7FB01200FFFF
(1785078556.002062) can0 09F112F8#FF2F100000FF7FFD
(1785078556.002104) can0 0CF00400#FF7D7FC01200FFFF
(1785078556.002134) can0 18F01D21#11D2198000D51A80
(1785078556.002162) can0 0CF00400#FF7D7FE01200FFFF
(1785078556.002197) can0 19F10D13#848B015B0284005D
(1785078556.002226) can0 0CF00400#FF7D7FE81200FFFF
(1785078556.002280) can0 0CF00400#FF7D7FA81200FFFF
(1785078556.002324) can0 09F8021C#47FCF905A600FFFF
(1785078556.002351) can0 09F8011C#08822718929F53C1
(1785078556.002393) can0 18FEE81C#62040006CB633E81
(1785078556.002419) can0 0CF00400#FF7D7F801200FFFF
(1785078556.002631) can0 0CF00400#FF7D7F801200FFFF
(1785078556.002680) can0 18F01D21#1EF6198000D51A80
(1785078556.004131) can0 0CF00400#FF7D7F981200FFFF
(1785078556.004226) can0 09F112F8#FFF50F0000FF7FFD
(1785078556.004284) can0 19F10D13#8589015B0284005E
(1785078556.004318) can0 0CF00400#FF7D7FA81200FFFF
(1785078556.004347) can0 0CF00400#FF7D7FB81200FFFF
(1785078556.004411) can0 0CF00400#FF7D7FB01200FFFF
(1785078556.004444) can0 0CF00400#FF7D7FC01200FFFF
(1785078556.006762) can0 18F01D21#991D1A8000D51A80
(1785078556.006861) can0 0CF00400#FF7D7FC81200FFFF
(1785078556.006943) can0 19F10D13#8687015B0284005F
(1785078556.006996) can0 0CF00400#FF7D7FB81200FFFF
(1785078556.007062) can0 0CF00400#FF7D7FB81200FFFF
(1785078556.007097) can0 09F112F8#FFAF0F0000FF7FFD
(1785078556.007124) can0 0CF00400#FF7D7F801200FFFF
(1785078556.007150) can0 0CF00400#FF7D7F481200FFFF
(1785078556.007175) can0 18F01D21#1C461A8000D51A80
(1785078556.007200) can0 0CF00400#FF7D7F381200FFFF
(1785078556.007232) can0 19F10D13#8784015B02840061
(1785078556.007256) can0 0CF00400#FF7D7F481200FFFF
(1785078556.010074) can0 0CF00400#FF7D7F601200FFFF
(1785078556.010166) can0 0CF00400#FF7D7F901200FFFF
(1785078556.010221) can0 0CF00400#FF7D7F981200FFFF
(1785078556.010254) can0 09F112F8#FF680F0000FF7FFD
(1785078556.010282) can0 18F01D21#296A1A8000D51A80
(1785078556.010308) can0 0CF00400#FF7D7FB01200FFFF
(1785078556.010333) can0 19F10D13#8885015B02840060
(1785078556.010366) can0 0CF00400#FF7D7FE01200FFFF
(1785078556.010389) can0 0CF00400#FF7D7FD81200FFFF
(1785078556.010412) can0 0CF00400#FF7D7FC81200FFFF
(1785078556.010436) can0 0CF00400#FF7D7FC01200FFFF
(1785078556.012729) can0 18F01D21#2E8D1A8000D51A80
(1785078556.012836) can0 0CF00400#FF7D7FB01200FFFF
(1785078556.012883) can0 19F10D13#8983015B02840061
(1785078556.012915) can0 0CF00400#FF7D7FA81200FFFF
(1785078556.012942) can0 09F112F8#FF1F0F0000FF7FFD
(1785078556.012976) can0 0CF00400#FF7D7FA81200FFFF
(1785078556.013000) can0 0CF00400#FF7D7FA01200FFFF
(1785078556.013023) can0 09F8021C#48FC5704B100FFFF
(1785078556.013070) can0 09F8011C#468227189E9F53C1
(1785078556.013098) can0 18FEE81C#2F036006AD633E81
(1785078556.013122) can0 18FEE81C#2F036006AD633E81
(1785078556.013145) can0 0CF00400#FF7D7FA81200FFFF
(1785078556.013168) can0 18F01D21#A1B31A8000D51A80
(1785078556.013192) can0 0CF00400#FF7D7FB81200FFFF
(1785078556.013216) can0 19F10D13#8A81015B02840062
(1785078556.013240) can0 0CF00400#FF7D7FD81200FFFF
(1785078556.017516) can0 0CF00400#FF7D7F001300FFFF
(1785078556.017600) can0 09F112F8#FFCF0E0000FF7FFD
(1785078556.017645) can0 0CF00400#FF7D7FF01200FFFF
(1785078556.017677) can0 0CF00400#FF7D7FC81200FFFF
(1785078556.017703) can0 18F01D21#37D31A8000D51A80
(1785078556.017727) can0 0CF00400#FF7D7FD01200FFFF
(1785078556.017753) can0 19F10D13#8B81015B02840062
(1785078556.017776) can0 0CF00400#FF7D7F081300FFFF
(1785078556.017808) can0 0CF00400#FF7D7F081300FFFF
(1785078556.017833) can0 0CF00400#FF7D7F301300FFFF
(1785078556.017855) can0 0CF00400#FF7D7F501300FFFF
(1785078556.017878) can0 18F01D21#EFD41A8000D51A80
(1785078556.017901) can0 09F112F8#FF8A0E0000FF7FFD
(1785078556.017924) can0 0CF00400#FF7D7F601300FFFF
(1785078556.017947) can0 19F10D13#8C81015B02840062
(1785078556.017970) can0 0CF00400#FF7D7F581300FFFF
(1785078556.018002) can0 0CF00400#FF7D7F481300FFFF
(1785078556.018026) can0 0CF00400#FF7D7F001300FFFF
(1785078556.021278) can0 0CF00400#FF7D7FC81200FFFF
(1785078556.021374) can0 18F01D21#EFD41A8000D51A80
(1785078556.021420) can0 0CF00400#FF7D7FB81200FFFF
(1785078556.021453) can0 19F10D13#8D81015B02840062
(1785078556.021481) can0 0CF00400#FF7D7FA01200FFFF
(1785078556.021507) can0 09F112F8#FF470E0000FF7FFD
(1785078556.021542) can0 0CF00400#FF7D7F781200FFFF
(1785078556.021566) can0 0CF00400#FF7D7F801200FFFF
(1785078556.021590) can0 0CF00400#FF7D7FA81200FFFF
(1785078556.021613) can0 18F01D21#EFD41A8000D51A80
(1785078556.021636) can0 0CF00400#FF7D7FD81200FFFF
(1785078556.021660) can0 19F10D13#8E80015B02840063
(1785078556.021683) can0 0CF00400#FF7D7FF81200FFFF
(1785078556.021723) can0 0CF00400#FF7D7F081300FFFF
(1785078556.024767) can0 0CF00400#FF7D7FF01200FFFF
(1785078556.024868) can0 09F112F8#FF060E0000FF7FFD
(1785078556.024931) can0 09F8021C#49FCEB03A800FFFF
(1785078556.024984) can0 09F8011C#9A822718B29F53C1
(1785078556.025034) can0 18FEE81C#E0021006AC633D81
(1785078556.025172) can0 0CF00400#FF7D7FC01200FFFF
(1785078556.025221) can0 18F01D21#EFD41A8000D51A80
(1785078556.025270) can0 0CF00400#FF7D7FB81200FFFF
(1785078556.025319) can0 19F10D13#8F81015B02840062
(1785078556.025367) can0 0CF00400#FF7D7FC01200FFFF
(1785078556.025434) can0 0CF00400#FF7D7F981200FFFF
(1785078556.025482) can0 0CF00400#FF7D7FA81200FFFF
(1785078556.025531) can0 0CF00400#FF7D7FB81200FFFF
(1785078556.025578) can0 18F01D21#EFD41A8000D51A80
(1785078556.025627) can0 0CF00400#FF7D7FB81200FFFF
(1785078556.025675) can0 09F112F8#FFCD0D0000FF7FFD
(1785078556.025732) can0 19F10D13#9080015B02840063
(1785078556.025793) can0 0CF00400#FF7D7FC81200FFFF
(1785078556.025852) can0 0CF00400#FF7D7FD81200FFFF
(1785078556.029343) can0 0CF00400#FF7D7FB81200FFFF
(1785078556.029452) can0 0CF00400#FF7D7FA81200FFFF
(1785078556.029515) can0 18F01D21#EFD41A8000D51A80
(1785078556.029569) can0 0CF00400#FF7D7FC01200FFFF
(1785078556.029619) can0 19F10D13#9180015B02840063
(1785078556.029668) can0 0CF00400#FF7D7FD81200FFFF
(1785078556.029717) can0 0CF00400#FF7D7FA81200FFFF
(1785078556.029784) can0 09F112F8#FF830D0000FF7FFD
(1785078556.029833) can0 0CF00400#FF7D7F981200FFFF
(1785078556.029881) can0 0CF00400#FF7D7F981200FFFF
(1785078556.029929) can0 18F01D21#EFD41A8000D51A80
(1785078556.029977) can0 0CF00400#FF7D7FA01200FFFF
(1785078556.030025) can0 19F10D13#9280015B02840063
(1785078556.030089) can0 0CF00400#FF7D7F881200FFFF
(1785078556.030119) can0 0CF00400#FF7D7F681200FFFF
(1785078556.030154) can0 0CF00400#FF7D7F381200FFFF
(1785078556.032179) can0 0CF00400#FF7D7F281200FFFF
(1785078556.032271) can0 09F112F8#FF330D0000FF7FFD
(1785078556.032318) can0 18F01D21#EFD41A8000D51A80
(1785078556.032352) can0 0CF00400#FF7D7F381200FFFF
(1785078556.032381) can0 19F10D13#9380015B02840063
(1785078556.032408) can0 0CF00400#FF7D7F301200FFFF
(1785078556.032434) can0 0CF00400#FF7D7F481200FFFF
(1785078556.032467) can0 0CF00400#FF7D7F501200FFFF
(1785078556.032492) can0 0CF00400#FF7D7F501200FFFF
(1785078556.035315) can0 09F8021C#4AFC7204AB00FFFF
(1785078556.035404) can0 09F8011C#BC822718B69F53C1
(1785078556.035454) can0 18F01D21#EFD41A8000D51A80
(1785078556.035487) can0 18FEE81C#43032806A3633C81
(1785078556.035516) can0 0CF00400#FF7D7F601200FFFF
(1785078556.035542) can0 19F10D13#9480015B02840063
(1785078556.035567) can0 0CF00400#FF7D7F981200FFFF
(1785078556.035591) can0 09F112F8#FFE00C0000FF7FFD
(1785078556.035615) can0 0CF00400#FF7D7F981200FFFF
(1785078556.035646) can0 0CF00400#FF7D7F781200FFFF
(1785078556.035671) can0 0CF00400#FF7D7F581200FFFF
(1785078556.035694) can0 18F01D21#EFD41A8000D51A80
(1785078556.035717) can0 0CF00400#FF7D7F481200FFFF
(1785078556.035740) can0 19F10D13#9580015B02840063
(1785078556.035763) can0 0CF00400#FF7D7F301200FFFF
(1785078556.035786) can0 0CF00400#FF7D7F401200FFFF
(1785078556.038607) can0 0CF00400#FF7D7F581200FFFF
(1785078556.038691) can0 09F112F8#FF840C0000FF7FFD
(1785078556.038736) can0 0CF00400#FF7D80681200FFFF
(1785078556.038769) can0 18F01D21#EFD41A8000D51A80
(1785078556.038797) can0 0CF00400#FF7D80881200FFFF
(1785078556.038823) can0 19F10D13#9680015B02840063
(1785078556.038847) can0 0CF00400#FF7D7FC81200FFFF
(1785078556.038872) can0 0CF00400#FF7D7FC01200FFFF
(1785078556.038895) can0 0CF00400#FF7D7FB81200FFFF
(1785078556.038928) can0 0CF00400#FF7D7FE01200FFFF
(1785078556.038952) can0 18F01D21#EFD41A8000D51A80
(1785078556.039023) can0 0CF00400#FF7D7FF01200FFFF
(1785078556.039082) can0 09F112F8#FF2D0C0000FF7FFD
(1785078556.040277) can0 19F10D13#9780015B02840063
(1785078556.040361) can0 0CF00400#FF7D7F181300FFFF
(1785078556.040406) can0 0CF00400#FF7D7F401300FFFF
(1785078556.040437) can0 0CF00400#FF7D7F501300FFFF
(1785078556.040474) can0 0CF00400#FF7D7F381300FFFF
(1785078556.042446) can0 18F01D21#EFD41A8000D51A80
(1785078556.042541) can0 0CF00400#FF7D7F281300FFFF
(1785078556.042588) can0 19F10D13#9880015B02840063
(1785078556.042620) can0 0CF00400#FF7D7F501300FFFF
(1785078556.042648) can0 0CF00400#FF7D7F581300FFFF
(1785078556.042673) can0 09F112F8#FFDD0B0000FF7FFD
(1785078556.042697) can0 0CF00400#FF7D7F301300FFFF
(1785078556.042729) can0 0CF00400#FF7D7F181300FFFF
(1785078556.042755) can0 18F01D21#EFD41A8000D51A80
(1785078556.042779) can0 09F8021C#4BFCBE02A800FFFF
(1785078556.042802) can0 09F8011C#18832718BC9F53C1
(1785078556.042825) can0 0CF00400#FF7D7F181300FFFF
(1785078556.044144) can0 18FEE81C#03021006A2633D81
(1785078556.044230) can0 19F10D13#9981015B02840062
(1785078556.044274) can0 0CF00400#FF7D7F201300FFFF
(1785078556.044306) can0 0CF00400#FF7D7F201300FFFF
(1785078556.044333) can0 0CF00400#FF7D7F181300FFFF
(1785078556.046818) can0 0CF00400#FF7D7F281300FFFF
(1785078556.046919) can0 09F112F8#FF8F0B0000FF7FFD
(1785078556.046980) can0 18F01D21#EFD41A8000D51A80
(1785078556.047032) can0 0CF00400#FF7D7F481300FFFF
(1785078556.047091) can0 19F10D13#9A80015B02840063
(1785078556.047120) can0 0CF00400#FF7D7F681300FFFF
(1785078556.047145) can0 0CF00400#FF7D7F581300FFFF
(1785078556.047171) can0 0CF00400#FF7D7F481300FFFF
(1785078556.047203) can0 0CF00400#FF7D7F401300FFFF
(1785078556.047228) can0 18F01D21#EFD41A8000D51A80
(1785078556.047251) can0 0CF00400#FF7D7F301300FFFF
(1785078556.047275) can0 19F10D13#9B80015B02840063
(1785078556.047299) can0 0CF00400#FF7D7F201300FFFF
(1785078556.049889) can0 09F112F8#FF460B0000FF7FFD
(1785078556.049980) can0 0CF00400#FF7D7F101300FFFF
(1785078556.050054) can0 0CF00400#FF7D7F001300FFFF
(1785078556.050105) can0 0CF00400#FF7D7FE81200FFFF
(1785078556.050134) can0 18F01D21#EFD41A8000D51A80
(1785078556.050160) can0 0CF00400#FF7D7FF81200FFFF
(1785078556.050185) can0 19F10D13#9C80015B02840063
(1785078556.050210) can0 0CF00400#FF7D7F081300FFFF
(1785078556.050234) can0 0CF00400#FF7D7FD81200FFFF
(1785078556.050258) can0 0CF00400#FF7D7FA81200FFFF
(1785078556.050282) can0 09F112F8#FFF70A0000FF7FFD
(1785078556.050483) can0 0CF00400#FF7D7FA81200FFFF
(1785078556.052888) can0 18F01D21#EFD41A8000D51A80
(1785078556.052979) can0 0CF00400#FF7D7FA81200FFFF
(1785078556.053055) can0 19F10D13#9D80015B02840063
(1785078556.053095) can0 0CF00400#FF7D7FA01200FFFF
(1785078556.053125) can0 0CF00400#FF7D7FA81200FFFF
(1785078556.053151) can0 0CF00400#FF7D7FC81200FFFF
(1785078556.053185) can0 0CF00400#FF7D7FF01200FFFF
(1785078556.053210) can0 18F01D21#EFD41A8000D51A80
(1785078556.053234) can0 0CF00400#FF7D7FF81200FFFF
(1785078556.053259) can0 09F8021C#4CFC2503AB00FFFF
(1785078556.053283) can0 09F8011C#7C832718C49F53C1
(1785078556.053309) can0 18FEE81C#4F023006A2633E81
(1785078556.053334) can0 19F10D13#9E80015B02840063
(1785078556.053360) can0 09F112F8#FFA80A0000FF7FFD
(1785078556.053384) can0 0CF00400#FF7D7F001300FFFF
(1785078556.056450) can0 0CF00400#FF7D7FF81200FFFF
(1785078556.056543) can0 0CF00400#FF7D7FD81200FFFF
(1785078556.056601) can0 0CF00400#FF7D7FB01200FFFF
(1785078556.056635) can0 18F01D21#EFD41A8000D51A80
(1785078556.056664) can0 0CF00400#FF7D7FC01200FFFF
(1785078556.056693) can0 19F10D13#9F80015B02840063
(1785078556.056718) can0 0CF00400#FF7D7FD01200FFFF
(1785078556.056742) can0 0CF00400#FF7D7FB81200FFFF
(1785078556.056771) can0 09F112F8#FF5E0A0000FF7FFD
(1785078556.056795) can0 0CF00400#FF7D7FC81200FFFF
(1785078556.056819) can0 0CF00400#FF7D7FE81200FFFF
(1785078556.056851) can0 18F01D21#EFD41A8000D51A80
(1785078556.056875) can0 0CF00400#FF7D7FF01200FFFF
(1785078556.059451) can0 19F10D13#A080015B02840063
(1785078556.059541) can0 0CF00400#FF7D7FF01200FFFF
(1785078556.059588) can0 0CF00400#FF7D7FD01200FFFF
(1785078556.059621) can0 0CF00400#FF7D7FA01200FFFF
(1785078556.059649) can0 0CF00400#FF7D7F801200FFFF
(1785078556.059685) can0 09F112F8#FF0D0A0000FF7FFD
(1785078556.059711) can0 18F01D21#EFD41A8000D51A80
(1785078556.059735) can0 0CF00400#FF7D7FA01200FFFF
(1785078556.059760) can0 19F10D13#A17F015B02840063
(1785078556.059784) can0 0CF00400#FF7D7FB01200FFFF
(1785078556.059808) can0 0CF00400#FF7D7FC01200FFFF
(1785078556.062117) can0 18FF50E0#000080937C008003
(1785078556.062506) can0 0CF00400#FF7D7FF01200FFFF
(1785078556.062586) can0 0CF00400#FF7D7F181300FFFF
(1785078556.062664) can0 18F01D21#EFD41A8000D51A80
(1785078556.062717) can0 0CF00400#FF7D7F101300FFFF
(1785078556.062768) can0 19F10D13#A27F015B02840063
(1785078556.062817) can0 0CF00400#FF7D7F101300FFFF
(1785078556.062866) can0 09F112F8#FFB7090000FF7FFD
(1785078556.062914) can0 0CF00400#FF7D7F181300FFFF
(1785078556.062963) can0 0CF00400#FF7D7F101300FFFF
(1785078556.063011) can0 0CF00400#FF7D7FF81200FFFF
(1785078556.063099) can0 18F01D21#EFD41A8000D51A80
(1785078556.063150) can0 0CF00400#FF7D7F101300FFFF
(1785078556.063199) can0 09F8021C#4DFC3C01AB00FFFF
(1785078556.063247) can0 19F10D13#A380015B02840063
(1785078556.063296) can0 09F8011C#FE832718CC9F53C1
(1785078556.063343) can0 18FEE81C#E80030069A633E81
(1785078556.063391) can0 0CF00400#FF7D7F181300FFFF
(1785078556.066064) can0 0CF00400#FF7D7F101300FFFF
(1785078556.066154) can0 0CF00400#FF7D7F301300FFFF
(1785078556.066200) can0 09F112F8#FF67090000FF7FFD
(1785078556.066232) can0 0CF00400#FF7D7F301300FFFF
(1785078556.066261) can0 18F01D21#EFD41A8000D51A80
(1785078556.066296) can0 0CF00400#FF7D7F301300FFFF
(1785078556.066322) can0 19F10D13#A480015B02840063
(1785078556.066347) can0 0CF00400#FF7D7F401300FFFF
(1785078556.066372) can0 0CF00400#FF7D7F501300FFFF
(1785078556.066396) can0 0CF00400#FF7D7F301300FFFF
(1785078556.066419) can0 0CF00400#FF7D7F281300FFFF
(1785078556.070758) can0 18F01D21#EFD41A8000D51A80
(1785078556.070906) can0 0CF00400#FF7D7F401300FFFF
(1785078556.070965) can0 09F112F8#FF19090000FF7FFD
(1785078556.071018) can0 19F10D13#A580015B02840063
(1785078556.071090) can0 0CF00400#FF7D7F481300FFFF
(1785078556.071142) can0 0CF00400#FF7D7F501300FFFF
(1785078556.071191) can0 0CF00400#FF7D7F601300FFFF
(1785078556.071239) can0 0CF00400#FF7D7F601300FFFF
(1785078556.071286) can0 18F01D21#EFD41A8000D51A80
(1785078556.071353) can0 0CF00400#FF7D7F601300FFFF
(1785078556.071401) can0 19F10D13#A680015B02840063
(1785078556.071449) can0 0CF00400#FF7D7F581300FFFF
(1785078556.071497) can0 0CF00400#FF7D7F401300FFFF
(1785078556.071545) can0 09F112F8#FFC4080000FF7FFD
(1785078556.071593) can0 0CF00400#FF7D7F181300FFFF
(1785078556.071641) can0 0CF00400#FF7D7FF81200FFFF
(1785078556.071689) can0 18F01D21#EFD41A8000D51A80
(1785078556.071755) can0 0CF00400#FF7D7F001300FFFF
(1785078556.071803) can0 19F10D13#A780015B02840063
(1785078556.071851) can0 0CF00400#FF7D7FE01200FFFF
(1785078556.071898) can0 0CF00400#FF7D7EB81200FFFF
(1785078556.074557) can0 0CF00400#FF7D7FC81200FFFF
(1785078556.074635) can0 0CF00400#FF7D7FF81200FFFF
(1785078556.074679) can0 09F112F8#FF86080000FF7FFD
(1785078556.074712) can0 18F01D21#EFD41A8000D51A80
(1785078556.074740) can0 0CF00400#FF7D7F181300FFFF
(1785078556.074775) can0 19F10D13#A881015B02840062
(1785078556.074826) can0 0CF00400#FF7D7F181300FFFF
(1785078556.074853) can0 09F8021C#4EFC7100A900FFFF
(1785078556.074877) can0 09F8011C#56842718C89F53C1
(1785078556.074900) can0 18FEE81C#530018069A633D81
(1785078556.074924) can0 0CF00400#FF7D7FE81200FFFF
(1785078556.074947) can0 0CF00400#FF7D7FC81200FFFF
(1785078556.074970) can0 0CF00400#FF7D7FC81200FFFF
(1785078556.075006) can0 18F01D21#EFD41A8000D51A80
(1785078556.075031) can0 0CF00400#FF7D7FC01200FFFF
(1785078556.078955) can0 19F10D13#A980015B02840063
(1785078556.079057) can0 0CF00400#FF7D7FA01200FFFF
(1785078556.079110) can0 09F112F8#FF3F080000FF7FFD
(1785078556.079146) can0 0CF00400#FF7D7FB81200FFFF
(1785078556.079178) can0 0CF00400#FF7D7FC81200FFFF
(1785078556.079204) can0 0CF00400#FF7D7FD81200FFFF
(1785078556.079231) can0 18F01D21#EFD41A8000D51A80
(1785078556.079256) can0 0CF00400#FF7D7FE01200FFFF
(1785078556.079291) can0 19F10D13#AA80015B02840063
(1785078556.079315) can0 0CF00400#FF7D7F901200FFFF
(1785078556.079340) can0 0CF00400#FF7D7F701200FFFF
(1785078556.079364) can0 0CF00400#FF7D7F601200FFFF
(1785078556.079388) can0 09F112F8#FFEC070000FF7FFD
(1785078556.079411) can0 0CF00400#FF7D7F381200FFFF
(1785078556.079435) can0 18F01D21#EFD41A8000D51A80
(1785078556.079458) can0 0CF00400#FF7D7F301200FFFF
(1785078556.079491) can0 19F10D13#AB80015B02840063
(1785078556.079516) can0 0CF00400#FF7D7F401200FFFF
(1785078556.081831) can0 0CF00400#FF7D7F581200FFFF
(1785078556.081909) can0 0CF00400#FF7D7F781200FFFF
(1785078556.081955) can0 0CF00400#FF7D7F981200FFFF
(1785078556.081991) can0 18F01D21#03FA1A8000701D80
(1785078556.082022) can0 0CF00400#FF7D7FA81200FFFF
(1785078556.082079) can0 09F112F8#FFAF070000FF7FFD
(1785078556.082113) can0 19F10D13#AC80015B02840063
(1785078556.082147) can0 0CF00400#FF7D7F981200FFFF
(1785078556.082180) can0 0CF00400#FF7D7F901200FFFF
(1785078556.082204) can0 0CF00400#FF7D7F981200FFFF
(1785078556.085394) can0 0CF00400#FF7D7FA81200FFFF
(1785078556.085483) can0 18F01D21#1AFD1A8000701D80
(1785078556.085543) can0 0CF00400#FF7D7FB01200FFFF
(1785078556.085596) can0 19F10D13#AD7F015B02840063
(1785078556.085667) can0 0CF00400#FF7D7FD01200FFFF
(1785078556.085716) can0 09F8021C#4FFC9500AF00FFFF
(1785078556.085765) can0 09F8011C#D8842718CC9F53C1
(1785078556.085814) can0 18FEE81C#6E0050069A633C81
(1785078556.085862) can0 0CF00400#FF7D7FC01200FFFF
(1785078556.085910) can0 09F112F8#FF74070000FF7FFD
(1785078556.085959) can0 0CF00400#FF7D7FB81200FFFF
(1785078556.086007) can0 0CF00400#FF7D7FD01200FFFF
(1785078556.086088) can0 18F01D21#1AFD1A8000701D80
(1785078556.086120) can0 0CF00400#FF7D7FE81200FFFF
(1785078556.086147) can0 19F10D13#AE80015B02840063
(1785078556.086181) can0 0CF00400#FF7D7FC81200FFFF
(1785078556.086206) can0 0CF00400#FF7D7FB81200FFFF
(1785078556.086231) can0 0CF00400#FF7D7FB81200FFFF
(1785078556.089335) can0 0CF00400#FF7D7F981200FFFF
(1785078556.089413) can0 09F112F8#FF23070000FF7FFD
(1785078556.089456) can0 18F01D21#72FD1A8000701D80
(1785078556.089489) can0 0CF00400#FF7D7F981200FFFF
(1785078556.089517) can0 19F10D13#AF7F015B02840063
(1785078556.089543) can0 0CF00400#FF7D7FA01200FFFF
(1785078556.089576) can0 0CF00400#FF7D7FA01200FFFF
(1785078556.089601) can0 0CF00400#FF7D7FA81200FFFF
(1785078556.089625) can0 0CF00400#FF7D7FC81200FFFF
(1785078556.089649) can0 18F01D21#72FD1A8000701D80
(1785078556.089673) can0 0CF00400#FF7D7FE81200FFFF
(1785078556.089696) can0 19F10D13#B080015B02840063
(1785078556.089719) can0 0CF00400#FF7D7FD81200FFFF
(1785078556.089742) can0 09F112F8#FFDD060000FF7FFD
(1785078556.089774) can0 0CF00400#FF7D7FC81200FFFF
(1785078556.093451) can0 0CF00400#FF7D7FD81200FFFF
(1785078556.093528) can0 0CF00400#FF7D7FD81200FFFF
(1785078556.093570) can0 18F01D21#72FD1A8000701D80
(1785078556.093605) can0 0CF00400#FF7D7FB01200FFFF
(1785078556.093631) can0 19F10D13#B17F015B02840063
(1785078556.093655) can0 0CF00400#FF7D7FC81200FFFF
(1785078556.093688) can0 0CF00400#FF7D7FE81200FFFF
(1785078556.093711) can0 09F112F8#FF86060000FF7FFD
(1785078556.093735) can0 0CF00400#FF7D7FF01200FFFF
(1785078556.093758) can0 0CF00400#FF7D7FF01200FFFF
(1785078556.093781) can0 18F01D21#72FD1A8000701D80
(1785078556.093804) can0 0CF00400#FF7D7F201300FFFF
(1785078556.093827) can0 19F10D13#B27F015B02840063
(1785078556.093850) can0 0CF00400#FF7D7F101300FFFF
(1785078556.093882) can0 09F8021C#50FC3CF4AD00FFFF
(1785078556.093905) can0 09F8011C#2A852718CE9F53C1
(1785078556.093927) can0 0CF00400#FF7D7FF81200FFFF
(1785078556.093950) can0 18FEE81C#22B340069A633D81
(1785078556.095929) can0 0CF00400#FF7D7F001300FFFF
(1785078556.096002) can0 0CF00400#FF7D7F101300FFFF
(1785078556.096063) can0 18F01D21#7AFE1A8000701D80
(1785078556.096100) can0 0CF00400#FF7D7FF81200FFFF
(1785078556.096128) can0 09F112F8#FF25060000FF7FFD
(1785078556.096154) can0 19F10D13#B37F015B02840063
(1785078556.096179) can0 0CF00400#FF7D7FE81200FFFF
(1785078556.096211) can0 0CF00400#FF7D7FD01200FFFF
(1785078556.096235) can0 0CF00400#FF7D7FD81200FFFF
(1785078556.098698) can0 0CF00400#FF7D7F001300FFFF
(1785078556.098786) can0 18F01D21#50041B8000701D80
(1785078556.098835) can0 0CF00400#FF7D7F101300FFFF
(1785078556.098874) can0 19F10D13#B47F015B02840063
(1785078556.098906) can0 0CF00400#FF7D7F181300FFFF
(1785078556.098941) can0 09F112F8#FFDC050000FF7FFD
(1785078556.098967) can0 0CF00400#FF7D7FF01200FFFF
(1785078556.098992) can0 0CF00400#FF7D7FC81200FFFF
(1785078556.099017) can0 0CF00400#FF7D7FC01200FFFF
(1785078556.099061) can0 18F01D21#D60A1B8000701D80
(1785078556.099092) can0 0CF00400#FF7D7FC81200FFFF
(1785078556.099116) can0 19F10D13#B57F015B02840063
(1785078556.101564) can0 0CF00400#FF7D7FA01200FFFF
(1785078556.101679) can0 0CF00400#FF7D7F881200FFFF
(1785078556.101739) can0 0CF00400#FF7D7F801200FFFF
(1785078556.101792) can0 09F112F8#FF98050000FF7FFD
(1785078556.101842) can0 0CF00400#FF7D7F881200FFFF
(1785078556.101892) can0 18F01D21#9C0E1B8000701D80
(1785078556.101940) can0 0CF00400#FF7D7F901200FFFF
(1785078556.101989) can0 19F10D13#B67F015B02840063
(1785078556.102037) can0 0CF00400#FF7D7F881200FFFF
(1785078556.102128) can0 0CF00400#FF7D7F881200FFFF
(1785078556.102176) can0 0CF00400#FF7D7F781200FFFF
(1785078556.104520) can0 0CF00400#FF7D7F581200FFFF
(1785078556.104611) can0 18F01D21#9C0E1B8000701D80
(1785078556.104658) can0 0CF00400#FF7D7F501200FFFF
(1785078556.104692) can0 09F112F8#FF4D050000FF7FFD
(1785078556.104720) can0 19F10D13#B77F015B02840063
(1785078556.104747) can0 0CF00400#FF7D7F581200FFFF
(1785078556.104772) can0 0CF00400#FF7D7F801200FFFF
(1785078556.104806) can0 09F8021C#51FCE4F4AC00FFFF
(1785078556.104830) can0 09F8011C#98852718D09F53C1
(1785078556.104853) can0 18FEE81C#9DB338069A633E81
(1785078556.104877) can0 0CF00400#FF7D7FA81200FFFF
(1785078556.104901) can0 0CF00400#FF7D7FD01200FFFF
(1785078556.104924) can0 18F01D21#9C0E1B8000701D80
(1785078556.104948) can0 0CF00400#FF7D7FD81200FFFF
(1785078556.107951) can0 19F10D13#B87F015B02840063
(1785078556.108058) can0 0CF00400#FF7D7FC81200FFFF
(1785078556.108108) can0 0CF00400#FF7D7FD01200FFFF
(1785078556.108150) can0 09F112F8#FF12050000FF7FFD
(1785078556.108177) can0 0CF00400#FF7D7FD01200FFFF
(1785078556.108203) can0 0CF00400#FF7D7FC81200FFFF
(1785078556.108227) can0 18F01D21#B3111B8000701D80
(1785078556.108251) can0 0CF00400#FF7D7FD81200FFFF
(1785078556.108274) can0 19F10D13#B97F015B02840063
(1785078556.108297) can0 0CF00400#FF7D7FB01200FFFF
(1785078556.108320) can0 0CF00400#FF7D7F981200FFFF
(1785078556.108391) can0 0CF00400#FF7D7FB01200FFFF
(1785078556.108421) can0 0CF00400#FF7D7FE01200FFFF
(1785078556.111272) can0 09F112F8#FFC9040000FF7FFD
(1785078556.111366) can0 18F01D21#63121B8000701D80
(1785078556.111427) can0 0CF00400#FF7D7FE01200FFFF
(1785078556.111480) can0 19F10D13#BA7E015B02840064
(1785078556.111530) can0 0CF00400#FF7D7FD81200FFFF
(1785078556.111578) can0 0CF00400#FF7D7FD81200FFFF
(1785078556.111644) can0 0CF00400#FF7D7FC81200FFFF
(1785078556.111692) can0 0CF00400#FF7D7FA81200FFFF
(1785078556.111741) can0 18F01D21#63121B8000701D80
(1785078556.111805) can0 0CF00400#FF7D7FC81200FFFF
(1785078556.111854) can0 19F10D13#BB7E015B02840064
(1785078556.111900) can0 0CF00400#FF7D7FD81200FFFF
(1785078556.111948) can0 09F112F8#FF91040000FF7FFD
(1785078556.111996) can0 0CF00400#FF7D7FE01200FFFF
(1785078556.112072) can0 0CF00400#FF7D7F001300FFFF
