(1785078746.482544) can0 18F01D21#B4241C8000D11580
(1785078746.483229) can0 09F112F8#FFFF1D0000FF7FFD
(1785078746.483319) can0 0CF00400#FF7D7F001200FFFF
(1785078746.483361) can0 19F10D13#0D70015B0284006C
(1785078746.483394) can0 0CF00400#FF7D7FC81100FFFF
(1785078746.484240) can0 0CF00400#FF7D7F901100FFFF
(1785078746.484311) can0 0CF00400#FF7D7F881100FFFF
(1785078746.484775) can0 0CF00400#FF7D7FA01100FFFF
(1785078746.484846) can0 18F01D21#4BF41B8000D11580
(1785078746.484885) can0 0CF00400#FF7D80C81100FFFF
(1785078746.485395) can0 19F10D13#0E73015B0284006A
(1785078746.485475) can0 0CF00400#FF7D80F81100FFFF
(1785078746.485513) can0 09F112F8#FFFF1D0000FF7FFD
(1785078746.486113) can0 0CF00400#FF7D80181200FFFF
(1785078746.486189) can0 0CF00400#FF7D80001200FFFF
(1785078746.486585) can0 0CF00400#FF7D80E01100FFFF
(1785078746.486652) can0 18F01D21#FAC61B8000D11580
(1785078746.487070) can0 0CF00400#FF7D80D01100FFFF
(1785078746.487149) can0 19F10D13#0F74015B02840069
(1785078746.487184) can0 0CF00400#FF7D80E81100FFFF
(1785078746.487693) can0 0CF00400#FF7D80F81100FFFF
(1785078746.489074) can0 0CF00400#FF7D80081200FFFF
(1785078746.489144) can0 09F8021C#2FFC520FAB00FFFF
(1785078746.489182) can0 09F8011C#A27C2718589D53C1
(1785078746.489210) can0 18FEE81C#3D0B30061E644581
(1785078746.489236) can0 09F112F8#FF041E0000FF7FFD
(1785078746.489259) can0 0CF00400#FF7D80301200FFFF
(1785078746.489282) can0 18F01D21#6B911B8000D11580
(1785078746.489318) can0 0CF00400#FF7D80601200FFFF
(1785078746.489350) can0 19F10D13#1076015B02840068
(1785078746.489373) can0 0CF00400#FF7D80901200FFFF
(1785078746.490718) can0 0CF00400#FF7D80C01200FFFF
(1785078746.490798) can0 0CF00400#FF7D80D01200FFFF
(1785078746.490853) can0 0CF00400#FF7D80C01200FFFF
(1785078746.490900) can0 18F01D21#56551B8000D11580
(1785078746.490945) can0 0CF00400#FF7D80B01200FFFF
(1785078746.491005) can0 09F112F8#FF0F1E0000FF7FFD
(1785078746.491062) can0 19F10D13#1179015B02840067
(1785078746.492038) can0 0CF00400#FF7D80A81200FFFF
(1785078746.492123) can0 0CF00400#FF7D80E81200FFFF
(1785078746.492162) can0 0CF00400#FF7D80101300FFFF
(1785078746.492622) can0 0CF00400#FF7D80301300FFFF
(1785078746.492695) can0 18F01D21#7A151B8000AC1480
(1785078746.493135) can0 0CF00400#FF7D80581300FFFF
(1785078746.493224) can0 19F10D13#127B015B02840066
(1785078746.493275) can0 0CF00400#FF7D80781300FFFF
(1785078746.493786) can0 0CF00400#FF7D80781300FFFF
(1785078746.493856) can0 09F112F8#FF131E0000FF7FFD
(1785078746.494305) can0 0CF00400#FF7D7F601300FFFF
(1785078746.494376) can0 0CF00400#FF7D7F681300FFFF
(1785078746.494755) can0 18F01D21#DFBB1A8000AC1480
(1785078746.494822) can0 0CF00400#FF7D7F501300FFFF
(1785078746.495277) can0 19F10D13#137F015B02840063
(1785078746.495342) can0 0CF00400#FF7D7F281300FFFF
(1785078746.495794) can0 0CF00400#FF7D7F181300FFFF
(1785078746.496121) can0 0CF00400#FF7D7F101300FFFF
(1785078746.496432) can0 0CF00400#FF7D7F081300FFFF
(1785078746.496733) can0 18F01D21#3F561A8000AC1480
(1785078746.496805) can0 09F112F8#FF121E0000FF7FFD
(1785078746.496855) can0 0CF00400#FF7D7F201300FFFF
(1785078746.497442) can0 19F10D13#1482015B02840062
(1785078746.497508) can0 0CF00400#FF7D7F381300FFFF
(1785078746.497934) can0 0CF00400#FF7D7F481300FFFF
(1785078746.498009) can0 0CF00400#FF7D7F581300FFFF
(1785078746.498411) can0 09F8021C#30FC510DA900FFFF
(1785078746.498477) can0 09F8011C#C87C2718769D53C1
(1785078746.498512) can0 18FEE81C#C50918061E644381
(1785078746.498539) can0 0CF00400#FF7D7F381300FFFF
(1785078746.498563) can0 18F01D21#ABFD198000AC1480
(1785078746.499396) can0 0CF00400#FF7D7F201300FFFF
(1785078746.499490) can0 19F10D13#1585015B02840060
(1785078746.499542) can0 0CF00400#FF7D7F301300FFFF
(1785078746.499588) can0 09F112F8#FF091E0000FF7FFD
(1785078746.499632) can0 0CF00400#FF7D7F401300FFFF
(1785078746.500399) can0 0CF00400#FF7D7F201300FFFF
(1785078746.500467) can0 0CF00400#FF7D7F381300FFFF
(1785078746.500821) can0 18F01D21#59B9198000AC1480
(1785078746.500889) can0 0CF00400#FF7D7F601300FFFF
(1785078746.501342) can0 19F10D13#1689015B0284005E
(1785078746.501406) can0 0CF00400#FF7D7F601300FFFF
(1785078746.501827) can0 0CF00400#FF7D7F581300FFFF
(1785078746.502136) can0 0CF00400#FF7D7F281300FFFF
(1785078746.502206) can0 09F112F8#FFFB1D0000FF7FFD
(1785078746.502618) can0 0CF00400#FF7D7F001300FFFF
(1785078746.502681) can0 18F01D21#ED93198000AC1480
(1785078746.503069) can0 0CF00400#FF7D7FF81200FFFF
(1785078746.503132) can0 19F10D13#1789015B0284005E
(1785078746.503174) can0 0CF00400#FF7D7FF01200FFFF
(1785078746.503660) can0 0CF00400#FF7D7FC81200FFFF
(1785078746.505023) can0 0CF00400#FF7D7FA81200FFFF
(1785078746.505094) can0 0CF00400#FF7D7FA81200FFFF
(1785078746.505126) can0 18F01D21#D284198000AC1480
(1785078746.505150) can0 0CF00400#FF7D7FA01200FFFF
(1785078746.505171) can0 09F112F8#FFEB1D0000FF7FFD
(1785078746.505190) can0 19F10D13#188A015B0284005D
(1785078746.505217) can0 0CF00400#FF7D7FB01200FFFF
(1785078746.506137) can0 0CF00400#FF7D7FC81200FFFF
(1785078746.506207) can0 0CF00400#FF7D7FC01200FFFF
(1785078746.506572) can0 0CF00400#FF7D7FA81200FFFF
(1785078746.506638) can0 18F01D21#7283198000AC1480
(1785078746.507030) can0 0CF00400#FF7D7F781200FFFF
(1785078746.507100) can0 19F10D13#1989015B0284005E
(1785078746.507210) can0 0CF00400#FF7D7F901200FFFF
(1785078746.507696) can0 0CF00400#FF7D7FA01200FFFF
(1785078746.507758) can0 09F112F8#FFD31D0000FF7FFD
(1785078746.508154) can0 0CF00400#FF7D7FB01200FFFF
(1785078746.508440) can0 09F8021C#31FC1D0EA800FFFF
(1785078746.508503) can0 09F8011C#F27C27188C9D53C1
(1785078746.508548) can0 0CF00400#FF7D7FC01200FFFF
(1785078746.508589) can0 18FEE81C#5A0A10061E644381
(1785078746.508628) can0 18F01D21#6B82198000AC1480
(1785078746.509406) can0 0CF00400#FF7D7FB81200FFFF
(1785078746.509472) can0 19F10D13#1A89015B0284005E
(1785078746.509508) can0 0CF00400#FF7D7FA81200FFFF
(1785078746.509978) can0 0CF00400#FF7D7F981200FFFF
(1785078746.510058) can0 0CF00400#FF7D7F801200FFFF
(1785078746.511456) can0 0CF00400#FF7D7F401200FFFF
(1785078746.511518) can0 09F112F8#FFBD1D0000FF7FFD
(1785078746.511550) can0 18F01D21#6B82198000AC1480
(1785078746.511578) can0 0CF00400#FF7D7F401200FFFF
(1785078746.511601) can0 19F10D13#1B8A015B0284005D
(1785078746.511622) can0 0CF00400#FF7D7F481200FFFF
(1785078746.511650) can0 0CF00400#FF7D7F501200FFFF
(1785078746.512515) can0 0CF00400#FF7D7F701200FFFF
(1785078746.512579) can0 0CF00400#FF7D7F781200FFFF
(1785078746.512625) can0 18F01D21#1382198000AC1480
(1785078746.513096) can0 0CF00400#FF7D7F981200FFFF
(1785078746.513157) can0 19F10D13#1C8A015B0284005D
(1785078746.513189) can0 0CF00400#FF7D7FC81200FFFF
(1785078746.513639) can0 09F112F8#FFA51D0000FF7FFD
(1785078746.513699) can0 0CF00400#FF7D7FE81200FFFF
(1785078746.514123) can0 0CF00400#FF7D7FC01200FFFF
(1785078746.514414) can0 0CF00400#FF7D7F981200FFFF
(1785078746.514665) can0 18F01D21#1382198000AC1480
(1785078746.514991) can0 0CF00400#FF7D7FB81200FFFF
(1785078746.515062) can0 19F10D13#1D8B015B0284005D
(1785078746.515440) can0 0CF00400#FF7D7FC01200FFFF
(1785078746.515720) can0 0CF00400#FF7D7FC81200FFFF
(1785078746.517116) can0 0CF00400#FF7D7FD01200FFFF
(1785078746.517179) can0 09F112F8#FF921D0000FF7FFD
(1785078746.517210) can0 0CF00400#FF7D7FA81200FFFF
(1785078746.517235) can0 18F01D21#BB81198000AC1480
(1785078746.517257) can0 0CF00400#FF7D7FA01200FFFF
(1785078746.517309) can0 19F10D13#1E8A015B0284005D
(1785078746.517334) can0 0CF00400#FF7D7FC01200FFFF
(1785078746.518190) can0 0CF00400#FF7D7FD01200FFFF
(1785078746.518258) can0 0CF00400#FF7D7FC81200FFFF
(1785078746.518603) can0 0CF00400#FF7D7FE01200FFFF
(1785078746.518670) can0 09F8021C#32FC720EAA00FFFF
(1785078746.518714) can0 09F8011C#427D2718BC9D53C1
(1785078746.518755) can0 18F01D21#6381198000AC1480
(1785078746.518795) can0 18FEE81C#990A200620644281
(1785078746.518833) can0 0CF00400#FF7D7FF01200FFFF
(1785078746.519697) can0 09F112F8#FF831D0000FF7FFD
(1785078746.519767) can0 19F10D13#1F89015B0284005E
(1785078746.519814) can0 0CF00400#FF7D7FF81200FFFF
(1785078746.519870) can0 0CF00400#FF7D7FE81200FFFF
(1785078746.520482) can0 0CF00400#FF7D7FE01200FFFF
(1785078746.520549) can0 0CF00400#FF7D7FD81200FFFF
(1785078746.520595) can0 18F01D21#6381198000AC1480
(1785078746.521087) can0 0CF00400#FF7D7FD01200FFFF
(1785078746.521151) can0 19F10D13#208B015B0284005D
(1785078746.521183) can0 0CF00400#FF7D7FD81200FFFF
(1785078746.521666) can0 0CF00400#FF7D7FF01200FFFF
(1785078746.521725) can0 09F112F8#FF781D0000FF7FFD
(1785078746.522149) can0 0CF00400#FF7D7FF81200FFFF
(1785078746.522433) can0 0CF00400#FF7D7FF81200FFFF
(1785078746.522691) can0 18F01D21#6381198000AC1480
(1785078746.523015) can0 0CF00400#FF7D7FF81200FFFF
(1785078746.523089) can0 19F10D13#218A015B0284005D
(1785078746.523453) can0 0CF00400#FF7D7FF01200FFFF
(1785078746.523715) can0 0CF00400#FF7D7FE81200FFFF
(1785078746.525114) can0 0CF00400#FF7D7FE81200FFFF
(1785078746.525177) can0 09F112F8#FF6C1D0000FF7FFD
(1785078746.525208) can0 0CF00400#FF7D7FF01200FFFF
(1785078746.525231) can0 18F01D21#6381198000AC1480
(1785078746.525252) can0 0CF00400#FF7D7F001300FFFF
(1785078746.525272) can0 19F10D13#2289015B0284005E
(1785078746.525293) can0 0CF00400#FF7D7F101300FFFF
(1785078746.526141) can0 0CF00400#FF7D7F101300FFFF
(1785078746.526203) can0 0CF00400#FF7D7FF01200FFFF
(1785078746.526561) can0 0CF00400#FF7D7FD81200FFFF
(1785078746.526625) can0 18F01D21#6381198000AC1480
(1785078746.526993) can0 0CF00400#FF7D7FD01200FFFF
(1785078746.527065) can0 19F10D13#238A015B0284005D
(1785078746.527111) can0 09F112F8#FF571D0000FF7FFD
(1785078746.527624) can0 0CF00400#FF7D7FD01200FFFF
(1785078746.527703) can0 0CF00400#FF7D7FD81200FFFF
(1785078746.528070) can0 0CF00400#FF7D7FD01200FFFF
(1785078746.529405) can0 0CF00400#FF7D7FD81200FFFF
(1785078746.529464) can0 18F01D21#6381198000AC1480
(1785078746.529494) can0 09F8021C#33FC3F0EAC00FFFF
(1785078746.529518) can0 09F8011C#7C7D2718E29D53C1
(1785078746.529539) can0 18FEE81C#730A380620644181
(1785078746.529559) can0 0CF00400#FF7D7FF81200FFFF
(1785078746.529580) can0 19F10D13#248A015B0284005D
(1785078746.529599) can0 0CF00400#FF7D7F181300FFFF
(1785078746.529626) can0 0CF00400#FF7D7F181300FFFF
(1785078746.530709) can0 09F112F8#FF3C1D0000FF7FFD
(1785078746.530779) can0 0CF00400#FF7D7FF81200FFFF
(1785078746.530826) can0 0CF00400#FF7D7FF01200FFFF
(1785078746.530867) can0 18F01D21#6381198000AC1480
(1785078746.530907) can0 0CF00400#FF7D7FD01200FFFF
(1785078746.531640) can0 19F10D13#258A015B0284005D
(1785078746.531709) can0 0CF00400#FF7D7FE01200FFFF
(1785078746.531770) can0 0CF00400#FF7D7FC81200FFFF
(1785078746.532258) can0 0CF00400#FF7D7F901200FFFF
(1785078746.532533) can0 0CF00400#FF7D7FA01200FFFF
(1785078746.532601) can0 09F112F8#FF231D0000FF7FFD
(1785078746.532645) can0 18F01D21#6381198000AC1480
(1785078746.533165) can0 0CF00400#FF7D7FA81200FFFF
(1785078746.533226) can0 19F10D13#268A015B0284005D
(1785078746.533258) can0 0CF00400#FF7D7FB81200FFFF
(1785078746.533700) can0 0CF00400#FF7D7FB01200FFFF
(1785078746.535072) can0 0CF00400#FF7D7F801200FFFF
(1785078746.535137) can0 0CF00400#FF7D7F681200FFFF
(1785078746.535182) can0 18F01D21#0B81198000AC1480
(1785078746.535223) can0 0CF00400#FF7D7F601200FFFF
(1785078746.535262) can0 19F10D13#2789015B0284005E
(1785078746.535301) can0 0CF00400#FF7D7F701200FFFF
(1785078746.535340) can0 09F112F8#FF071D0000FF7FFD
(1785078746.536192) can0 0CF00400#FF7D7F581200FFFF
(1785078746.536274) can0 0CF00400#FF7D7F201200FFFF
(1785078746.536622) can0 0CF00400#FF7D7F401200FFFF
(1785078746.536687) can0 18F01D21#6381198000AC1480
(1785078746.537066) can0 0CF00400#FF7D7F681200FFFF
(1785078746.537126) can0 19F10D13#288A015B0284005D
(1785078746.537483) can0 0CF00400#FF7D7F901200FFFF
(1785078746.537756) can0 0CF00400#FF7D7F981200FFFF
(1785078746.538077) can0 0CF00400#FF7D7F901200FFFF
(1785078746.538139) can0 09F112F8#FFE61C0000FF7FFD
(1785078746.538540) can0 0CF00400#FF7D7F301200FFFF
(1785078746.538603) can0 18F01D21#6381198000AC1480
(1785078746.538998) can0 0CF00400#FF7D7FF01100FFFF
(1785078746.539070) can0 09F8021C#34FC0F0DA900FFFF
(1785078746.539116) can0 09F8011C#AE7D2718FE9D53C1
(1785078746.539156) can0 18FEE81C#9409180620644081
(1785078746.539196) can0 19F10D13#298A015B0284005D
(1785078746.539235) can0 0CF00400#FF7D7FF81100FFFF
(1785078746.540107) can0 0CF00400#FF7D80181200FFFF
(1785078746.540194) can0 0CF00400#FF7D80201200FFFF
(1785078746.540568) can0 0CF00400#FF7D80481200FFFF
(1785078746.540632) can0 18F01D21#0B81198000AC1480
(1785078746.541020) can0 09F112F8#FFCA1C0000FF7FFD
(1785078746.541097) can0 0CF00400#FF7D80881200FFFF
(1785078746.541129) can0 19F10D13#2A8B015B0284005D
(1785078746.541605) can0 0CF00400#FF7D80981200FFFF
(1785078746.541669) can0 0CF00400#FF7D80A81200FFFF
(1785078746.542015) can0 0CF00400#FF7D80C01200FFFF
(1785078746.543360) can0 0CF00400#FF7D80A81200FFFF
(1785078746.543419) can0 18F01D21#6381198000AC1480
(1785078746.543451) can0 0CF00400#FF7D7F881200FFFF
(1785078746.543474) can0 19F10D13#2B8A015B0284005D
(1785078746.543496) can0 0CF00400#FF7D80901200FFFF
(1785078746.543517) can0 09F112F8#FFAA1C0000FF7FFD
(1785078746.544264) can0 0CF00400#FF7D80B81200FFFF
(1785078746.544339) can0 0CF00400#FF7D7FB01200FFFF
(1785078746.544660) can0 0CF00400#FF7D7FC01200FFFF
(1785078746.544724) can0 18F01D21#0B81198000AC1480
(1785078746.544828) can0 0CF00400#FF7D7FE81200FFFF
(1785078746.545323) can0 19F10D13#2C89015B0284005E
(1785078746.545390) can0 0CF00400#FF7D7FF01200FFFF
(1785078746.545794) can0 0CF00400#FF7D7FE81200FFFF
(1785078746.546107) can0 0CF00400#FF7D7FF81200FFFF
(1785078746.546379) can0 09F112F8#FF831C0000FF7FFD
(1785078746.546445) can0 0CF00400#FF7D7FC01200FFFF
(1785078746.546836) can0 18F01D21#0B81198000AC1480
(1785078746.546904) can0 0CF00400#FF7D7F981200FFFF
(1785078746.547391) can0 19F10D13#2D89015B0284005E
(1785078746.547464) can0 0CF00400#FF7D7F781200FFFF
(1785078746.547897) can0 0CF00400#FF7D7F681200FFFF
(1785078746.547998) can0 0CF00400#FF7D7F181200FFFF
(1785078746.548399) can0 0CF00400#FF7D7F201200FFFF
(1785078746.548646) can0 18F01D21#6381198000AC1480
(1785078746.548927) can0 0CF00400#FF7D80501200FFFF
(1785078746.548985) can0 09F112F8#FF631C0000FF7FFD
(1785078746.549029) can0 09F8021C#35FCFB0DAA00FFFF
(1785078746.549084) can0 09F8021C#36FCFB0DAA00FFFF
(1785078746.549108) can0 09F8011C#D87D2718169E53C1
(1785078746.549130) can0 19F10D13#2E89015B0284005E
(1785078746.549150) can0 18FEE81C#410A200641643F81
(1785078746.549228) can0 0CF00400#FF7D80701200FFFF
(1785078746.550017) can0 0CF00400#FF7D80881200FFFF
(1785078746.550106) can0 0CF00400#FF7D80B01200FFFF
(1785078746.551459) can0 0CF00400#FF7D80981200FFFF
(1785078746.551520) can0 18F01D21#6381198000AC1480
(1785078746.551553) can0 0CF00400#FF7D80701200FFFF
(1785078746.551609) can0 19F10D13#2F89015B0284005E
(1785078746.551636) can0 0CF00400#FF7D80581200FFFF
(1785078746.551658) can0 0CF00400#FF7D80701200FFFF
(1785078746.551679) can0 09F112F8#FF451C0000FF7FFD
(1785078746.552338) can0 0CF00400#FF7D80601200FFFF
(1785078746.552397) can0 0CF00400#FF7D80581200FFFF
(1785078746.552685) can0 18F01D21#0B81198000AC1480
(1785078746.552956) can0 0CF00400#FF7D80701200FFFF
(1785078746.553109) can0 19F10D13#3089015B0284005E
(1785078746.553421) can0 0CF00400#FF7D80A01200FFFF
(1785078746.553663) can0 0CF00400#FF7D80C81200FFFF
(1785078746.555097) can0 0CF00400#FF7D80D01200FFFF
(1785078746.555166) can0 09F112F8#FF2B1C0000FF7FFD
(1785078746.555204) can0 0CF00400#FF7D80C01200FFFF
(1785078746.555230) can0 18F01D21#6381198000AC1480
(1785078746.555253) can0 0CF00400#FF7D80B81200FFFF
(1785078746.555274) can0 19F10D13#318A015B0284005D
(1785078746.555294) can0 0CF00400#FF7D80C81200FFFF
(1785078746.555976) can0 0CF00400#FF7D80C81200FFFF
(1785078746.556053) can0 0CF00400#FF7D7FB81200FFFF
(1785078746.557426) can0 0CF00400#FF7D7FD01200FFFF
(1785078746.557488) can0 18F01D21#6381198000AC1480
(1785078746.557522) can0 0CF00400#FF7D80F81200FFFF
(1785078746.557548) can0 19F10D13#328A015B0284005D
(1785078746.557570) can0 09F112F8#FF0C1C0000FF7FFD
(1785078746.557591) can0 0CF00400#FF7D80181300FFFF
(1785078746.557612) can0 0CF00400#FF7D7F081300FFFF
(1785078746.558311) can0 0CF00400#FF7D7F001300FFFF
(1785078746.558385) can0 0CF00400#FF7D7FE81200FFFF
(1785078746.558670) can0 18F01D21#6381198000AC1480
(1785078746.558949) can0 0CF00400#FF7D7FE01200FFFF
(1785078746.559203) can0 19F10D13#338A015B0284005D
(1785078746.559262) can0 0CF00400#FF7D7FD81200FFFF
(1785078746.559294) can0 09F8021C#37FC7E0DAC00FFFF
(1785078746.559319) can0 09F8011C#387E27184A9E53C1
(1785078746.559397) can0 18FEE81C#E609380645643E81
(1785078746.559982) can0 0CF00400#FF7D7F901200FFFF
(1785078746.560055) can0 09F112F8#FFEB1B0000FF7FFD
(1785078746.560092) can0 0CF00400#FF7D7F801200FFFF
(1785078746.560486) can0 0CF00400#FF7D7F801200FFFF
(1785078746.560545) can0 18F01D21#6381198000AC1480
(1785078746.560870) can0 0CF00400#FF7D7F881200FFFF
(1785078746.561138) can0 19F10D13#348A015B0284005D
(1785078746.561196) can0 0CF00400#FF7D80A01200FFFF
(1785078746.562582) can0 0CF00400#FF7D80D81200FFFF
(1785078746.562641) can0 0CF00400#FF7D7FF01200FFFF
(1785078746.562680) can0 0CF00400#FF7D7FE81200FFFF
(1785078746.562704) can0 09F112F8#FFD31B0000FF7FFD
(1785078746.562726) can0 18F01D21#6381198000AC1480
(1785078746.563242) can0 0CF00400#FF7D7FE81200FFFF
(1785078746.563303) can0 19F10D13#358A015B0284005D
(1785078746.563337) can0 0CF00400#FF7D7FE01200FFFF
(1785078746.563706) can0 0CF00400#FF7D7FF01200FFFF
(1785078746.565036) can0 0CF00400#FF7D7F101300FFFF
(1785078746.565113) can0 0CF00400#FF7D7F101300FFFF
(1785078746.565143) can0 18F01D21#6381198000AC1480
(1785078746.565168) can0 0CF00400#FF7D7F101300FFFF
(1785078746.565190) can0 19F10D13#368A015B0284005D
(1785078746.565211) can0 0CF00400#FF7D7F281300FFFF
(1785078746.565232) can0 09F112F8#FFBF1B0000FF7FFD
(1785078746.565872) can0 0CF00400#FF7D7F301300FFFF
(1785078746.566137) can0 0CF00400#FF7D7FF01200FFFF
(1785078746.566395) can0 0CF00400#FF7D7FC01200FFFF
(1785078746.566634) can0 18F01D21#0B81198000AC1480
(1785078746.566908) can0 0CF00400#FF7D7FC81200FFFF
(1785078746.567163) can0 19F10D13#378B015B0284005D
(1785078746.567222) can0 0CF00400#FF7D7FD01200FFFF
(1785078746.568714) can0 0CF00400#FF7D7FA01200FFFF
(1785078746.568790) can0 09F112F8#FFA61B0000FF7FFD
(1785078746.568841) can0 0CF00400#FF7D7FB81200FFFF
(1785078746.568899) can0 0CF00400#FF7D7FB01200FFFF
(1785078746.568940) can0 18F01D21#6381198000AC1480
(1785078746.568980) can0 0CF00400#FF7D7FA81200FFFF
(1785078746.569602) can0 19F10D13#388A015B0284005D
(1785078746.569665) can0 0CF00400#FF7D7FC01200FFFF
(1785078746.569699) can0 09F8021C#38FC540DAF00FFFF
(1785078746.569725) can0 09F8011C#6E7E2718689E53C1
(1785078746.569748) can0 18FEE81C#C709500643643D81
(1785078746.569769) can0 0CF00400#FF7D7FF01200FFFF
(1785078746.570401) can0 0CF00400#FF7D7FF01200FFFF
(1785078746.570474) can0 0CF00400#FF7D7F181300FFFF
(1785078746.570755) can0 18F01D21#6381198000AC1480
(1785078746.570815) can0 09F112F8#FF861B0000FF7FFD
(1785078746.570847) can0 0CF00400#FF7D7F301300FFFF
(1785078746.571291) can0 19F10D13#3989015B0284005E
(1785078746.571350) can0 0CF00400#FF7D7F401300FFFF
(1785078746.571674) can0 0CF00400#FF7D7F401300FFFF
(1785078746.572986) can0 0CF00400#FF7D7F381300FFFF
(1785078746.573064) can0 0CF00400#FF7D7F381300FFFF
(1785078746.573096) can0 18F01D21#6381198000AC1480
(1785078746.573119) can0 0CF00400#FF7D7F481300FFFF
(1785078746.573141) can0 19F10D13#3A8B015B0284005D
(1785078746.573219) can0 0CF00400#FF7D7F481300FFFF
(1785078746.573770) can0 09F112F8#FF661B0000FF7FFD
(1785078746.573831) can0 0CF00400#FF7D7F381300FFFF
(1785078746.574164) can0 0CF00400#FF7D7F381300FFFF
(1785078746.574417) can0 0CF00400#FF7D7F101300FFFF
(1785078746.574593) can0 18F01D21#0B81198000AC1480
(1785078746.574931) can0 0CF00400#FF7D7F081300FFFF
(1785078746.575181) can0 19F10D13#3B8A015B0284005D
(1785078746.575239) can0 0CF00400#FF7D7F001300FFFF
(1785078746.576620) can0 0CF00400#FF7D7F081300FFFF
(1785078746.576680) can0 0CF00400#FF7D7F181300FFFF
(1785078746.576712) can0 09F112F8#FF431B0000FF7FFD
(1785078746.576736) can0 0CF00400#FF7D7F281300FFFF
(1785078746.576766) can0 18F01D21#6381198000AC1480
(1785078746.576787) can0 0CF00400#FF7D7F401300FFFF
(1785078746.577370) can0 19F10D13#3C8A015B0284005D
(1785078746.577431) can0 0CF00400#FF7D7F481300FFFF
(1785078746.577754) can0 0CF00400#FF7D7F481300FFFF
(1785078746.578008) can0 0CF00400#FF7D7F381300FFFF
(1785078746.579404) can0 0CF00400#FF7D7FE81200FFFF
(1785078746.579465) can0 18F01D21#6381198000AC1480
(1785078746.579526) can0 0CF00400#FF7D7FA81200FFFF
(1785078746.579566) can0 09F112F8#FF171B0000FF7FFD
(1785078746.579606) can0 19F10D13#3D8A015B0284005D
(1785078746.579645) can0 0CF00400#FF7D7FA81200FFFF
(1785078746.579684) can0 0CF00400#FF7D7FC01200FFFF
(1785078746.579724) can0 09F8021C#39FCB70CA800FFFF
(1785078746.579763) can0 09F8011C#A07E2718849E53C1
(1785078746.579802) can0 18FEE81C#5409100643643C81
(1785078746.580728) can0 0CF00400#FF7D7FD81200FFFF
(1785078746.580795) can0 0CF00400#FF7D7FE81200FFFF
(1785078746.580844) can0 18F01D21#6381198000AC1480
(1785078746.580902) can0 0CF00400#FF7D7FF81200FFFF
(1785078746.581347) can0 19F10D13#3E89015B0284005E
(1785078746.581408) can0 0CF00400#FF7D7F301300FFFF
(1785078746.581838) can0 18FF50E0#0000800080008001
(1785078746.581957) can0 09F112F8#FFEB1A0000FF7FFD
(1785078746.582023) can0 0CF00400#FF7D7F181300FFFF
(1785078746.582072) can0 0CF00400#FF7D7FE01200FFFF
(1785078746.582715) can0 0CF00400#FF7D7FD81200FFFF
(1785078746.582779) can0 18F01D21#6381198000AC1480
(1785078746.582822) can0 0CF00400#FF7D7FA01200FFFF
(1785078746.583308) can0 19F10D13#3F8A015B0284005D
(1785078746.583374) can0 0CF00400#FF7D7FB01200FFFF
(1785078746.583789) can0 0CF00400#FF7D7FA81200FFFF
(1785078746.584081) can0 0CF00400#FF7D7FA01200FFFF
(1785078746.585430) can0 0CF00400#FF7D7FC01200FFFF
(1785078746.585495) can0 09F112F8#FFC01A0000FF7FFD
(1785078746.585540) can0 18F01D21#6381198000AC1480
(1785078746.585581) can0 0CF00400#FF7D7FE01200FFFF
(1785078746.585636) can0 19F10D13#408A015B0284005D
(1785078746.585675) can0 0CF00400#FF7D7FE01200FFFF
(1785078746.585738) can0 0CF00400#FF7D7FD81200FFFF
(1785078746.586566) can0 0CF00400#FF7D7FD81200FFFF
(1785078746.586632) can0 0CF00400#FF7D7FD81200FFFF
(1785078746.586679) can0 18F01D21#6381198000AC1480
(1785078746.587161) can0 0CF00400#FF7D7FC81200FFFF
(1785078746.587234) can0 19F10D13#418A015B0284005D
(1785078746.587265) can0 0CF00400#FF7D7FC01200FFFF
(1785078746.587291) can0 09F112F8#FF8D1A0000FF7FFD
(1785078746.587847) can0 0CF00400#FF7D7FA81200FFFF
(1785078746.588139) can0 0CF00400#FF7D7FA01200FFFF
(1785078746.588438) can0 0CF00400#FF7D7FD01200FFFF
(1785078746.588710) can0 18F01D21#0B81198000AC1480
(1785078746.588777) can0 0CF00400#FF7D7FE81200FFFF
(1785078746.589206) can0 19F10D13#428A015B0284005D
(1785078746.589264) can0 0CF00400#FF7D7FF01200FFFF
(1785078746.589656) can0 0CF00400#FF7D7FE81200FFFF
(1785078746.589948) can0 09F8021C#3AFCB60CA900FFFF
(1785078746.590012) can0 09F8011C#C67E2718929E53C1
(1785078746.590068) can0 18FEE81C#5309180643643C81
(1785078746.590112) can0 09F112F8#FF611A0000FF7FFD
(1785078746.590151) can0 0CF00400#FF7D7FC81200FFFF
(1785078746.590902) can0 0CF00400#FF7D7F901200FFFF
(1785078746.590971) can0 18F01D21#0B81198000AC1480
(1785078746.591017) can0 0CF00400#FF7D7F801200FFFF
(1785078746.591135) can0 19F10D13#4389015B0284005E
(1785078746.591181) can0 0CF00400#FF7D7F881200FFFF
(1785078746.591855) can0 0CF00400#FF7D7F881200FFFF
(1785078746.592139) can0 0CF00400#FF7D7F881200FFFF
(1785078746.592442) can0 0CF00400#FF7D7FA01200FFFF
(1785078746.592711) can0 18F01D21#6381198000AC1480
(1785078746.592778) can0 09F112F8#FF2C1A0000FF7FFD
(1785078746.592823) can0 0CF00400#FF7D7FD01200FFFF
(1785078746.593355) can0 19F10D13#448A015B0284005D
(1785078746.593428) can0 0CF00400#FF7D7FE81200FFFF
(1785078746.593808) can0 0CF00400#FF7D7FE81200FFFF
(1785078746.594106) can0 0CF00400#FF7D7FC81200FFFF
(1785078746.595502) can0 0CF00400#FF7D7F801200FFFF
(1785078746.595567) can0 18F01D21#6381198000AC1480
(1785078746.595600) can0 0CF00400#FF7D7F481200FFFF
(1785078746.595624) can0 19F10D13#4589015B0284005E
(1785078746.595646) can0 0CF00400#FF7D7F501200FFFF
(1785078746.595675) can0 09F112F8#FF001A0000FF7FFD
(1785078746.595696) can0 0CF00400#FF7D7F581200FFFF
(1785078746.596528) can0 0CF00400#FF7D80601200FFFF
(1785078746.596591) can0 0CF00400#FF7D80781200FFFF
(1785078746.596625) can0 18F01D21#6381198000AC1480
(1785078746.597096) can0 0CF00400#FF7D80B01200FFFF
(1785078746.597160) can0 19F10D13#468A015B0284005D
(1785078746.597193) can0 0CF00400#FF7D7FC81200FFFF
(1785078746.597641) can0 0CF00400#FF7D80D81200FFFF
(1785078746.598988) can0 0CF00400#FF7D7FD01200FFFF
(1785078746.599062) can0 09F112F8#FFD6190000FF7FFD
(1785078746.599108) can0 0CF00400#FF7D7F981200FFFF
(1785078746.599149) can0 18F01D21#6381198000AC1480
(1785078746.599189) can0 0CF00400#FF7D7F881200FFFF
(1785078746.599228) can0 19F10D13#478B015B0284005D
(1785078746.599267) can0 0CF00400#FF7D7F981200FFFF
(1785078746.600136) can0 0CF00400#FF7D7FA81200FFFF
(1785078746.600198) can0 0CF00400#FF7D7FB81200FFFF
(1785078746.600232) can0 09F8021C#3BFCC40DAC00FFFF
(1785078746.600258) can0 09F8011C#F47E2718AC9E53C1
(1785078746.600280) can0 18FEE81C#190A380610643B81
(1785078746.600988) can0 0CF00400#FF7D7FB81200FFFF
(1785078746.601064) can0 18F01D21#6381198000AC1480
(1785078746.601101) can0 0CF00400#FF7D7FD81200FFFF
(1785078746.601126) can0 19F10D13#488A015B0284005D
(1785078746.601148) can0 09F112F8#FFB3190000FF7FFD
(1785078746.601244) can0 0CF00400#FF7D7FC81200FFFF
(1785078746.602062) can0 0CF00400#FF7D7FA81200FFFF
(1785078746.602128) can0 0CF00400#FF7D7FA01200FFFF
(1785078746.602489) can0 0CF00400#FF7D7FA81200FFFF
(1785078746.602552) can0 18F01D21#6381198000AC1480
(1785078746.602968) can0 0CF00400#FF7D7FA01200FFFF
(1785078746.603245) can0 19F10D13#498A015B0284005D
(1785078746.603313) can0 0CF00400#FF7D7F881200FFFF
(1785078746.603709) can0 0CF00400#FF7D7F701200FFFF
(1785078746.603981) can0 09F112F8#FF97190000FF7FFD
(1785078746.604059) can0 0CF00400#FF7D7F901200FFFF
(1785078746.604466) can0 0CF00400#FF7D7FC01200FFFF
(1785078746.604729) can0 18F01D21#6381198000AC1480
(1785078746.604793) can0 0CF00400#FF7D7FC81200FFFF
(1785078746.605203) can0 19F10D13#4A8A015B0284005D
(1785078746.605268) can0 0CF00400#FF7D7FC81200FFFF
(1785078746.605674) can0 0CF00400#FF7D7FC01200FFFF
(1785078746.607019) can0 0CF00400#FF7D7F981200FFFF
(1785078746.607092) can0 0CF00400#FF7D7FA01200FFFF
(1785078746.607125) can0 18F01D21#6381198000AC1480
(1785078746.607148) can0 09F112F8#FF75190000FF7FFD
(1785078746.607170) can0 0CF00400#FF7D7F981200FFFF
(1785078746.607191) can0 19F10D13#4B8A015B0284005D
(1785078746.607212) can0 0CF00400#FF7D7FA01200FFFF
(1785078746.608062) can0 0CF00400#FF7D7F901200FFFF
(1785078746.608127) can0 0CF00400#FF7D7F501200FFFF
(1785078746.608486) can0 0CF00400#FF7D7F701200FFFF
(1785078746.608603) can0 18F01D21#6381198000AC1480
(1785078746.608981) can0 0CF00400#FF7D7F901200FFFF
(1785078746.609261) can0 19F10D13#4C8B015B0284005D
(1785078746.609327) can0 0CF00400#FF7D7FB81200FFFF
(1785078746.609676) can0 09F112F8#FF51190000FF7FFD
(1785078746.609758) can0 0CF00400#FF7D7FE01200FFFF
(1785078746.610180) can0 0CF00400#FF7D7FC81200FFFF
(1785078746.610243) can0 09F8021C#3CFC340BAA00FFFF
(1785078746.610287) can0 09F8011C#327F2718CA9E53C1
(1785078746.610327) can0 18FEE81C#3808200600643C81
(1785078746.610423) can0 0CF00400#FF7D7FF01200FFFF
(1785078746.611111) can0 18F01D21#6381198000AC1480
(1785078746.611183) can0 0CF00400#FF7D7F001300FFFF
(1785078746.611230) can0 19F10D13#4D8A015B0284005D
(1785078746.611271) can0 0CF00400#FF7D7FF81200FFFF
(1785078746.611892) can0 0CF00400#FF7D7FF81200FFFF
(1785078746.612169) can0 0CF00400#FF7D7F081300FFFF
(1785078746.612236) can0 09F112F8#FF2F190000FF7FFD
(1785078746.612625) can0 0CF00400#FF7D7F001300FFFF
(1785078746.612684) can0 18F01D21#6381198000AC1480
(1785078746.613061) can0 0CF00400#FF7D7FF81200FFFF
(1785078746.613121) can0 19F10D13#4E8A015B0284005D
(1785078746.613482) can0 0CF00400#FF7D7F101300FFFF
(1785078746.613757) can0 0CF00400#FF7D7F281300FFFF
(1785078746.614076) can0 0CF00400#FF7D7F301300FFFF
(1785078746.615417) can0 0CF00400#FF7D7F181300FFFF
(1785078746.615480) can0 18F01D21#0B81198000AC1480
(1785078746.615524) can0 0CF00400#FF7D7F281300FFFF
(1785078746.615564) can0 09F112F8#FF04190000FF7FFD
(1785078746.615603) can0 19F10D13#4F8B015B0284005D
(1785078746.615642) can0 0CF00400#FF7D7F181300FFFF
(1785078746.615680) can0 0CF00400#FF7D7F281300FFFF
(1785078746.616566) can0 0CF00400#FF7D7F401300FFFF
(1785078746.616632) can0 0CF00400#FF7D7F481300FFFF
(1785078746.616680) can0 18F01D21#0B81198000AC1480
(1785078746.617163) can0 0CF00400#FF7D7F681300FFFF
(1785078746.617229) can0 19F10D13#508A015B0284005D
(1785078746.617275) can0 0CF00400#FF7D7F801300FFFF
(1785078746.617755) can0 0CF00400#FF7D7F781300FFFF
(1785078746.617834) can0 09F112F8#FFD4180000FF7FFD
(1785078746.618238) can0 0CF00400#FF7D7F681300FFFF
(1785078746.618515) can0 0CF00400#FF7D7F781300FFFF
(1785078746.618638) can0 18F01D21#6381198000AC1480
(1785078746.619029) can0 0CF00400#FF7D7F881300FFFF
(1785078746.619105) can0 19F10D13#518B015B0284005D
(1785078746.619465) can0 0CF00400#FF7D7F781300FFFF
(1785078746.619732) can0 0CF00400#FF7D7F601300FFFF
(1785078746.620050) can0 0CF00400#FF7D7F481300FFFF
(1785078746.621485) can0 09F8021C#3DFC490BAA00FFFF
(1785078746.621561) can0 09F8011C#627F2718E69E53C1
(1785078746.621639) can0 0CF00400#FF7D7F501300FFFF
(1785078746.621685) can0 18FEE81C#4708200600643C81
(1785078746.621726) can0 18F01D21#6381198000AC1480
(1785078746.621766) can0 09F112F8#FFA1180000FF7FFD
(1785078746.621805) can0 0CF00400#FF7D7F781300FFFF
(1785078746.621844) can0 19F10D13#528A015B0284005D
(1785078746.621883) can0 0CF00400#FF7D7F901300FFFF
(1785078746.621922) can0 0CF00400#FF7D7F601300FFFF
(1785078746.621976) can0 0CF00400#FF7D7F401300FFFF
(1785078746.623290) can0 0CF00400#FF7D7F281300FFFF
(1785078746.623362) can0 18F01D21#6381198000AC1480
(1785078746.623411) can0 0CF00400#FF7D7F101300FFFF
(1785078746.623454) can0 19F10D13#538A015B0284005D
(1785078746.623495) can0 0CF00400#FF7D7F001300FFFF
(1785078746.623535) can0 09F112F8#FF61180000FF7FFD
(1785078746.624343) can0 0CF00400#FF7D7F001300FFFF
(1785078746.624426) can0 0CF00400#FF7D7F001300FFFF
(1785078746.624473) can0 0CF00400#FF7D7F001300FFFF
(1785078746.624617) can0 18F01D21#6381198000AC1480
(1785078746.625173) can0 0CF00400#FF7D7F101300FFFF
(1785078746.625240) can0 19F10D13#548A015B0284005D
(1785078746.625286) can0 0CF00400#FF7D7F201300FFFF
(1785078746.625758) can0 0CF00400#FF7D7F201300FFFF
(1785078746.626066) can0 0CF00400#FF7D7F081300FFFF
(1785078746.626336) can0 09F112F8#FF1C180000FF7FFD
(1785078746.626404) can0 0CF00400#FF7D7FF01200FFFF
(1785078746.626792) can0 18F01D21#6381198000AC1480
(1785078746.626861) can0 0CF00400#FF7D7FF01200FFFF
(1785078746.627265) can0 19F10D13#558A015B0284005D
(1785078746.627327) can0 0CF00400#FF7D7FD81200FFFF
(1785078746.627725) can0 0CF00400#FF7D7FD81200FFFF
(1785078746.628029) can0 0CF00400#FF7D7FC81200FFFF
(1785078746.629461) can0 0CF00400#FF7D7FC81200FFFF
(1785078746.629526) can0 18F01D21#6381198000AC1480
(1785078746.629570) can0 0CF00400#FF7D7FE01200FFFF
(1785078746.629610) can0 09F112F8#FFE4170000FF7FFD
(1785078746.629650) can0 19F10D13#568A015B0284005D
(1785078746.629689) can0 0CF00400#FF7D7FE81200FFFF
(1785078746.629729) can0 0CF00400#FF7D7FB81200FFFF
(1785078746.630610) can0 0CF00400#FF7D7FA81200FFFF
(1785078746.630672) can0 0CF00400#FF7D7FA81200FFFF
(1785078746.630707) can0 09F8021C#3EFC500AB000FFFF
(1785078746.630733) can0 09F8011C#B67F27180E9F53C1
(1785078746.630756) can0 18F01D21#6381198000AC1480
(1785078746.630778) can0 18FEE81C#9107580600643C81
(1785078746.630798) can0 0CF00400#FF7D7FB01200FFFF
(1785078746.631688) can0 19F10D13#578A015B0284005D
(1785078746.631757) can0 0CF00400#FF7D7FB81200FFFF
(1785078746.631805) can0 0CF00400#FF7D7FA01200FFFF
(1785078746.632280) can0 09F112F8#FFA4170000FF7FFD
(1785078746.632365) can0 0CF00400#FF7D7FA01200FFFF
(1785078746.632410) can0 0CF00400#FF7D7FB81200FFFF
(1785078746.632859) can0 18F01D21#6381198000AC1480
(1785078746.632927) can0 0CF00400#FF7D7FC01200FFFF
(1785078746.633323) can0 19F10D13#588A015B0284005D
(1785078746.633388) can0 0CF00400#FF7D7FB01200FFFF
(1785078746.633794) can0 0CF00400#FF7D7F901200FFFF
(1785078746.634090) can0 0CF00400#FF7D7F981200FFFF
(1785078746.635500) can0 0CF00400#FF7D7FA01200FFFF
(1785078746.635563) can0 18F01D21#6381198000AC1480
(1785078746.635596) can0 09F112F8#FF6B170000FF7FFD
(1785078746.635620) can0 0CF00400#FF7D7FB81200FFFF
(1785078746.635641) can0 19F10D13#598B015B0284005D
(1785078746.635662) can0 0CF00400#FF7D7FD01200FFFF
(1785078746.635682) can0 0CF00400#FF7D7FD01200FFFF
(1785078746.636539) can0 0CF00400#FF7D7FD01200FFFF
(1785078746.636612) can0 0CF00400#FF7D7FE81200FFFF
(1785078746.636645) can0 18F01D21#6381198000AC1480
(1785078746.637096) can0 0CF00400#FF7D7FF01200FFFF
(1785078746.637162) can0 19F10D13#5A8A015B0284005D
(1785078746.637208) can0 0CF00400#FF7D7FF01200FFFF
(1785078746.637686) can0 09F112F8#FF2B170000FF7FFD
(1785078746.637747) can0 0CF00400#FF7D7F001300FFFF
(1785078746.638172) can0 0CF00400#FF7D7FD81200FFFF
(1785078746.638475) can0 0CF00400#FF7D7FC81200FFFF
(1785078746.638752) can0 18F01D21#6381198000AC1480
(1785078746.638819) can0 0CF00400#FF7D7FE81200FFFF
(1785078746.639237) can0 19F10D13#5B89015B0284005E
(1785078746.639296) can0 0CF00400#FF7D7F081300FFFF
(1785078746.639680) can0 0CF00400#FF7D7F181300FFFF
(1785078746.641031) can0 0CF00400#FF7D7F401300FFFF
(1785078746.641119) can0 09F112F8#FFEF160000FF7FFD
(1785078746.641163) can0 0CF00400#FF7D7F581300FFFF
(1785078746.641203) can0 18F01D21#6381198000AC1480
(1785078746.641242) can0 09F8021C#3FFC4E0AAC00FFFF
(1785078746.641281) can0 09F8011C#EE7F2718249F53C1
(1785078746.641320) can0 18FEE81C#8F073806E5633D81
(1785078746.641359) can0 0CF00400#FF7D7F681300FFFF
(1785078746.641397) can0 19F10D13#5C8A015B0284005D
(1785078746.641436) can0 0CF00400#FF7D7F601300FFFF
(1785078746.642479) can0 0CF00400#FF7D7F581300FFFF
(1785078746.642546) can0 0CF00400#FF7D7F401300FFFF
(1785078746.642592) can0 0CF00400#FF7D7F081300FFFF
(1785078746.642618) can0 18F01D21#6381198000AC1480
(1785078746.643028) can0 0CF00400#FF7D7F081300FFFF
(1785078746.643102) can0 19F10D13#5D8A015B0284005D
(1785078746.643412) can0 09F112F8#FFA6160000FF7FFD
(1785078746.643471) can0 0CF00400#FF7D7F001300FFFF
(1785078746.643793) can0 0CF00400#FF7D7F001300FFFF
(1785078746.644067) can0 0CF00400#FF7D7F201300FFFF
(1785078746.645459) can0 0CF00400#FF7D7F481300FFFF
(1785078746.645538) can0 18F01D21#6381198000AC1480
(1785078746.645583) can0 0CF00400#FF7D7F581300FFFF
(1785078746.645623) can0 19F10D13#5E8B015B0284005D
(1785078746.645663) can0 0CF00400#FF7D7F481300FFFF
(1785078746.645703) can0 0CF00400#FF7D7F381300FFFF
(1785078746.646281) can0 09F112F8#FF75160000FF7FFD
(1785078746.646343) can0 0CF00400#FF7D7F381300FFFF
(1785078746.646389) can0 0CF00400#FF7D7F201300FFFF
(1785078746.646797) can0 18F01D21#6381198000AC1480
(1785078746.646857) can0 0CF00400#FF7D7F281300FFFF
(1785078746.647219) can0 19F10D13#5F8B015B0284005D
(1785078746.647279) can0 0CF00400#FF7D7F281300FFFF
(1785078746.648675) can0 0CF00400#FF7D7F281300FFFF
(1785078746.648734) can0 0CF00400#FF7D7F381300FFFF
(1785078746.648778) can0 0CF00400#FF7D7F581300FFFF
(1785078746.648832) can0 18F01D21#6381198000AC1480
(1785078746.648871) can0 09F112F8#FF43160000FF7FFD
(1785078746.648911) can0 0CF00400#FF7D7F701300FFFF
(1785078746.649490) can0 19F10D13#608A015B0284005D
(1785078746.649551) can0 0CF00400#FF7D7F581300FFFF
(1785078746.649596) can0 0CF00400#FF7D7F081300FFFF
(1785078746.651058) can0 0CF00400#FF7D7EB81200FFFF
(1785078746.651127) can0 0CF00400#FF7D7F981200FFFF
(1785078746.651191) can0 18F01D21#6381198000AC1480
(1785078746.651232) can0 09F8021C#40FCDE09AC00FFFF
(1785078746.651272) can0 09F8011C#428027183E9F53C1
(1785078746.651311) can0 0CF00400#FF7D7F681200FFFF
(1785078746.651350) can0 18FEE81C#3D073806E0633C81
(1785078746.651389) can0 19F10D13#618A015B0284005D
(1785078746.651428) can0 0CF00400#FF7D7F581200FFFF
(1785078746.651528) can0 09F112F8#FF08160000FF7FFD
(1785078746.652510) can0 0CF00400#FF7D7F601200FFFF
(1785078746.652577) can0 0CF00400#FF7D7F601200FFFF
(1785078746.652626) can0 0CF00400#FF7D7F501200FFFF
(1785078746.652668) can0 18F01D21#6381198000AC1480
(1785078746.653123) can0 0CF00400#FF7D7F581200FFFF
(1785078746.653183) can0 19F10D13#628A015B0284005D
(1785078746.653227) can0 0CF00400#FF7D7F481200FFFF
(1785078746.653617) can0 0CF00400#FF7D7F481200FFFF
(1785078746.654934) can0 0CF00400#FF7D7F681200FFFF
(1785078746.654994) can0 09F112F8#FFD6150000FF7FFD
(1785078746.655038) can0 0CF00400#FF7D7F881200FFFF
(1785078746.655080) can0 18F01D21#6381198000AC1480
(1785078746.655143) can0 0CF00400#FF7D7F681200FFFF
(1785078746.655171) can0 19F10D13#638A015B0284005D
(1785078746.655192) can0 0CF00400#FF7D7F581200FFFF
(1785078746.655840) can0 0CF00400#FF7D7F581200FFFF
(1785078746.656127) can0 0CF00400#FF7D7F501200FFFF
(1785078746.657447) can0 0CF00400#FF7D7F881200FFFF
(1785078746.657509) can0 18F01D21#6381198000231880
(1785078746.657542) can0 0CF00400#FF7D7F901200FFFF
(1785078746.657575) can0 09F112F8#FF8F150000FF7FFD
(1785078746.657597) can0 19F10D13#6489015B0284005E
(1785078746.657617) can0 0CF00400#FF7D7F801200FFFF
(1785078746.657637) can0 0CF00400#FF7D7F701200FFFF
(1785078746.658344) can0 0CF00400#FF7D7F301200FFFF
(1785078746.658409) can0 0CF00400#FF7D7F181200FFFF
(1785078746.658693) can0 18F01D21#6381198000231880
(1785078746.658971) can0 0CF00400#FF7D7F181200FFFF
(1785078746.659113) can0 19F10D13#658A015B0284005D
(1785078746.659423) can0 0CF00400#FF7D7F381200FFFF
(1785078746.659669) can0 0CF00400#FF7D7F501200FFFF
(1785078746.659898) can0 09F112F8#FF59150000FF7FFD
(1785078746.660010) can0 0CF00400#FF7D7F481200FFFF
(1785078746.660402) can0 0CF00400#FF7D7F401200FFFF
(1785078746.660661) can0 18F01D21#6381198000231880
(1785078746.660933) can0 0CF00400#FF7D7F501200FFFF
(1785078746.660991) can0 09F8021C#41FCF308AB00FFFF
(1785078746.661036) can0 09F8011C#888027185C9F53C1
(1785078746.661088) can0 18FEE81C#91063006E0633C81
(1785078746.661112) can0 19F10D13#668A015B0284005D
(1785078746.661672) can0 0CF00400#FF7D7F581200FFFF
(1785078746.661731) can0 0CF00400#FF7D7F281200FFFF
(1785078746.662066) can0 0CF00400#FF7D7F301200FFFF
(1785078746.663377) can0 0CF00400#FF7D7F381200FFFF
(1785078746.663436) can0 09F112F8#FF20150000FF7FFD
(1785078746.663468) can0 18F01D21#6381198000231880
(1785078746.663493) can0 0CF00400#FF7D7F401200FFFF
(1785078746.663523) can0 19F10D13#678A015B0284005D
(1785078746.663543) can0 0CF00400#FF7D7F381200FFFF
(1785078746.664148) can0 0CF00400#FF7D7F481200FFFF
(1785078746.664210) can0 0CF00400#FF7D7F681200FFFF
(1785078746.664491) can0 0CF00400#FF7D7F701200FFFF
(1785078746.664730) can0 18F01D21#6381198000231880
(1785078746.664788) can0 0CF00400#FF7D7F801200FFFF
(1785078746.665159) can0 19F10D13#688A015B0284005D
(1785078746.665214) can0 0CF00400#FF7D7FA01200FFFF
(1785078746.665515) can0 09F112F8#FFEB140000FF7FFD
(1785078746.665627) can0 0CF00400#FF7D7FA01200FFFF
(1785078746.667030) can0 0CF00400#FF7D7FC01200FFFF
(1785078746.667101) can0 0CF00400#FF7D7FE01200FFFF
(1785078746.667133) can0 18F01D21#6381198000231880
(1785078746.667159) can0 0CF00400#FF7D7FE01200FFFF
(1785078746.667188) can0 19F10D13#698A015B0284005D
(1785078746.667209) can0 0CF00400#FF7D7FE01200FFFF
(1785078746.667755) can0 0CF00400#FF7D7FC81200FFFF
(1785078746.668032) can0 0CF00400#FF7D7FE81200FFFF
(1785078746.668150) can0 09F112F8#FFB2140000FF7FFD
(1785078746.668507) can0 0CF00400#FF7D7F001300FFFF
(1785078746.668583) can0 18F01D21#6381198000231880
(1785078746.668877) can0 0CF00400#FF7D7F181300FFFF
(1785078746.669101) can0 19F10D13#6A8A015B0284005D
(1785078746.669311) can0 0CF00400#FF7D7F281300FFFF
(1785078746.670574) can0 0CF00400#FF7D7FF01200FFFF
(1785078746.670619) can0 0CF00400#FF7D7FE81200FFFF
(1785078746.670647) can0 0CF00400#FF7D7FD01200FFFF
(1785078746.670671) can0 18F01D21#6381198000231880
(1785078746.671008) can0 0CF00400#FF7D7FC81200FFFF
(1785078746.671070) can0 09F8021C#42FCBC08AD00FFFF
(1785078746.671099) can0 09F8011C#E6802718789F53C1
(1785078746.671123) can0 18FEE81C#68064006E0633D81
(1785078746.671143) can0 19F10D13#6B8A015B0284005D
(1785078746.671484) can0 0CF00400#FF7D7FE81200FFFF
(1785078746.671533) can0 09F112F8#FF78140000FF7FFD
(1785078746.672005) can0 0CF00400#FF7D7F081300FFFF
(1785078746.672069) can0 0CF00400#FF7D7F081300FFFF
(1785078746.672691) can0 0CF00400#FF7D7FF01200FFFF
(1785078746.672742) can0 18F01D21#6381198000231880
(1785078746.672809) can0 0CF00400#FF7D7FF81200FFFF
(1785078746.673262) can0 19F10D13#6C8A015B0284005D
(1785078746.673312) can0 0CF00400#FF7D7FF01200FFFF
(1785078746.673674) can0 0CF00400#FF7D7FB81200FFFF
(1785078746.673723) can0 09F112F8#FF3B140000FF7FFD
(1785078746.674117) can0 0CF00400#FF7D7F901200FFFF
(1785078746.675423) can0 0CF00400#FF7D7F781200FFFF
(1785078746.675471) can0 18F01D21#6381198000231880
(1785078746.675499) can0 0CF00400#FF7D7F781200FFFF
(1785078746.675523) can0 19F10D13#6D8B015B0284005D
(1785078746.675545) can0 0CF00400#FF7D7F781200FFFF
(1785078746.676168) can0 0CF00400#FF7D7F801200FFFF
(1785078746.676226) can0 0CF00400#FF7D7F681200FFFF
(1785078746.676558) can0 0CF00400#FF7D7F781200FFFF
(1785078746.676616) can0 09F112F8#FF01140000FF7FFD
(1785078746.676658) can0 18F01D21#6381198000231880
(1785078746.677197) can0 0CF00400#FF7D7FA01200FFFF
(1785078746.677265) can0 19F10D13#6E8A015B0284005D
(1785078746.677311) can0 0CF00400#FF7D7FB81200FFFF
(1785078746.677816) can0 0CF00400#FF7D7F981200FFFF
(1785078746.678117) can0 0CF00400#FF7D7F801200FFFF
(1785078746.678426) can0 0CF00400#FF7D7F801200FFFF
(1785078746.678696) can0 18F01D21#6381198000231880
(1785078746.678817) can0 0CF00400#FF7D7F981200FFFF
(1785078746.679238) can0 19F10D13#6F8A015B0284005D
(1785078746.679299) can0 09F112F8#FFCF130000FF7FFD
(1785078746.679343) can0 0CF00400#FF7D7FB01200FFFF
(1785078746.679876) can0 0CF00400#FF7D7FC01200FFFF
(1785078746.680163) can0 0CF00400#FF7D7FD01200FFFF
(1785078746.680459) can0 0CF00400#FF7D7FF01200FFFF
(1785078746.680725) can0 18F01D21#6381198000231880
(1785078746.680792) can0 0CF00400#FF7D7F081300FFFF
(1785078746.681209) can0 19F10D13#7089015B0284005E
(1785078746.681274) can0 09F8021C#43FCD306A700FFFF
(1785078746.681319) can0 09F8011C#00812718769F53C1
(1785078746.681360) can0 0CF00400#FF7D7F181300FFFF
(1785078746.681399) can0 18FEE81C#51051006DC633D81
(1785078746.682150) can0 0CF00400#FF7D7F101300FFFF
(1785078746.682218) can0 09F112F8#FF98130000FF7FFD
(1785078746.682266) can0 0CF00400#FF7D7FD81200FFFF
(1785078746.682427) can0 0CF00400#FF7D7FC01200FFFF
(1785078746.682591) can0 18FF50E0#0000800080008002
(1785078746.683274) can0 18F01D21#6381198000231880
(1785078746.683334) can0 0CF00400#FF7D7FB81200FFFF
(1785078746.683369) can0 19F10D13#718A015B0284005D
(1785078746.683395) can0 0CF00400#FF7D7FC81200FFFF
(1785078746.683898) can0 0CF00400#FF7D7FE81200FFFF
(1785078746.684006) can0 0CF00400#FF7D7F081300FFFF
(1785078746.685467) can0 0CF00400#FF7D7F301300FFFF
(1785078746.685517) can0 18F01D21#6381198000231880
(1785078746.685545) can0 09F112F8#FF51130000FF7FFD
(1785078746.685569) can0 0CF00400#FF7D7F401300FFFF
(1785078746.685591) can0 19F10D13#728A015B0284005D
(1785078746.685612) can0 0CF00400#FF7D7F501300FFFF
(1785078746.685638) can0 0CF00400#FF7D7F601300FFFF
(1785078746.686479) can0 0CF00400#FF7D7F501300FFFF
(1785078746.686547) can0 0CF00400#FF7D7F301300FFFF
(1785078746.686591) can0 18F01D21#6381198000231880
(1785078746.687008) can0 0CF00400#FF7D7F581300FFFF
(1785078746.687077) can0 19F10D13#738A015B0284005D
(1785078746.687460) can0 0CF00400#FF7D7F601300FFFF
(1785078746.687513) can0 09F112F8#FF0C130000FF7FFD
(1785078746.687898) can0 0CF00400#FF7D7F401300FFFF
(1785078746.688121) can0 0CF00400#FF7D7F701300FFFF
(1785078746.688555) can0 0CF00400#FF7D7FA01300FFFF
(1785078746.688629) can0 18F01D21#6381198000231880
(1785078746.689035) can0 0CF00400#FF7D7FB81300FFFF
(1785078746.689106) can0 19F10D13#748A015B0284005D
(1785078746.689544) can0 0CF00400#FF7D7FA81300FFFF
(1785078746.689612) can0 0CF00400#FF7D7F801300FFFF
(1785078746.690022) can0 0CF00400#FF7D7F381300FFFF
(1785078746.690099) can0 09F112F8#FFD7120000FF7FFD
(1785078746.690461) can0 0CF00400#FF7D7F001300FFFF
(1785078746.690707) can0 18F01D21#6381198000231880
(1785078746.690771) can0 0CF00400#FF7D7F181300FFFF
(1785078746.691150) can0 19F10D13#758B015B0284005D
(1785078746.691217) can0 0CF00400#FF7D7F201300FFFF
(1785078746.691557) can0 09F8021C#44FC2808A600FFFF
(1785078746.691622) can0 09F8011C#448127187E9F53C1
(1785078746.691654) can0 18FEE81C#FC050006DC633D81
(1785078746.691678) can0 0CF00400#FF7D7F401300FFFF
(1785078746.692262) can0 0CF00400#FF7D7F701300FFFF
(1785078746.692530) can0 0CF00400#FF7D7F781300FFFF
(1785078746.692656) can0 18F01D21#6381198000231880
(1785078746.692990) can0 0CF00400#FF7D7F701300FFFF
(1785078746.693062) can0 09F112F8#FF95120000FF7FFD
(1785078746.693095) can0 19F10D13#768B015B0284005D
(1785078746.693529) can0 0CF00400#FF7D7F681300FFFF
(1785078746.693629) can0 0CF00400#FF7D7F481300FFFF
(1785078746.695136) can0 0CF00400#FF7D7F281300FFFF
(1785078746.695201) can0 0CF00400#FF7D7F201300FFFF
(1785078746.695235) can0 18F01D21#6381198000231880
(1785078746.695261) can0 0CF00400#FF7D7F201300FFFF
(1785078746.695283) can0 19F10D13#778A015B0284005D
(1785078746.695303) can0 0CF00400#FF7D7F081300FFFF
(1785078746.696057) can0 0CF00400#FF7D7F281300FFFF
(1785078746.696117) can0 09F112F8#FF4D120000FF7FFD
(1785078746.696156) can0 0CF00400#FF7D7F281300FFFF
(1785078746.696581) can0 0CF00400#FF7D7F181300FFFF
(1785078746.696630) can0 18F01D21#6381198000231880
(1785078746.696957) can0 0CF00400#FF7D7F201300FFFF
(1785078746.697177) can0 19F10D13#788A015B0284005D
(1785078746.697223) can0 0CF00400#FF7D7FF81200FFFF
(1785078746.698657) can0 0CF00400#FF7D7EA81200FFFF
(1785078746.698713) can0 0CF00400#FF7D7E801200FFFF
(1785078746.698740) can0 09F112F8#FF15120000FF7FFD
(1785078746.698764) can0 0CF00400#FF7D7F781200FFFF
(1785078746.698784) can0 18F01D21#6381198000231880
(1785078746.698804) can0 0CF00400#FF7D7F401200FFFF
(1785078746.699412) can0 19F10D13#798A015B0284005D
(1785078746.699463) can0 0CF00400#FF7D7F401200FFFF
(1785078746.699805) can0 0CF00400#FF7D7F481200FFFF
(1785078746.700058) can0 0CF00400#FF7D7F701200FFFF
(1785078746.701354) can0 0CF00400#FF7D7F881200FFFF
(1785078746.701401) can0 18F01D21#6381198000231880
(1785078746.701429) can0 0CF00400#FF7D7F701200FFFF
(1785078746.701453) can0 19F10D13#7A8A015B0284005D
(1785078746.701474) can0 09F112F8#FFD1110000FF7FFD
(1785078746.701495) can0 0CF00400#FF7D7F981200FFFF
(1785078746.701514) can0 09F8021C#45FC8706AB00FFFF
(1785078746.701534) can0 09F8011C#8C812718829F53C1
(1785078746.701554) can0 18FEE81C#CA043006CD633E81
(1785078746.702123) can0 0CF00400#FF7D7F681200FFFF
(1785078746.702177) can0 0CF00400#FF7D7F281200FFFF
(1785078746.703023) can0 0CF00400#FF7D7F101200FFFF
(1785078746.703090) can0 18F01D21#6381198000231880
(1785078746.703123) can0 0CF00400#FF7D7FF81100FFFF
(1785078746.703148) can0 19F10D13#7B8A015B0284005D
(1785078746.703170) can0 0CF00400#FF7D7F001200FFFF
(1785078746.704698) can0 0CF00400#FF7D7F081200FFFF
(1785078746.704747) can0 09F112F8#FF98110000FF7FFD
(1785078746.704777) can0 0CF00400#FF7D7F101200FFFF
(1785078746.704808) can0 0CF00400#FF7D7F201200FFFF
(1785078746.704831) can0 18F01D21#6381198000231880
(1785078746.704851) can0 0CF00400#FF7D7F201200FFFF
(1785078746.705429) can0 19F10D13#7C8A015B0284005D
(1785078746.705475) can0 0CF00400#FF7D7F101200FFFF
(1785078746.705812) can0 0CF00400#FF7D7F081200FFFF
(1785078746.706064) can0 0CF00400#FF7D7F281200FFFF
(1785078746.707460) can0 0CF00400#FF7D7F381200FFFF
(1785078746.707506) can0 09F112F8#FF5A110000FF7FFD
(1785078746.707534) can0 18F01D21#6381198000231880
(1785078746.707557) can0 0CF00400#FF7D7F301200FFFF
(1785078746.707579) can0 19F10D13#7D89015B0284005E
(1785078746.707601) can0 0CF00400#FF7D7F301200FFFF
(1785078746.707621) can0 0CF00400#FF7D7F381200FFFF
(1785078746.708337) can0 0CF00400#FF7D7F381200FFFF
(1785078746.708394) can0 0CF00400#FF7D7F481200FFFF
(1785078746.708802) can0 18F01D21#6381198000231880
(1785078746.708858) can0 0CF00400#FF7D7F601200FFFF
(1785078746.709198) can0 19F10D13#7E8A015B0284005D
(1785078746.709243) can0 0CF00400#FF7D7F601200FFFF
(1785078746.709270) can0 09F112F8#FF1A110000FF7FFD
(1785078746.709699) can0 0CF00400#FF7D7F481200FFFF
(1785078746.711096) can0 0CF00400#FF7D7F301200FFFF
(1785078746.711172) can0 0CF00400#FF7D7F401200FFFF
(1785078746.711205) can0 18F01D21#6381198000231880
(1785078746.711231) can0 0CF00400#FF7D7F581200FFFF
(1785078746.711253) can0 19F10D13#7F8A015B0284005D
(1785078746.711274) can0 0CF00400#FF7D80701200FFFF
(1785078746.712061) can0 09F8021C#46FCB304A900FFFF
(1785078746.712127) can0 09F8011C#B8812718869F53C1
(1785078746.712163) can0 0CF00400#FF7D80881200FFFF
(1785078746.712191) can0 18FEE81C#73031806CB633D81
(1785078746.712214) can0 0CF00400#FF7D7F901200FFFF
(1785078746.712235) can0 09F112F8#FFD8100000FF7FFD
(1785078746.712901) can0 0CF00400#FF7D7F901200FFFF
(1785078746.712972) can0 18F01D21#6381198000231880
(1785078746.713020) can0 0CF00400#FF7D7FA81200FFFF
(1785078746.713074) can0 19F10D13#8088015B0284005E
(1785078746.713482) can0 0CF00400#FF7D7FC81200FFFF
(1785078746.714075) can0 0CF00400#FF7D7FA01200FFFF
(1785078746.714149) can0 0CF00400#FF7D7F901200FFFF
(1785078746.714485) can0 0CF00400#FF7D7F801200FFFF
(1785078746.714714) can0 18F01D21#6381198000231880
(1785078746.714808) can0 0CF00400#FF7D7F881200FFFF
(1785078746.714845) can0 09F112F8#FF9E100000FF7FFD
(1785078746.715310) can0 19F10D13#818A015B0284005D
(1785078746.715359) can0 0CF00400#FF7D7F901200FFFF
(1785078746.715701) can0 0CF00400#FF7D7F881200FFFF
(1785078746.717000) can0 0CF00400#FF7D7F881200FFFF
(1785078746.717063) can0 0CF00400#FF7D7FA81200FFFF
(1785078746.717091) can0 18F01D21#8285198000D51A80
(1785078746.717114) can0 0CF00400#FF7D7FB01200FFFF
(1785078746.717136) can0 19F10D13#828C015B0284005C
(1785078746.717192) can0 0CF00400#FF7D7FA81200FFFF
(1785078746.717837) can0 09F112F8#FF66100000FF7FFD
(1785078746.717900) can0 0CF00400#FF7D7F881200FFFF
(1785078746.718240) can0 0CF00400#FF7D7FA81200FFFF
(1785078746.718462) can0 0CF00400#FF7D7FC01200FFFF
(1785078746.718675) can0 18F01D21#7BB2198000D51A80
(1785078746.718923) can0 0CF00400#FF7D7FE01200FFFF
(1785078746.719156) can0 19F10D13#838A015B0284005D
(1785078746.719210) can0 0CF00400#FF7D7FF81200FFFF
(1785078746.720577) can0 0CF00400#FF7D7FD81200FFFF
(1785078746.720623) can0 0CF00400#FF7D7FB01200FFFF
(1785078746.720651) can0 09F112F8#FF2F100000FF7FFD
(1785078746.720674) can0 0CF00400#FF7D7FC01200FFFF
(1785078746.720696) can0 18F01D21#11D2198000D51A80
(1785078746.721181) can0 0CF00400#FF7D7FE01200FFFF
(1785078746.721241) can0 19F10D13#848B015B0284005D
(1785078746.721270) can0 0CF00400#FF7D7FE81200FFFF
(1785078746.721628) can0 0CF00400#FF7D7FA81200FFFF
(1785078746.721834) can0 09F8021C#47FCF905A600FFFF
(1785078746.721889) can0 09F8011C#08822718929F53C1
(1785078746.721920) can0 18FEE81C#62040006CB633E81
(1785078746.722362) can0 0CF00400#FF7D7F801200FFFF
(1785078746.722415) can0 0CF00400#FF7D7F801200FFFF
(1785078746.722675) can0 18F01D21#1EF6198000D51A80
(1785078746.722900) can0 0CF00400#FF7D7F981200FFFF
(1785078746.722958) can0 09F112F8#FFF50F0000FF7FFD
(1785078746.723284) can0 19F10D13#8589015B0284005E
(1785078746.723331) can0 0CF00400#FF7D7FA81200FFFF
(1785078746.723623) can0 0CF00400#FF7D7FB81200FFFF
(1785078746.724911) can0 0CF00400#FF7D7FB01200FFFF
(1785078746.724957) can0 0CF00400#FF7D7FC01200FFFF
(1785078746.724985) can0 18F01D21#991D1A8000D51A80
(1785078746.725008) can0 0CF00400#FF7D7FC81200FFFF
(1785078746.725332) can0 19F10D13#8687015B0284005F
(1785078746.725376) can0 0CF00400#FF7D7FB81200FFFF
(1785078746.725848) can0 0CF00400#FF7D7FB81200FFFF
(1785078746.725913) can0 09F112F8#FFAF0F0000FF7FFD
(1785078746.726005) can0 0CF00400#FF7D7F801200FFFF
(1785078746.726406) can0 0CF00400#FF7D7F481200FFFF
(1785078746.726622) can0 18F01D21#1C461A8000D51A80
(1785078746.726869) can0 0CF00400#FF7D7F381200FFFF
(1785078746.727099) can0 19F10D13#8784015B02840061
(1785078746.727317) can0 0CF00400#FF7D7F481200FFFF
(1785078746.728682) can0 0CF00400#FF7D7F601200FFFF
(1785078746.728746) can0 0CF00400#FF7D7F901200FFFF
(1785078746.728781) can0 0CF00400#FF7D7F981200FFFF
(1785078746.728807) can0 09F112F8#FF680F0000FF7FFD
(1785078746.728830) can0 18F01D21#296A1A8000D51A80
(1785078746.728850) can0 0CF00400#FF7D7FB01200FFFF
(1785078746.729472) can0 19F10D13#8885015B02840060
(1785078746.729542) can0 0CF00400#FF7D7FE01200FFFF
(1785078746.729864) can0 0CF00400#FF7D7FD81200FFFF
(1785078746.730105) can0 0CF00400#FF7D7FC81200FFFF
(1785078746.731431) can0 0CF00400#FF7D7FC01200FFFF
(1785078746.731478) can0 18F01D21#2E8D1A8000D51A80
(1785078746.731505) can0 0CF00400#FF7D7FB01200FFFF
(1785078746.731529) can0 19F10D13#8983015B02840061
(1785078746.731550) can0 0CF00400#FF7D7FA81200FFFF
(1785078746.731569) can0 09F112F8#FF1F0F0000FF7FFD
(1785078746.731596) can0 0CF00400#FF7D7FA81200FFFF
(1785078746.732704) can0 0CF00400#FF7D7FA01200FFFF
(1785078746.732761) can0 09F8021C#48FC5704B100FFFF
(1785078746.732795) can0 09F8011C#468227189E9F53C1
(1785078746.732820) can0 18FEE81C#2F036006AD633E81
(1785078746.732842) can0 18FEE81C#2F036006AD633E81
(1785078746.732862) can0 0CF00400#FF7D7FA81200FFFF
(1785078746.732881) can0 18F01D21#A1B31A8000D51A80
(1785078746.732900) can0 0CF00400#FF7D7FB81200FFFF
(1785078746.733895) can0 19F10D13#8A81015B02840062
(1785078746.733962) can0 0CF00400#FF7D7FD81200FFFF
(1785078746.734023) can0 0CF00400#FF7D7F001300FFFF
(1785078746.734077) can0 09F112F8#FFCF0E0000FF7FFD
(1785078746.734119) can0 0CF00400#FF7D7FF01200FFFF
(1785078746.734691) can0 0CF00400#FF7D7FC81200FFFF
(1785078746.734746) can0 18F01D21#37D31A8000D51A80
(1785078746.734778) can0 0CF00400#FF7D7FD01200FFFF
(1785078746.735164) can0 19F10D13#8B81015B02840062
(1785078746.735219) can0 0CF00400#FF7D7F081300FFFF
(1785078746.736661) can0 0CF00400#FF7D7F081300FFFF
(1785078746.736705) can0 0CF00400#FF7D7F301300FFFF
(1785078746.736731) can0 0CF00400#FF7D7F501300FFFF
(1785078746.736755) can0 18F01D21#EFD41A8000D51A80
(1785078746.736776) can0 09F112F8#FF8A0E0000FF7FFD
(1785078746.736796) can0 0CF00400#FF7D7F601300FFFF
(1785078746.737420) can0 19F10D13#8C81015B02840062
(1785078746.737478) can0 0CF00400#FF7D7F581300FFFF
(1785078746.737881) can0 0CF00400#FF7D7F481300FFFF
(1785078746.738135) can0 0CF00400#FF7D7F001300FFFF
(1785078746.738471) can0 0CF00400#FF7D7FC81200FFFF
(1785078746.738695) can0 18F01D21#EFD41A8000D51A80
(1785078746.738961) can0 0CF00400#FF7D7FB81200FFFF
(1785078746.739177) can0 19F10D13#8D81015B02840062
(1785078746.739230) can0 0CF00400#FF7D7FA01200FFFF
(1785078746.739568) can0 09F112F8#FF470E0000FF7FFD
(1785078746.739632) can0 0CF00400#FF7D7F781200FFFF
(1785078746.741029) can0 0CF00400#FF7D7F801200FFFF
(1785078746.741088) can0 0CF00400#FF7D7FA81200FFFF
(1785078746.741116) can0 18F01D21#EFD41A8000D51A80
(1785078746.741139) can0 0CF00400#FF7D7FD81200FFFF
(1785078746.741161) can0 19F10D13#8E80015B02840063
(1785078746.741181) can0 0CF00400#FF7D7FF81200FFFF
(1785078746.741776) can0 0CF00400#FF7D7F081300FFFF
(1785078746.742153) can0 0CF00400#FF7D7FF01200FFFF
(1785078746.742210) can0 09F112F8#FF060E0000FF7FFD
(1785078746.742275) can0 09F8021C#49FCEB03A800FFFF
(1785078746.742305) can0 09F8011C#9A822718B29F53C1
(1785078746.742777) can0 18FEE81C#E0021006AC633D81
(1785078746.742827) can0 0CF00400#FF7D7FC01200FFFF
(1785078746.742857) can0 18F01D21#EFD41A8000D51A80
(1785078746.742882) can0 0CF00400#FF7D7FB81200FFFF
(1785078746.743369) can0 19F10D13#8F81015B02840062
(1785078746.743426) can0 0CF00400#FF7D7FC01200FFFF
(1785078746.743773) can0 0CF00400#FF7D7F981200FFFF
(1785078746.744055) can0 0CF00400#FF7D7FA81200FFFF
(1785078746.745326) can0 0CF00400#FF7D7FB81200FFFF
(1785078746.745378) can0 18F01D21#EFD41A8000D51A80
(1785078746.745412) can0 0CF00400#FF7D7FB81200FFFF
(1785078746.745439) can0 09F112F8#FFCD0D0000FF7FFD
(1785078746.745464) can0 19F10D13#9080015B02840063
(1785078746.745488) can0 0CF00400#FF7D7FC81200FFFF
(1785078746.746139) can0 0CF00400#FF7D7FD81200FFFF
(1785078746.746205) can0 0CF00400#FF7D7FB81200FFFF
(1785078746.746613) can0 0CF00400#FF7D7FA81200FFFF
(1785078746.746694) can0 18F01D21#EFD41A8000D51A80
(1785078746.747075) can0 0CF00400#FF7D7FC01200FFFF
(1785078746.747137) can0 19F10D13#9180015B02840063
(1785078746.747173) can0 0CF00400#FF7D7FD81200FFFF
(1785078746.748668) can0 0CF00400#FF7D7FA81200FFFF
(1785078746.748734) can0 09F112F8#FF830D0000FF7FFD
(1785078746.748766) can0 0CF00400#FF7D7F981200FFFF
(1785078746.748793) can0 0CF00400#FF7D7F981200FFFF
(1785078746.748818) can0 18F01D21#EFD41A8000D51A80
(1785078746.748841) can0 0CF00400#FF7D7FA01200FFFF
(1785078746.749449) can0 19F10D13#9280015B02840063
(1785078746.749516) can0 0CF00400#FF7D7F881200FFFF
(1785078746.749865) can0 0CF00400#FF7D7F681200FFFF
(1785078746.750012) can0 0CF00400#FF7D7F381200FFFF
(1785078746.751513) can0 0CF00400#FF7D7F281200FFFF
(1785078746.751587) can0 09F112F8#FF330D0000FF7FFD
(1785078746.751627) can0 18F01D21#EFD41A8000D51A80
(1785078746.751657) can0 0CF00400#FF7D7F381200FFFF
(1785078746.751684) can0 19F10D13#9380015B02840063
(1785078746.751709) can0 0CF00400#FF7D7F301200FFFF
(1785078746.751732) can0 0CF00400#FF7D7F481200FFFF
(1785078746.752540) can0 0CF00400#FF7D7F501200FFFF
(1785078746.752593) can0 0CF00400#FF7D7F501200FFFF
(1785078746.752625) can0 09F8021C#4AFC7204AB00FFFF
(1785078746.752651) can0 09F8011C#BC822718B69F53C1
(1785078746.752675) can0 18F01D21#EFD41A8000D51A80
(1785078746.752698) can0 18FEE81C#43032806A3633C81
(1785078746.753328) can0 0CF00400#FF7D7F601200FFFF
(1785078746.753384) can0 19F10D13#9480015B02840063
(1785078746.753415) can0 0CF00400#FF7D7F981200FFFF
(1785078746.753441) can0 09F112F8#FFE00C0000FF7FFD
(1785078746.754256) can0 0CF00400#FF7D7F981200FFFF
(1785078746.754366) can0 0CF00400#FF7D7F781200FFFF
(1785078746.754416) can0 0CF00400#FF7D7F581200FFFF
(1785078746.754696) can0 18F01D21#EFD41A8000D51A80
(1785078746.754800) can0 0CF00400#FF7D7F481200FFFF
(1785078746.755487) can0 19F10D13#9580015B02840063
(1785078746.755569) can0 0CF00400#FF7D7F301200FFFF
(1785078746.755613) can0 0CF00400#FF7D7F401200FFFF
(1785078746.756168) can0 0CF00400#FF7D7F581200FFFF
(1785078746.756237) can0 09F112F8#FF840C0000FF7FFD
(1785078746.756653) can0 0CF00400#FF7D80681200FFFF
(1785078746.756718) can0 18F01D21#EFD41A8000D51A80
(1785078746.756809) can0 0CF00400#FF7D80881200FFFF
(1785078746.757326) can0 19F10D13#9680015B02840063
(1785078746.757403) can0 0CF00400#FF7D7FC81200FFFF
(1785078746.757812) can0 0CF00400#FF7D7FC01200FFFF
(1785078746.758117) can0 0CF00400#FF7D7FB81200FFFF
(1785078746.758400) can0 0CF00400#FF7D7FE01200FFFF
(1785078746.758670) can0 18F01D21#EFD41A8000D51A80
(1785078746.758765) can0 0CF00400#FF7D7FF01200FFFF
(1785078746.759182) can0 09F112F8#FF2D0C0000FF7FFD
(1785078746.759259) can0 19F10D13#9780015B02840063
(1785078746.759301) can0 0CF00400#FF7D7F181300FFFF
(1785078746.759857) can0 0CF00400#FF7D7F401300FFFF
(1785078746.760183) can0 0CF00400#FF7D7F501300FFFF
(1785078746.760475) can0 0CF00400#FF7D7F381300FFFF
(1785078746.760743) can0 18F01D21#EFD41A8000D51A80
(1785078746.760818) can0 0CF00400#FF7D7F281300FFFF
(1785078746.761238) can0 19F10D13#9880015B02840063
(1785078746.761313) can0 0CF00400#FF7D7F501300FFFF
(1785078746.761707) can0 0CF00400#FF7D7F581300FFFF
(1785078746.761780) can0 09F112F8#FFDD0B0000FF7FFD
(1785078746.762232) can0 0CF00400#FF7D7F301300FFFF
(1785078746.762495) can0 0CF00400#FF7D7F181300FFFF
(1785078746.762759) can0 18F01D21#EFD41A8000D51A80
(1785078746.762834) can0 09F8021C#4BFCBE02A800FFFF
(1785078746.762875) can0 09F8011C#18832718BC9F53C1
(1785078746.762908) can0 0CF00400#FF7D7F181300FFFF
(1785078746.762938) can0 18FEE81C#03021006A2633D81
(1785078746.763611) can0 19F10D13#9981015B02840062
(1785078746.763690) can0 0CF00400#FF7D7F201300FFFF
(1785078746.763733) can0 0CF00400#FF7D7F201300FFFF
(1785078746.764391) can0 0CF00400#FF7D7F181300FFFF
(1785078746.764490) can0 0CF00400#FF7D7F281300FFFF
(1785078746.764531) can0 09F112F8#FF8F0B0000FF7FFD
(1785078746.764843) can0 18F01D21#EFD41A8000D51A80
(1785078746.764906) can0 0CF00400#FF7D7F481300FFFF
(1785078746.767115) can0 19F10D13#9A80015B02840063
(1785078746.767200) can0 0CF00400#FF7D7F681300FFFF
(1785078746.767251) can0 0CF00400#FF7D7F581300FFFF
(1785078746.767290) can0 0CF00400#FF7D7F481300FFFF
(1785078746.767342) can0 0CF00400#FF7D7F401300FFFF
(1785078746.767374) can0 18F01D21#EFD41A8000D51A80
(1785078746.767403) can0 0CF00400#FF7D7F301300FFFF
(1785078746.767430) can0 19F10D13#9B80015B02840063
(1785078746.767458) can0 0CF00400#FF7D7F201300FFFF
(1785078746.767485) can0 09F112F8#FF460B0000FF7FFD
(1785078746.769836) can0 0CF00400#FF7D7F101300FFFF
(1785078746.769928) can0 0CF00400#FF7D7F001300FFFF
(1785078746.769992) can0 0CF00400#FF7D7FE81200FFFF
(1785078746.770030) can0 18F01D21#EFD41A8000D51A80
(1785078746.770097) can0 0CF00400#FF7D7FF81200FFFF
(1785078746.770131) can0 19F10D13#9C80015B02840063
(1785078746.770160) can0 0CF00400#FF7D7F081300FFFF
(1785078746.770263) can0 0CF00400#FF7D7FD81200FFFF
(1785078746.770293) can0 0CF00400#FF7D7FA81200FFFF
(1785078746.770322) can0 09F112F8#FFF70A0000FF7FFD
(1785078746.771931) can0 0CF00400#FF7D7FA81200FFFF
(1785078746.772016) can0 18F01D21#EFD41A8000D51A80
(1785078746.772079) can0 0CF00400#FF7D7FA81200FFFF
(1785078746.772118) can0 19F10D13#9D80015B02840063
(1785078746.772150) can0 0CF00400#FF7D7FA01200FFFF
(1785078746.772180) can0 0CF00400#FF7D7FA81200FFFF
(1785078746.772209) can0 0CF00400#FF7D7FC81200FFFF
(1785078746.774300) can0 0CF00400#FF7D7FF01200FFFF
