(1785078686.627468) can0 18F01D21#B4241C8000D11580
(1785078686.627885) can0 09F112F8#FFFF1D0000FF7FFD
(1785078686.627962) can0 0CF00400#FF7D7F001200FFFF
(1785078686.628002) can0 19F10D13#0D70015B0284006C
(1785078686.628462) can0 0CF00400#FF7D7FC81100FFFF
(1785078686.628669) can0 0CF00400#FF7D7F901100FFFF
(1785078686.629969) can0 0CF00400#FF7D7F881100FFFF
(1785078686.630011) can0 0CF00400#FF7D7FA01100FFFF
(1785078686.630036) can0 18F01D21#4BF41B8000D11580
(1785078686.630073) can0 0CF00400#FF7D80C81100FFFF
(1785078686.630100) can0 19F10D13#0E73015B0284006A
(1785078686.630117) can0 0CF00400#FF7D80F81100FFFF
(1785078686.630818) can0 09F112F8#FFFF1D0000FF7FFD
(1785078686.630876) can0 0CF00400#FF7D80181200FFFF
(1785078686.630940) can0 0CF00400#FF7D80001200FFFF
(1785078686.632127) can0 0CF00400#FF7D80E01100FFFF
(1785078686.632192) can0 18F01D21#FAC61B8000D11580
(1785078686.632221) can0 0CF00400#FF7D80D01100FFFF
(1785078686.632248) can0 19F10D13#0F74015B02840069
(1785078686.632278) can0 0CF00400#FF7D80E81100FFFF
(1785078686.632931) can0 0CF00400#FF7D80F81100FFFF
(1785078686.632985) can0 0CF00400#FF7D80081200FFFF
(1785078686.633022) can0 09F8021C#2FFC520FAB00FFFF
(1785078686.633068) can0 09F8011C#A27C2718589D53C1
(1785078686.633106) can0 18FEE81C#3D0B30061E644581
(1785078686.633762) can0 09F112F8#FF041E0000FF7FFD
(1785078686.633822) can0 0CF00400#FF7D80301200FFFF
(1785078686.633860) can0 18F01D21#6B911B8000D11580
(1785078686.633893) can0 0CF00400#FF7D80601200FFFF
(1785078686.634344) can0 19F10D13#1076015B02840068
(1785078686.634388) can0 0CF00400#FF7D80901200FFFF
(1785078686.634684) can0 0CF00400#FF7D80C01200FFFF
(1785078686.636166) can0 0CF00400#FF7D80D01200FFFF
(1785078686.636386) can0 0CF00400#FF7D80C01200FFFF
(1785078686.636496) can0 18F01D21#56551B8000D11580
(1785078686.636567) can0 0CF00400#FF7D80B01200FFFF
(1785078686.636649) can0 09F112F8#FF0F1E0000FF7FFD
(1785078686.636708) can0 19F10D13#1179015B02840067
(1785078686.636762) can0 0CF00400#FF7D80A81200FFFF
(1785078686.636843) can0 0CF00400#FF7D80E81200FFFF
(1785078686.637029) can0 0CF00400#FF7D80101300FFFF
(1785078686.638796) can0 0CF00400#FF7D80301300FFFF
(1785078686.638952) can0 18F01D21#7A151B8000AC1480
(1785078686.639090) can0 0CF00400#FF7D80581300FFFF
(1785078686.639194) can0 19F10D13#127B015B02840066
(1785078686.639259) can0 0CF00400#FF7D80781300FFFF
(1785078686.639318) can0 0CF00400#FF7D80781300FFFF
(1785078686.639373) can0 09F112F8#FF131E0000FF7FFD
(1785078686.639429) can0 0CF00400#FF7D7F601300FFFF
(1785078686.639483) can0 0CF00400#FF7D7F681300FFFF
(1785078686.639536) can0 18F01D21#DFBB1A8000AC1480
(1785078686.642623) can0 0CF00400#FF7D7F501300FFFF
(1785078686.642755) can0 19F10D13#137F015B02840063
(1785078686.642821) can0 0CF00400#FF7D7F281300FFFF
(1785078686.642872) can0 0CF00400#FF7D7F181300FFFF
(1785078686.642917) can0 0CF00400#FF7D7F101300FFFF
(1785078686.642958) can0 0CF00400#FF7D7F081300FFFF
(1785078686.642996) can0 18F01D21#3F561A8000AC1480
(1785078686.643033) can0 09F112F8#FF121E0000FF7FFD
(1785078686.643099) can0 0CF00400#FF7D7F201300FFFF
(1785078686.643149) can0 19F10D13#1482015B02840062
(1785078686.643186) can0 0CF00400#FF7D7F381300FFFF
(1785078686.643222) can0 0CF00400#FF7D7F481300FFFF
(1785078686.643258) can0 0CF00400#FF7D7F581300FFFF
(1785078686.643293) can0 09F8021C#30FC510DA900FFFF
(1785078686.643329) can0 09F8011C#C87C2718769D53C1
(1785078686.643363) can0 18FEE81C#C50918061E644381
(1785078686.643398) can0 0CF00400#FF7D7F381300FFFF
(1785078686.644171) can0 18F01D21#ABFD198000AC1480
(1785078686.644262) can0 0CF00400#FF7D7F201300FFFF
(1785078686.644344) can0 19F10D13#1585015B02840060
(1785078686.644387) can0 0CF00400#FF7D7F301300FFFF
(1785078686.644429) can0 09F112F8#FF091E0000FF7FFD
(1785078686.645202) can0 0CF00400#FF7D7F401300FFFF
(1785078686.645278) can0 0CF00400#FF7D7F201300FFFF
(1785078686.645354) can0 0CF00400#FF7D7F381300FFFF
(1785078686.646560) can0 18F01D21#59B9198000AC1480
(1785078686.646694) can0 0CF00400#FF7D7F601300FFFF
(1785078686.646815) can0 19F10D13#1689015B0284005E
(1785078686.646895) can0 0CF00400#FF7D7F601300FFFF
(1785078686.646963) can0 0CF00400#FF7D7F581300FFFF
(1785078686.647031) can0 0CF00400#FF7D7F281300FFFF
(1785078686.647125) can0 09F112F8#FFFB1D0000FF7FFD
(1785078686.649420) can0 0CF00400#FF7D7F001300FFFF
(1785078686.649511) can0 18F01D21#ED93198000AC1480
(1785078686.649561) can0 0CF00400#FF7D7FF81200FFFF
(1785078686.649601) can0 19F10D13#1789015B0284005E
(1785078686.649645) can0 0CF00400#FF7D7FF01200FFFF
(1785078686.649676) can0 0CF00400#FF7D7FC81200FFFF
(1785078686.649704) can0 0CF00400#FF7D7FA81200FFFF
(1785078686.649731) can0 0CF00400#FF7D7FA81200FFFF
(1785078686.649757) can0 18F01D21#D284198000AC1480
(1785078686.649784) can0 0CF00400#FF7D7FA01200FFFF
(1785078686.651955) can0 09F112F8#FFEB1D0000FF7FFD
(1785078686.652071) can0 19F10D13#188A015B0284005D
(1785078686.652148) can0 0CF00400#FF7D7FB01200FFFF
(1785078686.652187) can0 0CF00400#FF7D7FC81200FFFF
(1785078686.652218) can0 0CF00400#FF7D7FC01200FFFF
(1785078686.652247) can0 0CF00400#FF7D7FA81200FFFF
(1785078686.652275) can0 18F01D21#7283198000AC1480
(1785078686.652302) can0 0CF00400#FF7D7F781200FFFF
(1785078686.652366) can0 19F10D13#1989015B0284005E
(1785078686.652451) can0 0CF00400#FF7D7F901200FFFF
(1785078686.652582) can0 0CF00400#FF7D7FA01200FFFF
(1785078686.652641) can0 09F112F8#FFD31D0000FF7FFD
(1785078686.653986) can0 0CF00400#FF7D7FB01200FFFF
(1785078686.654069) can0 09F8021C#31FC1D0EA800FFFF
(1785078686.654114) can0 09F8011C#F27C27188C9D53C1
(1785078686.654161) can0 0CF00400#FF7D7FC01200FFFF
(1785078686.654215) can0 18FEE81C#5A0A10061E644381
(1785078686.654245) can0 18F01D21#6B82198000AC1480
(1785078686.654269) can0 0CF00400#FF7D7FB81200FFFF
(1785078686.654291) can0 19F10D13#1A89015B0284005E
(1785078686.654313) can0 0CF00400#FF7D7FA81200FFFF
(1785078686.655162) can0 0CF00400#FF7D7F981200FFFF
(1785078686.655222) can0 0CF00400#FF7D7F801200FFFF
(1785078686.655496) can0 0CF00400#FF7D7F401200FFFF
(1785078686.655550) can0 09F112F8#FFBD1D0000FF7FFD
(1785078686.655582) can0 18F01D21#6B82198000AC1480
(1785078686.655991) can0 0CF00400#FF7D7F401200FFFF
(1785078686.656058) can0 19F10D13#1B8A015B0284005D
(1785078686.656102) can0 0CF00400#FF7D7F481200FFFF
(1785078686.656531) can0 0CF00400#FF7D7F501200FFFF
(1785078686.657906) can0 0CF00400#FF7D7F701200FFFF
(1785078686.657976) can0 0CF00400#FF7D7F781200FFFF
(1785078686.658013) can0 18F01D21#1382198000AC1480
(1785078686.658055) can0 0CF00400#FF7D7F981200FFFF
(1785078686.658085) can0 19F10D13#1C8A015B0284005D
(1785078686.658109) can0 0CF00400#FF7D7FC81200FFFF
(1785078686.658766) can0 09F112F8#FFA51D0000FF7FFD
(1785078686.658819) can0 0CF00400#FF7D7FE81200FFFF
(1785078686.659217) can0 0CF00400#FF7D7FC01200FFFF
(1785078686.659489) can0 0CF00400#FF7D7F981200FFFF
(1785078686.659563) can0 18F01D21#1382198000AC1480
(1785078686.660056) can0 0CF00400#FF7D7FB81200FFFF
(1785078686.660112) can0 19F10D13#1D8B015B0284005D
(1785078686.660146) can0 0CF00400#FF7D7FC01200FFFF
(1785078686.660564) can0 0CF00400#FF7D7FC81200FFFF
(1785078686.661827) can0 0CF00400#FF7D7FD01200FFFF
(1785078686.661872) can0 09F112F8#FF921D0000FF7FFD
(1785078686.661898) can0 0CF00400#FF7D7FA81200FFFF
(1785078686.661921) can0 18F01D21#BB81198000AC1480
(1785078686.661942) can0 0CF00400#FF7D7FA01200FFFF
(1785078686.662018) can0 19F10D13#1E8A015B0284005D
(1785078686.662251) can0 0CF00400#FF7D7FC01200FFFF
(1785078686.662838) can0 0CF00400#FF7D7FD01200FFFF
(1785078686.662948) can0 0CF00400#FF7D7FC81200FFFF
(1785078686.664461) can0 0CF00400#FF7D7FE01200FFFF
(1785078686.664532) can0 09F8021C#32FC720EAA00FFFF
(1785078686.664568) can0 09F8011C#427D2718BC9D53C1
(1785078686.664592) can0 18F01D21#6381198000AC1480
(1785078686.664654) can0 18FEE81C#990A200620644281
(1785078686.664676) can0 0CF00400#FF7D7FF01200FFFF
(1785078686.664702) can0 09F112F8#FF831D0000FF7FFD
(1785078686.664742) can0 19F10D13#1F89015B0284005E
(1785078686.664774) can0 0CF00400#FF7D7FF81200FFFF
(1785078686.664801) can0 0CF00400#FF7D7FE81200FFFF
(1785078686.665763) can0 0CF00400#FF7D7FE01200FFFF
(1785078686.665825) can0 0CF00400#FF7D7FD81200FFFF
(1785078686.665865) can0 18F01D21#6381198000AC1480
(1785078686.665900) can0 0CF00400#FF7D7FD01200FFFF
(1785078686.666279) can0 19F10D13#208B015B0284005D
(1785078686.666328) can0 0CF00400#FF7D7FD81200FFFF
(1785078686.666664) can0 0CF00400#FF7D7FF01200FFFF
(1785078686.666714) can0 09F112F8#FF781D0000FF7FFD
(1785078686.667032) can0 0CF00400#FF7D7FF81200FFFF
(1785078686.668317) can0 0CF00400#FF7D7FF81200FFFF
(1785078686.668363) can0 18F01D21#6381198000AC1480
(1785078686.668388) can0 0CF00400#FF7D7FF81200FFFF
(1785078686.668408) can0 19F10D13#218A015B0284005D
(1785078686.668426) can0 0CF00400#FF7D7FF01200FFFF
(1785078686.668858) can0 0CF00400#FF7D7FE81200FFFF
(1785078686.668910) can0 0CF00400#FF7D7FE81200FFFF
(1785078686.670243) can0 09F112F8#FF6C1D0000FF7FFD
(1785078686.670293) can0 0CF00400#FF7D7FF01200FFFF
(1785078686.670320) can0 18F01D21#6381198000AC1480
(1785078686.670339) can0 0CF00400#FF7D7F001300FFFF
(1785078686.670356) can0 19F10D13#2289015B0284005E
(1785078686.670372) can0 0CF00400#FF7D7F101300FFFF
(1785078686.670983) can0 0CF00400#FF7D7F101300FFFF
(1785078686.671036) can0 0CF00400#FF7D7FF01200FFFF
(1785078686.672343) can0 0CF00400#FF7D7FD81200FFFF
(1785078686.672388) can0 18F01D21#6381198000AC1480
(1785078686.672412) can0 0CF00400#FF7D7FD01200FFFF
(1785078686.672430) can0 19F10D13#238A015B0284005D
(1785078686.672446) can0 09F112F8#FF571D0000FF7FFD
(1785078686.672461) can0 0CF00400#FF7D7FD01200FFFF
(1785078686.672957) can0 0CF00400#FF7D7FD81200FFFF
(1785078686.673013) can0 0CF00400#FF7D7FD01200FFFF
(1785078686.674364) can0 0CF00400#FF7D7FD81200FFFF
(1785078686.674409) can0 18F01D21#6381198000AC1480
(1785078686.674433) can0 09F8021C#33FC3F0EAC00FFFF
(1785078686.674450) can0 09F8011C#7C7D2718E29D53C1
(1785078686.674466) can0 18FEE81C#730A380620644181
(1785078686.674481) can0 0CF00400#FF7D7FF81200FFFF
(1785078686.674496) can0 19F10D13#248A015B0284005D
(1785078686.674510) can0 0CF00400#FF7D7F181300FFFF
(1785078686.674529) can0 0CF00400#FF7D7F181300FFFF
(1785078686.675219) can0 09F112F8#FF3C1D0000FF7FFD
(1785078686.675268) can0 0CF00400#FF7D7FF81200FFFF
(1785078686.675348) can0 0CF00400#FF7D7FF01200FFFF
(1785078686.675647) can0 18F01D21#6381198000AC1480
(1785078686.675771) can0 0CF00400#FF7D7FD01200FFFF
(1785078686.676060) can0 19F10D13#258A015B0284005D
(1785078686.676103) can0 0CF00400#FF7D7FE01200FFFF
(1785078686.677406) can0 0CF00400#FF7D7FC81200FFFF
(1785078686.677457) can0 0CF00400#FF7D7F901200FFFF
(1785078686.677480) can0 0CF00400#FF7D7FA01200FFFF
(1785078686.677498) can0 09F112F8#FF231D0000FF7FFD
(1785078686.677514) can0 18F01D21#6381198000AC1480
(1785078686.677896) can0 0CF00400#FF7D7FA81200FFFF
(1785078686.678082) can0 19F10D13#268A015B0284005D
(1785078686.678123) can0 0CF00400#FF7D7FB81200FFFF
(1785078686.679426) can0 0CF00400#FF7D7FB01200FFFF
(1785078686.679473) can0 0CF00400#FF7D7F801200FFFF
(1785078686.679494) can0 0CF00400#FF7D7F681200FFFF
(1785078686.679510) can0 18F01D21#0B81198000AC1480
(1785078686.679839) can0 0CF00400#FF7D7F601200FFFF
(1785078686.680064) can0 19F10D13#2789015B0284005E
(1785078686.680110) can0 0CF00400#FF7D7F701200FFFF
(1785078686.680315) can0 09F112F8#FF071D0000FF7FFD
(1785078686.680585) can0 0CF00400#FF7D7F581200FFFF
(1785078686.681939) can0 0CF00400#FF7D7F201200FFFF
(1785078686.682010) can0 0CF00400#FF7D7F401200FFFF
(1785078686.682054) can0 18F01D21#6381198000AC1480
(1785078686.682086) can0 0CF00400#FF7D7F681200FFFF
(1785078686.682114) can0 19F10D13#288A015B0284005D
(1785078686.682142) can0 0CF00400#FF7D7F901200FFFF
(1785078686.682571) can0 0CF00400#FF7D7F981200FFFF
(1785078686.683851) can0 0CF00400#FF7D7F901200FFFF
(1785078686.683893) can0 09F112F8#FFE61C0000FF7FFD
(1785078686.683924) can0 0CF00400#FF7D7F301200FFFF
(1785078686.683952) can0 18F01D21#6381198000AC1480
(1785078686.683979) can0 0CF00400#FF7D7FF01100FFFF
(1785078686.684005) can0 09F8021C#34FC0F0DA900FFFF
(1785078686.684031) can0 09F8011C#AE7D2718FE9D53C1
(1785078686.684059) can0 18FEE81C#9409180620644081
(1785078686.684093) can0 19F10D13#298A015B0284005D
(1785078686.684123) can0 0CF00400#FF7D7FF81100FFFF
(1785078686.684793) can0 0CF00400#FF7D80181200FFFF
(1785078686.685019) can0 0CF00400#FF7D80201200FFFF
(1785078686.686317) can0 0CF00400#FF7D80481200FFFF
(1785078686.686362) can0 18F01D21#0B81198000AC1480
(1785078686.686385) can0 09F112F8#FFCA1C0000FF7FFD
(1785078686.686403) can0 0CF00400#FF7D80881200FFFF
(1785078686.686419) can0 19F10D13#2A8B015B0284005D
(1785078686.686434) can0 0CF00400#FF7D80981200FFFF
(1785078686.686914) can0 0CF00400#FF7D80A81200FFFF
(1785078686.686970) can0 0CF00400#FF7D80C01200FFFF
(1785078686.688328) can0 0CF00400#FF7D80A81200FFFF
(1785078686.688370) can0 18F01D21#6381198000AC1480
(1785078686.688393) can0 0CF00400#FF7D7F881200FFFF
(1785078686.688411) can0 19F10D13#2B8A015B0284005D
(1785078686.688426) can0 0CF00400#FF7D80901200FFFF
(1785078686.688440) can0 09F112F8#FFAA1C0000FF7FFD
(1785078686.689026) can0 0CF00400#FF7D80B81200FFFF
(1785078686.689099) can0 0CF00400#FF7D7FB01200FFFF
(1785078686.689357) can0 0CF00400#FF7D7FC01200FFFF
(1785078686.689551) can0 18F01D21#0B81198000AC1480
(1785078686.689828) can0 0CF00400#FF7D7FE81200FFFF
(1785078686.690073) can0 19F10D13#2C89015B0284005E
(1785078686.690118) can0 0CF00400#FF7D7FF01200FFFF
(1785078686.691462) can0 0CF00400#FF7D7FE81200FFFF
(1785078686.691519) can0 0CF00400#FF7D7FF81200FFFF
(1785078686.691550) can0 09F112F8#FF831C0000FF7FFD
(1785078686.691578) can0 0CF00400#FF7D7FC01200FFFF
(1785078686.691606) can0 18F01D21#0B81198000AC1480
(1785078686.692079) can0 0CF00400#FF7D7F981200FFFF
(1785078686.692123) can0 19F10D13#2D89015B0284005E
(1785078686.692147) can0 0CF00400#FF7D7F781200FFFF
(1785078686.693522) can0 0CF00400#FF7D7F681200FFFF
(1785078686.693581) can0 0CF00400#FF7D7F181200FFFF
(1785078686.693625) can0 0CF00400#FF7D7F201200FFFF
(1785078686.693654) can0 18F01D21#6381198000AC1480
(1785078686.694016) can0 0CF00400#FF7D80501200FFFF
(1785078686.694063) can0 09F112F8#FF631C0000FF7FFD
(1785078686.694085) can0 09F8021C#35FCFB0DAA00FFFF
(1785078686.694102) can0 09F8021C#36FCFB0DAA00FFFF
(1785078686.694116) can0 09F8011C#D87D2718169E53C1
(1785078686.694130) can0 19F10D13#2E89015B0284005E
(1785078686.694144) can0 18FEE81C#410A200641643F81
(1785078686.694158) can0 0CF00400#FF7D80701200FFFF
(1785078686.694876) can0 0CF00400#FF7D80881200FFFF
(1785078686.694935) can0 0CF00400#FF7D80B01200FFFF
(1785078686.696254) can0 0CF00400#FF7D80981200FFFF
(1785078686.696300) can0 18F01D21#6381198000AC1480
(1785078686.696332) can0 0CF00400#FF7D80701200FFFF
(1785078686.696450) can0 19F10D13#2F89015B0284005E
(1785078686.696489) can0 0CF00400#FF7D80581200FFFF
(1785078686.696519) can0 0CF00400#FF7D80701200FFFF
(1785078686.696546) can0 09F112F8#FF451C0000FF7FFD
(1785078686.697181) can0 0CF00400#FF7D80601200FFFF
(1785078686.697387) can0 0CF00400#FF7D80581200FFFF
(1785078686.697582) can0 18F01D21#0B81198000AC1480
(1785078686.697819) can0 0CF00400#FF7D80701200FFFF
(1785078686.698019) can0 19F10D13#3089015B0284005E
(1785078686.698241) can0 0CF00400#FF7D80A01200FFFF
(1785078686.699575) can0 0CF00400#FF7D80C81200FFFF
(1785078686.699632) can0 0CF00400#FF7D80D01200FFFF
(1785078686.699663) can0 09F112F8#FF2B1C0000FF7FFD
(1785078686.699691) can0 0CF00400#FF7D80C01200FFFF
(1785078686.699718) can0 18F01D21#6381198000AC1480
(1785078686.699746) can0 0CF00400#FF7D80B81200FFFF
(1785078686.701101) can0 19F10D13#318A015B0284005D
(1785078686.701157) can0 0CF00400#FF7D80C81200FFFF
(1785078686.701193) can0 0CF00400#FF7D80C81200FFFF
(1785078686.701222) can0 0CF00400#FF7D7FB81200FFFF
(1785078686.702459) can0 0CF00400#FF7D7FD01200FFFF
(1785078686.702516) can0 18F01D21#6381198000AC1480
(1785078686.702553) can0 0CF00400#FF7D80F81200FFFF
(1785078686.702583) can0 19F10D13#328A015B0284005D
(1785078686.702612) can0 09F112F8#FF0C1C0000FF7FFD
(1785078686.702639) can0 0CF00400#FF7D80181300FFFF
(1785078686.702667) can0 0CF00400#FF7D7F081300FFFF
(1785078686.703746) can0 0CF00400#FF7D7F001300FFFF
(1785078686.703814) can0 0CF00400#FF7D7FE81200FFFF
(1785078686.703877) can0 18F01D21#6381198000AC1480
(1785078686.703908) can0 0CF00400#FF7D7FE01200FFFF
(1785078686.704846) can0 19F10D13#338A015B0284005D
(1785078686.704918) can0 0CF00400#FF7D7FD81200FFFF
(1785078686.704958) can0 09F8021C#37FC7E0DAC00FFFF
(1785078686.704990) can0 09F8011C#387E27184A9E53C1
(1785078686.705019) can0 18FEE81C#E609380645643E81
(1785078686.705060) can0 0CF00400#FF7D7F901200FFFF
(1785078686.705080) can0 09F112F8#FFEB1B0000FF7FFD
(1785078686.705096) can0 0CF00400#FF7D7F801200FFFF
(1785078686.706787) can0 0CF00400#FF7D7F801200FFFF
(1785078686.706853) can0 18F01D21#6381198000AC1480
(1785078686.706894) can0 0CF00400#FF7D7F881200FFFF
(1785078686.706927) can0 19F10D13#348A015B0284005D
(1785078686.706959) can0 0CF00400#FF7D80A01200FFFF
(1785078686.706988) can0 0CF00400#FF7D80D81200FFFF
(1785078686.707014) can0 0CF00400#FF7D7FF01200FFFF
(1785078686.707653) can0 0CF00400#FF7D7FE81200FFFF
(1785078686.707699) can0 09F112F8#FFD31B0000FF7FFD
(1785078686.707729) can0 18F01D21#6381198000AC1480
(1785078686.707759) can0 0CF00400#FF7D7FE81200FFFF
(1785078686.708706) can0 19F10D13#358A015B0284005D
(1785078686.708768) can0 0CF00400#FF7D7FE01200FFFF
(1785078686.708810) can0 0CF00400#FF7D7FF01200FFFF
(1785078686.710763) can0 0CF00400#FF7D7F101300FFFF
(1785078686.710845) can0 0CF00400#FF7D7F101300FFFF
(1785078686.710884) can0 18F01D21#6381198000AC1480
(1785078686.710917) can0 0CF00400#FF7D7F101300FFFF
(1785078686.710954) can0 19F10D13#368A015B0284005D
(1785078686.710997) can0 0CF00400#FF7D7F281300FFFF
(1785078686.711027) can0 09F112F8#FFBF1B0000FF7FFD
(1785078686.711067) can0 0CF00400#FF7D7F301300FFFF
(1785078686.711094) can0 0CF00400#FF7D7FF01200FFFF
(1785078686.711947) can0 0CF00400#FF7D7FC01200FFFF
(1785078686.711999) can0 18F01D21#0B81198000AC1480
(1785078686.712034) can0 0CF00400#FF7D7FC81200FFFF
(1785078686.712079) can0 19F10D13#378B015B0284005D
(1785078686.712099) can0 0CF00400#FF7D7FD01200FFFF
(1785078686.714211) can0 0CF00400#FF7D7FA01200FFFF
(1785078686.714284) can0 09F112F8#FFA61B0000FF7FFD
(1785078686.714324) can0 0CF00400#FF7D7FB81200FFFF
(1785078686.714367) can0 0CF00400#FF7D7FB01200FFFF
(1785078686.714398) can0 18F01D21#6381198000AC1480
(1785078686.714426) can0 0CF00400#FF7D7FA81200FFFF
(1785078686.714453) can0 19F10D13#388A015B0284005D
(1785078686.714478) can0 0CF00400#FF7D7FC01200FFFF
(1785078686.714503) can0 09F8021C#38FC540DAF00FFFF
(1785078686.714528) can0 09F8011C#6E7E2718689E53C1
(1785078686.714553) can0 18FEE81C#C709500643643D81
(1785078686.714579) can0 0CF00400#FF7D7FF01200FFFF
(1785078686.716495) can0 0CF00400#FF7D7FF01200FFFF
(1785078686.716583) can0 0CF00400#FF7D7F181300FFFF
(1785078686.716625) can0 18F01D21#6381198000AC1480
(1785078686.716660) can0 09F112F8#FF861B0000FF7FFD
(1785078686.716693) can0 0CF00400#FF7D7F301300FFFF
(1785078686.716725) can0 19F10D13#3989015B0284005E
(1785078686.716757) can0 0CF00400#FF7D7F401300FFFF
(1785078686.716788) can0 0CF00400#FF7D7F401300FFFF
(1785078686.718520) can0 0CF00400#FF7D7F381300FFFF
(1785078686.718602) can0 0CF00400#FF7D7F381300FFFF
(1785078686.718644) can0 18F01D21#6381198000AC1480
(1785078686.718681) can0 0CF00400#FF7D7F481300FFFF
(1785078686.718717) can0 19F10D13#3A8B015B0284005D
(1785078686.718752) can0 0CF00400#FF7D7F481300FFFF
(1785078686.718786) can0 09F112F8#FF661B0000FF7FFD
(1785078686.718830) can0 0CF00400#FF7D7F381300FFFF
(1785078686.719464) can0 0CF00400#FF7D7F381300FFFF
(1785078686.719523) can0 0CF00400#FF7D7F101300FFFF
(1785078686.719578) can0 18F01D21#0B81198000AC1480
(1785078686.721188) can0 0CF00400#FF7D7F081300FFFF
(1785078686.721260) can0 19F10D13#3B8A015B0284005D
(1785078686.721302) can0 0CF00400#FF7D7F001300FFFF
(1785078686.721337) can0 0CF00400#FF7D7F081300FFFF
(1785078686.721369) can0 0CF00400#FF7D7F181300FFFF
(1785078686.721411) can0 09F112F8#FF431B0000FF7FFD
(1785078686.721444) can0 0CF00400#FF7D7F281300FFFF
(1785078686.721487) can0 18F01D21#6381198000AC1480
(1785078686.723275) can0 0CF00400#FF7D7F401300FFFF
(1785078686.723346) can0 19F10D13#3C8A015B0284005D
(1785078686.723389) can0 0CF00400#FF7D7F481300FFFF
(1785078686.723423) can0 0CF00400#FF7D7F481300FFFF
(1785078686.723456) can0 0CF00400#FF7D7F381300FFFF
(1785078686.723488) can0 0CF00400#FF7D7FE81200FFFF
(1785078686.723521) can0 18F01D21#6381198000AC1480
(1785078686.724688) can0 0CF00400#FF7D7FA81200FFFF
(1785078686.724761) can0 09F112F8#FF171B0000FF7FFD
(1785078686.724804) can0 19F10D13#3D8A015B0284005D
(1785078686.724842) can0 0CF00400#FF7D7FA81200FFFF
(1785078686.724878) can0 0CF00400#FF7D7FC01200FFFF
(1785078686.724922) can0 09F8021C#39FCB70CA800FFFF
(1785078686.724968) can0 09F8011C#A07E2718849E53C1
(1785078686.725008) can0 18FEE81C#5409100643643C81
(1785078686.725052) can0 0CF00400#FF7D7FD81200FFFF
(1785078686.726782) can0 18FF50E0#0000800080008001
(1785078686.727539) can0 0CF00400#FF7D7FE81200FFFF
(1785078686.727605) can0 18F01D21#6381198000AC1480
(1785078686.727659) can0 0CF00400#FF7D7FF81200FFFF
(1785078686.727695) can0 19F10D13#3E89015B0284005E
(1785078686.727731) can0 0CF00400#FF7D7F301300FFFF
(1785078686.727765) can0 09F112F8#FFEB1A0000FF7FFD
(1785078686.727796) can0 0CF00400#FF7D7F181300FFFF
(1785078686.727836) can0 0CF00400#FF7D7FE01200FFFF
(1785078686.727880) can0 0CF00400#FF7D7FD81200FFFF
(1785078686.727917) can0 18F01D21#6381198000AC1480
(1785078686.727967) can0 0CF00400#FF7D7FA01200FFFF
(1785078686.727998) can0 19F10D13#3F8A015B0284005D
(1785078686.729494) can0 0CF00400#FF7D7FB01200FFFF
(1785078686.729559) can0 0CF00400#FF7D7FA81200FFFF
(1785078686.729600) can0 0CF00400#FF7D7FA01200FFFF
(1785078686.729635) can0 0CF00400#FF7D7FC01200FFFF
(1785078686.729667) can0 09F112F8#FFC01A0000FF7FFD
(1785078686.729699) can0 18F01D21#6381198000AC1480
(1785078686.729730) can0 0CF00400#FF7D7FE01200FFFF
(1785078686.732273) can0 19F10D13#408A015B0284005D
(1785078686.732342) can0 0CF00400#FF7D7FE01200FFFF
(1785078686.732452) can0 0CF00400#FF7D7FD81200FFFF
(1785078686.732500) can0 0CF00400#FF7D7FD81200FFFF
(1785078686.732530) can0 0CF00400#FF7D7FD81200FFFF
(1785078686.732558) can0 18F01D21#6381198000AC1480
(1785078686.732585) can0 0CF00400#FF7D7FC81200FFFF
(1785078686.732624) can0 19F10D13#418A015B0284005D
(1785078686.732654) can0 0CF00400#FF7D7FC01200FFFF
(1785078686.732683) can0 09F112F8#FF8D1A0000FF7FFD
(1785078686.732710) can0 0CF00400#FF7D7FA81200FFFF
(1785078686.734957) can0 0CF00400#FF7D7FA01200FFFF
(1785078686.735035) can0 0CF00400#FF7D7FD01200FFFF
(1785078686.735104) can0 18F01D21#0B81198000AC1480
(1785078686.735142) can0 0CF00400#FF7D7FE81200FFFF
(1785078686.735187) can0 19F10D13#428A015B0284005D
(1785078686.735221) can0 0CF00400#FF7D7FF01200FFFF
(1785078686.735253) can0 0CF00400#FF7D7FE81200FFFF
(1785078686.735292) can0 09F8021C#3AFCB60CA900FFFF
(1785078686.735336) can0 09F8011C#C67E2718929E53C1
(1785078686.735375) can0 18FEE81C#5309180643643C81
(1785078686.735413) can0 09F112F8#FF611A0000FF7FFD
(1785078686.735446) can0 0CF00400#FF7D7FC81200FFFF
(1785078686.735477) can0 0CF00400#FF7D7F901200FFFF
(1785078686.735508) can0 18F01D21#0B81198000AC1480
(1785078686.737709) can0 0CF00400#FF7D7F801200FFFF
(1785078686.737796) can0 19F10D13#4389015B0284005E
(1785078686.737838) can0 0CF00400#FF7D7F881200FFFF
(1785078686.737872) can0 0CF00400#FF7D7F881200FFFF
(1785078686.737906) can0 0CF00400#FF7D7F881200FFFF
(1785078686.737938) can0 0CF00400#FF7D7FA01200FFFF
(1785078686.737969) can0 18F01D21#6381198000AC1480
(1785078686.738004) can0 09F112F8#FF2C1A0000FF7FFD
(1785078686.738059) can0 0CF00400#FF7D7FD01200FFFF
(1785078686.738101) can0 19F10D13#448A015B0284005D
(1785078686.738153) can0 0CF00400#FF7D7FE81200FFFF
(1785078686.740062) can0 0CF00400#FF7D7FE81200FFFF
(1785078686.740131) can0 0CF00400#FF7D7FC81200FFFF
(1785078686.740175) can0 0CF00400#FF7D7F801200FFFF
(1785078686.740212) can0 18F01D21#6381198000AC1480
(1785078686.740245) can0 0CF00400#FF7D7F481200FFFF
(1785078686.740279) can0 19F10D13#4589015B0284005E
(1785078686.740311) can0 0CF00400#FF7D7F501200FFFF
(1785078686.740974) can0 09F112F8#FF001A0000FF7FFD
(1785078686.741021) can0 0CF00400#FF7D7F581200FFFF
(1785078686.741065) can0 0CF00400#FF7D80601200FFFF
(1785078686.742450) can0 0CF00400#FF7D80781200FFFF
(1785078686.742510) can0 18F01D21#6381198000AC1480
(1785078686.742549) can0 0CF00400#FF7D80B01200FFFF
(1785078686.742584) can0 19F10D13#468A015B0284005D
(1785078686.742618) can0 0CF00400#FF7D7FC81200FFFF
(1785078686.742662) can0 0CF00400#FF7D80D81200FFFF
(1785078686.744031) can0 0CF00400#FF7D7FD01200FFFF
(1785078686.744097) can0 09F112F8#FFD6190000FF7FFD
(1785078686.744127) can0 0CF00400#FF7D7F981200FFFF
(1785078686.744149) can0 18F01D21#6381198000AC1480
(1785078686.744169) can0 0CF00400#FF7D7F881200FFFF
(1785078686.744186) can0 19F10D13#478B015B0284005D
(1785078686.744203) can0 0CF00400#FF7D7F981200FFFF
(1785078686.745785) can0 0CF00400#FF7D7FA81200FFFF
(1785078686.745850) can0 0CF00400#FF7D7FB81200FFFF
(1785078686.745889) can0 09F8021C#3BFCC40DAC00FFFF
(1785078686.745925) can0 09F8011C#F47E2718AC9E53C1
(1785078686.745959) can0 18FEE81C#190A380610643B81
(1785078686.745993) can0 0CF00400#FF7D7FB81200FFFF
(1785078686.746026) can0 18F01D21#6381198000AC1480
(1785078686.746074) can0 0CF00400#FF7D7FD81200FFFF
(1785078686.746119) can0 19F10D13#488A015B0284005D
(1785078686.746156) can0 09F112F8#FFB3190000FF7FFD
(1785078686.746189) can0 0CF00400#FF7D7FC81200FFFF
(1785078686.748223) can0 0CF00400#FF7D7FA81200FFFF
(1785078686.748290) can0 0CF00400#FF7D7FA01200FFFF
(1785078686.748335) can0 0CF00400#FF7D7FA81200FFFF
(1785078686.748366) can0 18F01D21#6381198000AC1480
(1785078686.748395) can0 0CF00400#FF7D7FA01200FFFF
(1785078686.748422) can0 19F10D13#498A015B0284005D
(1785078686.748447) can0 0CF00400#FF7D7F881200FFFF
(1785078686.749279) can0 0CF00400#FF7D7F701200FFFF
(1785078686.749342) can0 09F112F8#FF97190000FF7FFD
(1785078686.749384) can0 0CF00400#FF7D7F901200FFFF
(1785078686.749417) can0 0CF00400#FF7D7FC01200FFFF
(1785078686.750600) can0 18F01D21#6381198000AC1480
(1785078686.750669) can0 0CF00400#FF7D7FC81200FFFF
(1785078686.750712) can0 19F10D13#4A8A015B0284005D
(1785078686.750748) can0 0CF00400#FF7D7FC81200FFFF
(1785078686.750790) can0 0CF00400#FF7D7FC01200FFFF
(1785078686.752119) can0 0CF00400#FF7D7F981200FFFF
(1785078686.752189) can0 0CF00400#FF7D7FA01200FFFF
(1785078686.752233) can0 18F01D21#6381198000AC1480
(1785078686.752271) can0 09F112F8#FF75190000FF7FFD
(1785078686.752306) can0 0CF00400#FF7D7F981200FFFF
(1785078686.752338) can0 19F10D13#4B8A015B0284005D
(1785078686.752371) can0 0CF00400#FF7D7FA01200FFFF
(1785078686.753773) can0 0CF00400#FF7D7F901200FFFF
(1785078686.753853) can0 0CF00400#FF7D7F501200FFFF
(1785078686.753908) can0 0CF00400#FF7D7F701200FFFF
(1785078686.753944) can0 18F01D21#6381198000AC1480
(1785078686.753980) can0 0CF00400#FF7D7F901200FFFF
(1785078686.754013) can0 19F10D13#4C8B015B0284005D
(1785078686.754095) can0 0CF00400#FF7D7FB81200FFFF
(1785078686.755402) can0 09F112F8#FF51190000FF7FFD
(1785078686.755493) can0 0CF00400#FF7D7FE01200FFFF
(1785078686.755533) can0 0CF00400#FF7D7FC81200FFFF
(1785078686.755566) can0 09F8021C#3CFC340BAA00FFFF
(1785078686.755598) can0 09F8011C#327F2718CA9E53C1
(1785078686.755630) can0 18FEE81C#3808200600643C81
(1785078686.755661) can0 0CF00400#FF7D7FF01200FFFF
(1785078686.755693) can0 18F01D21#6381198000AC1480
(1785078686.755724) can0 0CF00400#FF7D7F001300FFFF
(1785078686.757634) can0 19F10D13#4D8A015B0284005D
(1785078686.757698) can0 0CF00400#FF7D7FF81200FFFF
(1785078686.757751) can0 0CF00400#FF7D7FF81200FFFF
(1785078686.757786) can0 0CF00400#FF7D7F081300FFFF
(1785078686.757818) can0 09F112F8#FF2F190000FF7FFD
(1785078686.757850) can0 0CF00400#FF7D7F001300FFFF
(1785078686.757881) can0 18F01D21#6381198000AC1480
(1785078686.757912) can0 0CF00400#FF7D7FF81200FFFF
(1785078686.759265) can0 19F10D13#4E8A015B0284005D
(1785078686.759324) can0 0CF00400#FF7D7F101300FFFF
(1785078686.759354) can0 0CF00400#FF7D7F281300FFFF
(1785078686.759381) can0 0CF00400#FF7D7F301300FFFF
(1785078686.759399) can0 0CF00400#FF7D7F181300FFFF
(1785078686.759559) can0 18F01D21#0B81198000AC1480
(1785078686.760836) can0 0CF00400#FF7D7F281300FFFF
(1785078686.760914) can0 09F112F8#FF04190000FF7FFD
(1785078686.760966) can0 19F10D13#4F8B015B0284005D
(1785078686.761010) can0 0CF00400#FF7D7F181300FFFF
(1785078686.761063) can0 0CF00400#FF7D7F281300FFFF
(1785078686.761111) can0 0CF00400#FF7D7F401300FFFF
(1785078686.762393) can0 0CF00400#FF7D7F481300FFFF
(1785078686.762454) can0 18F01D21#0B81198000AC1480
(1785078686.762484) can0 0CF00400#FF7D7F681300FFFF
(1785078686.762506) can0 19F10D13#508A015B0284005D
(1785078686.762525) can0 0CF00400#FF7D7F801300FFFF
(1785078686.762542) can0 0CF00400#FF7D7F781300FFFF
(1785078686.762715) can0 09F112F8#FFD4180000FF7FFD
(1785078686.764461) can0 0CF00400#FF7D7F681300FFFF
(1785078686.764561) can0 0CF00400#FF7D7F781300FFFF
(1785078686.764603) can0 18F01D21#6381198000AC1480
(1785078686.764637) can0 0CF00400#FF7D7F881300FFFF
(1785078686.764665) can0 19F10D13#518B015B0284005D
(1785078686.764690) can0 0CF00400#FF7D7F781300FFFF
(1785078686.764717) can0 0CF00400#FF7D7F601300FFFF
(1785078686.765880) can0 0CF00400#FF7D7F481300FFFF
(1785078686.765942) can0 09F8021C#3DFC490BAA00FFFF
(1785078686.765987) can0 09F8011C#627F2718E69E53C1
(1785078686.766061) can0 0CF00400#FF7D7F501300FFFF
(1785078686.766104) can0 18FEE81C#4708200600643C81
(1785078686.766135) can0 18F01D21#6381198000AC1480
(1785078686.766165) can0 09F112F8#FFA1180000FF7FFD
(1785078686.766191) can0 0CF00400#FF7D7F781300FFFF
(1785078686.766218) can0 19F10D13#528A015B0284005D
(1785078686.766242) can0 0CF00400#FF7D7F901300FFFF
