(1785078523.339871) can0 18F01D21#B4241C8000D11580
(1785078523.340269) can0 09F112F8#FFFF1D0000FF7FFD
(1785078523.340326) can0 0CF00400#FF7D7F001200FFFF
(1785078523.340756) can0 19F10D13#0D70015B0284006C
(1785078523.340813) can0 0CF00400#FF7D7FC81100FFFF
(1785078523.341099) can0 0CF00400#FF7D7F901100FFFF
(1785078523.341343) can0 0CF00400#FF7D7F881100FFFF
(1785078523.342681) can0 0CF00400#FF7D7FA01100FFFF
(1785078523.342721) can0 18F01D21#4BF41B8000D11580
(1785078523.342745) can0 0CF00400#FF7D80C81100FFFF
(1785078523.342772) can0 19F10D13#0E73015B0284006A
(1785078523.342790) can0 0CF00400#FF7D80F81100FFFF
(1785078523.343204) can0 09F112F8#FFFF1D0000FF7FFD
(1785078523.343242) can0 0CF00400#FF7D80181200FFFF
(1785078523.343539) can0 0CF00400#FF7D80001200FFFF
(1785078523.343733) can0 0CF00400#FF7D80E01100FFFF
(1785078523.343902) can0 18F01D21#FAC61B8000D11580
(1785078523.345179) can0 0CF00400#FF7D80D01100FFFF
(1785078523.345220) can0 19F10D13#0F74015B02840069
(1785078523.345240) can0 0CF00400#FF7D80E81100FFFF
(1785078523.345257) can0 0CF00400#FF7D80F81100FFFF
(1785078523.345596) can0 0CF00400#FF7D80081200FFFF
(1785078523.345638) can0 09F8021C#2FFC520FAB00FFFF
(1785078523.345661) can0 09F8011C#A27C2718589D53C1
(1785078523.345679) can0 18FEE81C#3D0B30061E644581
(1785078523.345696) can0 09F112F8#FF041E0000FF7FFD
(1785078523.345712) can0 0CF00400#FF7D80301200FFFF
(1785078523.346269) can0 18F01D21#6B911B8000D11580
(1785078523.346316) can0 0CF00400#FF7D80601200FFFF
(1785078523.346622) can0 19F10D13#1076015B02840068
(1785078523.346668) can0 0CF00400#FF7D80901200FFFF
(1785078523.347983) can0 0CF00400#FF7D80C01200FFFF
(1785078523.348018) can0 0CF00400#FF7D80D01200FFFF
(1785078523.348048) can0 0CF00400#FF7D80C01200FFFF
(1785078523.348069) can0 18F01D21#56551B8000D11580
(1785078523.348455) can0 0CF00400#FF7D80B01200FFFF
(1785078523.348506) can0 09F112F8#FF0F1E0000FF7FFD
(1785078523.348530) can0 19F10D13#1179015B02840067
(1785078523.348549) can0 0CF00400#FF7D80A81200FFFF
(1785078523.349013) can0 0CF00400#FF7D80E81200FFFF
(1785078523.350253) can0 0CF00400#FF7D80101300FFFF
(1785078523.350291) can0 0CF00400#FF7D80301300FFFF
(1785078523.350314) can0 18F01D21#7A151B8000AC1480
(1785078523.350333) can0 0CF00400#FF7D80581300FFFF
(1785078523.350666) can0 19F10D13#127B015B02840066
(1785078523.350701) can0 0CF00400#FF7D80781300FFFF
(1785078523.351006) can0 0CF00400#FF7D80781300FFFF
(1785078523.351333) can0 09F112F8#FF131E0000FF7FFD
(1785078523.351385) can0 0CF00400#FF7D7F601300FFFF
(1785078523.351770) can0 0CF00400#FF7D7F681300FFFF
(1785078523.352028) can0 18F01D21#DFBB1A8000AC1480
(1785078523.352263) can0 0CF00400#FF7D7F501300FFFF
(1785078523.352431) can0 19F10D13#137F015B02840063
(1785078523.352643) can0 0CF00400#FF7D7F281300FFFF
(1785078523.353903) can0 0CF00400#FF7D7F181300FFFF
(1785078523.353938) can0 0CF00400#FF7D7F101300FFFF
(1785078523.353959) can0 0CF00400#FF7D7F081300FFFF
(1785078523.353977) can0 18F01D21#3F561A8000AC1480
(1785078523.353992) can0 09F112F8#FF121E0000FF7FFD
(1785078523.354381) can0 0CF00400#FF7D7F201300FFFF
(1785078523.354420) can0 19F10D13#1482015B02840062
(1785078523.354648) can0 0CF00400#FF7D7F381300FFFF
(1785078523.356018) can0 0CF00400#FF7D7F481300FFFF
(1785078523.356072) can0 0CF00400#FF7D7F581300FFFF
(1785078523.356097) can0 09F8021C#30FC510DA900FFFF
(1785078523.356116) can0 09F8011C#C87C2718769D53C1
(1785078523.356132) can0 18FEE81C#C50918061E644381
(1785078523.356147) can0 0CF00400#FF7D7F381300FFFF
(1785078523.356160) can0 18F01D21#ABFD198000AC1480
(1785078523.356174) can0 0CF00400#FF7D7F201300FFFF
(1785078523.356806) can0 19F10D13#1585015B02840060
(1785078523.356851) can0 0CF00400#FF7D7F301300FFFF
(1785078523.356884) can0 09F112F8#FF091E0000FF7FFD
(1785078523.356913) can0 0CF00400#FF7D7F401300FFFF
(1785078523.358372) can0 0CF00400#FF7D7F201300FFFF
(1785078523.358408) can0 0CF00400#FF7D7F381300FFFF
(1785078523.358429) can0 18F01D21#59B9198000AC1480
(1785078523.358447) can0 0CF00400#FF7D7F601300FFFF
(1785078523.358468) can0 19F10D13#1689015B0284005E
(1785078523.358694) can0 0CF00400#FF7D7F601300FFFF
(1785078523.359027) can0 0CF00400#FF7D7F581300FFFF
(1785078523.360262) can0 0CF00400#FF7D7F281300FFFF
(1785078523.360295) can0 09F112F8#FFFB1D0000FF7FFD
(1785078523.360314) can0 0CF00400#FF7D7F001300FFFF
(1785078523.360330) can0 18F01D21#ED93198000AC1480
(1785078523.360345) can0 0CF00400#FF7D7FF81200FFFF
(1785078523.360720) can0 19F10D13#1789015B0284005E
(1785078523.360777) can0 0CF00400#FF7D7FF01200FFFF
(1785078523.361051) can0 0CF00400#FF7D7FC81200FFFF
(1785078523.362263) can0 0CF00400#FF7D7FA81200FFFF
(1785078523.362295) can0 0CF00400#FF7D7FA81200FFFF
(1785078523.362314) can0 18F01D21#D284198000AC1480
(1785078523.362330) can0 0CF00400#FF7D7FA01200FFFF
(1785078523.362345) can0 09F112F8#FFEB1D0000FF7FFD
(1785078523.362709) can0 19F10D13#188A015B0284005D
(1785078523.362763) can0 0CF00400#FF7D7FB01200FFFF
(1785078523.363054) can0 0CF00400#FF7D7FC81200FFFF
(1785078523.364286) can0 0CF00400#FF7D7FC01200FFFF
(1785078523.364318) can0 0CF00400#FF7D7FA81200FFFF
(1785078523.364338) can0 18F01D21#7283198000AC1480
(1785078523.364354) can0 0CF00400#FF7D7F781200FFFF
(1785078523.364653) can0 19F10D13#1989015B0284005E
(1785078523.364695) can0 0CF00400#FF7D7F901200FFFF
(1785078523.364948) can0 0CF00400#FF7D7FA01200FFFF
(1785078523.364986) can0 09F112F8#FFD31D0000FF7FFD
(1785078523.366464) can0 0CF00400#FF7D7FB01200FFFF
(1785078523.366508) can0 09F8021C#31FC1D0EA800FFFF
(1785078523.366533) can0 09F8011C#F27C27188C9D53C1
(1785078523.366551) can0 0CF00400#FF7D7FC01200FFFF
(1785078523.366567) can0 18FEE81C#5A0A10061E644381
(1785078523.366581) can0 18F01D21#6B82198000AC1480
(1785078523.366595) can0 0CF00400#FF7D7FB81200FFFF
(1785078523.366608) can0 19F10D13#1A89015B0284005E
(1785078523.366621) can0 0CF00400#FF7D7FA81200FFFF
(1785078523.367324) can0 0CF00400#FF7D7F981200FFFF
(1785078523.367369) can0 0CF00400#FF7D7F801200FFFF
(1785078523.368708) can0 0CF00400#FF7D7F401200FFFF
(1785078523.368753) can0 09F112F8#FFBD1D0000FF7FFD
(1785078523.368790) can0 18F01D21#6B82198000AC1480
(1785078523.368809) can0 0CF00400#FF7D7F401200FFFF
(1785078523.368825) can0 19F10D13#1B8A015B0284005D
(1785078523.368840) can0 0CF00400#FF7D7F481200FFFF
(1785078523.369339) can0 0CF00400#FF7D7F501200FFFF
(1785078523.369397) can0 0CF00400#FF7D7F701200FFFF
(1785078523.370679) can0 0CF00400#FF7D7F781200FFFF
(1785078523.370718) can0 18F01D21#1382198000AC1480
(1785078523.370747) can0 0CF00400#FF7D7F981200FFFF
(1785078523.370774) can0 19F10D13#1C8A015B0284005D
(1785078523.370801) can0 0CF00400#FF7D7FC81200FFFF
(1785078523.370839) can0 09F112F8#FFA51D0000FF7FFD
(1785078523.371310) can0 0CF00400#FF7D7FE81200FFFF
(1785078523.371353) can0 0CF00400#FF7D7FC01200FFFF
(1785078523.372634) can0 0CF00400#FF7D7F981200FFFF
(1785078523.372674) can0 18F01D21#1382198000AC1480
(1785078523.372703) can0 0CF00400#FF7D7FB81200FFFF
(1785078523.372730) can0 19F10D13#1D8B015B0284005D
(1785078523.372757) can0 0CF00400#FF7D7FC01200FFFF
(1785078523.373190) can0 0CF00400#FF7D7FC81200FFFF
(1785078523.373341) can0 0CF00400#FF7D7FD01200FFFF
(1785078523.373374) can0 09F112F8#FF921D0000FF7FFD
(1785078523.374652) can0 0CF00400#FF7D7FA81200FFFF
(1785078523.374685) can0 18F01D21#BB81198000AC1480
(1785078523.374704) can0 0CF00400#FF7D7FA01200FFFF
(1785078523.374784) can0 19F10D13#1E8A015B0284005D
(1785078523.374805) can0 0CF00400#FF7D7FC01200FFFF
(1785078523.375180) can0 0CF00400#FF7D7FD01200FFFF
(1785078523.375335) can0 0CF00400#FF7D7FC81200FFFF
(1785078523.376683) can0 0CF00400#FF7D7FE01200FFFF
(1785078523.376727) can0 09F8021C#32FC720EAA00FFFF
(1785078523.376751) can0 09F8011C#427D2718BC9D53C1
(1785078523.376769) can0 18F01D21#6381198000AC1480
(1785078523.376784) can0 18FEE81C#990A200620644281
(1785078523.376798) can0 0CF00400#FF7D7FF01200FFFF
(1785078523.376812) can0 09F112F8#FF831D0000FF7FFD
(1785078523.376826) can0 19F10D13#1F89015B0284005E
(1785078523.376839) can0 0CF00400#FF7D7FF81200FFFF
(1785078523.377598) can0 0CF00400#FF7D7FE81200FFFF
(1785078523.377646) can0 0CF00400#FF7D7FE01200FFFF
(1785078523.377876) can0 0CF00400#FF7D7FD81200FFFF
(1785078523.377917) can0 18F01D21#6381198000AC1480
(1785078523.378207) can0 0CF00400#FF7D7FD01200FFFF
(1785078523.378426) can0 19F10D13#208B015B0284005D
(1785078523.378618) can0 0CF00400#FF7D7FD81200FFFF
(1785078523.379865) can0 0CF00400#FF7D7FF01200FFFF
(1785078523.379896) can0 09F112F8#FF781D0000FF7FFD
(1785078523.379916) can0 0CF00400#FF7D7FF81200FFFF
(1785078523.379933) can0 0CF00400#FF7D7FF81200FFFF
(1785078523.379949) can0 18F01D21#6381198000AC1480
(1785078523.380498) can0 0CF00400#FF7D7FF81200FFFF
(1785078523.380538) can0 19F10D13#218A015B0284005D
(1785078523.380569) can0 0CF00400#FF7D7FF01200FFFF
(1785078523.382018) can0 0CF00400#FF7D7FE81200FFFF
(1785078523.382228) can0 0CF00400#FF7D7FE81200FFFF
(1785078523.382258) can0 09F112F8#FF6C1D0000FF7FFD
(1785078523.382278) can0 0CF00400#FF7D7FF01200FFFF
(1785078523.382295) can0 18F01D21#6381198000AC1480
(1785078523.382310) can0 0CF00400#FF7D7F001300FFFF
(1785078523.383251) can0 19F10D13#2289015B0284005E
(1785078523.383295) can0 0CF00400#FF7D7F101300FFFF
(1785078523.383326) can0 0CF00400#FF7D7F101300FFFF
(1785078523.383345) can0 0CF00400#FF7D7FF01200FFFF
(1785078523.384101) can0 0CF00400#FF7D7FD81200FFFF
(1785078523.384473) can0 18F01D21#6381198000AC1480
(1785078523.384510) can0 0CF00400#FF7D7FD01200FFFF
(1785078523.384539) can0 19F10D13#238A015B0284005D
(1785078523.384567) can0 09F112F8#FF571D0000FF7FFD
(1785078523.384594) can0 0CF00400#FF7D7FD01200FFFF
(1785078523.385458) can0 0CF00400#FF7D7FD81200FFFF
(1785078523.385494) can0 0CF00400#FF7D7FD01200FFFF
(1785078523.385747) can0 0CF00400#FF7D7FD81200FFFF
(1785078523.386019) can0 18F01D21#6381198000AC1480
(1785078523.386077) can0 09F8021C#33FC3F0EAC00FFFF
(1785078523.386103) can0 09F8011C#7C7D2718E29D53C1
(1785078523.386123) can0 18FEE81C#730A380620644181
(1785078523.386140) can0 0CF00400#FF7D7FF81200FFFF
(1785078523.386538) can0 19F10D13#248A015B0284005D
(1785078523.386576) can0 0CF00400#FF7D7F181300FFFF
(1785078523.387854) can0 0CF00400#FF7D7F181300FFFF
(1785078523.387885) can0 09F112F8#FF3C1D0000FF7FFD
(1785078523.387905) can0 0CF00400#FF7D7FF81200FFFF
(1785078523.387922) can0 0CF00400#FF7D7FF01200FFFF
(1785078523.387937) can0 18F01D21#6381198000AC1480
(1785078523.388282) can0 0CF00400#FF7D7FD01200FFFF
(1785078523.388462) can0 19F10D13#258A015B0284005D
(1785078523.388504) can0 0CF00400#FF7D7FE01200FFFF
(1785078523.389811) can0 0CF00400#FF7D7FC81200FFFF
(1785078523.389851) can0 0CF00400#FF7D7F901200FFFF
(1785078523.389882) can0 0CF00400#FF7D7FA01200FFFF
(1785078523.389910) can0 09F112F8#FF231D0000FF7FFD
(1785078523.389938) can0 18F01D21#6381198000AC1480
(1785078523.390313) can0 0CF00400#FF7D7FA81200FFFF
(1785078523.390485) can0 19F10D13#268A015B0284005D
(1785078523.390527) can0 0CF00400#FF7D7FB81200FFFF
(1785078523.391833) can0 0CF00400#FF7D7FB01200FFFF
(1785078523.391887) can0 0CF00400#FF7D7F801200FFFF
(1785078523.391917) can0 0CF00400#FF7D7F681200FFFF
(1785078523.391945) can0 18F01D21#0B81198000AC1480
(1785078523.392251) can0 0CF00400#FF7D7F601200FFFF
(1785078523.392431) can0 19F10D13#2789015B0284005E
(1785078523.392622) can0 0CF00400#FF7D7F701200FFFF
(1785078523.392663) can0 09F112F8#FF071D0000FF7FFD
(1785078523.393961) can0 0CF00400#FF7D7F581200FFFF
(1785078523.394015) can0 0CF00400#FF7D7F201200FFFF
(1785078523.394050) can0 0CF00400#FF7D7F401200FFFF
(1785078523.394070) can0 18F01D21#6381198000AC1480
(1785078523.394340) can0 0CF00400#FF7D7F681200FFFF
(1785078523.394597) can0 19F10D13#288A015B0284005D
(1785078523.394637) can0 0CF00400#FF7D7F901200FFFF
(1785078523.395916) can0 0CF00400#FF7D7F981200FFFF
(1785078523.395968) can0 0CF00400#FF7D7F901200FFFF
(1785078523.395998) can0 09F112F8#FFE61C0000FF7FFD
(1785078523.396026) can0 0CF00400#FF7D7F301200FFFF
(1785078523.396056) can0 18F01D21#6381198000AC1480
(1785078523.396402) can0 0CF00400#FF7D7FF01100FFFF
(1785078523.396445) can0 09F8021C#34FC0F0DA900FFFF
(1785078523.396469) can0 09F8011C#AE7D2718FE9D53C1
(1785078523.396488) can0 18FEE81C#9409180620644081
(1785078523.396503) can0 19F10D13#298A015B0284005D
(1785078523.396518) can0 0CF00400#FF7D7FF81100FFFF
(1785078523.396957) can0 0CF00400#FF7D80181200FFFF
(1785078523.398230) can0 0CF00400#FF7D80201200FFFF
(1785078523.398272) can0 0CF00400#FF7D80481200FFFF
(1785078523.398296) can0 18F01D21#0B81198000AC1480
(1785078523.398314) can0 09F112F8#FFCA1C0000FF7FFD
(1785078523.398328) can0 0CF00400#FF7D80881200FFFF
(1785078523.398699) can0 19F10D13#2A8B015B0284005D
(1785078523.398743) can0 0CF00400#FF7D80981200FFFF
(1785078523.398973) can0 0CF00400#FF7D80A81200FFFF
(1785078523.400245) can0 0CF00400#FF7D80C01200FFFF
(1785078523.400286) can0 0CF00400#FF7D80A81200FFFF
(1785078523.400308) can0 18F01D21#6381198000AC1480
(1785078523.400325) can0 0CF00400#FF7D7F881200FFFF
(1785078523.400681) can0 19F10D13#2B8A015B0284005D
(1785078523.400730) can0 0CF00400#FF7D80901200FFFF
(1785078523.401005) can0 09F112F8#FFAA1C0000FF7FFD
(1785078523.401058) can0 0CF00400#FF7D80B81200FFFF
(1785078523.401373) can0 0CF00400#FF7D7FB01200FFFF
(1785078523.402630) can0 0CF00400#FF7D7FC01200FFFF
(1785078523.402674) can0 18F01D21#0B81198000AC1480
(1785078523.402705) can0 0CF00400#FF7D7FE81200FFFF
(1785078523.402732) can0 19F10D13#2C89015B0284005E
(1785078523.402760) can0 0CF00400#FF7D7FF01200FFFF
(1785078523.403221) can0 0CF00400#FF7D7FE81200FFFF
(1785078523.403410) can0 0CF00400#FF7D7FF81200FFFF
(1785078523.403611) can0 09F112F8#FF831C0000FF7FFD
(1785078523.403853) can0 0CF00400#FF7D7FC01200FFFF
(1785078523.403897) can0 18F01D21#0B81198000AC1480
(1785078523.404174) can0 0CF00400#FF7D7F981200FFFF
(1785078523.405485) can0 19F10D13#2D89015B0284005E
(1785078523.405529) can0 0CF00400#FF7D7F781200FFFF
(1785078523.405560) can0 0CF00400#FF7D7F681200FFFF
(1785078523.405599) can0 0CF00400#FF7D7F181200FFFF
(1785078523.405959) can0 0CF00400#FF7D7F201200FFFF
(1785078523.406004) can0 18F01D21#6381198000AC1480
(1785078523.406271) can0 0CF00400#FF7D80501200FFFF
(1785078523.406315) can0 09F112F8#FF631C0000FF7FFD
(1785078523.406345) can0 09F8021C#35FCFB0DAA00FFFF
(1785078523.406373) can0 09F8021C#36FCFB0DAA00FFFF
(1785078523.406398) can0 09F8011C#D87D2718169E53C1
(1785078523.406435) can0 19F10D13#2E89015B0284005E
(1785078523.406463) can0 18FEE81C#410A200641643F81
(1785078523.407310) can0 0CF00400#FF7D80701200FFFF
(1785078523.407428) can0 0CF00400#FF7D80881200FFFF
(1785078523.407462) can0 0CF00400#FF7D80B01200FFFF
(1785078523.407758) can0 0CF00400#FF7D80981200FFFF
(1785078523.407970) can0 18F01D21#6381198000AC1480
(1785078523.408268) can0 0CF00400#FF7D80701200FFFF
(1785078523.408542) can0 19F10D13#2F89015B0284005E
(1785078523.408594) can0 0CF00400#FF7D80581200FFFF
(1785078523.409906) can0 0CF00400#FF7D80701200FFFF
(1785078523.409953) can0 09F112F8#FF451C0000FF7FFD
(1785078523.409997) can0 0CF00400#FF7D80601200FFFF
(1785078523.410026) can0 0CF00400#FF7D80581200FFFF
(1785078523.410059) can0 18F01D21#0B81198000AC1480
(1785078523.410422) can0 0CF00400#FF7D80701200FFFF
(1785078523.410464) can0 19F10D13#3089015B0284005E
(1785078523.410541) can0 0CF00400#FF7D80A01200FFFF
(1785078523.411906) can0 0CF00400#FF7D80C81200FFFF
(1785078523.411962) can0 0CF00400#FF7D80D01200FFFF
(1785078523.411993) can0 09F112F8#FF2B1C0000FF7FFD
(1785078523.412021) can0 0CF00400#FF7D80C01200FFFF
(1785078523.412054) can0 18F01D21#6381198000AC1480
(1785078523.412411) can0 0CF00400#FF7D80B81200FFFF
(1785078523.412453) can0 19F10D13#318A015B0284005D
(1785078523.412672) can0 0CF00400#FF7D80C81200FFFF
(1785078523.413905) can0 0CF00400#FF7D80C81200FFFF
(1785078523.413947) can0 0CF00400#FF7D7FB81200FFFF
(1785078523.413989) can0 0CF00400#FF7D7FD01200FFFF
(1785078523.414016) can0 18F01D21#6381198000AC1480
(1785078523.414319) can0 0CF00400#FF7D80F81200FFFF
(1785078523.414486) can0 19F10D13#328A015B0284005D
(1785078523.414525) can0 09F112F8#FF0C1C0000FF7FFD
(1785078523.414546) can0 0CF00400#FF7D80181300FFFF
(1785078523.415886) can0 0CF00400#FF7D7F081300FFFF
(1785078523.415928) can0 0CF00400#FF7D7F001300FFFF
(1785078523.415970) can0 0CF00400#FF7D7FE81200FFFF
(1785078523.415998) can0 18F01D21#6381198000AC1480
(1785078523.416297) can0 0CF00400#FF7D7FE01200FFFF
(1785078523.416466) can0 19F10D13#338A015B0284005D
(1785078523.416507) can0 0CF00400#FF7D7FD81200FFFF
(1785078523.416720) can0 09F8021C#37FC7E0DAC00FFFF
(1785078523.416760) can0 09F8011C#387E27184A9E53C1
(1785078523.416784) can0 18FEE81C#E609380645643E81
(1785078523.417133) can0 0CF00400#FF7D7F901200FFFF
(1785078523.417176) can0 09F112F8#FFEB1B0000FF7FFD
(1785078523.417465) can0 0CF00400#FF7D7F801200FFFF
(1785078523.418724) can0 0CF00400#FF7D7F801200FFFF
(1785078523.418766) can0 18F01D21#6381198000AC1480
(1785078523.418788) can0 0CF00400#FF7D7F881200FFFF
(1785078523.418806) can0 19F10D13#348A015B0284005D
(1785078523.418821) can0 0CF00400#FF7D80A01200FFFF
(1785078523.419179) can0 0CF00400#FF7D80D81200FFFF
(1785078523.419351) can0 0CF00400#FF7D7FF01200FFFF
(1785078523.420694) can0 0CF00400#FF7D7FE81200FFFF
(1785078523.420735) can0 09F112F8#FFD31B0000FF7FFD
(1785078523.420757) can0 18F01D21#6381198000AC1480
(1785078523.420773) can0 0CF00400#FF7D7FE81200FFFF
(1785078523.420789) can0 19F10D13#358A015B0284005D
(1785078523.420803) can0 0CF00400#FF7D7FE01200FFFF
(1785078523.421217) can0 0CF00400#FF7D7FF01200FFFF
(1785078523.421394) can0 0CF00400#FF7D7F101300FFFF
(1785078523.422762) can0 0CF00400#FF7D7F101300FFFF
(1785078523.422816) can0 18F01D21#6381198000AC1480
(1785078523.422842) can0 0CF00400#FF7D7F101300FFFF
(1785078523.422860) can0 19F10D13#368A015B0284005D
(1785078523.422875) can0 0CF00400#FF7D7F281300FFFF
(1785078523.422889) can0 09F112F8#FFBF1B0000FF7FFD
(1785078523.423333) can0 0CF00400#FF7D7F301300FFFF
(1785078523.423377) can0 0CF00400#FF7D7FF01200FFFF
(1785078523.424674) can0 0CF00400#FF7D7FC01200FFFF
(1785078523.424715) can0 18F01D21#0B81198000AC1480
(1785078523.424738) can0 0CF00400#FF7D7FC81200FFFF
(1785078523.424755) can0 19F10D13#378B015B0284005D
(1785078523.424771) can0 0CF00400#FF7D7FD01200FFFF
(1785078523.425148) can0 0CF00400#FF7D7FA01200FFFF
(1785078523.425326) can0 09F112F8#FFA61B0000FF7FFD
(1785078523.425367) can0 0CF00400#FF7D7FB81200FFFF
(1785078523.426683) can0 0CF00400#FF7D7FB01200FFFF
(1785078523.426723) can0 18F01D21#6381198000AC1480
(1785078523.426745) can0 0CF00400#FF7D7FA81200FFFF
(1785078523.426762) can0 19F10D13#388A015B0284005D
(1785078523.426777) can0 0CF00400#FF7D7FC01200FFFF
(1785078523.427158) can0 09F8021C#38FC540DAF00FFFF
(1785078523.427200) can0 09F8011C#6E7E2718689E53C1
(1785078523.427223) can0 18FEE81C#C709500643643D81
(1785078523.427242) can0 0CF00400#FF7D7FF01200FFFF
(1785078523.427576) can0 0CF00400#FF7D7FF01200FFFF
(1785078523.427767) can0 0CF00400#FF7D7F181300FFFF
(1785078523.427954) can0 18F01D21#6381198000AC1480
(1785078523.427998) can0 09F112F8#FF861B0000FF7FFD
(1785078523.428262) can0 0CF00400#FF7D7F301300FFFF
(1785078523.428448) can0 19F10D13#3989015B0284005E
(1785078523.428633) can0 0CF00400#FF7D7F401300FFFF
(1785078523.429976) can0 0CF00400#FF7D7F401300FFFF
(1785078523.430029) can0 0CF00400#FF7D7F381300FFFF
(1785078523.430076) can0 0CF00400#FF7D7F381300FFFF
(1785078523.430096) can0 18F01D21#6381198000AC1480
(1785078523.430113) can0 0CF00400#FF7D7F481300FFFF
(1785078523.430466) can0 19F10D13#3A8B015B0284005D
(1785078523.430508) can0 0CF00400#FF7D7F481300FFFF
(1785078523.430740) can0 09F112F8#FF661B0000FF7FFD
(1785078523.430949) can0 0CF00400#FF7D7F381300FFFF
(1785078523.432196) can0 0CF00400#FF7D7F381300FFFF
(1785078523.432237) can0 0CF00400#FF7D7F101300FFFF
(1785078523.432265) can0 18F01D21#0B81198000AC1480
(1785078523.432281) can0 0CF00400#FF7D7F081300FFFF
(1785078523.432571) can0 19F10D13#3B8A015B0284005D
(1785078523.432610) can0 0CF00400#FF7D7F001300FFFF
(1785078523.433896) can0 0CF00400#FF7D7F081300FFFF
(1785078523.433937) can0 0CF00400#FF7D7F181300FFFF
(1785078523.433967) can0 09F112F8#FF431B0000FF7FFD
(1785078523.433995) can0 0CF00400#FF7D7F281300FFFF
(1785078523.434032) can0 18F01D21#6381198000AC1480
(1785078523.434393) can0 0CF00400#FF7D7F401300FFFF
(1785078523.434434) can0 19F10D13#3C8A015B0284005D
(1785078523.434663) can0 0CF00400#FF7D7F481300FFFF
(1785078523.435892) can0 0CF00400#FF7D7F481300FFFF
(1785078523.435933) can0 0CF00400#FF7D7F381300FFFF
(1785078523.435963) can0 0CF00400#FF7D7FE81200FFFF
(1785078523.435990) can0 18F01D21#6381198000AC1480
(1785078523.436301) can0 0CF00400#FF7D7FA81200FFFF
(1785078523.436342) can0 09F112F8#FF171B0000FF7FFD
(1785078523.436569) can0 19F10D13#3D8A015B0284005D
(1785078523.436609) can0 0CF00400#FF7D7FA81200FFFF
(1785078523.437891) can0 0CF00400#FF7D7FC01200FFFF
(1785078523.437932) can0 09F8021C#39FCB70CA800FFFF
(1785078523.437962) can0 09F8011C#A07E2718849E53C1
(1785078523.437990) can0 18FEE81C#5409100643643C81
(1785078523.438017) can0 0CF00400#FF7D7FD81200FFFF
(1785078523.438052) can0 0CF00400#FF7D7FE81200FFFF
(1785078523.438071) can0 18F01D21#6381198000AC1480
(1785078523.438131) can0 0CF00400#FF7D7FF81200FFFF
(1785078523.438609) can0 18FF50E0#0000800080008001
(1785078523.438959) can0 19F10D13#3E89015B0284005E
(1785078523.439008) can0 0CF00400#FF7D7F301300FFFF
(1785078523.439048) can0 09F112F8#FFEB1A0000FF7FFD
(1785078523.439071) can0 0CF00400#FF7D7F181300FFFF
(1785078523.439446) can0 0CF00400#FF7D7FE01200FFFF
(1785078523.440701) can0 0CF00400#FF7D7FD81200FFFF
(1785078523.440746) can0 18F01D21#6381198000AC1480
(1785078523.440775) can0 0CF00400#FF7D7FA01200FFFF
(1785078523.440792) can0 19F10D13#3F8A015B0284005D
(1785078523.440808) can0 0CF00400#FF7D7FB01200FFFF
(1785078523.441206) can0 0CF00400#FF7D7FA81200FFFF
(1785078523.441371) can0 0CF00400#FF7D7FA01200FFFF
(1785078523.442625) can0 0CF00400#FF7D7FC01200FFFF
(1785078523.442668) can0 09F112F8#FFC01A0000FF7FFD
(1785078523.442699) can0 18F01D21#6381198000AC1480
(1785078523.442727) can0 0CF00400#FF7D7FE01200FFFF
(1785078523.442764) can0 19F10D13#408A015B0284005D
(1785078523.442791) can0 0CF00400#FF7D7FE01200FFFF
(1785078523.443313) can0 0CF00400#FF7D7FD81200FFFF
(1785078523.443361) can0 0CF00400#FF7D7FD81200FFFF
(1785078523.444679) can0 0CF00400#FF7D7FD81200FFFF
(1785078523.444732) can0 18F01D21#6381198000AC1480
(1785078523.444759) can0 0CF00400#FF7D7FC81200FFFF
(1785078523.444784) can0 19F10D13#418A015B0284005D
(1785078523.444800) can0 0CF00400#FF7D7FC01200FFFF
(1785078523.444814) can0 09F112F8#FF8D1A0000FF7FFD
(1785078523.446082) can0 0CF00400#FF7D7FA81200FFFF
(1785078523.446138) can0 0CF00400#FF7D7FA01200FFFF
(1785078523.446166) can0 0CF00400#FF7D7FD01200FFFF
(1785078523.446187) can0 18F01D21#0B81198000AC1480
(1785078523.446203) can0 0CF00400#FF7D7FE81200FFFF
(1785078523.717992) can0 18F01D21#B4241C8000D11580
(1785078523.718458) can0 09F112F8#FFFF1D0000FF7FFD
(1785078523.718518) can0 0CF00400#FF7D7F001200FFFF
(1785078523.718547) can0 19F10D13#0D70015B0284006C
(1785078523.719068) can0 0CF00400#FF7D7FC81100FFFF
(1785078523.719112) can0 0CF00400#FF7D7F901100FFFF
(1785078523.720545) can0 0CF00400#FF7D7F881100FFFF
(1785078523.720594) can0 0CF00400#FF7D7FA01100FFFF
(1785078523.720620) can0 18F01D21#4BF41B8000D11580
(1785078523.720639) can0 0CF00400#FF7D80C81100FFFF
(1785078523.720664) can0 19F10D13#0E73015B0284006A
(1785078523.720681) can0 0CF00400#FF7D80F81100FFFF
(1785078523.721342) can0 09F112F8#FFFF1D0000FF7FFD
(1785078523.721392) can0 0CF00400#FF7D80181200FFFF
(1785078523.721462) can0 0CF00400#FF7D80001200FFFF
(1785078523.721862) can0 0CF00400#FF7D80E01100FFFF
(1785078523.722081) can0 18F01D21#FAC61B8000D11580
(1785078523.722340) can0 0CF00400#FF7D80D01100FFFF
(1785078523.722573) can0 19F10D13#0F74015B02840069
(1785078523.722661) can0 0CF00400#FF7D80E81100FFFF
(1785078523.724076) can0 0CF00400#FF7D80F81100FFFF
(1785078523.724131) can0 0CF00400#FF7D80081200FFFF
(1785078523.724165) can0 09F8021C#2FFC520FAB00FFFF
(1785078523.724197) can0 09F8011C#A27C2718589D53C1
(1785078523.724226) can0 18FEE81C#3D0B30061E644581
(1785078523.724256) can0 09F112F8#FF041E0000FF7FFD
(1785078523.724286) can0 0CF00400#FF7D80301200FFFF
(1785078523.724315) can0 18F01D21#6B911B8000D11580
(1785078523.724344) can0 0CF00400#FF7D80601200FFFF
(1785078523.725222) can0 19F10D13#1076015B02840068
(1785078523.725274) can0 0CF00400#FF7D80901200FFFF
(1785078523.725309) can0 0CF00400#FF7D80C01200FFFF
(1785078523.725649) can0 0CF00400#FF7D80D01200FFFF
(1785078523.725864) can0 0CF00400#FF7D80C01200FFFF
(1785078523.726080) can0 18F01D21#56551B8000D11580
(1785078523.726317) can0 0CF00400#FF7D80B01200FFFF
(1785078523.726532) can0 09F112F8#FF0F1E0000FF7FFD
(1785078523.726576) can0 19F10D13#1179015B02840067
(1785078523.726897) can0 0CF00400#FF7D80A81200FFFF
(1785078523.727120) can0 0CF00400#FF7D80E81200FFFF
(1785078523.728495) can0 0CF00400#FF7D80101300FFFF
(1785078523.728540) can0 0CF00400#FF7D80301300FFFF
(1785078523.728565) can0 18F01D21#7A151B8000AC1480
(1785078523.728584) can0 0CF00400#FF7D80581300FFFF
(1785078523.728606) can0 19F10D13#127B015B02840066
(1785078523.728663) can0 0CF00400#FF7D80781300FFFF
(1785078523.729206) can0 0CF00400#FF7D80781300FFFF
(1785078523.729254) can0 09F112F8#FF131E0000FF7FFD
(1785078523.729549) can0 0CF00400#FF7D7F601300FFFF
(1785078523.730808) can0 0CF00400#FF7D7F681300FFFF
(1785078523.730854) can0 18F01D21#DFBB1A8000AC1480
(1785078523.730886) can0 0CF00400#FF7D7F501300FFFF
(1785078523.730926) can0 19F10D13#137F015B02840063
(1785078523.730954) can0 0CF00400#FF7D7F281300FFFF
(1785078523.731288) can0 0CF00400#FF7D7F181300FFFF
(1785078523.731636) can0 0CF00400#FF7D7F101300FFFF
(1785078523.732888) can0 0CF00400#FF7D7F081300FFFF
(1785078523.732933) can0 18F01D21#3F561A8000AC1480
(1785078523.732965) can0 09F112F8#FF121E0000FF7FFD
(1785078523.732994) can0 0CF00400#FF7D7F201300FFFF
(1785078523.733032) can0 19F10D13#1482015B02840062
(1785078523.733062) can0 0CF00400#FF7D7F381300FFFF
(1785078523.733078) can0 0CF00400#FF7D7F481300FFFF
(1785078523.733561) can0 0CF00400#FF7D7F581300FFFF
(1785078523.733736) can0 09F8021C#30FC510DA900FFFF
(1785078523.733777) can0 09F8011C#C87C2718769D53C1
(1785078523.733801) can0 18FEE81C#C50918061E644381
(1785078523.734145) can0 0CF00400#FF7D7F381300FFFF
(1785078523.734189) can0 18F01D21#ABFD198000AC1480
(1785078523.734480) can0 0CF00400#FF7D7F201300FFFF
(1785078523.734530) can0 19F10D13#1585015B02840060
(1785078523.734804) can0 0CF00400#FF7D7F301300FFFF
(1785078523.734844) can0 09F112F8#FF091E0000FF7FFD
(1785078523.735119) can0 0CF00400#FF7D7F401300FFFF
(1785078523.736351) can0 0CF00400#FF7D7F201300FFFF
(1785078523.736388) can0 0CF00400#FF7D7F381300FFFF
(1785078523.736409) can0 18F01D21#59B9198000AC1480
(1785078523.736429) can0 0CF00400#FF7D7F601300FFFF
(1785078523.736772) can0 19F10D13#1689015B0284005E
(1785078523.736809) can0 0CF00400#FF7D7F601300FFFF
(1785078523.737093) can0 0CF00400#FF7D7F581300FFFF
(1785078523.738320) can0 0CF00400#FF7D7F281300FFFF
(1785078523.738357) can0 09F112F8#FFFB1D0000FF7FFD
(1785078523.738377) can0 0CF00400#FF7D7F001300FFFF
(1785078523.738393) can0 18F01D21#ED93198000AC1480
(1785078523.738407) can0 0CF00400#FF7D7FF81200FFFF
(1785078523.738810) can0 19F10D13#1789015B0284005E
(1785078523.738890) can0 0CF00400#FF7D7FF01200FFFF
(1785078523.739172) can0 0CF00400#FF7D7FC81200FFFF
(1785078523.740420) can0 0CF00400#FF7D7FA81200FFFF
(1785078523.740462) can0 0CF00400#FF7D7FA81200FFFF
(1785078523.740490) can0 18F01D21#D284198000AC1480
(1785078523.740517) can0 0CF00400#FF7D7FA01200FFFF
(1785078523.740543) can0 09F112F8#FFEB1D0000FF7FFD
(1785078523.740568) can0 19F10D13#188A015B0284005D
(1785078523.741004) can0 0CF00400#FF7D7FB01200FFFF
(1785078523.741078) can0 0CF00400#FF7D7FC81200FFFF
(1785078523.742369) can0 0CF00400#FF7D7FC01200FFFF
(1785078523.742408) can0 0CF00400#FF7D7FA81200FFFF
(1785078523.742430) can0 18F01D21#7283198000AC1480
(1785078523.742445) can0 0CF00400#FF7D7F781200FFFF
(1785078523.742742) can0 19F10D13#1989015B0284005E
(1785078523.742789) can0 0CF00400#FF7D7F901200FFFF
(1785078523.744078) can0 0CF00400#FF7D7FA01200FFFF
(1785078523.744131) can0 09F112F8#FFD31D0000FF7FFD
(1785078523.744152) can0 0CF00400#FF7D7FB01200FFFF
(1785078523.744167) can0 09F8021C#31FC1D0EA800FFFF
(1785078523.744181) can0 09F8011C#F27C27188C9D53C1
(1785078523.744195) can0 0CF00400#FF7D7FC01200FFFF
(1785078523.744208) can0 18FEE81C#5A0A10061E644381
(1785078523.744220) can0 18F01D21#6B82198000AC1480
(1785078523.744233) can0 0CF00400#FF7D7FB81200FFFF
(1785078523.744851) can0 19F10D13#1A89015B0284005E
(1785078523.744909) can0 0CF00400#FF7D7FA81200FFFF
(1785078523.745195) can0 0CF00400#FF7D7F981200FFFF
(1785078523.746433) can0 0CF00400#FF7D7F801200FFFF
(1785078523.746479) can0 0CF00400#FF7D7F401200FFFF
(1785078523.746502) can0 09F112F8#FFBD1D0000FF7FFD
(1785078523.746534) can0 18F01D21#6B82198000AC1480
(1785078523.746550) can0 0CF00400#FF7D7F401200FFFF
(1785078523.746565) can0 19F10D13#1B8A015B0284005D
(1785078523.747158) can0 0CF00400#FF7D7F481200FFFF
(1785078523.747210) can0 0CF00400#FF7D7F501200FFFF
(1785078523.747538) can0 0CF00400#FF7D7F701200FFFF
(1785078523.748803) can0 0CF00400#FF7D7F781200FFFF
(1785078523.748846) can0 18F01D21#1382198000AC1480
(1785078523.748876) can0 0CF00400#FF7D7F981200FFFF
(1785078523.748902) can0 19F10D13#1C8A015B0284005D
(1785078523.748928) can0 0CF00400#FF7D7FC81200FFFF
(1785078523.748964) can0 09F112F8#FFA51D0000FF7FFD
(1785078523.749534) can0 0CF00400#FF7D7FE81200FFFF
(1785078523.749575) can0 0CF00400#FF7D7FC01200FFFF
(1785078523.749981) can0 0CF00400#FF7D7F981200FFFF
(1785078523.750027) can0 18F01D21#1382198000AC1480
(1785078523.750356) can0 0CF00400#FF7D7FB81200FFFF
(1785078523.750542) can0 19F10D13#1D8B015B0284005D
(1785078523.750665) can0 0CF00400#FF7D7FC01200FFFF
(1785078523.752056) can0 0CF00400#FF7D7FC81200FFFF
(1785078523.752132) can0 0CF00400#FF7D7FD01200FFFF
(1785078523.752161) can0 09F112F8#FF921D0000FF7FFD
(1785078523.752188) can0 0CF00400#FF7D7FA81200FFFF
(1785078523.752213) can0 18F01D21#BB81198000AC1480
(1785078523.752239) can0 0CF00400#FF7D7FA01200FFFF
(1785078523.752856) can0 19F10D13#1E8A015B0284005D
(1785078523.752903) can0 0CF00400#FF7D7FC01200FFFF
(1785078523.753214) can0 0CF00400#FF7D7FD01200FFFF
(1785078523.754507) can0 0CF00400#FF7D7FC81200FFFF
(1785078523.754561) can0 0CF00400#FF7D7FE01200FFFF
(1785078523.754585) can0 09F8021C#32FC720EAA00FFFF
(1785078523.754601) can0 09F8011C#427D2718BC9D53C1
(1785078523.754616) can0 18F01D21#6381198000AC1480
(1785078523.754630) can0 18FEE81C#990A200620644281
(1785078523.754644) can0 0CF00400#FF7D7FF01200FFFF
(1785078523.754657) can0 09F112F8#FF831D0000FF7FFD
(1785078523.754670) can0 19F10D13#1F89015B0284005E
(1785078523.754683) can0 0CF00400#FF7D7FF81200FFFF
(1785078523.755649) can0 0CF00400#FF7D7FE81200FFFF
(1785078523.755697) can0 0CF00400#FF7D7FE01200FFFF
(1785078523.755960) can0 0CF00400#FF7D7FD81200FFFF
(1785078523.756020) can0 18F01D21#6381198000AC1480
(1785078523.756361) can0 0CF00400#FF7D7FD01200FFFF
(1785078523.756582) can0 19F10D13#208B015B0284005D
(1785078523.756638) can0 0CF00400#FF7D7FD81200FFFF
(1785078523.758031) can0 0CF00400#FF7D7FF01200FFFF
(1785078523.758105) can0 09F112F8#FF781D0000FF7FFD
(1785078523.758135) can0 0CF00400#FF7D7FF81200FFFF
(1785078523.758162) can0 0CF00400#FF7D7FF81200FFFF
(1785078523.758189) can0 18F01D21#6381198000AC1480
(1785078523.758254) can0 0CF00400#FF7D7FF81200FFFF
(1785078523.758851) can0 19F10D13#218A015B0284005D
(1785078523.758906) can0 0CF00400#FF7D7FF01200FFFF
(1785078523.759235) can0 0CF00400#FF7D7FE81200FFFF
(1785078523.759467) can0 0CF00400#FF7D7FE81200FFFF
(1785078523.760794) can0 09F112F8#FF6C1D0000FF7FFD
(1785078523.760837) can0 0CF00400#FF7D7FF01200FFFF
(1785078523.760867) can0 18F01D21#6381198000AC1480
(1785078523.760894) can0 0CF00400#FF7D7F001300FFFF
(1785078523.760920) can0 19F10D13#2289015B0284005E
(1785078523.760947) can0 0CF00400#FF7D7F101300FFFF
(1785078523.761569) can0 0CF00400#FF7D7F101300FFFF
(1785078523.761640) can0 0CF00400#FF7D7FF01200FFFF
(1785078523.761919) can0 0CF00400#FF7D7FD81200FFFF
(1785078523.762115) can0 18F01D21#6381198000AC1480
(1785078523.762395) can0 0CF00400#FF7D7FD01200FFFF
(1785078523.762595) can0 19F10D13#238A015B0284005D
(1785078523.762666) can0 09F112F8#FF571D0000FF7FFD
(1785078523.762709) can0 0CF00400#FF7D7FD01200FFFF
(1785078523.763144) can0 0CF00400#FF7D7FD81200FFFF
(1785078523.764467) can0 0CF00400#FF7D7FD01200FFFF
(1785078523.764555) can0 0CF00400#FF7D7FD81200FFFF
(1785078523.764579) can0 18F01D21#6381198000AC1480
(1785078523.764596) can0 09F8021C#33FC3F0EAC00FFFF
(1785078523.764611) can0 09F8011C#7C7D2718E29D53C1
(1785078523.764625) can0 18FEE81C#730A380620644181
(1785078523.764638) can0 0CF00400#FF7D7FF81200FFFF
(1785078523.764651) can0 19F10D13#248A015B0284005D
(1785078523.764664) can0 0CF00400#FF7D7F181300FFFF
(1785078523.765623) can0 0CF00400#FF7D7F181300FFFF
(1785078523.765669) can0 09F112F8#FF3C1D0000FF7FFD
(1785078523.765703) can0 0CF00400#FF7D7FF81200FFFF
(1785078523.766055) can0 0CF00400#FF7D7FF01200FFFF
(1785078523.766101) can0 18F01D21#6381198000AC1480
(1785078523.766384) can0 0CF00400#FF7D7FD01200FFFF
(1785078523.766580) can0 19F10D13#258A015B0284005D
(1785078523.766638) can0 0CF00400#FF7D7FE01200FFFF
(1785078523.768006) can0 0CF00400#FF7D7FC81200FFFF
(1785078523.768054) can0 0CF00400#FF7D7F901200FFFF
(1785078523.768112) can0 0CF00400#FF7D7FA01200FFFF
(1785078523.768139) can0 09F112F8#FF231D0000FF7FFD
(1785078523.768165) can0 18F01D21#6381198000AC1480
(1785078523.768686) can0 0CF00400#FF7D7FA81200FFFF
(1785078523.768728) can0 19F10D13#268A015B0284005D
(1785078523.768752) can0 0CF00400#FF7D7FB81200FFFF
(1785078523.769137) can0 0CF00400#FF7D7FB01200FFFF
(1785078523.770410) can0 0CF00400#FF7D7F801200FFFF
(1785078523.770452) can0 0CF00400#FF7D7F681200FFFF
(1785078523.770473) can0 18F01D21#0B81198000AC1480
(1785078523.770490) can0 0CF00400#FF7D7F601200FFFF
(1785078523.770541) can0 19F10D13#2789015B0284005E
(1785078523.771026) can0 0CF00400#FF7D7F701200FFFF
(1785078523.771107) can0 09F112F8#FF071D0000FF7FFD
(1785078523.771138) can0 0CF00400#FF7D7F581200FFFF
(1785078523.771504) can0 0CF00400#FF7D7F201200FFFF
(1785078523.772779) can0 0CF00400#FF7D7F401200FFFF
(1785078523.772822) can0 18F01D21#6381198000AC1480
(1785078523.772853) can0 0CF00400#FF7D7F681200FFFF
(1785078523.772880) can0 19F10D13#288A015B0284005D
(1785078523.772906) can0 0CF00400#FF7D7F901200FFFF
(1785078523.773394) can0 0CF00400#FF7D7F981200FFFF
(1785078523.773479) can0 0CF00400#FF7D7F901200FFFF
(1785078523.773511) can0 09F112F8#FFE61C0000FF7FFD
(1785078523.773902) can0 0CF00400#FF7D7F301200FFFF
(1785078523.774118) can0 18F01D21#6381198000AC1480
(1785078523.774383) can0 0CF00400#FF7D7FF01100FFFF
(1785078523.774427) can0 09F8021C#34FC0F0DA900FFFF
(1785078523.774458) can0 09F8011C#AE7D2718FE9D53C1
(1785078523.774486) can0 18FEE81C#9409180620644081
(1785078523.774514) can0 19F10D13#298A015B0284005D
(1785078523.775038) can0 0CF00400#FF7D7FF81100FFFF
(1785078523.775094) can0 0CF00400#FF7D80181200FFFF
(1785078523.776431) can0 0CF00400#FF7D80201200FFFF
(1785078523.776475) can0 0CF00400#FF7D80481200FFFF
(1785078523.776508) can0 18F01D21#0B81198000AC1480
(1785078523.776536) can0 09F112F8#FFCA1C0000FF7FFD
(1785078523.776563) can0 0CF00400#FF7D80881200FFFF
(1785078523.776591) can0 19F10D13#2A8B015B0284005D
(1785078523.776659) can0 0CF00400#FF7D80981200FFFF
(1785078523.777269) can0 0CF00400#FF7D80A81200FFFF
(1785078523.777493) can0 0CF00400#FF7D80C01200FFFF
(1785078523.778808) can0 0CF00400#FF7D80A81200FFFF
(1785078523.778853) can0 18F01D21#6381198000AC1480
(1785078523.778883) can0 0CF00400#FF7D7F881200FFFF
(1785078523.778912) can0 19F10D13#2B8A015B0284005D
(1785078523.778939) can0 0CF00400#FF7D80901200FFFF
(1785078523.778966) can0 09F112F8#FFAA1C0000FF7FFD
(1785078523.779495) can0 0CF00400#FF7D80B81200FFFF
(1785078523.779551) can0 0CF00400#FF7D7FB01200FFFF
(1785078523.780854) can0 0CF00400#FF7D7FC01200FFFF
(1785078523.780899) can0 18F01D21#0B81198000AC1480
(1785078523.780930) can0 0CF00400#FF7D7FE81200FFFF
(1785078523.780957) can0 19F10D13#2C89015B0284005E
(1785078523.780985) can0 0CF00400#FF7D7FF01200FFFF
(1785078523.781454) can0 0CF00400#FF7D7FE81200FFFF
(1785078523.781513) can0 0CF00400#FF7D7FF81200FFFF
(1785078523.781771) can0 09F112F8#FF831C0000FF7FFD
(1785078523.781998) can0 0CF00400#FF7D7FC01200FFFF
(1785078523.782048) can0 18F01D21#0B81198000AC1480
(1785078523.782331) can0 0CF00400#FF7D7F981200FFFF
(1785078523.783645) can0 19F10D13#2D89015B0284005E
(1785078523.783690) can0 0CF00400#FF7D7F781200FFFF
(1785078523.783713) can0 0CF00400#FF7D7F681200FFFF
(1785078523.783736) can0 0CF00400#FF7D7F181200FFFF
(1785078523.784106) can0 0CF00400#FF7D7F201200FFFF
(1785078523.784152) can0 18F01D21#6381198000AC1480
(1785078523.784414) can0 0CF00400#FF7D80501200FFFF
(1785078523.784458) can0 09F112F8#FF631C0000FF7FFD
(1785078523.784490) can0 09F8021C#35FCFB0DAA00FFFF
(1785078523.784518) can0 09F8021C#36FCFB0DAA00FFFF
(1785078523.784546) can0 09F8011C#D87D2718169E53C1
(1785078523.784574) can0 19F10D13#2E89015B0284005E
(1785078523.784601) can0 18FEE81C#410A200641643F81
(1785078523.784629) can0 0CF00400#FF7D80701200FFFF
(1785078523.785399) can0 0CF00400#FF7D80881200FFFF
(1785078523.785459) can0 0CF00400#FF7D80B01200FFFF
(1785078523.786778) can0 0CF00400#FF7D80981200FFFF
(1785078523.786824) can0 18F01D21#6381198000AC1480
(1785078523.786855) can0 0CF00400#FF7D80701200FFFF
(1785078523.786980) can0 19F10D13#2F89015B0284005E
(1785078523.787019) can0 0CF00400#FF7D80581200FFFF
(1785078523.787053) can0 0CF00400#FF7D80701200FFFF
(1785078523.787072) can0 09F112F8#FF451C0000FF7FFD
(1785078523.787682) can0 0CF00400#FF7D80601200FFFF
(1785078523.787893) can0 0CF00400#FF7D80581200FFFF
(1785078523.788098) can0 18F01D21#0B81198000AC1480
(1785078523.788346) can0 0CF00400#FF7D80701200FFFF
(1785078523.788547) can0 19F10D13#3089015B0284005E
(1785078523.788768) can0 0CF00400#FF7D80A01200FFFF
(1785078523.790086) can0 0CF00400#FF7D80C81200FFFF
(1785078523.790143) can0 0CF00400#FF7D80D01200FFFF
(1785078523.790174) can0 09F112F8#FF2B1C0000FF7FFD
(1785078523.790202) can0 0CF00400#FF7D80C01200FFFF
(1785078523.790229) can0 18F01D21#6381198000AC1480
(1785078523.790256) can0 0CF00400#FF7D80B81200FFFF
(1785078523.790771) can0 19F10D13#318A015B0284005D
(1785078523.790817) can0 0CF00400#FF7D80C81200FFFF
(1785078523.791109) can0 0CF00400#FF7D80C81200FFFF
(1785078523.792367) can0 0CF00400#FF7D7FB81200FFFF
(1785078523.792418) can0 0CF00400#FF7D7FD01200FFFF
(1785078523.792440) can0 18F01D21#6381198000AC1480
(1785078523.792458) can0 0CF00400#FF7D80F81200FFFF
(1785078523.792812) can0 19F10D13#328A015B0284005D
(1785078523.792858) can0 09F112F8#FF0C1C0000FF7FFD
(1785078523.792890) can0 0CF00400#FF7D80181300FFFF
(1785078523.793268) can0 0CF00400#FF7D7F081300FFFF
(1785078523.793474) can0 0CF00400#FF7D7F001300FFFF
(1785078523.794738) can0 0CF00400#FF7D7FE81200FFFF
(1785078523.794784) can0 18F01D21#6381198000AC1480
(1785078523.794815) can0 0CF00400#FF7D7FE01200FFFF
(1785078523.794844) can0 19F10D13#338A015B0284005D
(1785078523.794871) can0 0CF00400#FF7D7FD81200FFFF
(1785078523.794899) can0 09F8021C#37FC7E0DAC00FFFF
(1785078523.794926) can0 09F8011C#387E27184A9E53C1
(1785078523.794954) can0 18FEE81C#E609380645643E81
(1785078523.795626) can0 0CF00400#FF7D7F901200FFFF
(1785078523.795676) can0 09F112F8#FFEB1B0000FF7FFD
(1785078523.795716) can0 0CF00400#FF7D7F801200FFFF
(1785078523.796095) can0 0CF00400#FF7D7F801200FFFF
(1785078523.796146) can0 18F01D21#6381198000AC1480
(1785078523.796487) can0 0CF00400#FF7D7F881200FFFF
(1785078523.796532) can0 19F10D13#348A015B0284005D
(1785078523.796802) can0 0CF00400#FF7D80A01200FFFF
(1785078523.798086) can0 0CF00400#FF7D80D81200FFFF
(1785078523.798133) can0 0CF00400#FF7D7FF01200FFFF
(1785078523.798174) can0 0CF00400#FF7D7FE81200FFFF
(1785078523.798202) can0 09F112F8#FFD31B0000FF7FFD
(1785078523.798230) can0 18F01D21#6381198000AC1480
(1785078523.798257) can0 0CF00400#FF7D7FE81200FFFF
(1785078523.798841) can0 19F10D13#358A015B0284005D
(1785078523.798898) can0 0CF00400#FF7D7FE01200FFFF
(1785078523.799237) can0 0CF00400#FF7D7FF01200FFFF
(1785078523.799461) can0 0CF00400#FF7D7F101300FFFF
(1785078523.800769) can0 0CF00400#FF7D7F101300FFFF
(1785078523.800813) can0 18F01D21#6381198000AC1480
(1785078523.800845) can0 0CF00400#FF7D7F101300FFFF
(1785078523.800873) can0 19F10D13#368A015B0284005D
(1785078523.800901) can0 0CF00400#FF7D7F281300FFFF
(1785078523.800928) can0 09F112F8#FFBF1B0000FF7FFD
(1785078523.801466) can0 0CF00400#FF7D7F301300FFFF
(1785078523.801513) can0 0CF00400#FF7D7FF01200FFFF
(1785078523.802866) can0 0CF00400#FF7D7FC01200FFFF
(1785078523.802910) can0 18F01D21#0B81198000AC1480
(1785078523.802941) can0 0CF00400#FF7D7FC81200FFFF
(1785078523.802969) can0 19F10D13#378B015B0284005D
(1785078523.802997) can0 0CF00400#FF7D7FD01200FFFF
(1785078523.803431) can0 0CF00400#FF7D7FA01200FFFF
(1785078523.803479) can0 09F112F8#FFA61B0000FF7FFD
(1785078523.803511) can0 0CF00400#FF7D7FB81200FFFF
(1785078523.803874) can0 0CF00400#FF7D7FB01200FFFF
(1785078523.804076) can0 18F01D21#6381198000AC1480
(1785078523.804319) can0 0CF00400#FF7D7FA81200FFFF
(1785078523.805591) can0 19F10D13#388A015B0284005D
(1785078523.805642) can0 0CF00400#FF7D7FC01200FFFF
(1785078523.805674) can0 09F8021C#38FC540DAF00FFFF
(1785078523.805702) can0 09F8011C#6E7E2718689E53C1
(1785078523.805730) can0 18FEE81C#C709500643643D81
(1785078523.805757) can0 0CF00400#FF7D7FF01200FFFF
(1785078523.805784) can0 0CF00400#FF7D7FF01200FFFF
(1785078523.806470) can0 0CF00400#FF7D7F181300FFFF
(1785078523.806519) can0 18F01D21#6381198000AC1480
(1785078523.806551) can0 09F112F8#FF861B0000FF7FFD
(1785078523.806580) can0 0CF00400#FF7D7F301300FFFF
(1785078523.806607) can0 19F10D13#3989015B0284005E
(1785078523.806634) can0 0CF00400#FF7D7F401300FFFF
(1785078523.807232) can0 0CF00400#FF7D7F401300FFFF
(1785078523.808499) can0 0CF00400#FF7D7F381300FFFF
(1785078523.808558) can0 0CF00400#FF7D7F381300FFFF
(1785078523.808589) can0 18F01D21#6381198000AC1480
(1785078523.808618) can0 0CF00400#FF7D7F481300FFFF
(1785078523.808646) can0 19F10D13#3A8B015B0284005D
(1785078523.808673) can0 0CF00400#FF7D7F481300FFFF
(1785078523.809257) can0 09F112F8#FF661B0000FF7FFD
(1785078523.809306) can0 0CF00400#FF7D7F381300FFFF
(1785078523.809596) can0 0CF00400#FF7D7F381300FFFF
(1785078523.810858) can0 0CF00400#FF7D7F101300FFFF
(1785078523.810915) can0 18F01D21#0B81198000AC1480
(1785078523.810946) can0 0CF00400#FF7D7F081300FFFF
(1785078523.810974) can0 19F10D13#3B8A015B0284005D
(1785078523.811002) can0 0CF00400#FF7D7F001300FFFF
(1785078523.811077) can0 0CF00400#FF7D7F081300FFFF
(1785078523.811577) can0 0CF00400#FF7D7F181300FFFF
(1785078523.811622) can0 09F112F8#FF431B0000FF7FFD
(1785078523.811913) can0 0CF00400#FF7D7F281300FFFF
(1785078523.812125) can0 18F01D21#6381198000AC1480
(1785078523.812341) can0 0CF00400#FF7D7F401300FFFF
(1785078523.812542) can0 19F10D13#3C8A015B0284005D
(1785078523.812766) can0 0CF00400#FF7D7F481300FFFF
(1785078523.814087) can0 0CF00400#FF7D7F481300FFFF
(1785078523.814132) can0 0CF00400#FF7D7F381300FFFF
(1785078523.814163) can0 0CF00400#FF7D7FE81200FFFF
(1785078523.814191) can0 18F01D21#6381198000AC1480
(1785078523.814229) can0 0CF00400#FF7D7FA81200FFFF
(1785078523.814679) can0 09F112F8#FF171B0000FF7FFD
(1785078523.814727) can0 19F10D13#3D8A015B0284005D
(1785078523.814750) can0 0CF00400#FF7D7FA81200FFFF
(1785078523.816573) can0 18FF50E0#0000800080008001
(1785078523.816900) can0 0CF00400#FF7D7FC01200FFFF
(1785078523.816948) can0 09F8021C#39FCB70CA800FFFF
(1785078523.816981) can0 09F8011C#A07E2718849E53C1
(1785078523.817018) can0 18FEE81C#5409100643643C81
(1785078523.817061) can0 0CF00400#FF7D7FD81200FFFF
(1785078523.817092) can0 0CF00400#FF7D7FE81200FFFF
(1785078523.817120) can0 18F01D21#6381198000AC1480
(1785078523.817157) can0 0CF00400#FF7D7FF81200FFFF
(1785078523.817192) can0 19F10D13#3E89015B0284005E
(1785078523.817220) can0 0CF00400#FF7D7F301300FFFF
(1785078523.817247) can0 09F112F8#FFEB1A0000FF7FFD
(1785078523.817274) can0 0CF00400#FF7D7F181300FFFF
(1785078523.818224) can0 0CF00400#FF7D7FE01200FFFF
(1785078523.818275) can0 0CF00400#FF7D7FD81200FFFF
(1785078523.818301) can0 18F01D21#6381198000AC1480
(1785078523.818325) can0 0CF00400#FF7D7FA01200FFFF
