(1785078771.214653) can0 18F01D21#B4241C8000D11580
(1785078771.215335) can0 09F112F8#FFFF1D0000FF7FFD
(1785078771.215428) can0 0CF00400#FF7D7F001200FFFF
(1785078771.215471) can0 19F10D13#0D70015B0284006C
(1785078771.215505) can0 0CF00400#FF7D7FC81100FFFF
(1785078771.216442) can0 0CF00400#FF7D7F901100FFFF
(1785078771.216524) can0 0CF00400#FF7D7F881100FFFF
(1785078771.216572) can0 0CF00400#FF7D7FA01100FFFF
(1785078771.217175) can0 18F01D21#4BF41B8000D11580
(1785078771.217254) can0 0CF00400#FF7D80C81100FFFF
(1785078771.217307) can0 19F10D13#0E73015B0284006A
(1785078771.217339) can0 0CF00400#FF7D80F81100FFFF
(1785078771.218164) can0 09F112F8#FFFF1D0000FF7FFD
(1785078771.218242) can0 0CF00400#FF7D80181200FFFF
(1785078771.218288) can0 0CF00400#FF7D80001200FFFF
(1785078771.218992) can0 0CF00400#FF7D80E01100FFFF
(1785078771.219101) can0 18F01D21#FAC61B8000D11580
(1785078771.219147) can0 0CF00400#FF7D80D01100FFFF
(1785078771.219191) can0 19F10D13#0F74015B02840069
(1785078771.219824) can0 0CF00400#FF7D80E81100FFFF
(1785078771.219895) can0 0CF00400#FF7D80F81100FFFF
(1785078771.220511) can0 0CF00400#FF7D80081200FFFF
(1785078771.220577) can0 09F8021C#2FFC520FAB00FFFF
(1785078771.220615) can0 09F8011C#A27C2718589D53C1
(1785078771.220647) can0 18FEE81C#3D0B30061E644581
(1785078771.220677) can0 09F112F8#FF041E0000FF7FFD
(1785078771.220706) can0 0CF00400#FF7D80301200FFFF
(1785078771.220741) can0 18F01D21#6B911B8000D11580
(1785078771.221970) can0 0CF00400#FF7D80601200FFFF
(1785078771.222083) can0 19F10D13#1076015B02840068
(1785078771.222128) can0 0CF00400#FF7D80901200FFFF
(1785078771.222162) can0 0CF00400#FF7D80C01200FFFF
(1785078771.222192) can0 0CF00400#FF7D80D01200FFFF
(1785078771.222947) can0 0CF00400#FF7D80C01200FFFF
(1785078771.223025) can0 18F01D21#56551B8000D11580
(1785078771.223095) can0 0CF00400#FF7D80B01200FFFF
(1785078771.223141) can0 09F112F8#FF0F1E0000FF7FFD
(1785078771.223171) can0 19F10D13#1179015B02840067
(1785078771.224008) can0 0CF00400#FF7D80A81200FFFF
(1785078771.224085) can0 0CF00400#FF7D80E81200FFFF
(1785078771.224123) can0 0CF00400#FF7D80101300FFFF
(1785078771.224663) can0 0CF00400#FF7D80301300FFFF
(1785078771.224737) can0 18F01D21#7A151B8000AC1480
(1785078771.225308) can0 0CF00400#FF7D80581300FFFF
(1785078771.225394) can0 19F10D13#127B015B02840066
(1785078771.225434) can0 0CF00400#FF7D80781300FFFF
(1785078771.226067) can0 0CF00400#FF7D80781300FFFF
(1785078771.226141) can0 09F112F8#FF131E0000FF7FFD
(1785078771.226186) can0 0CF00400#FF7D7F601300FFFF
(1785078771.226832) can0 0CF00400#FF7D7F681300FFFF
(1785078771.226898) can0 18F01D21#DFBB1A8000AC1480
(1785078771.226937) can0 0CF00400#FF7D7F501300FFFF
(1785078771.227521) can0 19F10D13#137F015B02840063
(1785078771.227577) can0 0CF00400#FF7D7F281300FFFF
(1785078771.228034) can0 0CF00400#FF7D7F181300FFFF
(1785078771.228125) can0 0CF00400#FF7D7F101300FFFF
(1785078771.228604) can0 0CF00400#FF7D7F081300FFFF
(1785078771.228669) can0 18F01D21#3F561A8000AC1480
(1785078771.229180) can0 09F112F8#FF121E0000FF7FFD
(1785078771.229242) can0 0CF00400#FF7D7F201300FFFF
(1785078771.229287) can0 19F10D13#1482015B02840062
(1785078771.229316) can0 0CF00400#FF7D7F381300FFFF
(1785078771.229946) can0 0CF00400#FF7D7F481300FFFF
(1785078771.230362) can0 0CF00400#FF7D7F581300FFFF
(1785078771.230430) can0 09F8021C#30FC510DA900FFFF
(1785078771.230466) can0 09F8011C#C87C2718769D53C1
(1785078771.230496) can0 18FEE81C#C50918061E644381
(1785078771.230523) can0 0CF00400#FF7D7F381300FFFF
(1785078771.231502) can0 18F01D21#ABFD198000AC1480
(1785078771.231578) can0 0CF00400#FF7D7F201300FFFF
(1785078771.231630) can0 19F10D13#1585015B02840060
(1785078771.231661) can0 0CF00400#FF7D7F301300FFFF
(1785078771.231689) can0 09F112F8#FF091E0000FF7FFD
(1785078771.231715) can0 0CF00400#FF7D7F401300FFFF
(1785078771.232659) can0 0CF00400#FF7D7F201300FFFF
(1785078771.232724) can0 0CF00400#FF7D7F381300FFFF
(1785078771.232762) can0 18F01D21#59B9198000AC1480
(1785078771.233283) can0 0CF00400#FF7D7F601300FFFF
(1785078771.233353) can0 19F10D13#1689015B0284005E
(1785078771.233387) can0 0CF00400#FF7D7F601300FFFF
(1785078771.233934) can0 0CF00400#FF7D7F581300FFFF
(1785078771.234266) can0 0CF00400#FF7D7F281300FFFF
(1785078771.234331) can0 09F112F8#FFFB1D0000FF7FFD
(1785078771.234744) can0 0CF00400#FF7D7F001300FFFF
(1785078771.234801) can0 18F01D21#ED93198000AC1480
(1785078771.235245) can0 0CF00400#FF7D7FF81200FFFF
(1785078771.235303) can0 19F10D13#1789015B0284005E
(1785078771.235347) can0 0CF00400#FF7D7FF01200FFFF
(1785078771.235753) can0 0CF00400#FF7D7FC81200FFFF
(1785078771.236141) can0 0CF00400#FF7D7FA81200FFFF
(1785078771.237495) can0 0CF00400#FF7D7FA81200FFFF
(1785078771.237552) can0 18F01D21#D284198000AC1480
(1785078771.237586) can0 0CF00400#FF7D7FA01200FFFF
(1785078771.237615) can0 09F112F8#FFEB1D0000FF7FFD
(1785078771.237643) can0 19F10D13#188A015B0284005D
(1785078771.237675) can0 0CF00400#FF7D7FB01200FFFF
(1785078771.237743) can0 0CF00400#FF7D7FC81200FFFF
(1785078771.238782) can0 0CF00400#FF7D7FC01200FFFF
(1785078771.238852) can0 0CF00400#FF7D7FA81200FFFF
(1785078771.238894) can0 18F01D21#7283198000AC1480
(1785078771.238926) can0 0CF00400#FF7D7F781200FFFF
(1785078771.239577) can0 19F10D13#1989015B0284005E
(1785078771.239670) can0 0CF00400#FF7D7F901200FFFF
(1785078771.239720) can0 0CF00400#FF7D7FA01200FFFF
(1785078771.239766) can0 09F112F8#FFD31D0000FF7FFD
(1785078771.240467) can0 0CF00400#FF7D7FB01200FFFF
(1785078771.240526) can0 09F8021C#31FC1D0EA800FFFF
(1785078771.240562) can0 09F8011C#F27C27188C9D53C1
(1785078771.240591) can0 0CF00400#FF7D7FC01200FFFF
(1785078771.240617) can0 18FEE81C#5A0A10061E644381
(1785078771.240640) can0 18F01D21#6B82198000AC1480
(1785078771.241581) can0 0CF00400#FF7D7FB81200FFFF
(1785078771.241643) can0 19F10D13#1A89015B0284005E
(1785078771.241689) can0 0CF00400#FF7D7FA81200FFFF
(1785078771.241730) can0 0CF00400#FF7D7F981200FFFF
(1785078771.242316) can0 0CF00400#FF7D7F801200FFFF
(1785078771.242607) can0 0CF00400#FF7D7F401200FFFF
(1785078771.242662) can0 09F112F8#FFBD1D0000FF7FFD
(1785078771.242694) can0 18F01D21#6B82198000AC1480
(1785078771.243252) can0 0CF00400#FF7D7F401200FFFF
(1785078771.243309) can0 19F10D13#1B8A015B0284005D
(1785078771.243342) can0 0CF00400#FF7D7F481200FFFF
(1785078771.243876) can0 0CF00400#FF7D7F501200FFFF
(1785078771.244182) can0 0CF00400#FF7D7F701200FFFF
(1785078771.245554) can0 0CF00400#FF7D7F781200FFFF
(1785078771.245606) can0 18F01D21#1382198000AC1480
(1785078771.245639) can0 0CF00400#FF7D7F981200FFFF
(1785078771.245666) can0 19F10D13#1C8A015B0284005D
(1785078771.245691) can0 0CF00400#FF7D7FC81200FFFF
(1785078771.245723) can0 09F112F8#FFA51D0000FF7FFD
(1785078771.245746) can0 0CF00400#FF7D7FE81200FFFF
(1785078771.246642) can0 0CF00400#FF7D7FC01200FFFF
(1785078771.246703) can0 0CF00400#FF7D7F981200FFFF
(1785078771.246738) can0 18F01D21#1382198000AC1480
(1785078771.247183) can0 0CF00400#FF7D7FB81200FFFF
(1785078771.247239) can0 19F10D13#1D8B015B0284005D
(1785078771.247508) can0 0CF00400#FF7D7FC01200FFFF
(1785078771.247940) can0 0CF00400#FF7D7FC81200FFFF
(1785078771.248281) can0 0CF00400#FF7D7FD01200FFFF
(1785078771.248345) can0 09F112F8#FF921D0000FF7FFD
(1785078771.248713) can0 0CF00400#FF7D7FA81200FFFF
(1785078771.248765) can0 18F01D21#BB81198000AC1480
(1785078771.249128) can0 0CF00400#FF7D7FA01200FFFF
(1785078771.249223) can0 19F10D13#1E8A015B0284005D
(1785078771.249570) can0 0CF00400#FF7D7FC01200FFFF
(1785078771.249829) can0 0CF00400#FF7D7FD01200FFFF
(1785078771.250127) can0 0CF00400#FF7D7FC81200FFFF
(1785078771.251431) can0 0CF00400#FF7D7FE01200FFFF
(1785078771.251498) can0 09F8021C#32FC720EAA00FFFF
(1785078771.251528) can0 09F8011C#427D2718BC9D53C1
(1785078771.251554) can0 18F01D21#6381198000AC1480
(1785078771.251578) can0 18FEE81C#990A200620644281
(1785078771.251601) can0 0CF00400#FF7D7FF01200FFFF
(1785078771.251623) can0 09F112F8#FF831D0000FF7FFD
(1785078771.251644) can0 19F10D13#1F89015B0284005E
(1785078771.251666) can0 0CF00400#FF7D7FF81200FFFF
(1785078771.251695) can0 0CF00400#FF7D7FE81200FFFF
(1785078771.252896) can0 0CF00400#FF7D7FE01200FFFF
(1785078771.252970) can0 0CF00400#FF7D7FD81200FFFF
(1785078771.253024) can0 18F01D21#6381198000AC1480
(1785078771.253090) can0 0CF00400#FF7D7FD01200FFFF
(1785078771.253718) can0 19F10D13#208B015B0284005D
(1785078771.253781) can0 0CF00400#FF7D7FD81200FFFF
(1785078771.253823) can0 0CF00400#FF7D7FF01200FFFF
(1785078771.253850) can0 09F112F8#FF781D0000FF7FFD
(1785078771.254467) can0 0CF00400#FF7D7FF81200FFFF
(1785078771.254521) can0 0CF00400#FF7D7FF81200FFFF
(1785078771.254829) can0 18F01D21#6381198000AC1480
(1785078771.254880) can0 0CF00400#FF7D7FF81200FFFF
(1785078771.255276) can0 19F10D13#218A015B0284005D
(1785078771.255327) can0 0CF00400#FF7D7FF01200FFFF
(1785078771.255730) can0 0CF00400#FF7D7FE81200FFFF
(1785078771.257066) can0 0CF00400#FF7D7FE81200FFFF
(1785078771.257119) can0 09F112F8#FF6C1D0000FF7FFD
(1785078771.257149) can0 0CF00400#FF7D7FF01200FFFF
(1785078771.257175) can0 18F01D21#6381198000AC1480
(1785078771.257198) can0 0CF00400#FF7D7F001300FFFF
(1785078771.257220) can0 19F10D13#2289015B0284005E
(1785078771.258012) can0 0CF00400#FF7D7F101300FFFF
(1785078771.258095) can0 0CF00400#FF7D7F101300FFFF
(1785078771.258129) can0 0CF00400#FF7D7FF01200FFFF
(1785078771.259639) can0 0CF00400#FF7D7FD81200FFFF
(1785078771.259696) can0 18F01D21#6381198000AC1480
(1785078771.259727) can0 0CF00400#FF7D7FD01200FFFF
(1785078771.259753) can0 19F10D13#238A015B0284005D
(1785078771.259778) can0 09F112F8#FF571D0000FF7FFD
(1785078771.259800) can0 0CF00400#FF7D7FD01200FFFF
(1785078771.259830) can0 0CF00400#FF7D7FD81200FFFF
(1785078771.260675) can0 0CF00400#FF7D7FD01200FFFF
(1785078771.260733) can0 0CF00400#FF7D7FD81200FFFF
(1785078771.260766) can0 18F01D21#6381198000AC1480
(1785078771.260792) can0 09F8021C#33FC3F0EAC00FFFF
(1785078771.260816) can0 09F8011C#7C7D2718E29D53C1
(1785078771.260838) can0 18FEE81C#730A380620644181
(1785078771.261580) can0 0CF00400#FF7D7FF81200FFFF
(1785078771.261647) can0 19F10D13#248A015B0284005D
(1785078771.261695) can0 0CF00400#FF7D7F181300FFFF
(1785078771.261756) can0 0CF00400#FF7D7F181300FFFF
(1785078771.262205) can0 09F112F8#FF3C1D0000FF7FFD
(1785078771.262258) can0 0CF00400#FF7D7FF81200FFFF
(1785078771.262913) can0 0CF00400#FF7D7FF01200FFFF
(1785078771.262980) can0 18F01D21#6381198000AC1480
(1785078771.263028) can0 0CF00400#FF7D7FD01200FFFF
(1785078771.263417) can0 19F10D13#258A015B0284005D
(1785078771.263463) can0 0CF00400#FF7D7FE01200FFFF
(1785078771.263988) can0 0CF00400#FF7D7FC81200FFFF
(1785078771.264314) can0 0CF00400#FF7D7F901200FFFF
(1785078771.264623) can0 0CF00400#FF7D7FA01200FFFF
(1785078771.264698) can0 09F112F8#FF231D0000FF7FFD
(1785078771.264745) can0 18F01D21#6381198000AC1480
(1785078771.265208) can0 0CF00400#FF7D7FA81200FFFF
(1785078771.265258) can0 19F10D13#268A015B0284005D
(1785078771.265288) can0 0CF00400#FF7D7FB81200FFFF
(1785078771.266715) can0 0CF00400#FF7D7FB01200FFFF
(1785078771.266787) can0 0CF00400#FF7D7F801200FFFF
(1785078771.266816) can0 0CF00400#FF7D7F681200FFFF
(1785078771.266841) can0 18F01D21#0B81198000AC1480
(1785078771.267261) can0 0CF00400#FF7D7F601200FFFF
(1785078771.267309) can0 19F10D13#2789015B0284005E
(1785078771.267339) can0 0CF00400#FF7D7F701200FFFF
(1785078771.267364) can0 09F112F8#FF071D0000FF7FFD
(1785078771.267815) can0 0CF00400#FF7D7F581200FFFF
(1785078771.268230) can0 0CF00400#FF7D7F201200FFFF
(1785078771.269674) can0 0CF00400#FF7D7F401200FFFF
(1785078771.269756) can0 18F01D21#6381198000AC1480
(1785078771.269798) can0 0CF00400#FF7D7F681200FFFF
(1785078771.269827) can0 19F10D13#288A015B0284005D
(1785078771.269852) can0 0CF00400#FF7D7F901200FFFF
(1785078771.269875) can0 0CF00400#FF7D7F981200FFFF
(1785078771.270547) can0 0CF00400#FF7D7F901200FFFF
(1785078771.270618) can0 09F112F8#FFE61C0000FF7FFD
(1785078771.270657) can0 0CF00400#FF7D7F301200FFFF
(1785078771.270685) can0 18F01D21#6381198000AC1480
(1785078771.271250) can0 0CF00400#FF7D7FF01100FFFF
(1785078771.271317) can0 09F8021C#34FC0F0DA900FFFF
(1785078771.271355) can0 09F8011C#AE7D2718FE9D53C1
(1785078771.271383) can0 18FEE81C#9409180620644081
(1785078771.271408) can0 19F10D13#298A015B0284005D
(1785078771.271430) can0 0CF00400#FF7D7FF81100FFFF
(1785078771.272176) can0 0CF00400#FF7D80181200FFFF
(1785078771.272268) can0 0CF00400#FF7D80201200FFFF
(1785078771.272675) can0 0CF00400#FF7D80481200FFFF
(1785078771.272748) can0 18F01D21#0B81198000AC1480
(1785078771.273234) can0 09F112F8#FFCA1C0000FF7FFD
(1785078771.273321) can0 0CF00400#FF7D80881200FFFF
(1785078771.273385) can0 19F10D13#2A8B015B0284005D
(1785078771.273437) can0 0CF00400#FF7D80981200FFFF
(1785078771.274263) can0 0CF00400#FF7D80A81200FFFF
(1785078771.274337) can0 0CF00400#FF7D80C01200FFFF
(1785078771.274826) can0 0CF00400#FF7D80A81200FFFF
(1785078771.274892) can0 18F01D21#6381198000AC1480
(1785078771.274939) can0 0CF00400#FF7D7F881200FFFF
(1785078771.275488) can0 19F10D13#2B8A015B0284005D
(1785078771.275557) can0 0CF00400#FF7D80901200FFFF
(1785078771.275590) can0 09F112F8#FFAA1C0000FF7FFD
(1785078771.276095) can0 0CF00400#FF7D80B81200FFFF
(1785078771.276161) can0 0CF00400#FF7D7FB01200FFFF
(1785078771.276547) can0 0CF00400#FF7D7FC01200FFFF
(1785078771.276780) can0 18F01D21#0B81198000AC1480
(1785078771.277119) can0 0CF00400#FF7D7FE81200FFFF
(1785078771.277187) can0 19F10D13#2C89015B0284005E
(1785078771.277618) can0 0CF00400#FF7D7FF01200FFFF
(1785078771.277759) can0 0CF00400#FF7D7FE81200FFFF
(1785078771.278194) can0 0CF00400#FF7D7FF81200FFFF
(1785078771.278481) can0 09F112F8#FF831C0000FF7FFD
(1785078771.278560) can0 0CF00400#FF7D7FC01200FFFF
(1785078771.279026) can0 18F01D21#0B81198000AC1480
(1785078771.279119) can0 0CF00400#FF7D7F981200FFFF
(1785078771.279212) can0 19F10D13#2D89015B0284005E
(1785078771.279694) can0 0CF00400#FF7D7F781200FFFF
(1785078771.279756) can0 0CF00400#FF7D7F681200FFFF
(1785078771.280114) can0 0CF00400#FF7D7F181200FFFF
(1785078771.281427) can0 0CF00400#FF7D7F201200FFFF
(1785078771.281481) can0 18F01D21#6381198000AC1480
(1785078771.281513) can0 0CF00400#FF7D80501200FFFF
(1785078771.281540) can0 09F112F8#FF631C0000FF7FFD
(1785078771.281566) can0 09F8021C#35FCFB0DAA00FFFF
(1785078771.281590) can0 09F8021C#36FCFB0DAA00FFFF
(1785078771.281615) can0 09F8011C#D87D2718169E53C1
(1785078771.281638) can0 19F10D13#2E89015B0284005E
(1785078771.281660) can0 18FEE81C#410A200641643F81
(1785078771.281682) can0 0CF00400#FF7D80701200FFFF
(1785078771.281704) can0 0CF00400#FF7D80881200FFFF
(1785078771.282870) can0 0CF00400#FF7D80B01200FFFF
(1785078771.282940) can0 0CF00400#FF7D80981200FFFF
(1785078771.282992) can0 18F01D21#6381198000AC1480
(1785078771.283053) can0 0CF00400#FF7D80701200FFFF
(1785078771.283414) can0 19F10D13#2F89015B0284005E
(1785078771.283468) can0 0CF00400#FF7D80581200FFFF
(1785078771.284137) can0 0CF00400#FF7D80701200FFFF
(1785078771.284207) can0 09F112F8#FF451C0000FF7FFD
(1785078771.284255) can0 0CF00400#FF7D80601200FFFF
(1785078771.284795) can0 0CF00400#FF7D80581200FFFF
(1785078771.284862) can0 18F01D21#0B81198000AC1480
(1785078771.284897) can0 0CF00400#FF7D80701200FFFF
(1785078771.285435) can0 19F10D13#3089015B0284005E
(1785078771.285549) can0 0CF00400#FF7D80A01200FFFF
(1785078771.286016) can0 0CF00400#FF7D80C81200FFFF
(1785078771.286104) can0 0CF00400#FF7D80D01200FFFF
(1785078771.287636) can0 09F112F8#FF2B1C0000FF7FFD
(1785078771.287691) can0 0CF00400#FF7D80C01200FFFF
(1785078771.287722) can0 18F01D21#6381198000AC1480
(1785078771.287748) can0 0CF00400#FF7D80B81200FFFF
(1785078771.287772) can0 19F10D13#318A015B0284005D
(1785078771.287795) can0 0CF00400#FF7D80C81200FFFF
(1785078771.287818) can0 0CF00400#FF7D80C81200FFFF
(1785078771.288718) can0 0CF00400#FF7D7FB81200FFFF
(1785078771.288790) can0 0CF00400#FF7D7FD01200FFFF
(1785078771.288824) can0 18F01D21#6381198000AC1480
(1785078771.289238) can0 0CF00400#FF7D80F81200FFFF
(1785078771.289294) can0 19F10D13#328A015B0284005D
(1785078771.289327) can0 09F112F8#FF0C1C0000FF7FFD
(1785078771.289355) can0 0CF00400#FF7D80181300FFFF
(1785078771.290176) can0 0CF00400#FF7D7F081300FFFF
(1785078771.290254) can0 0CF00400#FF7D7F001300FFFF
(1785078771.290676) can0 0CF00400#FF7D7FE81200FFFF
(1785078771.290738) can0 18F01D21#6381198000AC1480
(1785078771.291178) can0 0CF00400#FF7D7FE01200FFFF
(1785078771.291236) can0 19F10D13#338A015B0284005D
(1785078771.291314) can0 0CF00400#FF7D7FD81200FFFF
(1785078771.291352) can0 09F8021C#37FC7E0DAC00FFFF
(1785078771.291381) can0 09F8011C#387E27184A9E53C1
(1785078771.292113) can0 18FEE81C#E609380645643E81
(1785078771.292174) can0 0CF00400#FF7D7F901200FFFF
(1785078771.292210) can0 09F112F8#FFEB1B0000FF7FFD
(1785078771.292238) can0 0CF00400#FF7D7F801200FFFF
(1785078771.292869) can0 0CF00400#FF7D7F801200FFFF
(1785078771.292937) can0 18F01D21#6381198000AC1480
(1785078771.292987) can0 0CF00400#FF7D7F881200FFFF
(1785078771.293412) can0 19F10D13#348A015B0284005D
(1785078771.293462) can0 0CF00400#FF7D80A01200FFFF
(1785078771.293956) can0 0CF00400#FF7D80D81200FFFF
(1785078771.294227) can0 0CF00400#FF7D7FF01200FFFF
(1785078771.294532) can0 0CF00400#FF7D7FE81200FFFF
(1785078771.294622) can0 09F112F8#FFD31B0000FF7FFD
(1785078771.294658) can0 18F01D21#6381198000AC1480
(1785078771.295272) can0 0CF00400#FF7D7FE81200FFFF
(1785078771.295330) can0 19F10D13#358A015B0284005D
(1785078771.295364) can0 0CF00400#FF7D7FE01200FFFF
(1785078771.295863) can0 0CF00400#FF7D7FF01200FFFF
(1785078771.296177) can0 0CF00400#FF7D7F101300FFFF
(1785078771.297537) can0 0CF00400#FF7D7F101300FFFF
(1785078771.297590) can0 18F01D21#6381198000AC1480
(1785078771.297622) can0 0CF00400#FF7D7F101300FFFF
(1785078771.297650) can0 19F10D13#368A015B0284005D
(1785078771.297675) can0 0CF00400#FF7D7F281300FFFF
(1785078771.297699) can0 09F112F8#FFBF1B0000FF7FFD
(1785078771.297722) can0 0CF00400#FF7D7F301300FFFF
(1785078771.298664) can0 0CF00400#FF7D7FF01200FFFF
(1785078771.298738) can0 0CF00400#FF7D7FC01200FFFF
(1785078771.298772) can0 18F01D21#0B81198000AC1480
(1785078771.299260) can0 0CF00400#FF7D7FC81200FFFF
(1785078771.299315) can0 19F10D13#378B015B0284005D
(1785078771.299349) can0 0CF00400#FF7D7FD01200FFFF
(1785078771.299817) can0 0CF00400#FF7D7FA01200FFFF
(1785078771.300134) can0 09F112F8#FFA61B0000FF7FFD
(1785078771.300189) can0 0CF00400#FF7D7FB81200FFFF
(1785078771.300622) can0 0CF00400#FF7D7FB01200FFFF
(1785078771.300671) can0 18F01D21#6381198000AC1480
(1785078771.301069) can0 0CF00400#FF7D7FA81200FFFF
(1785078771.301299) can0 19F10D13#388A015B0284005D
(1785078771.301363) can0 0CF00400#FF7D7FC01200FFFF
(1785078771.301736) can0 09F8021C#38FC540DAF00FFFF
(1785078771.301789) can0 09F8011C#6E7E2718689E53C1
(1785078771.301821) can0 18FEE81C#C709500643643D81
(1785078771.301848) can0 0CF00400#FF7D7FF01200FFFF
(1785078771.302491) can0 0CF00400#FF7D7FF01200FFFF
(1785078771.302559) can0 0CF00400#FF7D7F181300FFFF
(1785078771.302875) can0 18F01D21#6381198000AC1480
(1785078771.302940) can0 09F112F8#FF861B0000FF7FFD
(1785078771.302987) can0 0CF00400#FF7D7F301300FFFF
(1785078771.303458) can0 19F10D13#3989015B0284005E
(1785078771.303505) can0 0CF00400#FF7D7F401300FFFF
(1785078771.303993) can0 0CF00400#FF7D7F401300FFFF
(1785078771.304121) can0 0CF00400#FF7D7F381300FFFF
(1785078771.305515) can0 0CF00400#FF7D7F381300FFFF
(1785078771.305564) can0 18F01D21#6381198000AC1480
(1785078771.305595) can0 0CF00400#FF7D7F481300FFFF
(1785078771.305622) can0 19F10D13#3A8B015B0284005D
(1785078771.305647) can0 0CF00400#FF7D7F481300FFFF
(1785078771.305671) can0 09F112F8#FF661B0000FF7FFD
(1785078771.305734) can0 0CF00400#FF7D7F381300FFFF
(1785078771.306616) can0 0CF00400#FF7D7F381300FFFF
(1785078771.306678) can0 0CF00400#FF7D7F101300FFFF
(1785078771.306724) can0 18F01D21#0B81198000AC1480
(1785078771.307226) can0 0CF00400#FF7D7F081300FFFF
(1785078771.307284) can0 19F10D13#3B8A015B0284005D
(1785078771.307317) can0 0CF00400#FF7D7F001300FFFF
(1785078771.307928) can0 0CF00400#FF7D7F081300FFFF
(1785078771.308216) can0 0CF00400#FF7D7F181300FFFF
(1785078771.308286) can0 09F112F8#FF431B0000FF7FFD
(1785078771.308676) can0 0CF00400#FF7D7F281300FFFF
(1785078771.308744) can0 18F01D21#6381198000AC1480
(1785078771.309129) can0 0CF00400#FF7D7F401300FFFF
(1785078771.309186) can0 19F10D13#3C8A015B0284005D
(1785078771.309549) can0 0CF00400#FF7D7F481300FFFF
(1785078771.309806) can0 0CF00400#FF7D7F481300FFFF
(1785078771.311164) can0 0CF00400#FF7D7F381300FFFF
(1785078771.311220) can0 0CF00400#FF7D7FE81200FFFF
(1785078771.311254) can0 18F01D21#6381198000AC1480
(1785078771.311292) can0 0CF00400#FF7D7FA81200FFFF
(1785078771.311317) can0 09F112F8#FF171B0000FF7FFD
(1785078771.311342) can0 19F10D13#3D8A015B0284005D
(1785078771.311366) can0 0CF00400#FF7D7FA81200FFFF
(1785078771.312281) can0 0CF00400#FF7D7FC01200FFFF
(1785078771.312345) can0 09F8021C#39FCB70CA800FFFF
(1785078771.312384) can0 09F8011C#A07E2718849E53C1
(1785078771.312414) can0 18FEE81C#5409100643643C81
(1785078771.312440) can0 0CF00400#FF7D7FD81200FFFF
(1785078771.313146) can0 0CF00400#FF7D7FE81200FFFF
(1785078771.313219) can0 18F01D21#6381198000AC1480
(1785078771.313288) can0 0CF00400#FF7D7FF81200FFFF
(1785078771.313335) can0 19F10D13#3E89015B0284005E
(1785078771.313381) can0 0CF00400#FF7D7F301300FFFF
(1785078771.313679) can0 18FF50E0#0000800080008001
(1785078771.314393) can0 09F112F8#FFEB1A0000FF7FFD
(1785078771.314467) can0 0CF00400#FF7D7F181300FFFF
(1785078771.314519) can0 0CF00400#FF7D7FE01200FFFF
(1785078771.314566) can0 0CF00400#FF7D7FD81200FFFF
(1785078771.315181) can0 18F01D21#6381198000AC1480
(1785078771.315251) can0 0CF00400#FF7D7FA01200FFFF
(1785078771.315281) can0 19F10D13#3F8A015B0284005D
(1785078771.315308) can0 0CF00400#FF7D7FB01200FFFF
(1785078771.316080) can0 0CF00400#FF7D7FA81200FFFF
(1785078771.316139) can0 0CF00400#FF7D7FA01200FFFF
(1785078771.317507) can0 0CF00400#FF7D7FC01200FFFF
(1785078771.317562) can0 09F112F8#FFC01A0000FF7FFD
(1785078771.317593) can0 18F01D21#6381198000AC1480
(1785078771.317620) can0 0CF00400#FF7D7FE01200FFFF
(1785078771.317653) can0 19F10D13#408A015B0284005D
(1785078771.317677) can0 0CF00400#FF7D7FE01200FFFF
(1785078771.317821) can0 0CF00400#FF7D7FD81200FFFF
(1785078771.318521) can0 0CF00400#FF7D7FD81200FFFF
(1785078771.318583) can0 0CF00400#FF7D7FD81200FFFF
(1785078771.318871) can0 18F01D21#6381198000AC1480
(1785078771.318936) can0 0CF00400#FF7D7FC81200FFFF
(1785078771.319340) can0 19F10D13#418A015B0284005D
(1785078771.319387) can0 0CF00400#FF7D7FC01200FFFF
(1785078771.319416) can0 09F112F8#FF8D1A0000FF7FFD
(1785078771.319879) can0 0CF00400#FF7D7FA81200FFFF
(1785078771.320163) can0 0CF00400#FF7D7FA01200FFFF
(1785078771.321495) can0 0CF00400#FF7D7FD01200FFFF
(1785078771.321548) can0 18F01D21#0B81198000AC1480
(1785078771.321579) can0 0CF00400#FF7D7FE81200FFFF
(1785078771.321615) can0 19F10D13#428A015B0284005D
(1785078771.321640) can0 0CF00400#FF7D7FF01200FFFF
(1785078771.322200) can0 0CF00400#FF7D7FE81200FFFF
(1785078771.322253) can0 09F8021C#3AFCB60CA900FFFF
(1785078771.322299) can0 09F8011C#C67E2718929E53C1
(1785078771.322330) can0 18FEE81C#5309180643643C81
(1785078771.322357) can0 09F112F8#FF611A0000FF7FFD
(1785078771.322381) can0 0CF00400#FF7D7FC81200FFFF
(1785078771.323105) can0 0CF00400#FF7D7F901200FFFF
(1785078771.323163) can0 18F01D21#0B81198000AC1480
(1785078771.323213) can0 0CF00400#FF7D7F801200FFFF
(1785078771.323253) can0 19F10D13#4389015B0284005E
(1785078771.323279) can0 0CF00400#FF7D7F881200FFFF
(1785078771.323899) can0 0CF00400#FF7D7F881200FFFF
(1785078771.324195) can0 0CF00400#FF7D7F881200FFFF
(1785078771.325533) can0 0CF00400#FF7D7FA01200FFFF
(1785078771.325585) can0 18F01D21#6381198000AC1480
(1785078771.325618) can0 09F112F8#FF2C1A0000FF7FFD
(1785078771.325644) can0 0CF00400#FF7D7FD01200FFFF
(1785078771.325669) can0 19F10D13#448A015B0284005D
(1785078771.325701) can0 0CF00400#FF7D7FE81200FFFF
(1785078771.325724) can0 0CF00400#FF7D7FE81200FFFF
(1785078771.326466) can0 0CF00400#FF7D7FC81200FFFF
(1785078771.326526) can0 0CF00400#FF7D7F801200FFFF
(1785078771.326813) can0 18F01D21#6381198000AC1480
(1785078771.326880) can0 0CF00400#FF7D7F481200FFFF
(1785078771.327294) can0 19F10D13#4589015B0284005E
(1785078771.327381) can0 0CF00400#FF7D7F501200FFFF
(1785078771.327792) can0 09F112F8#FF001A0000FF7FFD
(1785078771.327846) can0 0CF00400#FF7D7F581200FFFF
(1785078771.328233) can0 0CF00400#FF7D80601200FFFF
(1785078771.329551) can0 0CF00400#FF7D80781200FFFF
(1785078771.329602) can0 18F01D21#6381198000AC1480
(1785078771.329634) can0 0CF00400#FF7D80B01200FFFF
(1785078771.329661) can0 19F10D13#468A015B0284005D
(1785078771.329685) can0 0CF00400#FF7D7FC81200FFFF
(1785078771.329716) can0 0CF00400#FF7D80D81200FFFF
(1785078771.330357) can0 0CF00400#FF7D7FD01200FFFF
(1785078771.330420) can0 09F112F8#FFD6190000FF7FFD
(1785078771.330812) can0 0CF00400#FF7D7F981200FFFF
(1785078771.330866) can0 18F01D21#6381198000AC1480
(1785078771.330896) can0 0CF00400#FF7D7F881200FFFF
(1785078771.331310) can0 19F10D13#478B015B0284005D
(1785078771.331372) can0 0CF00400#FF7D7F981200FFFF
(1785078771.331751) can0 0CF00400#FF7D7FA81200FFFF
(1785078771.333085) can0 0CF00400#FF7D7FB81200FFFF
(1785078771.333137) can0 09F8021C#3BFCC40DAC00FFFF
(1785078771.333167) can0 09F8011C#F47E2718AC9E53C1
(1785078771.333193) can0 18FEE81C#190A380610643B81
(1785078771.333218) can0 0CF00400#FF7D7FB81200FFFF
(1785078771.333241) can0 18F01D21#6381198000AC1480
(1785078771.333263) can0 0CF00400#FF7D7FD81200FFFF
(1785078771.333296) can0 19F10D13#488A015B0284005D
(1785078771.333320) can0 09F112F8#FFB3190000FF7FFD
(1785078771.333342) can0 0CF00400#FF7D7FC81200FFFF
(1785078771.334263) can0 0CF00400#FF7D7FA81200FFFF
(1785078771.334316) can0 0CF00400#FF7D7FA01200FFFF
(1785078771.334792) can0 0CF00400#FF7D7FA81200FFFF
(1785078771.334864) can0 18F01D21#6381198000AC1480
(1785078771.334915) can0 0CF00400#FF7D7FA01200FFFF
(1785078771.335372) can0 19F10D13#498A015B0284005D
(1785078771.335437) can0 0CF00400#FF7D7F881200FFFF
(1785078771.335807) can0 0CF00400#FF7D7F701200FFFF
(1785078771.336106) can0 09F112F8#FF97190000FF7FFD
(1785078771.336157) can0 0CF00400#FF7D7F901200FFFF
(1785078771.336544) can0 0CF00400#FF7D7FC01200FFFF
(1785078771.336787) can0 18F01D21#6381198000AC1480
(1785078771.337126) can0 0CF00400#FF7D7FC81200FFFF
(1785078771.337178) can0 19F10D13#4A8A015B0284005D
(1785078771.337504) can0 0CF00400#FF7D7FC81200FFFF
(1785078771.337779) can0 0CF00400#FF7D7FC01200FFFF
(1785078771.339147) can0 0CF00400#FF7D7F981200FFFF
(1785078771.339199) can0 0CF00400#FF7D7FA01200FFFF
(1785078771.339228) can0 18F01D21#6381198000AC1480
(1785078771.339254) can0 09F112F8#FF75190000FF7FFD
(1785078771.339278) can0 0CF00400#FF7D7F981200FFFF
(1785078771.339302) can0 19F10D13#4B8A015B0284005D
(1785078771.339324) can0 0CF00400#FF7D7FA01200FFFF
(1785078771.340116) can0 0CF00400#FF7D7F901200FFFF
(1785078771.340178) can0 0CF00400#FF7D7F501200FFFF
(1785078771.341621) can0 0CF00400#FF7D7F701200FFFF
(1785078771.341687) can0 18F01D21#6381198000AC1480
(1785078771.341738) can0 0CF00400#FF7D7F901200FFFF
(1785078771.341794) can0 19F10D13#4C8B015B0284005D
(1785078771.341856) can0 0CF00400#FF7D7FB81200FFFF
(1785078771.341909) can0 09F112F8#FF51190000FF7FFD
(1785078771.341968) can0 0CF00400#FF7D7FE01200FFFF
(1785078771.342607) can0 0CF00400#FF7D7FC81200FFFF
(1785078771.342677) can0 09F8021C#3CFC340BAA00FFFF
(1785078771.342718) can0 09F8011C#327F2718CA9E53C1
(1785078771.342749) can0 18FEE81C#3808200600643C81
(1785078771.342776) can0 0CF00400#FF7D7FF01200FFFF
(1785078771.342800) can0 18F01D21#6381198000AC1480
(1785078771.343721) can0 0CF00400#FF7D7F001300FFFF
(1785078771.343790) can0 19F10D13#4D8A015B0284005D
(1785078771.343827) can0 0CF00400#FF7D7FF81200FFFF
(1785078771.343865) can0 0CF00400#FF7D7FF81200FFFF
(1785078771.344376) can0 0CF00400#FF7D7F081300FFFF
(1785078771.344447) can0 09F112F8#FF2F190000FF7FFD
(1785078771.344497) can0 0CF00400#FF7D7F001300FFFF
(1785078771.344998) can0 18F01D21#6381198000AC1480
(1785078771.345074) can0 0CF00400#FF7D7FF81200FFFF
(1785078771.345427) can0 19F10D13#4E8A015B0284005D
(1785078771.345480) can0 0CF00400#FF7D7F101300FFFF
(1785078771.345835) can0 0CF00400#FF7D7F281300FFFF
(1785078771.346111) can0 0CF00400#FF7D7F301300FFFF
(1785078771.347440) can0 0CF00400#FF7D7F181300FFFF
(1785078771.347492) can0 18F01D21#0B81198000AC1480
(1785078771.347524) can0 0CF00400#FF7D7F281300FFFF
(1785078771.347551) can0 09F112F8#FF04190000FF7FFD
(1785078771.347575) can0 19F10D13#4F8B015B0284005D
(1785078771.347598) can0 0CF00400#FF7D7F181300FFFF
(1785078771.348249) can0 0CF00400#FF7D7F281300FFFF
(1785078771.348331) can0 0CF00400#FF7D7F401300FFFF
(1785078771.348692) can0 0CF00400#FF7D7F481300FFFF
(1785078771.348754) can0 18F01D21#0B81198000AC1480
(1785078771.349153) can0 0CF00400#FF7D7F681300FFFF
(1785078771.349205) can0 19F10D13#508A015B0284005D
(1785078771.349578) can0 0CF00400#FF7D7F801300FFFF
(1785078771.349838) can0 0CF00400#FF7D7F781300FFFF
(1785078771.349898) can0 09F112F8#FFD4180000FF7FFD
(1785078771.350299) can0 0CF00400#FF7D7F681300FFFF
(1785078771.350558) can0 0CF00400#FF7D7F781300FFFF
(1785078771.350848) can0 18F01D21#6381198000AC1480
(1785078771.350897) can0 0CF00400#FF7D7F881300FFFF
(1785078771.351306) can0 19F10D13#518B015B0284005D
(1785078771.351358) can0 0CF00400#FF7D7F781300FFFF
(1785078771.351763) can0 0CF00400#FF7D7F601300FFFF
(1785078771.353076) can0 0CF00400#FF7D7F481300FFFF
(1785078771.353126) can0 09F8021C#3DFC490BAA00FFFF
(1785078771.353157) can0 09F8011C#627F2718E69E53C1
(1785078771.353208) can0 0CF00400#FF7D7F501300FFFF
(1785078771.353237) can0 18FEE81C#4708200600643C81
(1785078771.353261) can0 18F01D21#6381198000AC1480
(1785078771.353285) can0 09F112F8#FFA1180000FF7FFD
(1785078771.353307) can0 0CF00400#FF7D7F781300FFFF
(1785078771.353330) can0 19F10D13#528A015B0284005D
(1785078771.353352) can0 0CF00400#FF7D7F901300FFFF
(1785078771.354665) can0 0CF00400#FF7D7F601300FFFF
(1785078771.354759) can0 0CF00400#FF7D7F401300FFFF
(1785078771.354801) can0 0CF00400#FF7D7F281300FFFF
(1785078771.354832) can0 18F01D21#6381198000AC1480
(1785078771.354926) can0 0CF00400#FF7D7F101300FFFF
(1785078771.355533) can0 19F10D13#538A015B0284005D
(1785078771.355591) can0 0CF00400#FF7D7F001300FFFF
(1785078771.355625) can0 09F112F8#FF61180000FF7FFD
(1785078771.356143) can0 0CF00400#FF7D7F001300FFFF
(1785078771.356212) can0 0CF00400#FF7D7F001300FFFF
(1785078771.356560) can0 0CF00400#FF7D7F001300FFFF
(1785078771.356790) can0 18F01D21#6381198000AC1480
(1785078771.357081) can0 0CF00400#FF7D7F101300FFFF
(1785078771.357308) can0 19F10D13#548A015B0284005D
(1785078771.357358) can0 0CF00400#FF7D7F201300FFFF
(1785078771.357778) can0 0CF00400#FF7D7F201300FFFF
(1785078771.359144) can0 0CF00400#FF7D7F081300FFFF
(1785078771.359196) can0 09F112F8#FF1C180000FF7FFD
(1785078771.359227) can0 0CF00400#FF7D7FF01200FFFF
(1785078771.359254) can0 18F01D21#6381198000AC1480
(1785078771.359278) can0 0CF00400#FF7D7FF01200FFFF
(1785078771.359302) can0 19F10D13#558A015B0284005D
(1785078771.359324) can0 0CF00400#FF7D7FD81200FFFF
(1785078771.360296) can0 0CF00400#FF7D7FD81200FFFF
(1785078771.360385) can0 0CF00400#FF7D7FC81200FFFF
(1785078771.360744) can0 0CF00400#FF7D7FC81200FFFF
(1785078771.360812) can0 18F01D21#6381198000AC1480
(1785078771.361224) can0 0CF00400#FF7D7FE01200FFFF
(1785078771.361279) can0 09F112F8#FFE4170000FF7FFD
(1785078771.361311) can0 19F10D13#568A015B0284005D
(1785078771.361338) can0 0CF00400#FF7D7FE81200FFFF
(1785078771.361928) can0 0CF00400#FF7D7FB81200FFFF
(1785078771.362266) can0 0CF00400#FF7D7FA81200FFFF
(1785078771.363667) can0 0CF00400#FF7D7FA81200FFFF
(1785078771.363741) can0 09F8021C#3EFC500AB000FFFF
(1785078771.363779) can0 09F8011C#B67F27180E9F53C1
(1785078771.363807) can0 18F01D21#6381198000AC1480
(1785078771.363832) can0 18FEE81C#9107580600643C81
(1785078771.363856) can0 0CF00400#FF7D7FB01200FFFF
(1785078771.363878) can0 19F10D13#578A015B0284005D
(1785078771.363900) can0 0CF00400#FF7D7FB81200FFFF
(1785078771.363922) can0 0CF00400#FF7D7FA01200FFFF
(1785078771.364397) can0 09F112F8#FFA4170000FF7FFD
(1785078771.364478) can0 0CF00400#FF7D7FA01200FFFF
(1785078771.364515) can0 0CF00400#FF7D7FB81200FFFF
(1785078771.365504) can0 18F01D21#6381198000AC1480
(1785078771.365583) can0 0CF00400#FF7D7FC01200FFFF
(1785078771.365626) can0 19F10D13#588A015B0284005D
(1785078771.365658) can0 0CF00400#FF7D7FB01200FFFF
(1785078771.365733) can0 0CF00400#FF7D7F901200FFFF
(1785078771.366471) can0 0CF00400#FF7D7F981200FFFF
(1785078771.366538) can0 0CF00400#FF7D7FA01200FFFF
(1785078771.366848) can0 18F01D21#6381198000AC1480
(1785078771.366915) can0 09F112F8#FF6B170000FF7FFD
(1785078771.366963) can0 0CF00400#FF7D7FB81200FFFF
(1785078771.367509) can0 19F10D13#598B015B0284005D
(1785078771.367574) can0 0CF00400#FF7D7FD01200FFFF
(1785078771.367923) can0 0CF00400#FF7D7FD01200FFFF
(1785078771.368188) can0 0CF00400#FF7D7FD01200FFFF
(1785078771.369511) can0 0CF00400#FF7D7FE81200FFFF
(1785078771.369562) can0 18F01D21#6381198000AC1480
(1785078771.369594) can0 0CF00400#FF7D7FF01200FFFF
(1785078771.369621) can0 19F10D13#5A8A015B0284005D
(1785078771.369645) can0 0CF00400#FF7D7FF01200FFFF
(1785078771.369707) can0 09F112F8#FF2B170000FF7FFD
(1785078771.369737) can0 0CF00400#FF7D7F001300FFFF
(1785078771.370593) can0 0CF00400#FF7D7FD81200FFFF
(1785078771.370670) can0 0CF00400#FF7D7FC81200FFFF
(1785078771.370705) can0 18F01D21#6381198000AC1480
(1785078771.371260) can0 0CF00400#FF7D7FE81200FFFF
(1785078771.371315) can0 19F10D13#5B89015B0284005E
(1785078771.371347) can0 0CF00400#FF7D7F081300FFFF
(1785078771.371763) can0 0CF00400#FF7D7F181300FFFF
(1785078771.373079) can0 0CF00400#FF7D7F401300FFFF
(1785078771.373142) can0 09F112F8#FFEF160000FF7FFD
(1785078771.373173) can0 0CF00400#FF7D7F581300FFFF
(1785078771.373199) can0 18F01D21#6381198000AC1480
(1785078771.373224) can0 09F8021C#3FFC4E0AAC00FFFF
(1785078771.373247) can0 09F8011C#EE7F2718249F53C1
(1785078771.373268) can0 18FEE81C#8F073806E5633D81
(1785078771.373290) can0 0CF00400#FF7D7F681300FFFF
(1785078771.373311) can0 19F10D13#5C8A015B0284005D
(1785078771.373333) can0 0CF00400#FF7D7F601300FFFF
(1785078771.374473) can0 0CF00400#FF7D7F581300FFFF
(1785078771.374550) can0 0CF00400#FF7D7F401300FFFF
(1785078771.374623) can0 0CF00400#FF7D7F081300FFFF
(1785078771.374671) can0 18F01D21#6381198000AC1480
(1785078771.375245) can0 0CF00400#FF7D7F081300FFFF
(1785078771.375309) can0 19F10D13#5D8A015B0284005D
(1785078771.375357) can0 09F112F8#FFA6160000FF7FFD
(1785078771.375403) can0 0CF00400#FF7D7F001300FFFF
(1785078771.376013) can0 0CF00400#FF7D7F001300FFFF
(1785078771.376086) can0 0CF00400#FF7D7F201300FFFF
(1785078771.377548) can0 0CF00400#FF7D7F481300FFFF
(1785078771.377633) can0 18F01D21#6381198000AC1480
(1785078771.377670) can0 0CF00400#FF7D7F581300FFFF
(1785078771.377698) can0 19F10D13#5E8B015B0284005D
(1785078771.377722) can0 0CF00400#FF7D7F481300FFFF
(1785078771.377745) can0 0CF00400#FF7D7F381300FFFF
(1785078771.378544) can0 09F112F8#FF75160000FF7FFD
(1785078771.378617) can0 0CF00400#FF7D7F381300FFFF
(1785078771.378669) can0 0CF00400#FF7D7F201300FFFF
(1785078771.378733) can0 18F01D21#6381198000AC1480
(1785078771.379235) can0 0CF00400#FF7D7F281300FFFF
(1785078771.379303) can0 19F10D13#5F8B015B0284005D
(1785078771.379350) can0 0CF00400#FF7D7F281300FFFF
(1785078771.379946) can0 0CF00400#FF7D7F281300FFFF
(1785078771.380216) can0 0CF00400#FF7D7F381300FFFF
(1785078771.381551) can0 0CF00400#FF7D7F581300FFFF
(1785078771.381621) can0 18F01D21#6381198000AC1480
(1785078771.381652) can0 09F112F8#FF43160000FF7FFD
(1785078771.381678) can0 0CF00400#FF7D7F701300FFFF
(1785078771.381702) can0 19F10D13#608A015B0284005D
(1785078771.381725) can0 0CF00400#FF7D7F581300FFFF
(1785078771.381748) can0 0CF00400#FF7D7F081300FFFF
(1785078771.382501) can0 0CF00400#FF7D7EB81200FFFF
(1785078771.382558) can0 0CF00400#FF7D7F981200FFFF
(1785078771.382890) can0 18F01D21#6381198000AC1480
(1785078771.382951) can0 09F8021C#40FCDE09AC00FFFF
(1785078771.382998) can0 09F8011C#428027183E9F53C1
(1785078771.383056) can0 0CF00400#FF7D7F681200FFFF
(1785078771.383105) can0 18FEE81C#3D073806E0633C81
(1785078771.383857) can0 19F10D13#618A015B0284005D
(1785078771.383924) can0 0CF00400#FF7D7F581200FFFF
(1785078771.383972) can0 09F112F8#FF08160000FF7FFD
(1785078771.384018) can0 0CF00400#FF7D7F601200FFFF
(1785078771.384083) can0 0CF00400#FF7D7F601200FFFF
(1785078771.384920) can0 0CF00400#FF7D7F501200FFFF
(1785078771.384994) can0 18F01D21#6381198000AC1480
(1785078771.385069) can0 0CF00400#FF7D7F581200FFFF
(1785078771.385496) can0 19F10D13#628A015B0284005D
(1785078771.385562) can0 0CF00400#FF7D7F481200FFFF
(1785078771.385919) can0 0CF00400#FF7D7F481200FFFF
(1785078771.386205) can0 0CF00400#FF7D7F681200FFFF
(1785078771.386331) can0 09F112F8#FFD6150000FF7FFD
(1785078771.386696) can0 0CF00400#FF7D7F881200FFFF
(1785078771.386761) can0 18F01D21#6381198000AC1480
(1785078771.386918) can0 0CF00400#FF7D7F681200FFFF
(1785078771.387440) can0 19F10D13#638A015B0284005D
(1785078771.387509) can0 0CF00400#FF7D7F581200FFFF
(1785078771.387874) can0 0CF00400#FF7D7F581200FFFF
(1785078771.388183) can0 0CF00400#FF7D7F501200FFFF
(1785078771.389524) can0 0CF00400#FF7D7F881200FFFF
(1785078771.389590) can0 18F01D21#6381198000231880
(1785078771.389627) can0 0CF00400#FF7D7F901200FFFF
(1785078771.389663) can0 09F112F8#FF8F150000FF7FFD
(1785078771.389689) can0 19F10D13#6489015B0284005E
(1785078771.389713) can0 0CF00400#FF7D7F801200FFFF
(1785078771.389736) can0 0CF00400#FF7D7F701200FFFF
(1785078771.390489) can0 0CF00400#FF7D7F301200FFFF
(1785078771.390561) can0 0CF00400#FF7D7F181200FFFF
(1785078771.390876) can0 18F01D21#6381198000231880
(1785078771.390942) can0 0CF00400#FF7D7F181200FFFF
(1785078771.391361) can0 19F10D13#658A015B0284005D
(1785078771.391426) can0 0CF00400#FF7D7F381200FFFF
(1785078771.391788) can0 0CF00400#FF7D7F501200FFFF
(1785078771.392101) can0 09F112F8#FF59150000FF7FFD
(1785078771.392167) can0 0CF00400#FF7D7F481200FFFF
(1785078771.392562) can0 0CF00400#FF7D7F401200FFFF
(1785078771.392838) can0 18F01D21#6381198000231880
(1785078771.392905) can0 0CF00400#FF7D7F501200FFFF
(1785078771.392956) can0 09F8021C#41FCF308AB00FFFF
(1785078771.393002) can0 09F8011C#888027185C9F53C1
(1785078771.393070) can0 18FEE81C#91063006E0633C81
(1785078771.393718) can0 19F10D13#668A015B0284005D
(1785078771.393788) can0 0CF00400#FF7D7F581200FFFF
(1785078771.393826) can0 0CF00400#FF7D7F281200FFFF
(1785078771.394269) can0 0CF00400#FF7D7F301200FFFF
(1785078771.394555) can0 0CF00400#FF7D7F381200FFFF
(1785078771.394620) can0 09F112F8#FF20150000FF7FFD
(1785078771.394988) can0 18F01D21#6381198000231880
(1785078771.395063) can0 0CF00400#FF7D7F401200FFFF
(1785078771.395437) can0 19F10D13#678A015B0284005D
(1785078771.395501) can0 0CF00400#FF7D7F381200FFFF
(1785078771.395860) can0 0CF00400#FF7D7F481200FFFF
(1785078771.396162) can0 0CF00400#FF7D7F681200FFFF
(1785078771.397606) can0 0CF00400#FF7D7F701200FFFF
(1785078771.397693) can0 18F01D21#6381198000231880
(1785078771.397737) can0 0CF00400#FF7D7F801200FFFF
(1785078771.397777) can0 19F10D13#688A015B0284005D
(1785078771.397803) can0 0CF00400#FF7D7FA01200FFFF
(1785078771.397827) can0 09F112F8#FFEB140000FF7FFD
(1785078771.397850) can0 0CF00400#FF7D7FA01200FFFF
(1785078771.398636) can0 0CF00400#FF7D7FC01200FFFF
(1785078771.398709) can0 0CF00400#FF7D7FE01200FFFF
(1785078771.398751) can0 18F01D21#6381198000231880
(1785078771.399211) can0 0CF00400#FF7D7FE01200FFFF
(1785078771.399291) can0 19F10D13#698A015B0284005D
(1785078771.399326) can0 0CF00400#FF7D7FE01200FFFF
(1785078771.399759) can0 0CF00400#FF7D7FC81200FFFF
(1785078771.401150) can0 0CF00400#FF7D7FE81200FFFF
(1785078771.401221) can0 09F112F8#FFB2140000FF7FFD
(1785078771.401273) can0 0CF00400#FF7D7F001300FFFF
(1785078771.401320) can0 18F01D21#6381198000231880
(1785078771.401366) can0 0CF00400#FF7D7F181300FFFF
(1785078771.401429) can0 19F10D13#6A8A015B0284005D
(1785078771.401474) can0 0CF00400#FF7D7F281300FFFF
(1785078771.402251) can0 0CF00400#FF7D7FF01200FFFF
(1785078771.402324) can0 0CF00400#FF7D7FE81200FFFF
(1785078771.402725) can0 0CF00400#FF7D7FD01200FFFF
(1785078771.402798) can0 18F01D21#6381198000231880
(1785078771.403243) can0 0CF00400#FF7D7FC81200FFFF
(1785078771.403316) can0 09F8021C#42FCBC08AD00FFFF
(1785078771.403367) can0 09F8011C#E6802718789F53C1
(1785078771.403414) can0 18FEE81C#68064006E0633D81
(1785078771.403460) can0 19F10D13#6B8A015B0284005D
(1785078771.403527) can0 0CF00400#FF7D7FE81200FFFF
(1785078771.403580) can0 09F112F8#FF78140000FF7FFD
(1785078771.404622) can0 0CF00400#FF7D7F081300FFFF
(1785078771.404722) can0 0CF00400#FF7D7F081300FFFF
(1785078771.404789) can0 0CF00400#FF7D7FF01200FFFF
(1785078771.404841) can0 18F01D21#6381198000231880
(1785078771.404889) can0 0CF00400#FF7D7FF81200FFFF
(1785078771.405715) can0 19F10D13#6C8A015B0284005D
(1785078771.405785) can0 0CF00400#FF7D7FF01200FFFF
(1785078771.405838) can0 0CF00400#FF7D7FB81200FFFF
(1785078771.405867) can0 09F112F8#FF3B140000FF7FFD
(1785078771.406544) can0 0CF00400#FF7D7F901200FFFF
(1785078771.406612) can0 0CF00400#FF7D7F781200FFFF
(1785078771.406984) can0 18F01D21#6381198000231880
(1785078771.407068) can0 0CF00400#FF7D7F781200FFFF
(1785078771.407545) can0 19F10D13#6D8B015B0284005D
(1785078771.407624) can0 0CF00400#FF7D7F781200FFFF
(1785078771.408090) can0 0CF00400#FF7D7F801200FFFF
(1785078771.408159) can0 0CF00400#FF7D7F681200FFFF
(1785078771.408583) can0 0CF00400#FF7D7F781200FFFF
(1785078771.408660) can0 09F112F8#FF01140000FF7FFD
(1785078771.408700) can0 18F01D21#6381198000231880
(1785078771.409249) can0 0CF00400#FF7D7FA01200FFFF
(1785078771.409308) can0 19F10D13#6E8A015B0284005D
(1785078771.409340) can0 0CF00400#FF7D7FB81200FFFF
(1785078771.409981) can0 0CF00400#FF7D7F981200FFFF
(1785078771.410336) can0 0CF00400#FF7D7F801200FFFF
(1785078771.410627) can0 0CF00400#FF7D7F801200FFFF
(1785078771.410686) can0 18F01D21#6381198000231880
(1785078771.411073) can0 0CF00400#FF7D7F981200FFFF
(1785078771.411293) can0 19F10D13#6F8A015B0284005D
(1785078771.411356) can0 09F112F8#FFCF130000FF7FFD
(1785078771.411391) can0 0CF00400#FF7D7FB01200FFFF
(1785078771.411838) can0 0CF00400#FF7D7FC01200FFFF
(1785078771.412191) can0 0CF00400#FF7D7FD01200FFFF
(1785078771.413525) can0 0CF00400#FF7D7FF01200FFFF
(1785078771.413577) can0 18F01D21#6381198000231880
(1785078771.413608) can0 0CF00400#FF7D7F081300FFFF
(1785078771.413635) can0 19F10D13#7089015B0284005E
(1785078771.413659) can0 09F8021C#43FCD306A700FFFF
(1785078771.413683) can0 09F8011C#00812718769F53C1
(1785078771.413706) can0 0CF00400#FF7D7F181300FFFF
(1785078771.413728) can0 18FEE81C#51051006DC633D81
(1785078771.413758) can0 0CF00400#FF7D7F101300FFFF
(1785078771.414136) can0 18FF50E0#0000800080008002
(1785078771.415061) can0 09F112F8#FF98130000FF7FFD
(1785078771.415140) can0 0CF00400#FF7D7FD81200FFFF
(1785078771.415183) can0 0CF00400#FF7D7FC01200FFFF
(1785078771.415215) can0 18F01D21#6381198000231880
(1785078771.415241) can0 0CF00400#FF7D7FB81200FFFF
(1785078771.415266) can0 19F10D13#718A015B0284005D
(1785078771.415290) can0 0CF00400#FF7D7FC81200FFFF
(1785078771.416181) can0 0CF00400#FF7D7FE81200FFFF
(1785078771.416254) can0 0CF00400#FF7D7F081300FFFF
(1785078771.416596) can0 0CF00400#FF7D7F301300FFFF
(1785078771.416727) can0 18F01D21#6381198000231880
(1785078771.416776) can0 09F112F8#FF51130000FF7FFD
(1785078771.417264) can0 0CF00400#FF7D7F401300FFFF
(1785078771.417334) can0 19F10D13#728A015B0284005D
(1785078771.417371) can0 0CF00400#FF7D7F501300FFFF
(1785078771.417815) can0 0CF00400#FF7D7F601300FFFF
(1785078771.418124) can0 0CF00400#FF7D7F501300FFFF
(1785078771.419509) can0 0CF00400#FF7D7F301300FFFF
(1785078771.419577) can0 18F01D21#6381198000231880
(1785078771.419613) can0 0CF00400#FF7D7F581300FFFF
(1785078771.419640) can0 19F10D13#738A015B0284005D
(1785078771.419664) can0 0CF00400#FF7D7F601300FFFF
(1785078771.419689) can0 09F112F8#FF0C130000FF7FFD
(1785078771.419712) can0 0CF00400#FF7D7F401300FFFF
(1785078771.420473) can0 0CF00400#FF7D7F701300FFFF
(1785078771.420555) can0 0CF00400#FF7D7FA01300FFFF
(1785078771.420873) can0 18F01D21#6381198000231880
(1785078771.420942) can0 0CF00400#FF7D7FB81300FFFF
(1785078771.421346) can0 19F10D13#748A015B0284005D
(1785078771.421415) can0 0CF00400#FF7D7FA81300FFFF
(1785078771.421784) can0 0CF00400#FF7D7F801300FFFF
(1785078771.422128) can0 0CF00400#FF7D7F381300FFFF
(1785078771.422258) can0 09F112F8#FFD7120000FF7FFD
(1785078771.422638) can0 0CF00400#FF7D7F001300FFFF
(1785078771.422704) can0 18F01D21#6381198000231880
(1785078771.423082) can0 0CF00400#FF7D7F181300FFFF
(1785078771.423394) can0 19F10D13#758B015B0284005D
(1785078771.423465) can0 0CF00400#FF7D7F201300FFFF
(1785078771.423515) can0 09F8021C#44FC2808A600FFFF
(1785078771.423560) can0 09F8011C#448127187E9F53C1
(1785078771.423606) can0 18FEE81C#FC050006DC633D81
(1785078771.424328) can0 0CF00400#FF7D7F401300FFFF
(1785078771.424418) can0 0CF00400#FF7D7F701300FFFF
(1785078771.424540) can0 0CF00400#FF7D7F781300FFFF
(1785078771.424933) can0 18F01D21#6381198000231880
(1785078771.425000) can0 0CF00400#FF7D7F701300FFFF
(1785078771.425061) can0 09F112F8#FF95120000FF7FFD
(1785078771.425539) can0 19F10D13#768B015B0284005D
(1785078771.425608) can0 0CF00400#FF7D7F681300FFFF
(1785078771.425967) can0 0CF00400#FF7D7F481300FFFF
(1785078771.426129) can0 0CF00400#FF7D7F281300FFFF
(1785078771.427536) can0 0CF00400#FF7D7F201300FFFF
(1785078771.427606) can0 18F01D21#6381198000231880
(1785078771.427643) can0 0CF00400#FF7D7F201300FFFF
(1785078771.427671) can0 19F10D13#778A015B0284005D
(1785078771.427695) can0 0CF00400#FF7D7F081300FFFF
(1785078771.427719) can0 0CF00400#FF7D7F281300FFFF
(1785078771.427742) can0 09F112F8#FF4D120000FF7FFD
(1785078771.429031) can0 0CF00400#FF7D7F281300FFFF
(1785078771.429114) can0 0CF00400#FF7D7F181300FFFF
(1785078771.429152) can0 18F01D21#6381198000231880
(1785078771.429179) can0 0CF00400#FF7D7F201300FFFF
(1785078771.429204) can0 19F10D13#788A015B0284005D
(1785078771.429789) can0 0CF00400#FF7D7FF81200FFFF
(1785078771.429877) can0 0CF00400#FF7D7EA81200FFFF
(1785078771.430241) can0 0CF00400#FF7D7E801200FFFF
(1785078771.430627) can0 09F112F8#FF15120000FF7FFD
(1785078771.430717) can0 0CF00400#FF7D7F781200FFFF
(1785078771.430753) can0 18F01D21#6381198000231880
(1785078771.431526) can0 0CF00400#FF7D7F401200FFFF
(1785078771.431614) can0 19F10D13#798A015B0284005D
(1785078771.431651) can0 0CF00400#FF7D7F401200FFFF
(1785078771.432391) can0 0CF00400#FF7D7F481200FFFF
(1785078771.432492) can0 0CF00400#FF7D7F701200FFFF
(1785078771.432528) can0 0CF00400#FF7D7F881200FFFF
(1785078771.432949) can0 18F01D21#6381198000231880
(1785078771.433027) can0 0CF00400#FF7D7F701200FFFF
(1785078771.433436) can0 19F10D13#7A8A015B0284005D
(1785078771.433502) can0 09F112F8#FFD1110000FF7FFD
(1785078771.433547) can0 0CF00400#FF7D7F981200FFFF
(1785078771.433574) can0 09F8021C#45FC8706AB00FFFF
(1785078771.433598) can0 09F8011C#8C812718829F53C1
(1785078771.433622) can0 18FEE81C#CA043006CD633E81
(1785078771.434491) can0 0CF00400#FF7D7F681200FFFF
(1785078771.434573) can0 0CF00400#FF7D7F281200FFFF
(1785078771.434608) can0 0CF00400#FF7D7F101200FFFF
(1785078771.435073) can0 18F01D21#6381198000231880
(1785078771.435143) can0 0CF00400#FF7D7FF81100FFFF
(1785078771.435193) can0 19F10D13#7B8A015B0284005D
(1785078771.435695) can0 0CF00400#FF7D7F001200FFFF
(1785078771.435761) can0 0CF00400#FF7D7F081200FFFF
(1785078771.436147) can0 09F112F8#FF98110000FF7FFD
(1785078771.436204) can0 0CF00400#FF7D7F101200FFFF
(1785078771.437028) can0 0CF00400#FF7D7F201200FFFF
(1785078771.437105) can0 18F01D21#6381198000231880
(1785078771.437138) can0 0CF00400#FF7D7F201200FFFF
(1785078771.437209) can0 19F10D13#7C8A015B0284005D
(1785078771.437711) can0 0CF00400#FF7D7F101200FFFF
(1785078771.437773) can0 0CF00400#FF7D7F081200FFFF
(1785078771.438140) can0 0CF00400#FF7D7F281200FFFF
(1785078771.439492) can0 0CF00400#FF7D7F381200FFFF
(1785078771.439543) can0 09F112F8#FF5A110000FF7FFD
(1785078771.439573) can0 18F01D21#6381198000231880
(1785078771.439599) can0 0CF00400#FF7D7F301200FFFF
(1785078771.439623) can0 19F10D13#7D89015B0284005E
(1785078771.439646) can0 0CF00400#FF7D7F301200FFFF
(1785078771.440297) can0 0CF00400#FF7D7F381200FFFF
(1785078771.440372) can0 0CF00400#FF7D7F381200FFFF
(1785078771.440664) can0 0CF00400#FF7D7F481200FFFF
(1785078771.440725) can0 18F01D21#6381198000231880
(1785078771.441080) can0 0CF00400#FF7D7F601200FFFF
(1785078771.441329) can0 19F10D13#7E8A015B0284005D
(1785078771.441378) can0 0CF00400#FF7D7F601200FFFF
(1785078771.441423) can0 09F112F8#FF1A110000FF7FFD
(1785078771.441885) can0 0CF00400#FF7D7F481200FFFF
(1785078771.442183) can0 0CF00400#FF7D7F301200FFFF
(1785078771.443563) can0 0CF00400#FF7D7F401200FFFF
(1785078771.443614) can0 18F01D21#6381198000231880
(1785078771.443646) can0 0CF00400#FF7D7F581200FFFF
(1785078771.443672) can0 19F10D13#7F8A015B0284005D
(1785078771.443696) can0 0CF00400#FF7D80701200FFFF
(1785078771.443719) can0 09F8021C#46FCB304A900FFFF
(1785078771.443742) can0 09F8011C#B8812718869F53C1
(1785078771.443764) can0 0CF00400#FF7D80881200FFFF
(1785078771.444366) can0 18FEE81C#73031806CB633D81
(1785078771.444430) can0 0CF00400#FF7D7F901200FFFF
(1785078771.444472) can0 09F112F8#FFD8100000FF7FFD
(1785078771.444509) can0 0CF00400#FF7D7F901200FFFF
(1785078771.445313) can0 18F01D21#6381198000231880
(1785078771.445381) can0 0CF00400#FF7D7FA81200FFFF
(1785078771.445416) can0 19F10D13#8088015B0284005E
(1785078771.445444) can0 0CF00400#FF7D7FC81200FFFF
(1785078771.446033) can0 0CF00400#FF7D7FA01200FFFF
(1785078771.446115) can0 0CF00400#FF7D7F901200FFFF
(1785078771.446491) can0 0CF00400#FF7D7F801200FFFF
(1785078771.446754) can0 18F01D21#6381198000231880
(1785078771.447078) can0 0CF00400#FF7D7F881200FFFF
(1785078771.447132) can0 09F112F8#FF9E100000FF7FFD
(1785078771.447207) can0 19F10D13#818A015B0284005D
(1785078771.447636) can0 0CF00400#FF7D7F901200FFFF
(1785078771.447733) can0 0CF00400#FF7D7F881200FFFF
(1785078771.449073) can0 0CF00400#FF7D7F881200FFFF
(1785078771.449140) can0 0CF00400#FF7D7FA81200FFFF
(1785078771.449170) can0 18F01D21#8285198000D51A80
(1785078771.449196) can0 0CF00400#FF7D7FB01200FFFF
(1785078771.449220) can0 19F10D13#828C015B0284005C
(1785078771.449734) can0 0CF00400#FF7D7FA81200FFFF
(1785078771.449795) can0 09F112F8#FF66100000FF7FFD
(1785078771.449828) can0 0CF00400#FF7D7F881200FFFF
(1785078771.450256) can0 0CF00400#FF7D7FA81200FFFF
(1785078771.450527) can0 0CF00400#FF7D7FC01200FFFF
(1785078771.450778) can0 18F01D21#7BB2198000D51A80
(1785078771.451125) can0 0CF00400#FF7D7FE01200FFFF
(1785078771.451177) can0 19F10D13#838A015B0284005D
(1785078771.451505) can0 0CF00400#FF7D7FF81200FFFF
(1785078771.451767) can0 0CF00400#FF7D7FD81200FFFF
(1785078771.453078) can0 0CF00400#FF7D7FB01200FFFF
(1785078771.453129) can0 09F112F8#FF2F100000FF7FFD
(1785078771.453161) can0 0CF00400#FF7D7FC01200FFFF
(1785078771.453187) can0 18F01D21#11D2198000D51A80
(1785078771.453213) can0 0CF00400#FF7D7FE01200FFFF
(1785078771.453245) can0 19F10D13#848B015B0284005D
(1785078771.453280) can0 0CF00400#FF7D7FE81200FFFF
(1785078771.454003) can0 0CF00400#FF7D7FA81200FFFF
(1785078771.454080) can0 09F8021C#47FCF905A600FFFF
(1785078771.454118) can0 09F8011C#08822718929F53C1
(1785078771.454147) can0 18FEE81C#62040006CB633E81
(1785078771.454172) can0 0CF00400#FF7D7F801200FFFF
(1785078771.454770) can0 0CF00400#FF7D7F801200FFFF
(1785078771.454836) can0 18F01D21#1EF6198000D51A80
(1785078771.454874) can0 0CF00400#FF7D7F981200FFFF
(1785078771.455301) can0 09F112F8#FFF50F0000FF7FFD
(1785078771.455379) can0 19F10D13#8589015B0284005E
(1785078771.455414) can0 0CF00400#FF7D7FA81200FFFF
(1785078771.455875) can0 0CF00400#FF7D7FB81200FFFF
(1785078771.456175) can0 0CF00400#FF7D7FB01200FFFF
(1785078771.457510) can0 0CF00400#FF7D7FC01200FFFF
(1785078771.457561) can0 18F01D21#991D1A8000D51A80
(1785078771.457592) can0 0CF00400#FF7D7FC81200FFFF
(1785078771.457629) can0 19F10D13#8687015B0284005F
(1785078771.457655) can0 0CF00400#FF7D7FB81200FFFF
(1785078771.458222) can0 0CF00400#FF7D7FB81200FFFF
(1785078771.458277) can0 09F112F8#FFAF0F0000FF7FFD
(1785078771.458324) can0 0CF00400#FF7D7F801200FFFF
(1785078771.458734) can0 0CF00400#FF7D7F481200FFFF
(1785078771.458795) can0 18F01D21#1C461A8000D51A80
(1785078771.459159) can0 0CF00400#FF7D7F381200FFFF
(1785078771.459220) can0 19F10D13#8784015B02840061
(1785078771.459545) can0 0CF00400#FF7D7F481200FFFF
(1785078771.459798) can0 0CF00400#FF7D7F601200FFFF
(1785078771.461162) can0 0CF00400#FF7D7F901200FFFF
(1785078771.461213) can0 0CF00400#FF7D7F981200FFFF
(1785078771.461243) can0 09F112F8#FF680F0000FF7FFD
(1785078771.461269) can0 18F01D21#296A1A8000D51A80
(1785078771.461293) can0 0CF00400#FF7D7FB01200FFFF
(1785078771.461315) can0 19F10D13#8885015B02840060
(1785078771.461346) can0 0CF00400#FF7D7FE01200FFFF
(1785078771.462077) can0 0CF00400#FF7D7FD81200FFFF
(1785078771.462135) can0 0CF00400#FF7D7FC81200FFFF
(1785078771.463572) can0 0CF00400#FF7D7FC01200FFFF
(1785078771.463626) can0 18F01D21#2E8D1A8000D51A80
(1785078771.463659) can0 0CF00400#FF7D7FB01200FFFF
(1785078771.463685) can0 19F10D13#8983015B02840061
(1785078771.463710) can0 0CF00400#FF7D7FA81200FFFF
(1785078771.463735) can0 09F112F8#FF1F0F0000FF7FFD
(1785078771.463767) can0 0CF00400#FF7D7FA81200FFFF
(1785078771.464917) can0 0CF00400#FF7D7FA01200FFFF
(1785078771.464985) can0 09F8021C#48FC5704B100FFFF
(1785078771.465024) can0 09F8011C#468227189E9F53C1
(1785078771.465074) can0 18FEE81C#2F036006AD633E81
(1785078771.465103) can0 18FEE81C#2F036006AD633E81
(1785078771.465127) can0 0CF00400#FF7D7FA81200FFFF
(1785078771.465151) can0 18F01D21#A1B31A8000D51A80
(1785078771.465176) can0 0CF00400#FF7D7FB81200FFFF
(1785078771.465200) can0 19F10D13#8A81015B02840062
(1785078771.466184) can0 0CF00400#FF7D7FD81200FFFF
(1785078771.466265) can0 0CF00400#FF7D7F001300FFFF
(1785078771.466301) can0 09F112F8#FFCF0E0000FF7FFD
(1785078771.466331) can0 0CF00400#FF7D7FF01200FFFF
(1785078771.466837) can0 0CF00400#FF7D7FC81200FFFF
(1785078771.466889) can0 18F01D21#37D31A8000D51A80
(1785078771.466941) can0 0CF00400#FF7D7FD01200FFFF
(1785078771.467422) can0 19F10D13#8B81015B02840062
(1785078771.467485) can0 0CF00400#FF7D7F081300FFFF
(1785078771.467866) can0 0CF00400#FF7D7F081300FFFF
(1785078771.468158) can0 0CF00400#FF7D7F301300FFFF
(1785078771.469539) can0 0CF00400#FF7D7F501300FFFF
(1785078771.469592) can0 18F01D21#EFD41A8000D51A80
(1785078771.469624) can0 09F112F8#FF8A0E0000FF7FFD
(1785078771.469651) can0 0CF00400#FF7D7F601300FFFF
(1785078771.469678) can0 19F10D13#8C81015B02840062
(1785078771.469703) can0 0CF00400#FF7D7F581300FFFF
(1785078771.469736) can0 0CF00400#FF7D7F481300FFFF
(1785078771.470581) can0 0CF00400#FF7D7F001300FFFF
(1785078771.470647) can0 0CF00400#FF7D7FC81200FFFF
(1785078771.470726) can0 18F01D21#EFD41A8000D51A80
(1785078771.471190) can0 0CF00400#FF7D7FB81200FFFF
(1785078771.471258) can0 19F10D13#8D81015B02840062
(1785078771.471309) can0 0CF00400#FF7D7FA01200FFFF
(1785078771.471839) can0 09F112F8#FF470E0000FF7FFD
(1785078771.471903) can0 0CF00400#FF7D7F781200FFFF
(1785078771.472290) can0 0CF00400#FF7D7F801200FFFF
(1785078771.472548) can0 0CF00400#FF7D7FA81200FFFF
(1785078771.472840) can0 18F01D21#EFD41A8000D51A80
(1785078771.472890) can0 0CF00400#FF7D7FD81200FFFF
(1785078771.473299) can0 19F10D13#8E80015B02840063
(1785078771.473350) can0 0CF00400#FF7D7FF81200FFFF
(1785078771.473791) can0 0CF00400#FF7D7F081300FFFF
(1785078771.475080) can0 0CF00400#FF7D7FF01200FFFF
(1785078771.475132) can0 09F112F8#FF060E0000FF7FFD
(1785078771.475165) can0 09F8021C#49FCEB03A800FFFF
(1785078771.475193) can0 09F8011C#9A822718B29F53C1
(1785078771.475219) can0 18FEE81C#E0021006AC633D81
(1785078771.475243) can0 0CF00400#FF7D7FC01200FFFF
(1785078771.475267) can0 18F01D21#EFD41A8000D51A80
(1785078771.475291) can0 0CF00400#FF7D7FB81200FFFF
(1785078771.475314) can0 19F10D13#8F81015B02840062
(1785078771.475337) can0 0CF00400#FF7D7FC01200FFFF
(1785078771.476426) can0 0CF00400#FF7D7F981200FFFF
(1785078771.476482) can0 0CF00400#FF7D7FA81200FFFF
(1785078771.476517) can0 0CF00400#FF7D7FB81200FFFF
(1785078771.477228) can0 18F01D21#EFD41A8000D51A80
(1785078771.477298) can0 0CF00400#FF7D7FB81200FFFF
(1785078771.477350) can0 09F112F8#FFCD0D0000FF7FFD
(1785078771.477399) can0 19F10D13#9080015B02840063
(1785078771.477446) can0 0CF00400#FF7D7FC81200FFFF
(1785078771.478169) can0 0CF00400#FF7D7FD81200FFFF
(1785078771.478245) can0 0CF00400#FF7D7FB81200FFFF
(1785078771.478609) can0 0CF00400#FF7D7FA81200FFFF
(1785078771.478886) can0 18F01D21#EFD41A8000D51A80
(1785078771.478955) can0 0CF00400#FF7D7FC01200FFFF
(1785078771.479400) can0 19F10D13#9180015B02840063
(1785078771.479471) can0 0CF00400#FF7D7FD81200FFFF
(1785078771.479900) can0 0CF00400#FF7D7FA81200FFFF
(1785078771.479991) can0 09F112F8#FF830D0000FF7FFD
(1785078771.480383) can0 0CF00400#FF7D7F981200FFFF
(1785078771.480687) can0 0CF00400#FF7D7F981200FFFF
(1785078771.480757) can0 18F01D21#EFD41A8000D51A80
(1785078771.481212) can0 0CF00400#FF7D7FA01200FFFF
(1785078771.481294) can0 19F10D13#9280015B02840063
(1785078771.481363) can0 0CF00400#FF7D7F881200FFFF
(1785078771.483901) can0 0CF00400#FF7D7F681200FFFF
(1785078771.484018) can0 0CF00400#FF7D7F381200FFFF
(1785078771.484092) can0 0CF00400#FF7D7F281200FFFF
(1785078771.484146) can0 09F112F8#FF330D0000FF7FFD
(1785078771.484200) can0 18F01D21#EFD41A8000D51A80
(1785078771.484246) can0 0CF00400#FF7D7F381200FFFF
(1785078771.484298) can0 19F10D13#9380015B02840063
(1785078771.484355) can0 0CF00400#FF7D7F301200FFFF
(1785078771.484401) can0 0CF00400#FF7D7F481200FFFF
(1785078771.484462) can0 0CF00400#FF7D7F501200FFFF
(1785078771.484509) can0 0CF00400#FF7D7F501200FFFF
(1785078771.486778) can0 09F8021C#4AFC7204AB00FFFF
(1785078771.486849) can0 09F8011C#BC822718B69F53C1
(1785078771.486890) can0 18F01D21#EFD41A8000D51A80
(1785078771.486922) can0 18FEE81C#43032806A3633C81
(1785078771.486948) can0 0CF00400#FF7D7F601200FFFF
(1785078771.486972) can0 19F10D13#9480015B02840063
(1785078771.486996) can0 0CF00400#FF7D7F981200FFFF
(1785078771.487019) can0 09F112F8#FFE00C0000FF7FFD
(1785078771.487062) can0 0CF00400#FF7D7F981200FFFF
(1785078771.487108) can0 0CF00400#FF7D7F781200FFFF
(1785078771.487131) can0 0CF00400#FF7D7F581200FFFF
(1785078771.487153) can0 18F01D21#EFD41A8000D51A80
(1785078771.487175) can0 0CF00400#FF7D7F481200FFFF
(1785078771.487197) can0 19F10D13#9580015B02840063
(1785078771.489408) can0 0CF00400#FF7D7F301200FFFF
(1785078771.489482) can0 0CF00400#FF7D7F401200FFFF
(1785078771.489534) can0 0CF00400#FF7D7F581200FFFF
(1785078771.489566) can0 09F112F8#FF840C0000FF7FFD
(1785078771.489593) can0 0CF00400#FF7D80681200FFFF
(1785078771.489618) can0 18F01D21#EFD41A8000D51A80
(1785078771.489642) can0 0CF00400#FF7D80881200FFFF
(1785078771.489666) can0 19F10D13#9680015B02840063
(1785078771.489689) can0 0CF00400#FF7D7FC81200FFFF
(1785078771.489713) can0 0CF00400#FF7D7FC01200FFFF
(1785078771.491571) can0 0CF00400#FF7D7FB81200FFFF
(1785078771.491687) can0 0CF00400#FF7D7FE01200FFFF
(1785078771.491753) can0 18F01D21#EFD41A8000D51A80
(1785078771.491936) can0 0CF00400#FF7D7FF01200FFFF
(1785078771.492019) can0 09F112F8#FF2D0C0000FF7FFD
(1785078771.492110) can0 19F10D13#9780015B02840063
(1785078771.492165) can0 0CF00400#FF7D7F181300FFFF
(1785078771.492197) can0 0CF00400#FF7D7F401300FFFF
(1785078771.492224) can0 0CF00400#FF7D7F501300FFFF
(1785078771.494367) can0 0CF00400#FF7D7F381300FFFF
(1785078771.494457) can0 18F01D21#EFD41A8000D51A80
(1785078771.494502) can0 0CF00400#FF7D7F281300FFFF
(1785078771.494533) can0 19F10D13#9880015B02840063
(1785078771.494560) can0 0CF00400#FF7D7F501300FFFF
(1785078771.494587) can0 0CF00400#FF7D7F581300FFFF
(1785078771.494611) can0 09F112F8#FFDD0B0000FF7FFD
(1785078771.494635) can0 0CF00400#FF7D7F301300FFFF
(1785078771.494665) can0 0CF00400#FF7D7F181300FFFF
(1785078771.495506) can0 18F01D21#EFD41A8000D51A80
(1785078771.495571) can0 09F8021C#4BFCBE02A800FFFF
(1785078771.495607) can0 09F8011C#18832718BC9F53C1
(1785078771.495636) can0 0CF00400#FF7D7F181300FFFF
(1785078771.495660) can0 18FEE81C#03021006A2633D81
(1785078771.495684) can0 19F10D13#9981015B02840062
(1785078771.495708) can0 0CF00400#FF7D7F201300FFFF
(1785078771.495730) can0 0CF00400#FF7D7F201300FFFF
(1785078771.498466) can0 0CF00400#FF7D7F181300FFFF
(1785078771.498571) can0 0CF00400#FF7D7F281300FFFF
(1785078771.498628) can0 09F112F8#FF8F0B0000FF7FFD
(1785078771.498678) can0 18F01D21#EFD41A8000D51A80
(1785078771.498725) can0 0CF00400#FF7D7F481300FFFF
(1785078771.498772) can0 19F10D13#9A80015B02840063
(1785078771.498819) can0 0CF00400#FF7D7F681300FFFF
(1785078771.498864) can0 0CF00400#FF7D7F581300FFFF
(1785078771.498910) can0 0CF00400#FF7D7F481300FFFF
(1785078771.498973) can0 0CF00400#FF7D7F401300FFFF
(1785078771.499019) can0 18F01D21#EFD41A8000D51A80
(1785078771.499094) can0 0CF00400#FF7D7F301300FFFF
(1785078771.500367) can0 19F10D13#9B80015B02840063
(1785078771.500449) can0 0CF00400#FF7D7F201300FFFF
(1785078771.500528) can0 09F112F8#FF460B0000FF7FFD
(1785078771.500589) can0 0CF00400#FF7D7F101300FFFF
(1785078771.500643) can0 0CF00400#FF7D7F001300FFFF
(1785078771.500738) can0 0CF00400#FF7D7FE81200FFFF
(1785078771.500800) can0 18F01D21#EFD41A8000D51A80
(1785078771.500877) can0 0CF00400#FF7D7FF81200FFFF
(1785078771.503378) can0 19F10D13#9C80015B02840063
(1785078771.503497) can0 0CF00400#FF7D7F081300FFFF
(1785078771.503565) can0 0CF00400#FF7D7FD81200FFFF
(1785078771.503624) can0 0CF00400#FF7D7FA81200FFFF
(1785078771.503680) can0 09F112F8#FFF70A0000FF7FFD
(1785078771.503772) can0 0CF00400#FF7D7FA81200FFFF
(1785078771.503840) can0 18F01D21#EFD41A8000D51A80
(1785078771.503900) can0 0CF00400#FF7D7FA81200FFFF
(1785078771.503952) can0 19F10D13#9D80015B02840063
(1785078771.504000) can0 0CF00400#FF7D7FA01200FFFF
(1785078771.504065) can0 0CF00400#FF7D7FA81200FFFF
(1785078771.504100) can0 0CF00400#FF7D7FC81200FFFF
(1785078771.508144) can0 0CF00400#FF7D7FF01200FFFF
(1785078771.508238) can0 18F01D21#EFD41A8000D51A80
(1785078771.508298) can0 0CF00400#FF7D7FF81200FFFF
(1785078771.508353) can0 09F8021C#4CFC2503AB00FFFF
(1785078771.508407) can0 09F8011C#7C832718C49F53C1
(1785078771.508458) can0 18FEE81C#4F023006A2633E81
(1785078771.508508) can0 19F10D13#9E80015B02840063
(1785078771.508573) can0 09F112F8#FFA80A0000FF7FFD
(1785078771.508644) can0 0CF00400#FF7D7F001300FFFF
(1785078771.508708) can0 0CF00400#FF7D7FF81200FFFF
(1785078771.508775) can0 0CF00400#FF7D7FD81200FFFF
(1785078771.508841) can0 0CF00400#FF7D7FB01200FFFF
(1785078771.508888) can0 18F01D21#EFD41A8000D51A80
(1785078771.508936) can0 0CF00400#FF7D7FC01200FFFF
(1785078771.508984) can0 19F10D13#9F80015B02840063
(1785078771.509032) can0 0CF00400#FF7D7FD01200FFFF
(1785078771.509085) can0 0CF00400#FF7D7FB81200FFFF
(1785078771.509112) can0 09F112F8#FF5E0A0000FF7FFD
(1785078771.509137) can0 0CF00400#FF7D7FC81200FFFF
(1785078771.509162) can0 0CF00400#FF7D7FE81200FFFF
(1785078771.509195) can0 18F01D21#EFD41A8000D51A80
(1785078771.509219) can0 0CF00400#FF7D7FF01200FFFF
(1785078771.509243) can0 19F10D13#A080015B02840063
(1785078771.510297) can0 0CF00400#FF7D7FF01200FFFF
(1785078771.510358) can0 0CF00400#FF7D7FD01200FFFF
(1785078771.510397) can0 0CF00400#FF7D7FA01200FFFF
(1785078771.512702) can0 0CF00400#FF7D7F801200FFFF
(1785078771.512805) can0 09F112F8#FF0D0A0000FF7FFD
(1785078771.512848) can0 18F01D21#EFD41A8000D51A80
(1785078771.512879) can0 0CF00400#FF7D7FA01200FFFF
(1785078771.512905) can0 19F10D13#A17F015B02840063
(1785078771.512931) can0 0CF00400#FF7D7FB01200FFFF
(1785078771.512955) can0 0CF00400#FF7D7FC01200FFFF
(1785078771.512979) can0 0CF00400#FF7D7FF01200FFFF
(1785078771.513004) can0 0CF00400#FF7D7F181300FFFF
(1785078771.513036) can0 18F01D21#EFD41A8000D51A80
(1785078771.513080) can0 0CF00400#FF7D7F101300FFFF
(1785078771.514602) can0 18FF50E0#000080937C008003
(1785078771.519341) can0 19F10D13#A27F015B02840063
(1785078771.519433) can0 0CF00400#FF7D7F101300FFFF
(1785078771.519482) can0 09F112F8#FFB7090000FF7FFD
(1785078771.519516) can0 0CF00400#FF7D7F181300FFFF
(1785078771.519546) can0 0CF00400#FF7D7F101300FFFF
(1785078771.519574) can0 0CF00400#FF7D7FF81200FFFF
(1785078771.519610) can0 18F01D21#EFD41A8000D51A80
(1785078771.519636) can0 0CF00400#FF7D7F101300FFFF
(1785078771.519661) can0 09F8021C#4DFC3C01AB00FFFF
(1785078771.519685) can0 19F10D13#A380015B02840063
(1785078771.519709) can0 09F8011C#FE832718CC9F53C1
(1785078771.519734) can0 18FEE81C#E80030069A633E81
(1785078771.519758) can0 0CF00400#FF7D7F181300FFFF
(1785078771.519782) can0 0CF00400#FF7D7F101300FFFF
(1785078771.519806) can0 0CF00400#FF7D7F301300FFFF
(1785078771.519830) can0 09F112F8#FF67090000FF7FFD
(1785078771.519854) can0 0CF00400#FF7D7F301300FFFF
(1785078771.519877) can0 18F01D21#EFD41A8000D51A80
(1785078771.519910) can0 0CF00400#FF7D7F301300FFFF
(1785078771.519934) can0 19F10D13#A480015B02840063
(1785078771.519957) can0 0CF00400#FF7D7F401300FFFF
(1785078771.519992) can0 0CF00400#FF7D7F501300FFFF
(1785078771.520017) can0 0CF00400#FF7D7F301300FFFF
(1785078771.520056) can0 0CF00400#FF7D7F281300FFFF
(1785078771.520083) can0 18F01D21#EFD41A8000D51A80
(1785078771.520115) can0 0CF00400#FF7D7F401300FFFF
(1785078771.520139) can0 09F112F8#FF19090000FF7FFD
(1785078771.520162) can0 19F10D13#A580015B02840063
(1785078771.520185) can0 0CF00400#FF7D7F481300FFFF
(1785078771.520208) can0 0CF00400#FF7D7F501300FFFF
(1785078771.520231) can0 0CF00400#FF7D7F601300FFFF
(1785078771.524132) can0 0CF00400#FF7D7F601300FFFF
(1785078771.524213) can0 18F01D21#EFD41A8000D51A80
(1785078771.524272) can0 0CF00400#FF7D7F601300FFFF
(1785078771.524307) can0 19F10D13#A680015B02840063
(1785078771.524338) can0 0CF00400#FF7D7F581300FFFF
(1785078771.524365) can0 0CF00400#FF7D7F401300FFFF
(1785078771.524391) can0 09F112F8#FFC4080000FF7FFD
(1785078771.524415) can0 0CF00400#FF7D7F181300FFFF
(1785078771.524439) can0 0CF00400#FF7D7FF81200FFFF
(1785078771.524463) can0 18F01D21#EFD41A8000D51A80
(1785078771.524496) can0 0CF00400#FF7D7F001300FFFF
(1785078771.524522) can0 19F10D13#A780015B02840063
(1785078771.524547) can0 0CF00400#FF7D7FE01200FFFF
(1785078771.524571) can0 0CF00400#FF7D7EB81200FFFF
(1785078771.524595) can0 0CF00400#FF7D7FC81200FFFF
(1785078771.524619) can0 0CF00400#FF7D7FF81200FFFF
(1785078771.524642) can0 09F112F8#FF86080000FF7FFD
(1785078771.525734) can0 18F01D21#EFD41A8000D51A80
(1785078771.525801) can0 0CF00400#FF7D7F181300FFFF
(1785078771.525853) can0 19F10D13#A881015B02840062
(1785078771.525913) can0 0CF00400#FF7D7F181300FFFF
(1785078771.525945) can0 09F8021C#4EFC7100A900FFFF
(1785078771.525972) can0 09F8011C#56842718C89F53C1
(1785078771.525998) can0 18FEE81C#530018069A633D81
(1785078771.526023) can0 0CF00400#FF7D7FE81200FFFF
(1785078771.528661) can0 0CF00400#FF7D7FC81200FFFF
(1785078771.528755) can0 0CF00400#FF7D7FC81200FFFF
(1785078771.528818) can0 18F01D21#EFD41A8000D51A80
(1785078771.528872) can0 0CF00400#FF7D7FC01200FFFF
(1785078771.528942) can0 19F10D13#A980015B02840063
(1785078771.528992) can0 0CF00400#FF7D7FA01200FFFF
(1785078771.529086) can0 09F112F8#FF3F080000FF7FFD
(1785078771.529127) can0 0CF00400#FF7D7FB81200FFFF
(1785078771.529154) can0 0CF00400#FF7D7FC81200FFFF
(1785078771.529181) can0 0CF00400#FF7D7FD81200FFFF
(1785078771.529205) can0 18F01D21#EFD41A8000D51A80
(1785078771.529229) can0 0CF00400#FF7D7FE01200FFFF
(1785078771.529262) can0 19F10D13#AA80015B02840063
(1785078771.529286) can0 0CF00400#FF7D7F901200FFFF
(1785078771.531868) can0 0CF00400#FF7D7F701200FFFF
(1785078771.531972) can0 0CF00400#FF7D7F601200FFFF
(1785078771.532056) can0 09F112F8#FFEC070000FF7FFD
(1785078771.532118) can0 0CF00400#FF7D7F381200FFFF
(1785078771.532172) can0 18F01D21#EFD41A8000D51A80
(1785078771.532227) can0 0CF00400#FF7D7F301200FFFF
(1785078771.532294) can0 19F10D13#AB80015B02840063
(1785078771.532366) can0 0CF00400#FF7D7F401200FFFF
(1785078771.532440) can0 0CF00400#FF7D7F581200FFFF
(1785078771.532498) can0 0CF00400#FF7D7F781200FFFF
(1785078771.532538) can0 0CF00400#FF7D7F981200FFFF
(1785078771.534740) can0 18F01D21#03FA1A8000701D80
(1785078771.534842) can0 0CF00400#FF7D7FA81200FFFF
(1785078771.534911) can0 09F112F8#FFAF070000FF7FFD
(1785078771.534968) can0 19F10D13#AC80015B02840063
(1785078771.535079) can0 0CF00400#FF7D7F981200FFFF
(1785078771.535135) can0 0CF00400#FF7D7F901200FFFF
(1785078771.535187) can0 0CF00400#FF7D7F981200FFFF
(1785078771.535250) can0 0CF00400#FF7D7FA81200FFFF
(1785078771.535322) can0 18F01D21#1AFD1A8000701D80
(1785078771.535381) can0 0CF00400#FF7D7FB01200FFFF
(1785078771.535420) can0 19F10D13#AD7F015B02840063
(1785078771.535455) can0 0CF00400#FF7D7FD01200FFFF
(1785078771.537821) can0 09F8021C#4FFC9500AF00FFFF
(1785078771.537920) can0 09F8011C#D8842718CC9F53C1
(1785078771.537985) can0 18FEE81C#6E0050069A633C81
(1785078771.538055) can0 0CF00400#FF7D7FC01200FFFF
(1785078771.538116) can0 09F112F8#FF74070000FF7FFD
(1785078771.538171) can0 0CF00400#FF7D7FB81200FFFF
(1785078771.538222) can0 0CF00400#FF7D7FD01200FFFF
(1785078771.538289) can0 18F01D21#1AFD1A8000701D80
(1785078771.538360) can0 0CF00400#FF7D7FE81200FFFF
(1785078771.538419) can0 19F10D13#AE80015B02840063
(1785078771.538476) can0 0CF00400#FF7D7FC81200FFFF
(1785078771.538505) can0 0CF00400#FF7D7FB81200FFFF
(1785078771.538531) can0 0CF00400#FF7D7FB81200FFFF
(1785078771.538556) can0 0CF00400#FF7D7F981200FFFF
(1785078771.538580) can0 09F112F8#FF23070000FF7FFD
(1785078771.541172) can0 18F01D21#72FD1A8000701D80
(1785078771.541279) can0 0CF00400#FF7D7F981200FFFF
(1785078771.541344) can0 19F10D13#AF7F015B02840063
(1785078771.541395) can0 0CF00400#FF7D7FA01200FFFF
(1785078771.541464) can0 0CF00400#FF7D7FA01200FFFF
(1785078771.541516) can0 0CF00400#FF7D7FA81200FFFF
(1785078771.541566) can0 0CF00400#FF7D7FC81200FFFF
(1785078771.541629) can0 18F01D21#72FD1A8000701D80
(1785078771.541698) can0 0CF00400#FF7D7FE81200FFFF
(1785078771.541756) can0 19F10D13#B080015B02840063
(1785078771.541812) can0 0CF00400#FF7D7FD81200FFFF
(1785078771.541861) can0 09F112F8#FFDD060000FF7FFD
(1785078771.541927) can0 0CF00400#FF7D7FC81200FFFF
(1785078771.544378) can0 0CF00400#FF7D7FD81200FFFF
(1785078771.544478) can0 0CF00400#FF7D7FD81200FFFF
(1785078771.544545) can0 18F01D21#72FD1A8000701D80
(1785078771.544599) can0 0CF00400#FF7D7FB01200FFFF
(1785078771.544652) can0 19F10D13#B17F015B02840063
(1785078771.544702) can0 0CF00400#FF7D7FC81200FFFF
(1785078771.544770) can0 0CF00400#FF7D7FE81200FFFF
(1785078771.544833) can0 09F112F8#FF86060000FF7FFD
(1785078771.544904) can0 0CF00400#FF7D7FF01200FFFF
(1785078771.544965) can0 0CF00400#FF7D7FF01200FFFF
(1785078771.545019) can0 18F01D21#72FD1A8000701D80
(1785078771.545078) can0 0CF00400#FF7D7F201300FFFF
(1785078771.547362) can0 19F10D13#B27F015B02840063
(1785078771.547463) can0 0CF00400#FF7D7F101300FFFF
(1785078771.547547) can0 09F8021C#50FC3CF4AD00FFFF
(1785078771.547604) can0 09F8011C#2A852718CE9F53C1
(1785078771.547657) can0 0CF00400#FF7D7FF81200FFFF
(1785078771.547710) can0 18FEE81C#22B340069A633D81
(1785078771.547760) can0 0CF00400#FF7D7F001300FFFF
(1785078771.547831) can0 0CF00400#FF7D7F101300FFFF
(1785078771.547897) can0 18F01D21#7AFE1A8000701D80
(1785078771.547956) can0 0CF00400#FF7D7FF81200FFFF
(1785078771.548007) can0 09F112F8#FF25060000FF7FFD
(1785078771.548068) can0 19F10D13#B37F015B02840063
(1785078771.548102) can0 0CF00400#FF7D7FE81200FFFF
(1785078771.548138) can0 0CF00400#FF7D7FD01200FFFF
(1785078771.548167) can0 0CF00400#FF7D7FD81200FFFF
(1785078771.550609) can0 0CF00400#FF7D7F001300FFFF
(1785078771.550706) can0 18F01D21#50041B8000701D80
(1785078771.550770) can0 0CF00400#FF7D7F101300FFFF
(1785078771.550844) can0 19F10D13#B47F015B02840063
(1785078771.550897) can0 0CF00400#FF7D7F181300FFFF
(1785078771.550967) can0 09F112F8#FFDC050000FF7FFD
(1785078771.551024) can0 0CF00400#FF7D7FF01200FFFF
(1785078771.551109) can0 0CF00400#FF7D7FC81200FFFF
(1785078771.551172) can0 0CF00400#FF7D7FC01200FFFF
(1785078771.551223) can0 18F01D21#D60A1B8000701D80
(1785078771.551255) can0 0CF00400#FF7D7FC81200FFFF
(1785078771.551282) can0 19F10D13#B57F015B02840063
(1785078771.551308) can0 0CF00400#FF7D7FA01200FFFF
(1785078771.554470) can0 0CF00400#FF7D7F881200FFFF
(1785078771.554561) can0 0CF00400#FF7D7F801200FFFF
(1785078771.554620) can0 09F112F8#FF98050000FF7FFD
(1785078771.554677) can0 0CF00400#FF7D7F881200FFFF
(1785078771.554731) can0 18F01D21#9C0E1B8000701D80
(1785078771.554784) can0 0CF00400#FF7D7F901200FFFF
(1785078771.554841) can0 19F10D13#B67F015B02840063
(1785078771.554909) can0 0CF00400#FF7D7F881200FFFF
(1785078771.554988) can0 0CF00400#FF7D7F881200FFFF
(1785078771.555059) can0 0CF00400#FF7D7F781200FFFF
(1785078771.555095) can0 0CF00400#FF7D7F581200FFFF
(1785078771.555123) can0 18F01D21#9C0E1B8000701D80
(1785078771.555149) can0 0CF00400#FF7D7F501200FFFF
(1785078771.555177) can0 09F112F8#FF4D050000FF7FFD
(1785078771.555203) can0 19F10D13#B77F015B02840063
(1785078771.557734) can0 0CF00400#FF7D7F581200FFFF
(1785078771.557862) can0 0CF00400#FF7D7F801200FFFF
(1785078771.557946) can0 09F8021C#51FCE4F4AC00FFFF
(1785078771.558003) can0 09F8011C#98852718D09F53C1
(1785078771.558075) can0 18FEE81C#9DB338069A633E81
(1785078771.558132) can0 0CF00400#FF7D7FA81200FFFF
(1785078771.558183) can0 0CF00400#FF7D7FD01200FFFF
(1785078771.558253) can0 18F01D21#9C0E1B8000701D80
(1785078771.558320) can0 0CF00400#FF7D7FD81200FFFF
(1785078771.558379) can0 19F10D13#B87F015B02840063
(1785078771.558429) can0 0CF00400#FF7D7FC81200FFFF
(1785078771.558493) can0 0CF00400#FF7D7FD01200FFFF
(1785078771.558561) can0 09F112F8#FF12050000FF7FFD
(1785078771.558611) can0 0CF00400#FF7D7FD01200FFFF
(1785078771.558658) can0 0CF00400#FF7D7FC81200FFFF
(1785078771.558712) can0 18F01D21#B3111B8000701D80
(1785078771.563061) can0 0CF00400#FF7D7FD81200FFFF
(1785078771.563197) can0 19F10D13#B97F015B02840063
(1785078771.563259) can0 0CF00400#FF7D7FB01200FFFF
(1785078771.563316) can0 0CF00400#FF7D7F981200FFFF
(1785078771.563421) can0 0CF00400#FF7D7FB01200FFFF
(1785078771.563480) can0 0CF00400#FF7D7FE01200FFFF
(1785078771.563552) can0 09F112F8#FFC9040000FF7FFD
(1785078771.563619) can0 18F01D21#63121B8000701D80
(1785078771.563679) can0 0CF00400#FF7D7FE01200FFFF
(1785078771.563730) can0 19F10D13#BA7E015B02840064
(1785078771.563777) can0 0CF00400#FF7D7FD81200FFFF
(1785078771.563826) can0 0CF00400#FF7D7FD81200FFFF
(1785078771.563893) can0 0CF00400#FF7D7FC81200FFFF
(1785078771.563942) can0 0CF00400#FF7D7FA81200FFFF
(1785078771.563991) can0 18F01D21#63121B8000701D80
(1785078771.564039) can0 0CF00400#FF7D7FC81200FFFF
(1785078771.564109) can0 19F10D13#BB7E015B02840064
(1785078771.564157) can0 0CF00400#FF7D7FD81200FFFF
(1785078771.564204) can0 09F112F8#FF91040000FF7FFD
(1785078771.564252) can0 0CF00400#FF7D7FE01200FFFF
(1785078771.564318) can0 0CF00400#FF7D7F001300FFFF
(1785078771.567754) can0 0CF00400#FF7D7F201300FFFF
(1785078771.567850) can0 18F01D21#0B121B8000701D80
(1785078771.567913) can0 0CF00400#FF7D7F181300FFFF
(1785078771.567971) can0 19F10D13#BC7F015B02840063
(1785078771.568026) can0 0CF00400#FF7D7F201300FFFF
(1785078771.568095) can0 0CF00400#FF7D7F081300FFFF
(1785078771.568153) can0 09F8021C#52FC65F4AE00FFFF
(1785078771.568223) can0 09F8011C#E0852718D29F53C1
(1785078771.568309) can0 18FEE81C#C7B240069A633F81
(1785078771.568365) can0 0CF00400#FF7D7FE01200FFFF
(1785078771.568414) can0 09F112F8#FF5A040000FF7FFD
(1785078771.568462) can0 0CF00400#FF7D7FF01200FFFF
(1785078771.568511) can0 18F01D21#63121B8000701D80
(1785078771.568558) can0 0CF00400#FF7D7F201300FFFF
(1785078771.568606) can0 19F10D13#BD7E015B02840064
(1785078771.568654) can0 0CF00400#FF7D7FD01200FFFF
(1785078771.568702) can0 0CF00400#FF7D7FD81200FFFF
(1785078771.568768) can0 0CF00400#FF7D7FF81200FFFF
(1785078771.568816) can0 0CF00400#FF7D7F081300FFFF
(1785078771.568864) can0 18F01D21#0B121B8000701D80
(1785078771.568912) can0 0CF00400#FF7D7F201300FFFF
(1785078771.571207) can0 09F112F8#FF25040000FF7FFD
(1785078771.571279) can0 19F10D13#BE7F015B02840063
(1785078771.571321) can0 0CF00400#FF7D7F301300FFFF
(1785078771.571353) can0 0CF00400#FF7D7F281300FFFF
(1785078771.571391) can0 0CF00400#FF7D7F081300FFFF
(1785078771.571424) can0 0CF00400#FF7D7FF81200FFFF
(1785078771.571450) can0 18F01D21#0B121B8000701D80
(1785078771.571476) can0 0CF00400#FF7D7F081300FFFF
(1785078771.571535) can0 19F10D13#BF7E015B02840064
(1785078771.571585) can0 0CF00400#FF7D7F201300FFFF
(1785078771.571633) can0 09F112F8#FFF0030000FF7FFD
(1785078771.574689) can0 0CF00400#FF7D7F281300FFFF
(1785078771.574785) can0 0CF00400#FF7D7F301300FFFF
(1785078771.574869) can0 0CF00400#FF7D7F381300FFFF
(1785078771.574931) can0 18F01D21#63121B8000701D80
(1785078771.574986) can0 0CF00400#FF7D7F401300FFFF
(1785078771.575072) can0 19F10D13#C07E015B02840064
(1785078771.575143) can0 0CF00400#FF7D7F281300FFFF
(1785078771.575205) can0 0CF00400#FF7D7FE81200FFFF
(1785078771.575258) can0 0CF00400#FF7D7FC81200FFFF
(1785078771.575324) can0 09F112F8#FFB3030000FF7FFD
(1785078771.575372) can0 0CF00400#FF7D7FD81200FFFF
(1785078771.575420) can0 18F01D21#BB121B8000701D80
(1785078771.575468) can0 0CF00400#FF7D7FC81200FFFF
(1785078771.575515) can0 19F10D13#C17E015B02840064
(1785078771.575563) can0 0CF00400#FF7D7FA01200FFFF
(1785078771.579523) can0 0CF00400#FF7D7FA01200FFFF
(1785078771.579626) can0 09F8021C#53FC5FF4AB00FFFF
(1785078771.579692) can0 0CF00400#FF7D7FC01200FFFF
(1785078771.579758) can0 09F8011C#50862718D09F53C1
(1785078771.579812) can0 18FEE81C#3CB328069A634081
(1785078771.579883) can0 0CF00400#FF7D7FD01200FFFF
(1785078771.579935) can0 18F01D21#A11A1B8000701D80
(1785078771.579992) can0 0CF00400#FF7D7FC81200FFFF
(1785078771.580080) can0 09F112F8#FF66030000FF7FFD
(1785078771.580142) can0 19F10D13#C27E015B02840064
(1785078771.580201) can0 0CF00400#FF7D7FB01200FFFF
(1785078771.580251) can0 0CF00400#FF7D7FB01200FFFF
(1785078771.580299) can0 0CF00400#FF7D7F981200FFFF
(1785078771.580366) can0 0CF00400#FF7D7FA81200FFFF
(1785078771.580414) can0 18F01D21#E6231B8000701D80
(1785078771.580461) can0 0CF00400#FF7D7FB01200FFFF
(1785078771.580509) can0 19F10D13#C37E015B02840064
(1785078771.580556) can0 0CF00400#FF7D7FA01200FFFF
(1785078771.580604) can0 0CF00400#FF7D7FA01200FFFF
(1785078771.580652) can0 09F112F8#FF19030000FF7FFD
(1785078771.580699) can0 0CF00400#FF7D7FE01200FFFF
(1785078771.580764) can0 0CF00400#FF7D7F081300FFFF
(1785078771.580812) can0 18F01D21#4D261B8000701D80
(1785078771.581868) can0 0CF00400#FF7D7F181300FFFF
(1785078771.581936) can0 19F10D13#C47E015B02840064
(1785078771.581975) can0 0CF00400#FF7D7F101300FFFF
(1785078771.582005) can0 0CF00400#FF7D7F201300FFFF
(1785078771.584894) can0 0CF00400#FF7D7F101300FFFF
(1785078771.585055) can0 0CF00400#FF7D7F101300FFFF
(1785078771.585124) can0 09F112F8#FFCB020000FF7FFD
(1785078771.585184) can0 18F01D21#4D261B8000701D80
(1785078771.585240) can0 0CF00400#FF7D7F001300FFFF
(1785078771.585304) can0 19F10D13#C57D015B02840064
(1785078771.585374) can0 0CF00400#FF7D7F201300FFFF
(1785078771.585432) can0 0CF00400#FF7D7F401300FFFF
(1785078771.585489) can0 0CF00400#FF7D7F301300FFFF
(1785078771.585556) can0 0CF00400#FF7D7F501300FFFF
(1785078771.585603) can0 18F01D21#5C281B8000701D80
(1785078771.585651) can0 0CF00400#FF7D7F501300FFFF
(1785078771.585699) can0 19F10D13#C67D015B02840064
(1785078771.585745) can0 09F112F8#FF94020000FF7FFD
(1785078771.585792) can0 0CF00400#FF7D7F481300FFFF
(1785078771.585840) can0 0CF00400#FF7D7F581300FFFF
(1785078771.589338) can0 0CF00400#FF7D7F781300FFFF
(1785078771.589460) can0 09F8021C#54FC7BF4A600FFFF
(1785078771.589520) can0 09F8011C#B2862718CE9F53C1
(1785078771.589571) can0 18FEE81C#50B30006B0634181
(1785078771.589621) can0 0CF00400#FF7D7FA01300FFFF
(1785078771.589689) can0 18F01D21#6C2A1B8000701D80
(1785078771.589738) can0 0CF00400#FF7D7F981300FFFF
(1785078771.589786) can0 19F10D13#C77E015B02840064
(1785078771.589833) can0 0CF00400#FF7D7F681300FFFF
(1785078771.589881) can0 0CF00400#FF7D7F181300FFFF
(1785078771.589929) can0 0CF00400#FF7D7FF81200FFFF
(1785078771.589976) can0 09F112F8#FF61020000FF7FFD
(1785078771.590024) can0 0CF00400#FF7D7F201300FFFF
(1785078771.590113) can0 18F01D21#6C2A1B8000701D80
(1785078771.590163) can0 0CF00400#FF7D7F081300FFFF
(1785078771.590211) can0 19F10D13#C87C015B02840065
(1785078771.590258) can0 0CF00400#FF7D7FF01200FFFF
(1785078771.590306) can0 0CF00400#FF7D7F081300FFFF
(1785078771.590353) can0 0CF00400#FF7D7F281300FFFF
(1785078771.594958) can0 0CF00400#FF7D7FF81200FFFF
(1785078771.595108) can0 18F01D21#6C2A1B8000701D80
(1785078771.595153) can0 09F112F8#FF21020000FF7FFD
(1785078771.595186) can0 0CF00400#FF7D7F001300FFFF
(1785078771.595215) can0 19F10D13#C97E015B02840064
(1785078771.595241) can0 0CF00400#FF7D7F181300FFFF
(1785078771.595265) can0 0CF00400#FF7D7F101300FFFF
(1785078771.595290) can0 0CF00400#FF7D7FF01200FFFF
(1785078771.595313) can0 0CF00400#FF7D7F281300FFFF
(1785078771.595337) can0 18F01D21#142A1B8000701D80
(1785078771.595369) can0 0CF00400#FF7D7F081300FFFF
(1785078771.595392) can0 19F10D13#CA7D015B02840064
(1785078771.595416) can0 0CF00400#FF7D7FF01200FFFF
(1785078771.595440) can0 09F112F8#FFE9010000FF7FFD
(1785078771.595463) can0 0CF00400#FF7D7FF81200FFFF
(1785078771.595486) can0 0CF00400#FF7D7F001300FFFF
(1785078771.595509) can0 0CF00400#FF7D7F001300FFFF
(1785078771.595559) can0 18F01D21#142A1B8000701D80
(1785078771.595594) can0 0CF00400#FF7D7F301300FFFF
(1785078771.595618) can0 19F10D13#CB7D015B02840064
(1785078771.595641) can0 0CF00400#FF7D7F401300FFFF
(1785078771.596756) can0 0CF00400#FF7D7F581300FFFF
(1785078771.596818) can0 0CF00400#FF7D7F681300FFFF
(1785078771.596858) can0 09F112F8#FFB6010000FF7FFD
(1785078771.596890) can0 0CF00400#FF7D7F581300FFFF
(1785078771.596919) can0 09F8021C#55FCF3F2AC00FFFF
(1785078771.596946) can0 09F8011C#FA862718CC9F53C1
(1785078771.596972) can0 18FEE81C#31B23806B0634281
(1785078771.596996) can0 18F01D21#142A1B8000701D80
(1785078771.597021) can0 0CF00400#FF7D7F201300FFFF
(1785078771.600904) can0 19F10D13#CC7E015B02840064
(1785078771.600997) can0 0CF00400#FF7D7F001300FFFF
(1785078771.601070) can0 0CF00400#FF7D7FE81200FFFF
(1785078771.601126) can0 0CF00400#FF7D7FE81200FFFF
(1785078771.601176) can0 0CF00400#FF7D7FE81200FFFF
(1785078771.601225) can0 18F01D21#142A1B8000701D80
(1785078771.601273) can0 0CF00400#FF7D7FB81200FFFF
(1785078771.601341) can0 19F10D13#CD7D015B02840064
(1785078771.601388) can0 09F112F8#FF7E010000FF7FFD
(1785078771.601435) can0 0CF00400#FF7D7FC81200FFFF
(1785078771.601482) can0 0CF00400#FF7D7FE01200FFFF
(1785078771.601530) can0 0CF00400#FF7D7FF01200FFFF
(1785078771.601577) can0 0CF00400#FF7D7F081300FFFF
(1785078771.601625) can0 18F01D21#6C2A1B8000701D80
(1785078771.601674) can0 0CF00400#FF7D7F181300FFFF
(1785078771.601740) can0 19F10D13#CE7E015B02840064
(1785078771.601788) can0 0CF00400#FF7D7F101300FFFF
(1785078771.601835) can0 0CF00400#FF7D7F001300FFFF
(1785078771.601883) can0 09F112F8#FF42010000FF7FFD
(1785078771.605793) can0 0CF00400#FF7D7F001300FFFF
(1785078771.605890) can0 0CF00400#FF7D7F001300FFFF
(1785078771.605952) can0 18F01D21#732B1B8000701D80
(1785078771.606003) can0 0CF00400#FF7D7F081300FFFF
(1785078771.606092) can0 19F10D13#CF7E015B02840064
(1785078771.606126) can0 0CF00400#FF7D7F181300FFFF
(1785078771.606154) can0 0CF00400#FF7D7F201300FFFF
(1785078771.606180) can0 0CF00400#FF7D7F101300FFFF
(1785078771.606205) can0 0CF00400#FF7D7F101300FFFF
(1785078771.606230) can0 09F112F8#FF03010000FF7FFD
(1785078771.606256) can0 18F01D21#42301B8000701D80
(1785078771.606280) can0 0CF00400#FF7D7F201300FFFF
(1785078771.606313) can0 19F10D13#D07E015B02840064
(1785078771.606337) can0 0CF00400#FF7D7FD81200FFFF
(1785078771.606361) can0 0CF00400#FF7D7FB01200FFFF
(1785078771.606385) can0 0CF00400#FF7D7FC81200FFFF
(1785078771.609594) can0 0CF00400#FF7D7FE01200FFFF
(1785078771.609683) can0 18F01D21#A9321B8000701D80
(1785078771.609730) can0 09F8021C#56FCE4F2A900FFFF
(1785078771.609765) can0 09F8011C#3C872718C89F53C1
(1785078771.609794) can0 18FEE81C#26B21806C5634381
(1785078771.609819) can0 0CF00400#FF7D7FD01200FFFF
(1785078771.609853) can0 19F10D13#D17D015B02840064
(1785078771.609877) can0 0CF00400#FF7D7FB01200FFFF
(1785078771.609900) can0 09F112F8#FFC3000000FF7FFD
(1785078771.609923) can0 0CF00400#FF7D7FD01200FFFF
(1785078771.609947) can0 0CF00400#FF7D7FD01200FFFF
(1785078771.609971) can0 0CF00400#FF7D7FC01200FFFF
(1785078771.609994) can0 18F01D21#51321B8000701D80
(1785078771.610018) can0 0CF00400#FF7D7FB01200FFFF
(1785078771.610057) can0 19F10D13#D27E015B02840064
(1785078771.610096) can0 0CF00400#FF7D7FA01200FFFF
(1785078771.610120) can0 0CF00400#FF7D7F901200FFFF
(1785078771.610143) can0 0CF00400#FF7D7F981200FFFF
(1785078771.610165) can0 09F112F8#FF7D000000FF7FFD
(1785078771.613960) can0 0CF00400#FF7D7F901200FFFF
