(1785116545.907584) can0 18F01D21#B4241C8000D11580
(1785116545.908018) can0 09F112F8#FFFF1D0000FF7FFD
(1785116545.908083) can0 0CF00400#FF7D7F001200FFFF
(1785116545.908109) can0 19F10D13#0D70015B0284006C
(1785116545.908540) can0 0CF00400#FF7D7FC81100FFFF
(1785116545.908788) can0 0CF00400#FF7D7F901100FFFF
(1785116545.910131) can0 0CF00400#FF7D7F881100FFFF
(1785116545.910187) can0 0CF00400#FF7D7FA01100FFFF
(1785116545.910216) can0 18F01D21#4BF41B8000D11580
(1785116545.910238) can0 0CF00400#FF7D80C81100FFFF
(1785116545.910262) can0 19F10D13#0E73015B0284006A
(1785116545.910279) can0 0CF00400#FF7D80F81100FFFF
(1785116545.910746) can0 09F112F8#FFFF1D0000FF7FFD
(1785116545.910794) can0 0CF00400#FF7D80181200FFFF
(1785116545.911067) can0 0CF00400#FF7D80001200FFFF
(1785116545.912316) can0 0CF00400#FF7D80E01100FFFF
(1785116545.912360) can0 18F01D21#FAC61B8000D11580
(1785116545.912390) can0 0CF00400#FF7D80D01100FFFF
(1785116545.912414) can0 19F10D13#0F74015B02840069
(1785116545.912430) can0 0CF00400#FF7D80E81100FFFF
(1785116545.912804) can0 0CF00400#FF7D80F81100FFFF
(1785116545.914055) can0 0CF00400#FF7D80081200FFFF
(1785116545.914099) can0 09F8021C#2FFC520FAB00FFFF
(1785116545.914123) can0 09F8011C#A27C2718589D53C1
(1785116545.914141) can0 18FEE81C#3D0B30061E644581
(1785116545.914157) can0 09F112F8#FF041E0000FF7FFD
(1785116545.914172) can0 0CF00400#FF7D80301200FFFF
(1785116545.914186) can0 18F01D21#6B911B8000D11580
(1785116545.914205) can0 0CF00400#FF7D80601200FFFF
(1785116545.914229) can0 19F10D13#1076015B02840068
(1785116545.914246) can0 0CF00400#FF7D80901200FFFF
(1785116545.914920) can0 0CF00400#FF7D80C01200FFFF
(1785116545.915112) can0 0CF00400#FF7D80D01200FFFF
(1785116545.916452) can0 0CF00400#FF7D80C01200FFFF
(1785116545.916504) can0 18F01D21#56551B8000D11580
(1785116545.916531) can0 0CF00400#FF7D80B01200FFFF
(1785116545.916555) can0 09F112F8#FF0F1E0000FF7FFD
(1785116545.916571) can0 19F10D13#1179015B02840067
(1785116545.916586) can0 0CF00400#FF7D80A81200FFFF
(1785116545.917067) can0 0CF00400#FF7D80E81200FFFF
(1785116545.917112) can0 0CF00400#FF7D80101300FFFF
(1785116545.918379) can0 0CF00400#FF7D80301300FFFF
(1785116545.918422) can0 18F01D21#7A151B8000AC1480
(1785116545.918445) can0 0CF00400#FF7D80581300FFFF
(1785116545.918467) can0 19F10D13#127B015B02840066
(1785116545.918482) can0 0CF00400#FF7D80781300FFFF
(1785116545.918833) can0 0CF00400#FF7D80781300FFFF
(1785116545.918875) can0 09F112F8#FF131E0000FF7FFD
(1785116545.919172) can0 0CF00400#FF7D7F601300FFFF
(1785116545.920405) can0 0CF00400#FF7D7F681300FFFF
(1785116545.920445) can0 18F01D21#DFBB1A8000AC1480
(1785116545.920467) can0 0CF00400#FF7D7F501300FFFF
(1785116545.920488) can0 19F10D13#137F015B02840063
(1785116545.920504) can0 0CF00400#FF7D7F281300FFFF
(1785116545.920915) can0 0CF00400#FF7D7F181300FFFF
(1785116545.921149) can0 0CF00400#FF7D7F101300FFFF
(1785116545.922531) can0 0CF00400#FF7D7F081300FFFF
(1785116545.922582) can0 18F01D21#3F561A8000AC1480
(1785116545.922608) can0 09F112F8#FF121E0000FF7FFD
(1785116545.922626) can0 0CF00400#FF7D7F201300FFFF
(1785116545.922646) can0 19F10D13#1482015B02840062
(1785116545.922660) can0 0CF00400#FF7D7F381300FFFF
(1785116545.922674) can0 0CF00400#FF7D7F481300FFFF
(1785116545.923218) can0 0CF00400#FF7D7F581300FFFF
(1785116545.923278) can0 09F8021C#30FC510DA900FFFF
(1785116545.923302) can0 09F8011C#C87C2718769D53C1
(1785116545.923681) can0 18FEE81C#C50918061E644381
(1785116545.923738) can0 0CF00400#FF7D7F381300FFFF
(1785116545.923761) can0 18F01D21#ABFD198000AC1480
(1785116545.924123) can0 0CF00400#FF7D7F201300FFFF
(1785116545.924177) can0 19F10D13#1585015B02840060
(1785116545.924262) can0 0CF00400#FF7D7F301300FFFF
(1785116545.924604) can0 09F112F8#FF091E0000FF7FFD
(1785116545.924647) can0 0CF00400#FF7D7F401300FFFF
(1785116545.925996) can0 0CF00400#FF7D7F201300FFFF
(1785116545.926038) can0 0CF00400#FF7D7F381300FFFF
(1785116545.926096) can0 18F01D21#59B9198000AC1480
(1785116545.926113) can0 0CF00400#FF7D7F601300FFFF
(1785116545.926133) can0 19F10D13#1689015B0284005E
(1785116545.926515) can0 0CF00400#FF7D7F601300FFFF
(1785116545.926716) can0 0CF00400#FF7D7F581300FFFF
(1785116545.928099) can0 0CF00400#FF7D7F281300FFFF
(1785116545.928164) can0 09F112F8#FFFB1D0000FF7FFD
(1785116545.928188) can0 0CF00400#FF7D7F001300FFFF
(1785116545.928205) can0 18F01D21#ED93198000AC1480
(1785116545.928220) can0 0CF00400#FF7D7FF81200FFFF
(1785116545.928233) can0 19F10D13#1789015B0284005E
(1785116545.928250) can0 0CF00400#FF7D7FF01200FFFF
(1785116545.928749) can0 0CF00400#FF7D7FC81200FFFF
(1785116545.930030) can0 0CF00400#FF7D7FA81200FFFF
(1785116545.930096) can0 0CF00400#FF7D7FA81200FFFF
(1785116545.930135) can0 18F01D21#D284198000AC1480
(1785116545.930152) can0 0CF00400#FF7D7FA01200FFFF
(1785116545.930166) can0 09F112F8#FFEB1D0000FF7FFD
(1785116545.930179) can0 19F10D13#188A015B0284005D
(1785116545.930653) can0 0CF00400#FF7D7FB01200FFFF
(1785116545.930712) can0 0CF00400#FF7D7FC81200FFFF
(1785116545.932006) can0 0CF00400#FF7D7FC01200FFFF
(1785116545.932051) can0 0CF00400#FF7D7FA81200FFFF
(1785116545.932092) can0 18F01D21#7283198000AC1480
(1785116545.932125) can0 0CF00400#FF7D7F781200FFFF
(1785116545.932139) can0 19F10D13#1989015B0284005E
(1785116545.932507) can0 0CF00400#FF7D7F901200FFFF
(1785116545.932720) can0 0CF00400#FF7D7FA01200FFFF
(1785116545.932761) can0 09F112F8#FFD31D0000FF7FFD
(1785116545.934080) can0 0CF00400#FF7D7FB01200FFFF
(1785116545.934136) can0 09F8021C#31FC1D0EA800FFFF
(1785116545.934157) can0 09F8011C#F27C27188C9D53C1
(1785116545.934174) can0 0CF00400#FF7D7FC01200FFFF
(1785116545.934189) can0 18FEE81C#5A0A10061E644381
(1785116545.934203) can0 18F01D21#6B82198000AC1480
(1785116545.934216) can0 0CF00400#FF7D7FB81200FFFF
(1785116545.934229) can0 19F10D13#1A89015B0284005E
(1785116545.934241) can0 0CF00400#FF7D7FA81200FFFF
(1785116545.934842) can0 0CF00400#FF7D7F981200FFFF
(1785116545.936078) can0 0CF00400#FF7D7F801200FFFF
(1785116545.936136) can0 0CF00400#FF7D7F401200FFFF
(1785116545.936166) can0 09F112F8#FFBD1D0000FF7FFD
(1785116545.936193) can0 18F01D21#6B82198000AC1480
(1785116545.936219) can0 0CF00400#FF7D7F401200FFFF
(1785116545.936245) can0 19F10D13#1B8A015B0284005D
(1785116545.936271) can0 0CF00400#FF7D7F481200FFFF
(1785116545.936817) can0 0CF00400#FF7D7F501200FFFF
(1785116545.938088) can0 0CF00400#FF7D7F701200FFFF
(1785116545.938145) can0 0CF00400#FF7D7F781200FFFF
(1785116545.938175) can0 18F01D21#1382198000AC1480
(1785116545.938202) can0 0CF00400#FF7D7F981200FFFF
(1785116545.938227) can0 19F10D13#1C8A015B0284005D
(1785116545.938253) can0 0CF00400#FF7D7FC81200FFFF
(1785116545.938699) can0 09F112F8#FFA51D0000FF7FFD
(1785116545.938754) can0 0CF00400#FF7D7FE81200FFFF
(1785116545.939055) can0 0CF00400#FF7D7FC01200FFFF
(1785116545.940316) can0 0CF00400#FF7D7F981200FFFF
(1785116545.940372) can0 18F01D21#1382198000AC1480
(1785116545.940403) can0 0CF00400#FF7D7FB81200FFFF
(1785116545.940431) can0 19F10D13#1D8B015B0284005D
(1785116545.940458) can0 0CF00400#FF7D7FC01200FFFF
(1785116545.940943) can0 0CF00400#FF7D7FC81200FFFF
(1785116545.941015) can0 0CF00400#FF7D7FD01200FFFF
(1785116545.941252) can0 09F112F8#FF921D0000FF7FFD
(1785116545.941508) can0 0CF00400#FF7D7FA81200FFFF
(1785116545.941682) can0 18F01D21#BB81198000AC1480
(1785116545.941957) can0 0CF00400#FF7D7FA01200FFFF
(1785116545.942174) can0 19F10D13#1E8A015B0284005D
(1785116545.942250) can0 0CF00400#FF7D7FC01200FFFF
(1785116545.943659) can0 0CF00400#FF7D7FD01200FFFF
(1785116545.943699) can0 0CF00400#FF7D7FC81200FFFF
(1785116545.943720) can0 0CF00400#FF7D7FE01200FFFF
(1785116545.943735) can0 09F8021C#32FC720EAA00FFFF
(1785116545.943749) can0 09F8011C#427D2718BC9D53C1
(1785116545.943763) can0 18F01D21#6381198000AC1480
(1785116545.943775) can0 18FEE81C#990A200620644281
(1785116545.944502) can0 0CF00400#FF7D7FF01200FFFF
(1785116545.944547) can0 09F112F8#FF831D0000FF7FFD
(1785116545.944580) can0 19F10D13#1F89015B0284005E
(1785116545.944609) can0 0CF00400#FF7D7FF81200FFFF
(1785116545.944661) can0 0CF00400#FF7D7FE81200FFFF
(1785116545.945193) can0 0CF00400#FF7D7FE01200FFFF
(1785116545.946454) can0 0CF00400#FF7D7FD81200FFFF
(1785116545.946494) can0 18F01D21#6381198000AC1480
(1785116545.946516) can0 0CF00400#FF7D7FD01200FFFF
(1785116545.946533) can0 19F10D13#208B015B0284005D
(1785116545.946547) can0 0CF00400#FF7D7FD81200FFFF
(1785116545.947020) can0 0CF00400#FF7D7FF01200FFFF
(1785116545.947096) can0 09F112F8#FF781D0000FF7FFD
(1785116545.947118) can0 0CF00400#FF7D7FF81200FFFF
(1785116545.947496) can0 0CF00400#FF7D7FF81200FFFF
(1785116545.947711) can0 18F01D21#6381198000AC1480
(1785116545.947979) can0 0CF00400#FF7D7FF81200FFFF
(1785116545.948187) can0 19F10D13#218A015B0284005D
(1785116545.948263) can0 0CF00400#FF7D7FF01200FFFF
(1785116545.949727) can0 0CF00400#FF7D7FE81200FFFF
(1785116545.949768) can0 0CF00400#FF7D7FE81200FFFF
(1785116545.949796) can0 09F112F8#FF6C1D0000FF7FFD
(1785116545.949821) can0 0CF00400#FF7D7FF01200FFFF
(1785116545.949847) can0 18F01D21#6381198000AC1480
(1785116545.949872) can0 0CF00400#FF7D7F001300FFFF
(1785116545.950467) can0 19F10D13#2289015B0284005E
(1785116545.950524) can0 0CF00400#FF7D7F101300FFFF
(1785116545.950822) can0 0CF00400#FF7D7F101300FFFF
(1785116545.952065) can0 0CF00400#FF7D7FF01200FFFF
(1785116545.952107) can0 0CF00400#FF7D7FD81200FFFF
(1785116545.952137) can0 18F01D21#6381198000AC1480
(1785116545.952163) can0 0CF00400#FF7D7FD01200FFFF
(1785116545.952189) can0 19F10D13#238A015B0284005D
(1785116545.952215) can0 09F112F8#FF571D0000FF7FFD
(1785116545.952240) can0 0CF00400#FF7D7FD01200FFFF
(1785116545.952905) can0 0CF00400#FF7D7FD81200FFFF
(1785116545.953116) can0 0CF00400#FF7D7FD01200FFFF
(1785116545.954436) can0 0CF00400#FF7D7FD81200FFFF
(1785116545.954481) can0 18F01D21#6381198000AC1480
(1785116545.954502) can0 09F8021C#33FC3F0EAC00FFFF
(1785116545.954519) can0 09F8011C#7C7D2718E29D53C1
(1785116545.954534) can0 18FEE81C#730A380620644181
(1785116545.954548) can0 0CF00400#FF7D7FF81200FFFF
(1785116545.954561) can0 19F10D13#248A015B0284005D
(1785116545.954575) can0 0CF00400#FF7D7F181300FFFF
(1785116545.954674) can0 0CF00400#FF7D7F181300FFFF
(1785116545.955436) can0 09F112F8#FF3C1D0000FF7FFD
(1785116545.955485) can0 0CF00400#FF7D7FF81200FFFF
(1785116545.955518) can0 0CF00400#FF7D7FF01200FFFF
(1785116545.955880) can0 18F01D21#6381198000AC1480
(1785116545.955926) can0 0CF00400#FF7D7FD01200FFFF
(1785116545.956211) can0 19F10D13#258A015B0284005D
(1785116545.956256) can0 0CF00400#FF7D7FE01200FFFF
(1785116545.957607) can0 0CF00400#FF7D7FC81200FFFF
(1785116545.957651) can0 0CF00400#FF7D7F901200FFFF
(1785116545.957682) can0 0CF00400#FF7D7FA01200FFFF
(1785116545.957710) can0 09F112F8#FF231D0000FF7FFD
(1785116545.957738) can0 18F01D21#6381198000AC1480
(1785116545.958188) can0 0CF00400#FF7D7FA81200FFFF
(1785116545.958233) can0 19F10D13#268A015B0284005D
(1785116545.958265) can0 0CF00400#FF7D7FB81200FFFF
(1785116545.959666) can0 0CF00400#FF7D7FB01200FFFF
(1785116545.959724) can0 0CF00400#FF7D7F801200FFFF
(1785116545.959755) can0 0CF00400#FF7D7F681200FFFF
(1785116545.959783) can0 18F01D21#0B81198000AC1480
(1785116545.959850) can0 0CF00400#FF7D7F601200FFFF
(1785116545.960318) can0 19F10D13#2789015B0284005E
(1785116545.960362) can0 0CF00400#FF7D7F701200FFFF
(1785116545.960394) can0 09F112F8#FF071D0000FF7FFD
(1785116545.960749) can0 0CF00400#FF7D7F581200FFFF
(1785116545.962018) can0 0CF00400#FF7D7F201200FFFF
(1785116545.962065) can0 0CF00400#FF7D7F401200FFFF
(1785116545.962097) can0 18F01D21#6381198000AC1480
(1785116545.962126) can0 0CF00400#FF7D7F681200FFFF
(1785116545.962153) can0 19F10D13#288A015B0284005D
(1785116545.962588) can0 0CF00400#FF7D7F901200FFFF
(1785116545.962671) can0 0CF00400#FF7D7F981200FFFF
(1785116545.963992) can0 0CF00400#FF7D7F901200FFFF
(1785116545.964036) can0 09F112F8#FFE61C0000FF7FFD
(1785116545.964068) can0 0CF00400#FF7D7F301200FFFF
(1785116545.964086) can0 18F01D21#6381198000AC1480
(1785116545.964101) can0 0CF00400#FF7D7FF01100FFFF
(1785116545.964116) can0 09F8021C#34FC0F0DA900FFFF
(1785116545.964129) can0 09F8011C#AE7D2718FE9D53C1
(1785116545.964143) can0 18FEE81C#9409180620644081
(1785116545.964157) can0 19F10D13#298A015B0284005D
(1785116545.964893) can0 0CF00400#FF7D7FF81100FFFF
(1785116545.964941) can0 0CF00400#FF7D80181200FFFF
(1785116545.965202) can0 0CF00400#FF7D80201200FFFF
(1785116545.966469) can0 0CF00400#FF7D80481200FFFF
(1785116545.966513) can0 18F01D21#0B81198000AC1480
(1785116545.966537) can0 09F112F8#FFCA1C0000FF7FFD
(1785116545.966554) can0 0CF00400#FF7D80881200FFFF
(1785116545.966569) can0 19F10D13#2A8B015B0284005D
(1785116545.966584) can0 0CF00400#FF7D80981200FFFF
(1785116545.967111) can0 0CF00400#FF7D80A81200FFFF
(1785116545.967171) can0 0CF00400#FF7D80C01200FFFF
(1785116545.968485) can0 0CF00400#FF7D80A81200FFFF
(1785116545.968529) can0 18F01D21#6381198000AC1480
(1785116545.968552) can0 0CF00400#FF7D7F881200FFFF
(1785116545.968580) can0 19F10D13#2B8A015B0284005D
(1785116545.968602) can0 0CF00400#FF7D80901200FFFF
(1785116545.968624) can0 09F112F8#FFAA1C0000FF7FFD
(1785116545.968646) can0 0CF00400#FF7D80B81200FFFF
(1785116545.969287) can0 0CF00400#FF7D7FB01200FFFF
(1785116545.969706) can0 0CF00400#FF7D7FC01200FFFF
(1785116545.969753) can0 18F01D21#0B81198000AC1480
(1785116545.970015) can0 0CF00400#FF7D7FE81200FFFF
(1785116545.970128) can0 19F10D13#2C89015B0284005E
(1785116545.970364) can0 0CF00400#FF7D7FF01200FFFF
(1785116545.971584) can0 0CF00400#FF7D7FE81200FFFF
(1785116545.971633) can0 0CF00400#FF7D7FF81200FFFF
(1785116545.971662) can0 09F112F8#FF831C0000FF7FFD
(1785116545.971689) can0 0CF00400#FF7D7FC01200FFFF
(1785116545.971717) can0 18F01D21#0B81198000AC1480
(1785116545.972121) can0 0CF00400#FF7D7F981200FFFF
(1785116545.972159) can0 19F10D13#2D89015B0284005E
(1785116545.972455) can0 0CF00400#FF7D7F781200FFFF
(1785116545.973796) can0 0CF00400#FF7D7F681200FFFF
(1785116545.973847) can0 0CF00400#FF7D7F181200FFFF
(1785116545.973869) can0 0CF00400#FF7D7F201200FFFF
(1785116545.973886) can0 18F01D21#6381198000AC1480
(1785116545.973901) can0 0CF00400#FF7D80501200FFFF
(1785116545.974293) can0 09F112F8#FF631C0000FF7FFD
(1785116545.974335) can0 09F8021C#35FCFB0DAA00FFFF
(1785116545.974360) can0 09F8021C#36FCFB0DAA00FFFF
(1785116545.974378) can0 09F8011C#D87D2718169E53C1
(1785116545.974394) can0 19F10D13#2E89015B0284005E
(1785116545.974409) can0 18FEE81C#410A200641643F81
(1785116545.974423) can0 0CF00400#FF7D80701200FFFF
(1785116545.975205) can0 0CF00400#FF7D80881200FFFF
(1785116545.975264) can0 0CF00400#FF7D80B01200FFFF
(1785116545.975504) can0 0CF00400#FF7D80981200FFFF
(1785116545.975674) can0 18F01D21#6381198000AC1480
(1785116545.975923) can0 0CF00400#FF7D80701200FFFF
(1785116545.976157) can0 19F10D13#2F89015B0284005E
(1785116545.976341) can0 0CF00400#FF7D80581200FFFF
(1785116545.977599) can0 0CF00400#FF7D80701200FFFF
(1785116545.977644) can0 09F112F8#FF451C0000FF7FFD
(1785116545.977670) can0 0CF00400#FF7D80601200FFFF
(1785116545.977686) can0 0CF00400#FF7D80581200FFFF
(1785116545.977713) can0 18F01D21#0B81198000AC1480
(1785116545.978166) can0 0CF00400#FF7D80701200FFFF
(1785116545.978214) can0 19F10D13#3089015B0284005E
(1785116545.978236) can0 0CF00400#FF7D80A01200FFFF
(1785116545.979646) can0 0CF00400#FF7D80C81200FFFF
(1785116545.979697) can0 0CF00400#FF7D80D01200FFFF
(1785116545.979719) can0 09F112F8#FF2B1C0000FF7FFD
(1785116545.979736) can0 0CF00400#FF7D80C01200FFFF
(1785116545.979750) can0 18F01D21#6381198000AC1480
(1785116545.980208) can0 0CF00400#FF7D80B81200FFFF
(1785116545.980245) can0 19F10D13#318A015B0284005D
(1785116545.980268) can0 0CF00400#FF7D80C81200FFFF
(1785116545.981728) can0 0CF00400#FF7D80C81200FFFF
(1785116545.981772) can0 0CF00400#FF7D7FB81200FFFF
(1785116545.981802) can0 0CF00400#FF7D7FD01200FFFF
(1785116545.981820) can0 18F01D21#6381198000AC1480
(1785116545.981835) can0 0CF00400#FF7D80F81200FFFF
(1785116545.982239) can0 19F10D13#328A015B0284005D
(1785116545.982277) can0 09F112F8#FF0C1C0000FF7FFD
(1785116545.982300) can0 0CF00400#FF7D80181300FFFF
(1785116545.982661) can0 0CF00400#FF7D7F081300FFFF
(1785116545.984052) can0 0CF00400#FF7D7F001300FFFF
(1785116545.984106) can0 0CF00400#FF7D7FE81200FFFF
(1785116545.984128) can0 18F01D21#6381198000AC1480
(1785116545.984145) can0 0CF00400#FF7D7FE01200FFFF
(1785116545.984160) can0 19F10D13#338A015B0284005D
(1785116545.984584) can0 0CF00400#FF7D7FD81200FFFF
(1785116545.984626) can0 09F8021C#37FC7E0DAC00FFFF
(1785116545.984650) can0 09F8011C#387E27184A9E53C1
(1785116545.984668) can0 18FEE81C#E609380645643E81
(1785116545.984684) can0 0CF00400#FF7D7F901200FFFF
(1785116545.985274) can0 09F112F8#FFEB1B0000FF7FFD
(1785116545.985317) can0 0CF00400#FF7D7F801200FFFF
(1785116545.985592) can0 0CF00400#FF7D7F801200FFFF
(1785116545.985628) can0 18F01D21#6381198000AC1480
(1785116545.985929) can0 0CF00400#FF7D7F881200FFFF
(1785116545.986142) can0 19F10D13#348A015B0284005D
(1785116545.986326) can0 0CF00400#FF7D80A01200FFFF
(1785116545.987547) can0 0CF00400#FF7D80D81200FFFF
(1785116545.987595) can0 0CF00400#FF7D7FF01200FFFF
(1785116545.987621) can0 0CF00400#FF7D7FE81200FFFF
(1785116545.987638) can0 09F112F8#FFD31B0000FF7FFD
(1785116545.987654) can0 18F01D21#6381198000AC1480
(1785116545.988107) can0 0CF00400#FF7D7FE81200FFFF
(1785116545.988142) can0 19F10D13#358A015B0284005D
(1785116545.988372) can0 0CF00400#FF7D7FE01200FFFF
(1785116545.989589) can0 0CF00400#FF7D7FF01200FFFF
(1785116545.989622) can0 0CF00400#FF7D7F101300FFFF
(1785116545.989648) can0 0CF00400#FF7D7F101300FFFF
(1785116545.989664) can0 18F01D21#6381198000AC1480
(1785116545.990026) can0 0CF00400#FF7D7F101300FFFF
(1785116545.990197) can0 19F10D13#368A015B0284005D
(1785116545.990248) can0 0CF00400#FF7D7F281300FFFF
(1785116545.990282) can0 09F112F8#FFBF1B0000FF7FFD
(1785116545.991776) can0 0CF00400#FF7D7F301300FFFF
(1785116545.991822) can0 0CF00400#FF7D7FF01200FFFF
(1785116545.991851) can0 0CF00400#FF7D7FC01200FFFF
(1785116545.991868) can0 18F01D21#0B81198000AC1480
(1785116545.991883) can0 0CF00400#FF7D7FC81200FFFF
(1785116545.992316) can0 19F10D13#378B015B0284005D
(1785116545.992373) can0 0CF00400#FF7D7FD01200FFFF
(1785116545.993821) can0 0CF00400#FF7D7FA01200FFFF
(1785116545.993880) can0 09F112F8#FFA61B0000FF7FFD
(1785116545.993904) can0 0CF00400#FF7D7FB81200FFFF
(1785116545.993928) can0 0CF00400#FF7D7FB01200FFFF
(1785116545.993943) can0 18F01D21#6381198000AC1480
(1785116545.993958) can0 0CF00400#FF7D7FA81200FFFF
(1785116545.994528) can0 19F10D13#388A015B0284005D
(1785116545.994570) can0 0CF00400#FF7D7FC01200FFFF
(1785116545.994592) can0 09F8021C#38FC540DAF00FFFF
(1785116545.994608) can0 09F8011C#6E7E2718689E53C1
(1785116545.994624) can0 18FEE81C#C709500643643D81
(1785116545.994638) can0 0CF00400#FF7D7FF01200FFFF
(1785116545.995248) can0 0CF00400#FF7D7FF01200FFFF
(1785116545.995495) can0 0CF00400#FF7D7F181300FFFF
(1785116545.995679) can0 18F01D21#6381198000AC1480
(1785116545.995715) can0 09F112F8#FF861B0000FF7FFD
(1785116545.995984) can0 0CF00400#FF7D7F301300FFFF
(1785116545.996167) can0 19F10D13#3989015B0284005E
(1785116545.996217) can0 0CF00400#FF7D7F401300FFFF
(1785116545.997546) can0 0CF00400#FF7D7F401300FFFF
(1785116545.997580) can0 0CF00400#FF7D7F381300FFFF
(1785116545.997606) can0 0CF00400#FF7D7F381300FFFF
(1785116545.997622) can0 18F01D21#6381198000AC1480
(1785116545.997969) can0 0CF00400#FF7D7F481300FFFF
(1785116545.998187) can0 19F10D13#3A8B015B0284005D
(1785116545.998225) can0 0CF00400#FF7D7F481300FFFF
(1785116545.998475) can0 09F112F8#FF661B0000FF7FFD
(1785116545.998684) can0 0CF00400#FF7D7F381300FFFF
(1785116546.000011) can0 0CF00400#FF7D7F381300FFFF
(1785116546.000065) can0 0CF00400#FF7D7F101300FFFF
(1785116546.000096) can0 18F01D21#0B81198000AC1480
(1785116546.000114) can0 0CF00400#FF7D7F081300FFFF
(1785116546.000129) can0 19F10D13#3B8A015B0284005D
(1785116546.000607) can0 0CF00400#FF7D7F001300FFFF
(1785116546.000649) can0 0CF00400#FF7D7F081300FFFF
(1785116546.002032) can0 0CF00400#FF7D7F181300FFFF
(1785116546.002087) can0 09F112F8#FF431B0000FF7FFD
(1785116546.002111) can0 0CF00400#FF7D7F281300FFFF
(1785116546.002135) can0 18F01D21#6381198000AC1480
(1785116546.002150) can0 0CF00400#FF7D7F401300FFFF
(1785116546.002164) can0 19F10D13#3C8A015B0284005D
(1785116546.002609) can0 0CF00400#FF7D7F481300FFFF
(1785116546.002655) can0 0CF00400#FF7D7F481300FFFF
(1785116546.003985) can0 0CF00400#FF7D7F381300FFFF
(1785116546.004053) can0 0CF00400#FF7D7FE81200FFFF
(1785116546.004079) can0 18F01D21#6381198000AC1480
(1785116546.004102) can0 0CF00400#FF7D7FA81200FFFF
(1785116546.004117) can0 09F112F8#FF171B0000FF7FFD
(1785116546.004132) can0 19F10D13#3D8A015B0284005D
(1785116546.004587) can0 0CF00400#FF7D7FA81200FFFF
(1785116546.004669) can0 0CF00400#FF7D7FC01200FFFF
(1785116546.004697) can0 09F8021C#39FCB70CA800FFFF
(1785116546.004718) can0 09F8011C#A07E2718849E53C1
(1785116546.004999) can0 18FEE81C#5409100643643C81
(1785116546.005032) can0 0CF00400#FF7D7FD81200FFFF
(1785116546.006454) can0 0CF00400#FF7D7FE81200FFFF
(1785116546.006489) can0 18F01D21#6381198000AC1480
(1785116546.006513) can0 0CF00400#FF7D7FF81200FFFF
(1785116546.006529) can0 19F10D13#3E89015B0284005E
(1785116546.006543) can0 0CF00400#FF7D7F301300FFFF
(1785116546.006945) can0 18FF50E0#0000800080008001
(1785116546.007090) can0 09F112F8#FFEB1A0000FF7FFD
(1785116546.007127) can0 0CF00400#FF7D7F181300FFFF
(1785116546.007150) can0 0CF00400#FF7D7FE01200FFFF
(1785116546.007685) can0 0CF00400#FF7D7FD81200FFFF
(1785116546.007737) can0 18F01D21#6381198000AC1480
(1785116546.008759) can0 0CF00400#FF7D7FA01200FFFF
(1785116546.008802) can0 19F10D13#3F8A015B0284005D
(1785116546.008826) can0 0CF00400#FF7D7FB01200FFFF
(1785116546.008844) can0 0CF00400#FF7D7FA81200FFFF
(1785116546.010053) can0 0CF00400#FF7D7FA01200FFFF
(1785116546.010127) can0 0CF00400#FF7D7FC01200FFFF
(1785116546.010179) can0 09F112F8#FFC01A0000FF7FFD
(1785116546.010212) can0 18F01D21#6381198000AC1480
(1785116546.010242) can0 0CF00400#FF7D7FE01200FFFF
(1785116546.010283) can0 19F10D13#408A015B0284005D
(1785116546.010310) can0 0CF00400#FF7D7FE01200FFFF
(1785116546.011307) can0 0CF00400#FF7D7FD81200FFFF
(1785116546.011350) can0 0CF00400#FF7D7FD81200FFFF
