(1785076513.673597) can0 18F01D21#B4241C8000D11580
(1785076513.674264) can0 09F112F8#FFFF1D0000FF7FFD
(1785076513.674356) can0 0CF00400#FF7D7F001200FFFF
(1785076513.674398) can0 19F10D13#0D70015B0284006C
(1785076513.674432) can0 0CF00400#FF7D7FC81100FFFF
(1785076513.675373) can0 0CF00400#FF7D7F901100FFFF
(1785076513.675468) can0 0CF00400#FF7D7F881100FFFF
(1785076513.675518) can0 0CF00400#FF7D7FA01100FFFF
(1785076513.676063) can0 18F01D21#4BF41B8000D11580
(1785076513.676147) can0 0CF00400#FF7D80C81100FFFF
(1785076513.676201) can0 19F10D13#0E73015B0284006A
(1785076513.676233) can0 0CF00400#FF7D80F81100FFFF
(1785076513.676968) can0 09F112F8#FFFF1D0000FF7FFD
(1785076513.677066) can0 0CF00400#FF7D80181200FFFF
(1785076513.677112) can0 0CF00400#FF7D80001200FFFF
(1785076513.677718) can0 0CF00400#FF7D80E01100FFFF
(1785076513.677793) can0 18F01D21#FAC61B8000D11580
(1785076513.677834) can0 0CF00400#FF7D80D01100FFFF
(1785076513.678414) can0 19F10D13#0F74015B02840069
(1785076513.678504) can0 0CF00400#FF7D80E81100FFFF
(1785076513.678986) can0 0CF00400#FF7D80F81100FFFF
(1785076513.679080) can0 0CF00400#FF7D80081200FFFF
(1785076513.679135) can0 09F8021C#2FFC520FAB00FFFF
(1785076513.679186) can0 09F8011C#A27C2718589D53C1
(1785076513.679235) can0 18FEE81C#3D0B30061E644581
(1785076513.680175) can0 09F112F8#FF041E0000FF7FFD
(1785076513.680265) can0 0CF00400#FF7D80301200FFFF
(1785076513.680309) can0 18F01D21#6B911B8000D11580
(1785076513.680340) can0 0CF00400#FF7D80601200FFFF
(1785076513.680376) can0 19F10D13#1076015B02840068
(1785076513.680401) can0 0CF00400#FF7D80901200FFFF
(1785076513.681328) can0 0CF00400#FF7D80C01200FFFF
(1785076513.681412) can0 0CF00400#FF7D80D01200FFFF
(1785076513.681455) can0 0CF00400#FF7D80C01200FFFF
(1785076513.681962) can0 18F01D21#56551B8000D11580
(1785076513.682223) can0 0CF00400#FF7D80B01200FFFF
(1785076513.682304) can0 09F112F8#FF0F1E0000FF7FFD
(1785076513.682354) can0 19F10D13#1179015B02840067
(1785076513.682404) can0 0CF00400#FF7D80A81200FFFF
(1785076513.683339) can0 0CF00400#FF7D80E81200FFFF
(1785076513.683427) can0 0CF00400#FF7D80101300FFFF
(1785076513.683485) can0 0CF00400#FF7D80301300FFFF
(1785076513.684004) can0 18F01D21#7A151B8000AC1480
(1785076513.684100) can0 0CF00400#FF7D80581300FFFF
(1785076513.684176) can0 19F10D13#127B015B02840066
(1785076513.684226) can0 0CF00400#FF7D80781300FFFF
(1785076513.684968) can0 0CF00400#FF7D80781300FFFF
(1785076513.685062) can0 09F112F8#FF131E0000FF7FFD
(1785076513.685108) can0 0CF00400#FF7D7F601300FFFF
(1785076513.685697) can0 0CF00400#FF7D7F681300FFFF
(1785076513.685771) can0 18F01D21#DFBB1A8000AC1480
(1785076513.686254) can0 0CF00400#FF7D7F501300FFFF
(1785076513.686384) can0 19F10D13#137F015B02840063
(1785076513.686427) can0 0CF00400#FF7D7F281300FFFF
(1785076513.686971) can0 0CF00400#FF7D7F181300FFFF
(1785076513.687061) can0 0CF00400#FF7D7F101300FFFF
(1785076513.687509) can0 0CF00400#FF7D7F081300FFFF
(1785076513.687586) can0 18F01D21#3F561A8000AC1480
(1785076513.688082) can0 09F112F8#FF121E0000FF7FFD
(1785076513.688172) can0 0CF00400#FF7D7F201300FFFF
(1785076513.688220) can0 19F10D13#1482015B02840062
(1785076513.688248) can0 0CF00400#FF7D7F381300FFFF
(1785076513.688918) can0 0CF00400#FF7D7F481300FFFF
(1785076513.689263) can0 0CF00400#FF7D7F581300FFFF
(1785076513.689344) can0 09F8021C#30FC510DA900FFFF
(1785076513.689397) can0 09F8011C#C87C2718769D53C1
(1785076513.689445) can0 18FEE81C#C50918061E644381
(1785076513.689490) can0 0CF00400#FF7D7F381300FFFF
(1785076513.690349) can0 18F01D21#ABFD198000AC1480
(1785076513.690428) can0 0CF00400#FF7D7F201300FFFF
(1785076513.690479) can0 19F10D13#1585015B02840060
(1785076513.690508) can0 0CF00400#FF7D7F301300FFFF
(1785076513.690534) can0 09F112F8#FF091E0000FF7FFD
(1785076513.691357) can0 0CF00400#FF7D7F401300FFFF
(1785076513.691432) can0 0CF00400#FF7D7F201300FFFF
(1785076513.691504) can0 0CF00400#FF7D7F381300FFFF
(1785076513.691986) can0 18F01D21#59B9198000AC1480
(1785076513.692075) can0 0CF00400#FF7D7F601300FFFF
(1785076513.692147) can0 19F10D13#1689015B0284005E
(1785076513.692734) can0 0CF00400#FF7D7F601300FFFF
(1785076513.692803) can0 0CF00400#FF7D7F581300FFFF
(1785076513.693243) can0 0CF00400#FF7D7F281300FFFF
(1785076513.693314) can0 09F112F8#FFFB1D0000FF7FFD
(1785076513.693765) can0 0CF00400#FF7D7F001300FFFF
(1785076513.693835) can0 18F01D21#ED93198000AC1480
(1785076513.693873) can0 0CF00400#FF7D7FF81200FFFF
(1785076513.694412) can0 19F10D13#1789015B0284005E
(1785076513.694508) can0 0CF00400#FF7D7FF01200FFFF
(1785076513.694938) can0 0CF00400#FF7D7FC81200FFFF
(1785076513.695247) can0 0CF00400#FF7D7FA81200FFFF
(1785076513.695582) can0 0CF00400#FF7D7FA81200FFFF
(1785076513.695658) can0 18F01D21#D284198000AC1480
(1785076513.696101) can0 0CF00400#FF7D7FA01200FFFF
(1785076513.696170) can0 09F112F8#FFEB1D0000FF7FFD
(1785076513.696207) can0 19F10D13#188A015B0284005D
(1785076513.696253) can0 0CF00400#FF7D7FB01200FFFF
(1785076513.696970) can0 0CF00400#FF7D7FC81200FFFF
(1785076513.697060) can0 0CF00400#FF7D7FC01200FFFF
(1785076513.698518) can0 0CF00400#FF7D7FA81200FFFF
(1785076513.698588) can0 18F01D21#7283198000AC1480
(1785076513.698625) can0 0CF00400#FF7D7F781200FFFF
(1785076513.698653) can0 19F10D13#1989015B0284005E
(1785076513.698686) can0 0CF00400#FF7D7F901200FFFF
(1785076513.698709) can0 0CF00400#FF7D7FA01200FFFF
(1785076513.698731) can0 09F112F8#FFD31D0000FF7FFD
(1785076513.699697) can0 0CF00400#FF7D7FB01200FFFF
(1785076513.699769) can0 09F8021C#31FC1D0EA800FFFF
(1785076513.699810) can0 09F8011C#F27C27188C9D53C1
(1785076513.699841) can0 0CF00400#FF7D7FC01200FFFF
(1785076513.699868) can0 18FEE81C#5A0A10061E644381
(1785076513.699892) can0 18F01D21#6B82198000AC1480
(1785076513.699914) can0 0CF00400#FF7D7FB81200FFFF
(1785076513.700935) can0 19F10D13#1A89015B0284005E
(1785076513.701017) can0 0CF00400#FF7D7FA81200FFFF
(1785076513.701114) can0 0CF00400#FF7D7F981200FFFF
(1785076513.701164) can0 0CF00400#FF7D7F801200FFFF
(1785076513.701808) can0 0CF00400#FF7D7F401200FFFF
(1785076513.701882) can0 09F112F8#FFBD1D0000FF7FFD
(1785076513.701935) can0 18F01D21#6B82198000AC1480
(1785076513.701983) can0 0CF00400#FF7D7F401200FFFF
(1785076513.702668) can0 19F10D13#1B8A015B0284005D
(1785076513.702747) can0 0CF00400#FF7D7F481200FFFF
(1785076513.702820) can0 0CF00400#FF7D7F501200FFFF
(1785076513.703380) can0 0CF00400#FF7D7F701200FFFF
(1785076513.703449) can0 0CF00400#FF7D7F781200FFFF
(1785076513.703803) can0 18F01D21#1382198000AC1480
(1785076513.703868) can0 0CF00400#FF7D7F981200FFFF
(1785076513.704319) can0 19F10D13#1C8A015B0284005D
(1785076513.704387) can0 0CF00400#FF7D7FC81200FFFF
(1785076513.704452) can0 09F112F8#FFA51D0000FF7FFD
(1785076513.705028) can0 0CF00400#FF7D7FE81200FFFF
(1785076513.705112) can0 0CF00400#FF7D7FC01200FFFF
(1785076513.705473) can0 0CF00400#FF7D7F981200FFFF
(1785076513.705769) can0 18F01D21#1382198000AC1480
(1785076513.705843) can0 0CF00400#FF7D7FB81200FFFF
(1785076513.706292) can0 19F10D13#1D8B015B0284005D
(1785076513.706359) can0 0CF00400#FF7D7FC01200FFFF
(1785076513.706799) can0 0CF00400#FF7D7FC81200FFFF
(1785076513.707127) can0 0CF00400#FF7D7FD01200FFFF
(1785076513.707196) can0 09F112F8#FF921D0000FF7FFD
(1785076513.707641) can0 0CF00400#FF7D7FA81200FFFF
(1785076513.707710) can0 18F01D21#BB81198000AC1480
(1785076513.708143) can0 0CF00400#FF7D7FA01200FFFF
(1785076513.708319) can0 19F10D13#1E8A015B0284005D
(1785076513.708385) can0 0CF00400#FF7D7FC01200FFFF
(1785076513.708959) can0 0CF00400#FF7D7FD01200FFFF
(1785076513.709029) can0 0CF00400#FF7D7FC81200FFFF
(1785076513.710489) can0 0CF00400#FF7D7FE01200FFFF
(1785076513.710558) can0 09F8021C#32FC720EAA00FFFF
(1785076513.710593) can0 09F8011C#427D2718BC9D53C1
(1785076513.710619) can0 18F01D21#6381198000AC1480
(1785076513.710643) can0 18FEE81C#990A200620644281
(1785076513.710666) can0 0CF00400#FF7D7FF01200FFFF
(1785076513.710688) can0 09F112F8#FF831D0000FF7FFD
(1785076513.710711) can0 19F10D13#1F89015B0284005E
(1785076513.710733) can0 0CF00400#FF7D7FF81200FFFF
(1785076513.710772) can0 0CF00400#FF7D7FE81200FFFF
(1785076513.712061) can0 0CF00400#FF7D7FE01200FFFF
(1785076513.712138) can0 0CF00400#FF7D7FD81200FFFF
(1785076513.712193) can0 18F01D21#6381198000AC1480
(1785076513.712239) can0 0CF00400#FF7D7FD01200FFFF
(1785076513.712284) can0 19F10D13#208B015B0284005D
(1785076513.712328) can0 0CF00400#FF7D7FD81200FFFF
(1785076513.713200) can0 0CF00400#FF7D7FF01200FFFF
(1785076513.713266) can0 09F112F8#FF781D0000FF7FFD
(1785076513.713301) can0 0CF00400#FF7D7FF81200FFFF
(1785076513.713793) can0 0CF00400#FF7D7FF81200FFFF
(1785076513.713868) can0 18F01D21#6381198000AC1480
(1785076513.713919) can0 0CF00400#FF7D7FF81200FFFF
(1785076513.714457) can0 19F10D13#218A015B0284005D
(1785076513.714531) can0 0CF00400#FF7D7FF01200FFFF
(1785076513.714955) can0 0CF00400#FF7D7FE81200FFFF
(1785076513.715029) can0 0CF00400#FF7D7FE81200FFFF
(1785076513.716483) can0 09F112F8#FF6C1D0000FF7FFD
(1785076513.716548) can0 0CF00400#FF7D7FF01200FFFF
(1785076513.716583) can0 18F01D21#6381198000AC1480
(1785076513.716610) can0 0CF00400#FF7D7F001300FFFF
(1785076513.716634) can0 19F10D13#2289015B0284005E
(1785076513.716656) can0 0CF00400#FF7D7F101300FFFF
(1785076513.716686) can0 0CF00400#FF7D7F101300FFFF
(1785076513.717634) can0 0CF00400#FF7D7FF01200FFFF
(1785076513.717705) can0 0CF00400#FF7D7FD81200FFFF
(1785076513.717743) can0 18F01D21#6381198000AC1480
(1785076513.718259) can0 0CF00400#FF7D7FD01200FFFF
(1785076513.718331) can0 19F10D13#238A015B0284005D
(1785076513.718382) can0 09F112F8#FF571D0000FF7FFD
(1785076513.718427) can0 0CF00400#FF7D7FD01200FFFF
(1785076513.719081) can0 0CF00400#FF7D7FD81200FFFF
(1785076513.719146) can0 0CF00400#FF7D7FD01200FFFF
(1785076513.719525) can0 0CF00400#FF7D7FD81200FFFF
(1785076513.719665) can0 18F01D21#6381198000AC1480
(1785076513.719717) can0 09F8021C#33FC3F0EAC00FFFF
(1785076513.719761) can0 09F8011C#7C7D2718E29D53C1
(1785076513.719805) can0 18FEE81C#730A380620644181
(1785076513.719848) can0 0CF00400#FF7D7FF81200FFFF
(1785076513.720778) can0 19F10D13#248A015B0284005D
(1785076513.720857) can0 0CF00400#FF7D7F181300FFFF
(1785076513.720925) can0 0CF00400#FF7D7F181300FFFF
(1785076513.720971) can0 09F112F8#FF3C1D0000FF7FFD
(1785076513.721121) can0 0CF00400#FF7D7FF81200FFFF
(1785076513.721872) can0 0CF00400#FF7D7FF01200FFFF
(1785076513.721942) can0 18F01D21#6381198000AC1480
(1785076513.721990) can0 0CF00400#FF7D7FD01200FFFF
(1785076513.722496) can0 19F10D13#258A015B0284005D
(1785076513.722565) can0 0CF00400#FF7D7FE01200FFFF
(1785076513.722689) can0 0CF00400#FF7D7FC81200FFFF
(1785076513.723197) can0 0CF00400#FF7D7F901200FFFF
(1785076513.723490) can0 0CF00400#FF7D7FA01200FFFF
(1785076513.723562) can0 09F112F8#FF231D0000FF7FFD
(1785076513.723611) can0 18F01D21#6381198000AC1480
(1785076513.724212) can0 0CF00400#FF7D7FA81200FFFF
(1785076513.724283) can0 19F10D13#268A015B0284005D
(1785076513.724316) can0 0CF00400#FF7D7FB81200FFFF
(1785076513.724809) can0 0CF00400#FF7D7FB01200FFFF
(1785076513.725141) can0 0CF00400#FF7D7F801200FFFF
(1785076513.726505) can0 0CF00400#FF7D7F681200FFFF
(1785076513.726557) can0 18F01D21#0B81198000AC1480
(1785076513.726588) can0 0CF00400#FF7D7F601200FFFF
(1785076513.726614) can0 19F10D13#2789015B0284005E
(1785076513.726637) can0 0CF00400#FF7D7F701200FFFF
(1785076513.726659) can0 09F112F8#FF071D0000FF7FFD
(1785076513.726682) can0 0CF00400#FF7D7F581200FFFF
(1785076513.727631) can0 0CF00400#FF7D7F201200FFFF
(1785076513.727699) can0 0CF00400#FF7D7F401200FFFF
(1785076513.727740) can0 18F01D21#6381198000AC1480
(1785076513.728240) can0 0CF00400#FF7D7F681200FFFF
(1785076513.728308) can0 19F10D13#288A015B0284005D
(1785076513.728347) can0 0CF00400#FF7D7F901200FFFF
(1785076513.728835) can0 0CF00400#FF7D7F981200FFFF
(1785076513.729158) can0 0CF00400#FF7D7F901200FFFF
(1785076513.729229) can0 09F112F8#FFE61C0000FF7FFD
(1785076513.729656) can0 0CF00400#FF7D7F301200FFFF
(1785076513.729726) can0 18F01D21#6381198000AC1480
(1785076513.730177) can0 0CF00400#FF7D7FF01100FFFF
(1785076513.730257) can0 09F8021C#34FC0F0DA900FFFF
(1785076513.730309) can0 09F8011C#AE7D2718FE9D53C1
(1785076513.730355) can0 18FEE81C#9409180620644081
(1785076513.730399) can0 19F10D13#298A015B0284005D
(1785076513.730443) can0 0CF00400#FF7D7FF81100FFFF
(1785076513.731368) can0 0CF00400#FF7D80181200FFFF
(1785076513.731465) can0 0CF00400#FF7D80201200FFFF
(1785076513.731515) can0 0CF00400#FF7D80481200FFFF
(1785076513.732006) can0 18F01D21#0B81198000AC1480
(1785076513.732092) can0 09F112F8#FFCA1C0000FF7FFD
(1785076513.732130) can0 0CF00400#FF7D80881200FFFF
(1785076513.732159) can0 19F10D13#2A8B015B0284005D
(1785076513.732810) can0 0CF00400#FF7D80981200FFFF
(1785076513.732885) can0 0CF00400#FF7D80A81200FFFF
(1785076513.733320) can0 0CF00400#FF7D80C01200FFFF
(1785076513.733609) can0 0CF00400#FF7D80A81200FFFF
(1785076513.733676) can0 18F01D21#6381198000AC1480
(1785076513.734087) can0 0CF00400#FF7D7F881200FFFF
(1785076513.734150) can0 19F10D13#2B8A015B0284005D
(1785076513.734521) can0 0CF00400#FF7D80901200FFFF
(1785076513.734585) can0 09F112F8#FFAA1C0000FF7FFD
(1785076513.734695) can0 0CF00400#FF7D80B81200FFFF
(1785076513.735223) can0 0CF00400#FF7D7FB01200FFFF
(1785076513.735524) can0 0CF00400#FF7D7FC01200FFFF
(1785076513.735648) can0 18F01D21#0B81198000AC1480
(1785076513.736078) can0 0CF00400#FF7D7FE81200FFFF
(1785076513.736145) can0 19F10D13#2C89015B0284005E
(1785076513.736541) can0 0CF00400#FF7D7FF01200FFFF
(1785076513.736825) can0 0CF00400#FF7D7FE81200FFFF
(1785076513.737156) can0 0CF00400#FF7D7FF81200FFFF
(1785076513.737442) can0 09F112F8#FF831C0000FF7FFD
(1785076513.737509) can0 0CF00400#FF7D7FC01200FFFF
(1785076513.737905) can0 18F01D21#0B81198000AC1480
(1785076513.737973) can0 0CF00400#FF7D7F981200FFFF
(1785076513.738391) can0 19F10D13#2D89015B0284005E
(1785076513.738459) can0 0CF00400#FF7D7F781200FFFF
(1785076513.738868) can0 0CF00400#FF7D7F681200FFFF
(1785076513.739190) can0 0CF00400#FF7D7F181200FFFF
(1785076513.739493) can0 0CF00400#FF7D7F201200FFFF
(1785076513.739771) can0 18F01D21#6381198000AC1480
(1785076513.739839) can0 0CF00400#FF7D80501200FFFF
(1785076513.740245) can0 09F112F8#FF631C0000FF7FFD
(1785076513.740314) can0 09F8021C#35FCFB0DAA00FFFF
(1785076513.740360) can0 09F8021C#36FCFB0DAA00FFFF
(1785076513.740402) can0 09F8011C#D87D2718169E53C1
(1785076513.740445) can0 19F10D13#2E89015B0284005E
(1785076513.740486) can0 18FEE81C#410A200641643F81
(1785076513.740528) can0 0CF00400#FF7D80701200FFFF
(1785076513.741549) can0 0CF00400#FF7D80881200FFFF
(1785076513.741646) can0 0CF00400#FF7D80B01200FFFF
(1785076513.741695) can0 0CF00400#FF7D80981200FFFF
(1785076513.741739) can0 18F01D21#6381198000AC1480
(1785076513.742325) can0 0CF00400#FF7D80701200FFFF
(1785076513.742475) can0 19F10D13#2F89015B0284005E
(1785076513.742531) can0 0CF00400#FF7D80581200FFFF
(1785076513.743050) can0 0CF00400#FF7D80701200FFFF
(1785076513.743122) can0 09F112F8#FF451C0000FF7FFD
(1785076513.743186) can0 0CF00400#FF7D80601200FFFF
(1785076513.743719) can0 0CF00400#FF7D80581200FFFF
(1785076513.743783) can0 18F01D21#0B81198000AC1480
(1785076513.743830) can0 0CF00400#FF7D80701200FFFF
(1785076513.744343) can0 19F10D13#3089015B0284005E
(1785076513.744405) can0 0CF00400#FF7D80A01200FFFF
(1785076513.744814) can0 0CF00400#FF7D80C81200FFFF
(1785076513.745148) can0 0CF00400#FF7D80D01200FFFF
(1785076513.746561) can0 09F112F8#FF2B1C0000FF7FFD
(1785076513.746625) can0 0CF00400#FF7D80C01200FFFF
(1785076513.746659) can0 18F01D21#6381198000AC1480
(1785076513.746684) can0 0CF00400#FF7D80B81200FFFF
(1785076513.746706) can0 19F10D13#318A015B0284005D
(1785076513.746727) can0 0CF00400#FF7D80C81200FFFF
(1785076513.746749) can0 0CF00400#FF7D80C81200FFFF
(1785076513.747642) can0 0CF00400#FF7D7FB81200FFFF
(1785076513.747731) can0 0CF00400#FF7D7FD01200FFFF
(1785076513.747766) can0 18F01D21#6381198000AC1480
(1785076513.748252) can0 0CF00400#FF7D80F81200FFFF
(1785076513.748321) can0 19F10D13#328A015B0284005D
(1785076513.748368) can0 09F112F8#FF0C1C0000FF7FFD
(1785076513.748411) can0 0CF00400#FF7D80181300FFFF
(1785076513.749034) can0 0CF00400#FF7D7F081300FFFF
(1785076513.749126) can0 0CF00400#FF7D7F001300FFFF
(1785076513.749565) can0 0CF00400#FF7D7FE81200FFFF
(1785076513.749617) can0 18F01D21#6381198000AC1480
(1785076513.750010) can0 0CF00400#FF7D7FE01200FFFF
(1785076513.750309) can0 19F10D13#338A015B0284005D
(1785076513.750369) can0 0CF00400#FF7D7FD81200FFFF
(1785076513.750400) can0 09F8021C#37FC7E0DAC00FFFF
(1785076513.750425) can0 09F8011C#387E27184A9E53C1
(1785076513.750447) can0 18FEE81C#E609380645643E81
(1785076513.751200) can0 0CF00400#FF7D7F901200FFFF
(1785076513.751262) can0 09F112F8#FFEB1B0000FF7FFD
(1785076513.751294) can0 0CF00400#FF7D7F801200FFFF
(1785076513.751763) can0 0CF00400#FF7D7F801200FFFF
(1785076513.751820) can0 18F01D21#6381198000AC1480
(1785076513.751851) can0 0CF00400#FF7D7F881200FFFF
(1785076513.752313) can0 19F10D13#348A015B0284005D
(1785076513.752373) can0 0CF00400#FF7D80A01200FFFF
(1785076513.752797) can0 0CF00400#FF7D80D81200FFFF
(1785076513.753078) can0 0CF00400#FF7D7FF01200FFFF
(1785076513.754441) can0 0CF00400#FF7D7FE81200FFFF
(1785076513.754489) can0 09F112F8#FFD31B0000FF7FFD
(1785076513.754519) can0 18F01D21#6381198000AC1480
(1785076513.754542) can0 0CF00400#FF7D7FE81200FFFF
(1785076513.754564) can0 19F10D13#358A015B0284005D
(1785076513.754585) can0 0CF00400#FF7D7FE01200FFFF
(1785076513.754972) can0 0CF00400#FF7D7FF01200FFFF
(1785076513.755541) can0 0CF00400#FF7D7F101300FFFF
(1785076513.755631) can0 0CF00400#FF7D7F101300FFFF
(1785076513.755662) can0 18F01D21#6381198000AC1480
(1785076513.756184) can0 0CF00400#FF7D7F101300FFFF
(1785076513.756237) can0 19F10D13#368A015B0284005D
(1785076513.756267) can0 0CF00400#FF7D7F281300FFFF
(1785076513.756293) can0 09F112F8#FFBF1B0000FF7FFD
(1785076513.756817) can0 0CF00400#FF7D7F301300FFFF
(1785076513.757095) can0 0CF00400#FF7D7FF01200FFFF
(1785076513.758503) can0 0CF00400#FF7D7FC01200FFFF
(1785076513.758553) can0 18F01D21#0B81198000AC1480
(1785076513.758583) can0 0CF00400#FF7D7FC81200FFFF
(1785076513.758608) can0 19F10D13#378B015B0284005D
(1785076513.758631) can0 0CF00400#FF7D7FD01200FFFF
(1785076513.758653) can0 0CF00400#FF7D7FA01200FFFF
(1785076513.759454) can0 09F112F8#FFA61B0000FF7FFD
(1785076513.759509) can0 0CF00400#FF7D7FB81200FFFF
(1785076513.759549) can0 0CF00400#FF7D7FB01200FFFF
(1785076513.760077) can0 18F01D21#6381198000AC1480
(1785076513.760135) can0 0CF00400#FF7D7FA81200FFFF
(1785076513.760166) can0 19F10D13#388A015B0284005D
(1785076513.760656) can0 0CF00400#FF7D7FC01200FFFF
(1785076513.760706) can0 09F8021C#38FC540DAF00FFFF
(1785076513.760736) can0 09F8011C#6E7E2718689E53C1
(1785076513.760761) can0 18FEE81C#C709500643643D81
(1785076513.760785) can0 0CF00400#FF7D7FF01200FFFF
(1785076513.761450) can0 0CF00400#FF7D7FF01200FFFF
(1785076513.761515) can0 0CF00400#FF7D7F181300FFFF
(1785076513.761835) can0 18F01D21#6381198000AC1480
(1785076513.761888) can0 09F112F8#FF861B0000FF7FFD
(1785076513.761917) can0 0CF00400#FF7D7F301300FFFF
(1785076513.762427) can0 19F10D13#3989015B0284005E
(1785076513.762490) can0 0CF00400#FF7D7F401300FFFF
(1785076513.762906) can0 0CF00400#FF7D7F401300FFFF
(1785076513.763182) can0 0CF00400#FF7D7F381300FFFF
(1785076513.763478) can0 0CF00400#FF7D7F381300FFFF
(1785076513.763750) can0 18F01D21#6381198000AC1480
(1785076513.764091) can0 0CF00400#FF7D7F481300FFFF
(1785076513.764141) can0 19F10D13#3A8B015B0284005D
(1785076513.764533) can0 0CF00400#FF7D7F481300FFFF
(1785076513.764582) can0 09F112F8#FF661B0000FF7FFD
(1785076513.764970) can0 0CF00400#FF7D7F381300FFFF
(1785076513.765027) can0 0CF00400#FF7D7F381300FFFF
(1785076513.766535) can0 0CF00400#FF7D7F101300FFFF
(1785076513.766595) can0 18F01D21#0B81198000AC1480
(1785076513.766623) can0 0CF00400#FF7D7F081300FFFF
(1785076513.766647) can0 19F10D13#3B8A015B0284005D
(1785076513.766668) can0 0CF00400#FF7D7F001300FFFF
(1785076513.766689) can0 0CF00400#FF7D7F081300FFFF
(1785076513.767410) can0 0CF00400#FF7D7F181300FFFF
(1785076513.767463) can0 09F112F8#FF431B0000FF7FFD
(1785076513.767493) can0 0CF00400#FF7D7F281300FFFF
(1785076513.767958) can0 18F01D21#6381198000AC1480
(1785076513.768014) can0 0CF00400#FF7D7F401300FFFF
(1785076513.768425) can0 19F10D13#3C8A015B0284005D
(1785076513.768482) can0 0CF00400#FF7D7F481300FFFF
(1785076513.768870) can0 0CF00400#FF7D7F481300FFFF
(1785076513.769151) can0 0CF00400#FF7D7F381300FFFF
(1785076513.770619) can0 0CF00400#FF7D7FE81200FFFF
(1785076513.770686) can0 18F01D21#6381198000AC1480
(1785076513.770730) can0 0CF00400#FF7D7FA81200FFFF
(1785076513.770756) can0 09F112F8#FF171B0000FF7FFD
(1785076513.770779) can0 19F10D13#3D8A015B0284005D
(1785076513.770800) can0 0CF00400#FF7D7FA81200FFFF
(1785076513.770820) can0 0CF00400#FF7D7FC01200FFFF
(1785076513.770841) can0 09F8021C#39FCB70CA800FFFF
(1785076513.770861) can0 09F8011C#A07E2718849E53C1
(1785076513.770881) can0 18FEE81C#5409100643643C81
(1785076513.772031) can0 0CF00400#FF7D7FD81200FFFF
(1785076513.772114) can0 0CF00400#FF7D7FE81200FFFF
(1785076513.772165) can0 18F01D21#6381198000AC1480
(1785076513.772225) can0 0CF00400#FF7D7FF81200FFFF
(1785076513.772268) can0 19F10D13#3E89015B0284005E
(1785076513.772310) can0 0CF00400#FF7D7F301300FFFF
(1785076513.772616) can0 18FF50E0#0000800080008001
(1785076513.773512) can0 09F112F8#FFEB1A0000FF7FFD
(1785076513.773571) can0 0CF00400#FF7D7F181300FFFF
(1785076513.773605) can0 0CF00400#FF7D7FE01200FFFF
(1785076513.773633) can0 0CF00400#FF7D7FD81200FFFF
(1785076513.773656) can0 18F01D21#6381198000AC1480
(1785076513.774249) can0 0CF00400#FF7D7FA01200FFFF
(1785076513.774298) can0 19F10D13#3F8A015B0284005D
(1785076513.774330) can0 0CF00400#FF7D7FB01200FFFF
(1785076513.774762) can0 0CF00400#FF7D7FA81200FFFF
(1785076513.776077) can0 0CF00400#FF7D7FA01200FFFF
(1785076513.776128) can0 0CF00400#FF7D7FC01200FFFF
(1785076513.776159) can0 09F112F8#FFC01A0000FF7FFD
(1785076513.776184) can0 18F01D21#6381198000AC1480
(1785076513.776207) can0 0CF00400#FF7D7FE01200FFFF
(1785076513.776237) can0 19F10D13#408A015B0284005D
(1785076513.776258) can0 0CF00400#FF7D7FE01200FFFF
(1785076513.776996) can0 0CF00400#FF7D7FD81200FFFF
(1785076513.777070) can0 0CF00400#FF7D7FD81200FFFF
(1785076513.778565) can0 0CF00400#FF7D7FD81200FFFF
(1785076513.778632) can0 18F01D21#6381198000AC1480
(1785076513.778669) can0 0CF00400#FF7D7FC81200FFFF
(1785076513.778704) can0 19F10D13#418A015B0284005D
(1785076513.778728) can0 0CF00400#FF7D7FC01200FFFF
(1785076513.778750) can0 09F112F8#FF8D1A0000FF7FFD
(1785076513.778771) can0 0CF00400#FF7D7FA81200FFFF
(1785076513.779721) can0 0CF00400#FF7D7FA01200FFFF
(1785076513.779794) can0 0CF00400#FF7D7FD01200FFFF
(1785076513.779838) can0 18F01D21#0B81198000AC1480
(1785076513.779869) can0 0CF00400#FF7D7FE81200FFFF
(1785076513.780483) can0 19F10D13#428A015B0284005D
(1785076513.780546) can0 0CF00400#FF7D7FF01200FFFF
(1785076513.780964) can0 0CF00400#FF7D7FE81200FFFF
(1785076513.781032) can0 09F8021C#3AFCB60CA900FFFF
(1785076513.781089) can0 09F8011C#C67E2718929E53C1
(1785076513.781116) can0 18FEE81C#5309180643643C81
(1785076513.781140) can0 09F112F8#FF611A0000FF7FFD
(1785076513.781163) can0 0CF00400#FF7D7FC81200FFFF
(1785076513.782012) can0 0CF00400#FF7D7F901200FFFF
(1785076513.782085) can0 18F01D21#0B81198000AC1480
(1785076513.782121) can0 0CF00400#FF7D7F801200FFFF
(1785076513.782156) can0 19F10D13#4389015B0284005E
(1785076513.782645) can0 0CF00400#FF7D7F881200FFFF
(1785076513.782702) can0 0CF00400#FF7D7F881200FFFF
(1785076513.784147) can0 0CF00400#FF7D7F881200FFFF
(1785076513.784198) can0 0CF00400#FF7D7FA01200FFFF
(1785076513.784227) can0 18F01D21#6381198000AC1480
(1785076513.784252) can0 09F112F8#FF2C1A0000FF7FFD
(1785076513.784274) can0 0CF00400#FF7D7FD01200FFFF
(1785076513.784296) can0 19F10D13#448A015B0284005D
(1785076513.784325) can0 0CF00400#FF7D7FE81200FFFF
(1785076513.785359) can0 0CF00400#FF7D7FE81200FFFF
(1785076513.785446) can0 0CF00400#FF7D7FC81200FFFF
(1785076513.785489) can0 0CF00400#FF7D7F801200FFFF
(1785076513.785848) can0 18F01D21#6381198000AC1480
(1785076513.785909) can0 0CF00400#FF7D7F481200FFFF
(1785076513.786272) can0 19F10D13#4589015B0284005E
(1785076513.786327) can0 0CF00400#FF7D7F501200FFFF
(1785076513.786676) can0 09F112F8#FF001A0000FF7FFD
(1785076513.786732) can0 0CF00400#FF7D7F581200FFFF
(1785076513.787133) can0 0CF00400#FF7D80601200FFFF
(1785076513.788557) can0 0CF00400#FF7D80781200FFFF
(1785076513.788607) can0 18F01D21#6381198000AC1480
(1785076513.788637) can0 0CF00400#FF7D80B01200FFFF
(1785076513.788662) can0 19F10D13#468A015B0284005D
(1785076513.788685) can0 0CF00400#FF7D7FC81200FFFF
(1785076513.788715) can0 0CF00400#FF7D80D81200FFFF
(1785076513.789466) can0 0CF00400#FF7D7FD01200FFFF
(1785076513.789538) can0 09F112F8#FFD6190000FF7FFD
(1785076513.789578) can0 0CF00400#FF7D7F981200FFFF
(1785076513.789609) can0 18F01D21#6381198000AC1480
(1785076513.790328) can0 0CF00400#FF7D7F881200FFFF
(1785076513.790393) can0 19F10D13#478B015B0284005D
(1785076513.790430) can0 0CF00400#FF7D7F981200FFFF
(1785076513.790887) can0 0CF00400#FF7D7FA81200FFFF
(1785076513.791137) can0 0CF00400#FF7D7FB81200FFFF
(1785076513.791198) can0 09F8021C#3BFCC40DAC00FFFF
(1785076513.791232) can0 09F8011C#F47E2718AC9E53C1
(1785076513.791257) can0 18FEE81C#190A380610643B81
(1785076513.791805) can0 0CF00400#FF7D7FB81200FFFF
(1785076513.791856) can0 18F01D21#6381198000AC1480
(1785076513.791886) can0 0CF00400#FF7D7FD81200FFFF
(1785076513.792282) can0 19F10D13#488A015B0284005D
(1785076513.792340) can0 09F112F8#FFB3190000FF7FFD
(1785076513.792372) can0 0CF00400#FF7D7FC81200FFFF
(1785076513.792829) can0 0CF00400#FF7D7FA81200FFFF
(1785076513.793114) can0 0CF00400#FF7D7FA01200FFFF
(1785076513.794389) can0 0CF00400#FF7D7FA81200FFFF
(1785076513.794438) can0 18F01D21#6381198000AC1480
(1785076513.794466) can0 0CF00400#FF7D7FA01200FFFF
(1785076513.794492) can0 19F10D13#498A015B0284005D
(1785076513.794515) can0 0CF00400#FF7D7F881200FFFF
(1785076513.795037) can0 0CF00400#FF7D7F701200FFFF
(1785076513.795125) can0 09F112F8#FF97190000FF7FFD
(1785076513.795154) can0 0CF00400#FF7D7F901200FFFF
(1785076513.795588) can0 0CF00400#FF7D7FC01200FFFF
(1785076513.795636) can0 18F01D21#6381198000AC1480
(1785076513.795979) can0 0CF00400#FF7D7FC81200FFFF
(1785076513.796209) can0 19F10D13#4A8A015B0284005D
(1785076513.796267) can0 0CF00400#FF7D7FC81200FFFF
(1785076513.797693) can0 0CF00400#FF7D7FC01200FFFF
(1785076513.797744) can0 0CF00400#FF7D7F981200FFFF
(1785076513.797773) can0 0CF00400#FF7D7FA01200FFFF
(1785076513.797797) can0 18F01D21#6381198000AC1480
(1785076513.797820) can0 09F112F8#FF75190000FF7FFD
(1785076513.797841) can0 0CF00400#FF7D7F981200FFFF
(1785076513.798429) can0 19F10D13#4B8A015B0284005D
(1785076513.798488) can0 0CF00400#FF7D7FA01200FFFF
(1785076513.798829) can0 0CF00400#FF7D7F901200FFFF
(1785076513.799155) can0 0CF00400#FF7D7F501200FFFF
(1785076513.799519) can0 0CF00400#FF7D7F701200FFFF
(1785076513.799832) can0 18F01D21#6381198000AC1480
(1785076513.799909) can0 0CF00400#FF7D7F901200FFFF
(1785076513.800421) can0 19F10D13#4C8B015B0284005D
(1785076513.800527) can0 0CF00400#FF7D7FB81200FFFF
(1785076513.800576) can0 09F112F8#FF51190000FF7FFD
(1785076513.800701) can0 0CF00400#FF7D7FE01200FFFF
(1785076513.801406) can0 0CF00400#FF7D7FC81200FFFF
(1785076513.801480) can0 09F8021C#3CFC340BAA00FFFF
(1785076513.801531) can0 09F8011C#327F2718CA9E53C1
(1785076513.801577) can0 18FEE81C#3808200600643C81
(1785076513.801621) can0 0CF00400#FF7D7FF01200FFFF
(1785076513.801665) can0 18F01D21#6381198000AC1480
(1785076513.802606) can0 0CF00400#FF7D7F001300FFFF
(1785076513.802682) can0 19F10D13#4D8A015B0284005D
(1785076513.802733) can0 0CF00400#FF7D7FF81200FFFF
(1785076513.802796) can0 0CF00400#FF7D7FF81200FFFF
(1785076513.803408) can0 0CF00400#FF7D7F081300FFFF
(1785076513.803476) can0 09F112F8#FF2F190000FF7FFD
(1785076513.803526) can0 0CF00400#FF7D7F001300FFFF
(1785076513.804030) can0 18F01D21#6381198000AC1480
(1785076513.804116) can0 0CF00400#FF7D7FF81200FFFF
(1785076513.804164) can0 19F10D13#4E8A015B0284005D
(1785076513.804273) can0 0CF00400#FF7D7F101300FFFF
(1785076513.804952) can0 0CF00400#FF7D7F281300FFFF
(1785076513.805054) can0 0CF00400#FF7D7F301300FFFF
(1785076513.806501) can0 0CF00400#FF7D7F181300FFFF
(1785076513.806582) can0 18F01D21#0B81198000AC1480
(1785076513.806623) can0 0CF00400#FF7D7F281300FFFF
(1785076513.806653) can0 09F112F8#FF04190000FF7FFD
(1785076513.806679) can0 19F10D13#4F8B015B0284005D
(1785076513.806703) can0 0CF00400#FF7D7F181300FFFF
(1785076513.806726) can0 0CF00400#FF7D7F281300FFFF
(1785076513.807707) can0 0CF00400#FF7D7F401300FFFF
(1785076513.807780) can0 0CF00400#FF7D7F481300FFFF
(1785076513.807821) can0 18F01D21#0B81198000AC1480
(1785076513.807852) can0 0CF00400#FF7D7F681300FFFF
(1785076513.808493) can0 19F10D13#508A015B0284005D
(1785076513.808568) can0 0CF00400#FF7D7F801300FFFF
(1785076513.809011) can0 0CF00400#FF7D7F781300FFFF
(1785076513.809122) can0 09F112F8#FFD4180000FF7FFD
(1785076513.809171) can0 0CF00400#FF7D7F681300FFFF
(1785076513.809722) can0 0CF00400#FF7D7F781300FFFF
(1785076513.809792) can0 18F01D21#6381198000AC1480
(1785076513.809841) can0 0CF00400#FF7D7F881300FFFF
(1785076513.810418) can0 19F10D13#518B015B0284005D
(1785076513.810488) can0 0CF00400#FF7D7F781300FFFF
(1785076513.810908) can0 0CF00400#FF7D7F601300FFFF
(1785076513.811249) can0 0CF00400#FF7D7F481300FFFF
(1785076513.811547) can0 09F8021C#3DFC490BAA00FFFF
(1785076513.811616) can0 09F8011C#627F2718E69E53C1
(1785076513.811696) can0 0CF00400#FF7D7F501300FFFF
(1785076513.811746) can0 18FEE81C#4708200600643C81
(1785076513.811790) can0 18F01D21#6381198000AC1480
(1785076513.811834) can0 09F112F8#FFA1180000FF7FFD
(1785076513.811878) can0 0CF00400#FF7D7F781300FFFF
(1785076513.812962) can0 19F10D13#528A015B0284005D
(1785076513.813055) can0 0CF00400#FF7D7F901300FFFF
(1785076513.813112) can0 0CF00400#FF7D7F601300FFFF
(1785076513.813177) can0 0CF00400#FF7D7F401300FFFF
(1785076513.813815) can0 0CF00400#FF7D7F281300FFFF
(1785076513.813884) can0 18F01D21#6381198000AC1480
(1785076513.813934) can0 0CF00400#FF7D7F101300FFFF
(1785076513.814440) can0 19F10D13#538A015B0284005D
(1785076513.814522) can0 0CF00400#FF7D7F001300FFFF
(1785076513.814572) can0 09F112F8#FF61180000FF7FFD
(1785076513.815152) can0 0CF00400#FF7D7F001300FFFF
(1785076513.815232) can0 0CF00400#FF7D7F001300FFFF
(1785076513.815617) can0 0CF00400#FF7D7F001300FFFF
(1785076513.815681) can0 18F01D21#6381198000AC1480
(1785076513.816101) can0 0CF00400#FF7D7F101300FFFF
(1785076513.816167) can0 19F10D13#548A015B0284005D
(1785076513.816282) can0 0CF00400#FF7D7F201300FFFF
(1785076513.816803) can0 0CF00400#FF7D7F201300FFFF
(1785076513.817154) can0 0CF00400#FF7D7F081300FFFF
(1785076513.817450) can0 09F112F8#FF1C180000FF7FFD
(1785076513.817521) can0 0CF00400#FF7D7FF01200FFFF
(1785076513.817931) can0 18F01D21#6381198000AC1480
(1785076513.818006) can0 0CF00400#FF7D7FF01200FFFF
(1785076513.818434) can0 19F10D13#558A015B0284005D
(1785076513.818505) can0 0CF00400#FF7D7FD81200FFFF
(1785076513.818930) can0 0CF00400#FF7D7FD81200FFFF
(1785076513.819097) can0 0CF00400#FF7D7FC81200FFFF
(1785076513.819472) can0 0CF00400#FF7D7FC81200FFFF
(1785076513.819782) can0 18F01D21#6381198000AC1480
(1785076513.819852) can0 0CF00400#FF7D7FE01200FFFF
(1785076513.820296) can0 09F112F8#FFE4170000FF7FFD
(1785076513.820361) can0 19F10D13#568A015B0284005D
(1785076513.820396) can0 0CF00400#FF7D7FE81200FFFF
(1785076513.820948) can0 0CF00400#FF7D7FB81200FFFF
(1785076513.821036) can0 0CF00400#FF7D7FA81200FFFF
(1785076513.822503) can0 0CF00400#FF7D7FA81200FFFF
(1785076513.822570) can0 09F8021C#3EFC500AB000FFFF
(1785076513.822604) can0 09F8011C#B67F27180E9F53C1
(1785076513.822632) can0 18F01D21#6381198000AC1480
(1785076513.822656) can0 18FEE81C#9107580600643C81
(1785076513.822680) can0 0CF00400#FF7D7FB01200FFFF
(1785076513.822702) can0 19F10D13#578A015B0284005D
(1785076513.822724) can0 0CF00400#FF7D7FB81200FFFF
(1785076513.822746) can0 0CF00400#FF7D7FA01200FFFF
(1785076513.823902) can0 09F112F8#FFA4170000FF7FFD
(1785076513.824001) can0 0CF00400#FF7D7FA01200FFFF
(1785076513.824066) can0 0CF00400#FF7D7FB81200FFFF
(1785076513.824115) can0 18F01D21#6381198000AC1480
(1785076513.824159) can0 0CF00400#FF7D7FC01200FFFF
(1785076513.824203) can0 19F10D13#588A015B0284005D
(1785076513.824247) can0 0CF00400#FF7D7FB01200FFFF
(1785076513.825253) can0 0CF00400#FF7D7F901200FFFF
(1785076513.825326) can0 0CF00400#FF7D7F981200FFFF
(1785076513.825729) can0 0CF00400#FF7D7FA01200FFFF
(1785076513.825799) can0 18F01D21#6381198000AC1480
(1785076513.825849) can0 09F112F8#FF6B170000FF7FFD
(1785076513.825894) can0 0CF00400#FF7D7FB81200FFFF
(1785076513.826529) can0 19F10D13#598B015B0284005D
(1785076513.826602) can0 0CF00400#FF7D7FD01200FFFF
(1785076513.826639) can0 0CF00400#FF7D7FD01200FFFF
(1785076513.827162) can0 0CF00400#FF7D7FD01200FFFF
(1785076513.827504) can0 0CF00400#FF7D7FE81200FFFF
(1785076513.827801) can0 18F01D21#6381198000AC1480
(1785076513.827876) can0 0CF00400#FF7D7FF01200FFFF
(1785076513.828328) can0 19F10D13#5A8A015B0284005D
(1785076513.828409) can0 0CF00400#FF7D7FF01200FFFF
(1785076513.828839) can0 09F112F8#FF2B170000FF7FFD
(1785076513.828910) can0 0CF00400#FF7D7F001300FFFF
(1785076513.829355) can0 0CF00400#FF7D7FD81200FFFF
(1785076513.829446) can0 0CF00400#FF7D7FC81200FFFF
(1785076513.829798) can0 18F01D21#6381198000AC1480
(1785076513.829867) can0 0CF00400#FF7D7FE81200FFFF
(1785076513.830321) can0 19F10D13#5B89015B0284005E
(1785076513.830390) can0 0CF00400#FF7D7F081300FFFF
(1785076513.830830) can0 0CF00400#FF7D7F181300FFFF
(1785076513.831157) can0 0CF00400#FF7D7F401300FFFF
(1785076513.831480) can0 09F112F8#FFEF160000FF7FFD
(1785076513.831545) can0 0CF00400#FF7D7F581300FFFF
(1785076513.831987) can0 18F01D21#6381198000AC1480
(1785076513.832073) can0 09F8021C#3FFC4E0AAC00FFFF
(1785076513.832123) can0 09F8011C#EE7F2718249F53C1
(1785076513.832167) can0 18FEE81C#8F073806E5633D81
(1785076513.832211) can0 0CF00400#FF7D7F681300FFFF
(1785076513.832254) can0 19F10D13#5C8A015B0284005D
(1785076513.832298) can0 0CF00400#FF7D7F601300FFFF
(1785076513.833349) can0 0CF00400#FF7D7F581300FFFF
(1785076513.833424) can0 0CF00400#FF7D7F401300FFFF
(1785076513.833494) can0 0CF00400#FF7D7F081300FFFF
(1785076513.833962) can0 18F01D21#6381198000AC1480
(1785076513.834035) can0 0CF00400#FF7D7F081300FFFF
(1785076513.834451) can0 19F10D13#5D8A015B0284005D
(1785076513.834527) can0 09F112F8#FFA6160000FF7FFD
(1785076513.834563) can0 0CF00400#FF7D7F001300FFFF
(1785076513.835135) can0 0CF00400#FF7D7F001300FFFF
(1785076513.835209) can0 0CF00400#FF7D7F201300FFFF
(1785076513.835594) can0 0CF00400#FF7D7F481300FFFF
(1785076513.835682) can0 18F01D21#6381198000AC1480
(1785076513.836117) can0 0CF00400#FF7D7F581300FFFF
(1785076513.836184) can0 19F10D13#5E8B015B0284005D
(1785076513.836234) can0 0CF00400#FF7D7F481300FFFF
(1785076513.836763) can0 0CF00400#FF7D7F381300FFFF
(1785076513.837082) can0 09F112F8#FF75160000FF7FFD
(1785076513.837155) can0 0CF00400#FF7D7F381300FFFF
(1785076513.837606) can0 0CF00400#FF7D7F201300FFFF
(1785076513.837696) can0 18F01D21#6381198000AC1480
(1785076513.838144) can0 0CF00400#FF7D7F281300FFFF
(1785076513.838214) can0 19F10D13#5F8B015B0284005D
(1785076513.838264) can0 0CF00400#FF7D7F281300FFFF
(1785076513.838784) can0 0CF00400#FF7D7F281300FFFF
(1785076513.839123) can0 0CF00400#FF7D7F381300FFFF
(1785076513.840525) can0 0CF00400#FF7D7F581300FFFF
(1785076513.840606) can0 18F01D21#6381198000AC1480
(1785076513.840641) can0 09F112F8#FF43160000FF7FFD
(1785076513.840669) can0 0CF00400#FF7D7F701300FFFF
(1785076513.840695) can0 19F10D13#608A015B0284005D
(1785076513.840718) can0 0CF00400#FF7D7F581300FFFF
(1785076513.840742) can0 0CF00400#FF7D7F081300FFFF
(1785076513.841686) can0 0CF00400#FF7D7EB81200FFFF
(1785076513.841757) can0 0CF00400#FF7D7F981200FFFF
(1785076513.841805) can0 18F01D21#6381198000AC1480
(1785076513.841832) can0 09F8021C#40FCDE09AC00FFFF
(1785076513.841856) can0 09F8011C#428027183E9F53C1
(1785076513.841880) can0 0CF00400#FF7D7F681200FFFF
(1785076513.841903) can0 18FEE81C#3D073806E0633C81
(1785076513.842873) can0 19F10D13#618A015B0284005D
(1785076513.842949) can0 0CF00400#FF7D7F581200FFFF
(1785076513.843001) can0 09F112F8#FF08160000FF7FFD
(1785076513.843057) can0 0CF00400#FF7D7F601200FFFF
(1785076513.843089) can0 0CF00400#FF7D7F601200FFFF
(1785076513.843819) can0 0CF00400#FF7D7F501200FFFF
(1785076513.843891) can0 18F01D21#6381198000AC1480
(1785076513.843960) can0 0CF00400#FF7D7F581200FFFF
(1785076513.844492) can0 19F10D13#628A015B0284005D
(1785076513.844565) can0 0CF00400#FF7D7F481200FFFF
(1785076513.844977) can0 0CF00400#FF7D7F481200FFFF
(1785076513.845064) can0 0CF00400#FF7D7F681200FFFF
(1785076513.845435) can0 09F112F8#FFD6150000FF7FFD
(1785076513.845507) can0 0CF00400#FF7D7F881200FFFF
(1785076513.845918) can0 18F01D21#6381198000AC1480
(1785076513.846107) can0 0CF00400#FF7D7F681200FFFF
(1785076513.846171) can0 19F10D13#638A015B0284005D
(1785076513.846567) can0 0CF00400#FF7D7F581200FFFF
(1785076513.847080) can0 0CF00400#FF7D7F581200FFFF
(1785076513.847157) can0 0CF00400#FF7D7F501200FFFF
(1785076513.847558) can0 0CF00400#FF7D7F881200FFFF
(1785076513.847626) can0 18F01D21#6381198000231880
(1785076513.848061) can0 0CF00400#FF7D7F901200FFFF
(1785076513.848137) can0 09F112F8#FF8F150000FF7FFD
(1785076513.848169) can0 19F10D13#6489015B0284005E
(1785076513.848694) can0 0CF00400#FF7D7F801200FFFF
(1785076513.848763) can0 0CF00400#FF7D7F701200FFFF
(1785076513.849174) can0 0CF00400#FF7D7F301200FFFF
(1785076513.849497) can0 0CF00400#FF7D7F181200FFFF
(1785076513.849776) can0 18F01D21#6381198000231880
(1785076513.849850) can0 0CF00400#FF7D7F181200FFFF
(1785076513.850303) can0 19F10D13#658A015B0284005D
(1785076513.850368) can0 0CF00400#FF7D7F381200FFFF
(1785076513.850805) can0 0CF00400#FF7D7F501200FFFF
(1785076513.850869) can0 09F112F8#FF59150000FF7FFD
(1785076513.851306) can0 0CF00400#FF7D7F481200FFFF
(1785076513.851593) can0 0CF00400#FF7D7F401200FFFF
(1785076513.851666) can0 18F01D21#6381198000231880
(1785076513.852101) can0 0CF00400#FF7D7F501200FFFF
(1785076513.852169) can0 09F8021C#41FCF308AB00FFFF
(1785076513.852217) can0 09F8011C#888027185C9F53C1
(1785076513.852279) can0 18FEE81C#91063006E0633C81
(1785076513.852323) can0 19F10D13#668A015B0284005D
(1785076513.852367) can0 0CF00400#FF7D7F581200FFFF
(1785076513.853284) can0 0CF00400#FF7D7F281200FFFF
(1785076513.853359) can0 0CF00400#FF7D7F301200FFFF
(1785076513.853477) can0 0CF00400#FF7D7F381200FFFF
(1785076513.853950) can0 09F112F8#FF20150000FF7FFD
(1785076513.854023) can0 18F01D21#6381198000231880
(1785076513.854079) can0 0CF00400#FF7D7F401200FFFF
(1785076513.854118) can0 19F10D13#678A015B0284005D
(1785076513.854773) can0 0CF00400#FF7D7F381200FFFF
(1785076513.854847) can0 0CF00400#FF7D7F481200FFFF
(1785076513.855249) can0 0CF00400#FF7D7F681200FFFF
(1785076513.855564) can0 0CF00400#FF7D7F701200FFFF
(1785076513.855835) can0 18F01D21#6381198000231880
(1785076513.855906) can0 0CF00400#FF7D7F801200FFFF
(1785076513.856346) can0 19F10D13#688A015B0284005D
(1785076513.856412) can0 0CF00400#FF7D7FA01200FFFF
(1785076513.856458) can0 09F112F8#FFEB140000FF7FFD
(1785076513.856989) can0 0CF00400#FF7D7FA01200FFFF
(1785076513.857061) can0 0CF00400#FF7D7FC01200FFFF
(1785076513.858480) can0 0CF00400#FF7D7FE01200FFFF
(1785076513.858542) can0 18F01D21#6381198000231880
(1785076513.858574) can0 0CF00400#FF7D7FE01200FFFF
(1785076513.858606) can0 19F10D13#698A015B0284005D
(1785076513.858629) can0 0CF00400#FF7D7FE01200FFFF
(1785076513.858651) can0 0CF00400#FF7D7FC81200FFFF
(1785076513.859423) can0 0CF00400#FF7D7FE81200FFFF
(1785076513.859491) can0 09F112F8#FFB2140000FF7FFD
(1785076513.859528) can0 0CF00400#FF7D7F001300FFFF
(1785076513.860013) can0 18F01D21#6381198000231880
(1785076513.860097) can0 0CF00400#FF7D7F181300FFFF
(1785076513.860163) can0 19F10D13#6A8A015B0284005D
(1785076513.860270) can0 0CF00400#FF7D7F281300FFFF
(1785076513.860932) can0 0CF00400#FF7D7FF01200FFFF
(1785076513.861234) can0 0CF00400#FF7D7FE81200FFFF
(1785076513.861536) can0 0CF00400#FF7D7FD01200FFFF
(1785076513.861808) can0 18F01D21#6381198000231880
(1785076513.861880) can0 0CF00400#FF7D7FC81200FFFF
(1785076513.862280) can0 09F8021C#42FCBC08AD00FFFF
(1785076513.862353) can0 09F8011C#E6802718789F53C1
(1785076513.862401) can0 18FEE81C#68064006E0633D81
(1785076513.862444) can0 19F10D13#6B8A015B0284005D
(1785076513.862486) can0 0CF00400#FF7D7FE81200FFFF
(1785076513.862544) can0 09F112F8#FF78140000FF7FFD
(1785076513.863476) can0 0CF00400#FF7D7F081300FFFF
(1785076513.863548) can0 0CF00400#FF7D7F081300FFFF
(1785076513.863598) can0 0CF00400#FF7D7FF01200FFFF
(1785076513.863642) can0 18F01D21#6381198000231880
(1785076513.864229) can0 0CF00400#FF7D7FF81200FFFF
(1785076513.864297) can0 19F10D13#6C8A015B0284005D
(1785076513.864346) can0 0CF00400#FF7D7FF01200FFFF
(1785076513.864872) can0 0CF00400#FF7D7FB81200FFFF
(1785076513.864941) can0 09F112F8#FF3B140000FF7FFD
(1785076513.865364) can0 0CF00400#FF7D7F901200FFFF
(1785076513.865430) can0 0CF00400#FF7D7F781200FFFF
(1785076513.865796) can0 18F01D21#6381198000231880
(1785076513.865861) can0 0CF00400#FF7D7F781200FFFF
(1785076513.866308) can0 19F10D13#6D8B015B0284005D
(1785076513.866375) can0 0CF00400#FF7D7F781200FFFF
(1785076513.866823) can0 0CF00400#FF7D7F801200FFFF
(1785076513.867137) can0 0CF00400#FF7D7F681200FFFF
(1785076513.868487) can0 0CF00400#FF7D7F781200FFFF
(1785076513.868549) can0 09F112F8#FF01140000FF7FFD
(1785076513.868583) can0 18F01D21#6381198000231880
(1785076513.868608) can0 0CF00400#FF7D7FA01200FFFF
(1785076513.868630) can0 19F10D13#6E8A015B0284005D
(1785076513.868653) can0 0CF00400#FF7D7FB81200FFFF
(1785076513.868682) can0 0CF00400#FF7D7F981200FFFF
(1785076513.869593) can0 0CF00400#FF7D7F801200FFFF
(1785076513.869661) can0 0CF00400#FF7D7F801200FFFF
(1785076513.869711) can0 18F01D21#6381198000231880
(1785076513.870212) can0 0CF00400#FF7D7F981200FFFF
(1785076513.870275) can0 19F10D13#6F8A015B0284005D
(1785076513.870309) can0 09F112F8#FFCF130000FF7FFD
(1785076513.870335) can0 0CF00400#FF7D7FB01200FFFF
(1785076513.870977) can0 0CF00400#FF7D7FC01200FFFF
(1785076513.871055) can0 0CF00400#FF7D7FD01200FFFF
(1785076513.872501) can0 0CF00400#FF7D7FF01200FFFF
(1785076513.872565) can0 18F01D21#6381198000231880
(1785076513.872612) can0 0CF00400#FF7D7F081300FFFF
(1785076513.872655) can0 19F10D13#7089015B0284005E
(1785076513.872697) can0 09F8021C#43FCD306A700FFFF
(1785076513.872739) can0 09F8011C#00812718769F53C1
(1785076513.872780) can0 0CF00400#FF7D7F181300FFFF
(1785076513.872822) can0 18FEE81C#51051006DC633D81
(1785076513.872879) can0 0CF00400#FF7D7F101300FFFF
(1785076513.873016) can0 09F112F8#FF98130000FF7FFD
(1785076513.873079) can0 0CF00400#FF7D7FD81200FFFF
(1785076513.873184) can0 18FF50E0#0000800080008002
(1785076513.873992) can0 0CF00400#FF7D7FC01200FFFF
(1785076513.874065) can0 18F01D21#6381198000231880
(1785076513.874101) can0 0CF00400#FF7D7FB81200FFFF
(1785076513.874127) can0 19F10D13#718A015B0284005D
(1785076513.875195) can0 0CF00400#FF7D7FC81200FFFF
(1785076513.875270) can0 0CF00400#FF7D7FE81200FFFF
(1785076513.875304) can0 0CF00400#FF7D7F081300FFFF
(1785076513.875659) can0 0CF00400#FF7D7F301300FFFF
(1785076513.875721) can0 18F01D21#6381198000231880
(1785076513.875754) can0 09F112F8#FF51130000FF7FFD
(1785076513.876208) can0 0CF00400#FF7D7F401300FFFF
(1785076513.876269) can0 19F10D13#728A015B0284005D
(1785076513.876301) can0 0CF00400#FF7D7F501300FFFF
(1785076513.876787) can0 0CF00400#FF7D7F601300FFFF
(1785076513.877094) can0 0CF00400#FF7D7F501300FFFF
(1785076513.878399) can0 0CF00400#FF7D7F301300FFFF
(1785076513.878447) can0 18F01D21#6381198000231880
(1785076513.878476) can0 0CF00400#FF7D7F581300FFFF
(1785076513.878501) can0 19F10D13#738A015B0284005D
(1785076513.878524) can0 0CF00400#FF7D7F601300FFFF
(1785076513.878545) can0 09F112F8#FF0C130000FF7FFD
(1785076513.878878) can0 0CF00400#FF7D7F401300FFFF
(1785076513.879516) can0 0CF00400#FF7D7F701300FFFF
(1785076513.879587) can0 0CF00400#FF7D7FA01300FFFF
(1785076513.879633) can0 18F01D21#6381198000231880
(1785076513.880078) can0 0CF00400#FF7D7FB81300FFFF
(1785076513.880139) can0 19F10D13#748A015B0284005D
(1785076513.880525) can0 0CF00400#FF7D7FA81300FFFF
(1785076513.880799) can0 0CF00400#FF7D7F801300FFFF
(1785076513.881106) can0 0CF00400#FF7D7F381300FFFF
(1785076513.881158) can0 09F112F8#FFD7120000FF7FFD
(1785076513.881496) can0 0CF00400#FF7D7F001300FFFF
(1785076513.881698) can0 18F01D21#6381198000231880
(1785076513.881959) can0 0CF00400#FF7D7F181300FFFF
(1785076513.882188) can0 19F10D13#758B015B0284005D
(1785076513.882246) can0 0CF00400#FF7D7F201300FFFF
(1785076513.882591) can0 09F8021C#44FC2808A600FFFF
(1785076513.882641) can0 09F8011C#448127187E9F53C1
(1785076513.882670) can0 18FEE81C#FC050006DC633D81
(1785076513.882695) can0 0CF00400#FF7D7F401300FFFF
(1785076513.883095) can0 0CF00400#FF7D7F701300FFFF
(1785076513.883489) can0 0CF00400#FF7D7F781300FFFF
(1785076513.883718) can0 18F01D21#6381198000231880
(1785076513.883967) can0 0CF00400#FF7D7F701300FFFF
(1785076513.884026) can0 09F112F8#FF95120000FF7FFD
(1785076513.884366) can0 19F10D13#768B015B0284005D
(1785076513.884415) can0 0CF00400#FF7D7F681300FFFF
(1785076513.884773) can0 0CF00400#FF7D7F481300FFFF
(1785076513.886073) can0 0CF00400#FF7D7F281300FFFF
(1785076513.886121) can0 0CF00400#FF7D7F201300FFFF
(1785076513.886150) can0 18F01D21#6381198000231880
(1785076513.886175) can0 0CF00400#FF7D7F201300FFFF
(1785076513.886198) can0 19F10D13#778A015B0284005D
(1785076513.886220) can0 0CF00400#FF7D7F081300FFFF
(1785076513.886845) can0 0CF00400#FF7D7F281300FFFF
(1785076513.886901) can0 09F112F8#FF4D120000FF7FFD
(1785076513.887237) can0 0CF00400#FF7D7F281300FFFF
(1785076513.887506) can0 0CF00400#FF7D7F181300FFFF
(1785076513.887754) can0 18F01D21#6381198000231880
(1785076513.887847) can0 0CF00400#FF7D7F201300FFFF
(1785076513.888182) can0 19F10D13#788A015B0284005D
(1785076513.888230) can0 0CF00400#FF7D7FF81200FFFF
(1785076513.889601) can0 0CF00400#FF7D7EA81200FFFF
(1785076513.889659) can0 0CF00400#FF7D7E801200FFFF
(1785076513.889687) can0 09F112F8#FF15120000FF7FFD
(1785076513.889711) can0 0CF00400#FF7D7F781200FFFF
(1785076513.889734) can0 18F01D21#6381198000231880
(1785076513.890276) can0 0CF00400#FF7D7F401200FFFF
(1785076513.890329) can0 19F10D13#798A015B0284005D
(1785076513.890361) can0 0CF00400#FF7D7F401200FFFF
(1785076513.890730) can0 0CF00400#FF7D7F481200FFFF
(1785076513.892027) can0 0CF00400#FF7D7F701200FFFF
(1785076513.892085) can0 0CF00400#FF7D7F881200FFFF
(1785076513.892116) can0 18F01D21#6381198000231880
(1785076513.892140) can0 0CF00400#FF7D7F701200FFFF
(1785076513.892163) can0 19F10D13#7A8A015B0284005D
(1785076513.892183) can0 09F112F8#FFD1110000FF7FFD
(1785076513.892796) can0 0CF00400#FF7D7F981200FFFF
(1785076513.892848) can0 09F8021C#45FC8706AB00FFFF
(1785076513.892881) can0 09F8011C#8C812718829F53C1
(1785076513.892907) can0 18FEE81C#CA043006CD633E81
(1785076513.892931) can0 0CF00400#FF7D7F681200FFFF
(1785076513.893340) can0 0CF00400#FF7D7F281200FFFF
(1785076513.893871) can0 0CF00400#FF7D7F101200FFFF
(1785076513.893950) can0 18F01D21#6381198000231880
(1785076513.894002) can0 0CF00400#FF7D7FF81100FFFF
(1785076513.894416) can0 19F10D13#7B8A015B0284005D
(1785076513.894479) can0 0CF00400#FF7D7F001200FFFF
(1785076513.894808) can0 0CF00400#FF7D7F081200FFFF
(1785076513.894861) can0 09F112F8#FF98110000FF7FFD
(1785076513.895202) can0 0CF00400#FF7D7F101200FFFF
(1785076513.896602) can0 0CF00400#FF7D7F201200FFFF
(1785076513.896670) can0 18F01D21#6381198000231880
(1785076513.896706) can0 0CF00400#FF7D7F201200FFFF
(1785076513.896734) can0 19F10D13#7C8A015B0284005D
(1785076513.896756) can0 0CF00400#FF7D7F101200FFFF
(1785076513.896778) can0 0CF00400#FF7D7F081200FFFF
(1785076513.897456) can0 0CF00400#FF7D7F281200FFFF
(1785076513.897523) can0 0CF00400#FF7D7F381200FFFF
(1785076513.897554) can0 09F112F8#FF5A110000FF7FFD
(1785076513.897854) can0 18F01D21#6381198000231880
(1785076513.897914) can0 0CF00400#FF7D7F301200FFFF
(1785076513.898386) can0 19F10D13#7D89015B0284005E
(1785076513.898447) can0 0CF00400#FF7D7F301200FFFF
(1785076513.898824) can0 0CF00400#FF7D7F381200FFFF
(1785076513.899132) can0 0CF00400#FF7D7F381200FFFF
(1785076513.900607) can0 0CF00400#FF7D7F481200FFFF
(1785076513.900686) can0 18F01D21#6381198000231880
(1785076513.900726) can0 0CF00400#FF7D7F601200FFFF
(1785076513.900753) can0 19F10D13#7E8A015B0284005D
(1785076513.900778) can0 0CF00400#FF7D7F601200FFFF
(1785076513.900799) can0 09F112F8#FF1A110000FF7FFD
(1785076513.900820) can0 0CF00400#FF7D7F481200FFFF
(1785076513.901650) can0 0CF00400#FF7D7F301200FFFF
(1785076513.901745) can0 0CF00400#FF7D7F401200FFFF
(1785076513.901795) can0 18F01D21#6381198000231880
(1785076513.901839) can0 0CF00400#FF7D7F581200FFFF
(1785076513.902428) can0 19F10D13#7F8A015B0284005D
(1785076513.902494) can0 0CF00400#FF7D80701200FFFF
(1785076513.902853) can0 09F8021C#46FCB304A900FFFF
(1785076513.902927) can0 09F8011C#B8812718869F53C1
(1785076513.902973) can0 0CF00400#FF7D80881200FFFF
(1785076513.903016) can0 18FEE81C#73031806CB633D81
(1785076513.903070) can0 0CF00400#FF7D7F901200FFFF
(1785076513.903115) can0 09F112F8#FFD8100000FF7FFD
(1785076513.903920) can0 0CF00400#FF7D7F901200FFFF
(1785076513.903987) can0 18F01D21#6381198000231880
(1785076513.904036) can0 0CF00400#FF7D7FA81200FFFF
(1785076513.904165) can0 19F10D13#8088015B0284005E
(1785076513.904741) can0 0CF00400#FF7D7FC81200FFFF
(1785076513.904805) can0 0CF00400#FF7D7FA01200FFFF
(1785076513.905189) can0 0CF00400#FF7D7F901200FFFF
(1785076513.905500) can0 0CF00400#FF7D7F801200FFFF
(1785076513.905771) can0 18F01D21#6381198000231880
(1785076513.905837) can0 0CF00400#FF7D7F881200FFFF
(1785076513.905882) can0 09F112F8#FF9E100000FF7FFD
(1785076513.906431) can0 19F10D13#818A015B0284005D
(1785076513.906493) can0 0CF00400#FF7D7F901200FFFF
(1785076513.906863) can0 0CF00400#FF7D7F881200FFFF
(1785076513.907161) can0 0CF00400#FF7D7F881200FFFF
(1785076513.907472) can0 0CF00400#FF7D7FA81200FFFF
(1785076513.907735) can0 18F01D21#8285198000D51A80
(1785076513.908058) can0 0CF00400#FF7D7FB01200FFFF
(1785076513.908122) can0 19F10D13#828C015B0284005C
(1785076513.908500) can0 0CF00400#FF7D7FA81200FFFF
(1785076513.908617) can0 09F112F8#FF66100000FF7FFD
(1785076513.908658) can0 0CF00400#FF7D7F881200FFFF
(1785076513.909146) can0 0CF00400#FF7D7FA81200FFFF
(1785076513.910480) can0 0CF00400#FF7D7FC01200FFFF
(1785076513.910542) can0 18F01D21#7BB2198000D51A80
(1785076513.910605) can0 0CF00400#FF7D7FE01200FFFF
(1785076513.910648) can0 19F10D13#838A015B0284005D
(1785076513.910690) can0 0CF00400#FF7D7FF81200FFFF
(1785076513.910732) can0 0CF00400#FF7D7FD81200FFFF
(1785076513.911432) can0 0CF00400#FF7D7FB01200FFFF
(1785076513.911498) can0 09F112F8#FF2F100000FF7FFD
(1785076513.911547) can0 0CF00400#FF7D7FC01200FFFF
(1785076513.912030) can0 18F01D21#11D2198000D51A80
(1785076513.912110) can0 0CF00400#FF7D7FE01200FFFF
(1785076513.912174) can0 19F10D13#848B015B0284005D
(1785076513.912216) can0 0CF00400#FF7D7FE81200FFFF
(1785076513.912778) can0 0CF00400#FF7D7FA81200FFFF
(1785076513.912843) can0 09F8021C#47FCF905A600FFFF
(1785076513.912890) can0 09F8011C#08822718929F53C1
(1785076513.912933) can0 18FEE81C#62040006CB633E81
(1785076513.913554) can0 0CF00400#FF7D7F801200FFFF
(1785076513.913617) can0 0CF00400#FF7D7F801200FFFF
(1785076513.913664) can0 18F01D21#1EF6198000D51A80
(1785076513.914118) can0 0CF00400#FF7D7F981200FFFF
(1785076513.914180) can0 09F112F8#FFF50F0000FF7FFD
(1785076513.914242) can0 19F10D13#8589015B0284005E
(1785076513.914284) can0 0CF00400#FF7D7FA81200FFFF
(1785076513.914848) can0 0CF00400#FF7D7FB81200FFFF
(1785076513.915160) can0 0CF00400#FF7D7FB01200FFFF
(1785076513.916505) can0 0CF00400#FF7D7FC01200FFFF
(1785076513.916568) can0 18F01D21#991D1A8000D51A80
(1785076513.916616) can0 0CF00400#FF7D7FC81200FFFF
(1785076513.916675) can0 19F10D13#8687015B0284005F
(1785076513.916718) can0 0CF00400#FF7D7FB81200FFFF
(1785076513.916759) can0 0CF00400#FF7D7FB81200FFFF
(1785076513.916800) can0 09F112F8#FFAF0F0000FF7FFD
(1785076513.917607) can0 0CF00400#FF7D7F801200FFFF
(1785076513.917677) can0 0CF00400#FF7D7F481200FFFF
(1785076513.917727) can0 18F01D21#1C461A8000D51A80
(1785076513.918204) can0 0CF00400#FF7D7F381200FFFF
(1785076513.918283) can0 19F10D13#8784015B02840061
(1785076513.918329) can0 0CF00400#FF7D7F481200FFFF
(1785076513.918784) can0 0CF00400#FF7D7F601200FFFF
(1785076513.919089) can0 0CF00400#FF7D7F901200FFFF
(1785076513.920539) can0 0CF00400#FF7D7F981200FFFF
(1785076513.920619) can0 09F112F8#FF680F0000FF7FFD
(1785076513.920672) can0 18F01D21#296A1A8000D51A80
(1785076513.920717) can0 0CF00400#FF7D7FB01200FFFF
(1785076513.920759) can0 19F10D13#8885015B02840060
(1785076513.920817) can0 0CF00400#FF7D7FE01200FFFF
(1785076513.920858) can0 0CF00400#FF7D7FD81200FFFF
(1785076513.921690) can0 0CF00400#FF7D7FC81200FFFF
(1785076513.921762) can0 0CF00400#FF7D7FC01200FFFF
(1785076513.921811) can0 18F01D21#2E8D1A8000D51A80
(1785076513.921855) can0 0CF00400#FF7D7FB01200FFFF
(1785076513.922441) can0 19F10D13#8983015B02840061
(1785076513.922507) can0 0CF00400#FF7D7FA81200FFFF
(1785076513.922556) can0 09F112F8#FF1F0F0000FF7FFD
(1785076513.923098) can0 0CF00400#FF7D7FA81200FFFF
(1785076513.923167) can0 0CF00400#FF7D7FA01200FFFF
(1785076513.923215) can0 09F8021C#48FC5704B100FFFF
(1785076513.923258) can0 09F8011C#468227189E9F53C1
(1785076513.923300) can0 18FEE81C#2F036006AD633E81
(1785076513.923342) can0 18FEE81C#2F036006AD633E81
(1785076513.923990) can0 0CF00400#FF7D7FA81200FFFF
(1785076513.924057) can0 18F01D21#A1B31A8000D51A80
(1785076513.924090) can0 0CF00400#FF7D7FB81200FFFF
(1785076513.924114) can0 19F10D13#8A81015B02840062
(1785076513.925297) can0 0CF00400#FF7D7FD81200FFFF
(1785076513.925389) can0 0CF00400#FF7D7F001300FFFF
(1785076513.925439) can0 09F112F8#FFCF0E0000FF7FFD
(1785076513.925484) can0 0CF00400#FF7D7FF01200FFFF
(1785076513.925527) can0 0CF00400#FF7D7FC81200FFFF
(1785076513.926183) can0 18F01D21#37D31A8000D51A80
(1785076513.926249) can0 0CF00400#FF7D7FD01200FFFF
(1785076513.926282) can0 19F10D13#8B81015B02840062
(1785076513.926309) can0 0CF00400#FF7D7F081300FFFF
(1785076513.926965) can0 0CF00400#FF7D7F081300FFFF
(1785076513.927032) can0 0CF00400#FF7D7F301300FFFF
(1785076513.928447) can0 0CF00400#FF7D7F501300FFFF
(1785076513.928510) can0 18F01D21#EFD41A8000D51A80
(1785076513.928544) can0 09F112F8#FF8A0E0000FF7FFD
(1785076513.928569) can0 0CF00400#FF7D7F601300FFFF
(1785076513.928593) can0 19F10D13#8C81015B02840062
(1785076513.928615) can0 0CF00400#FF7D7F581300FFFF
(1785076513.928655) can0 0CF00400#FF7D7F481300FFFF
(1785076513.929462) can0 0CF00400#FF7D7F001300FFFF
(1785076513.929532) can0 0CF00400#FF7D7FC81200FFFF
(1785076513.929882) can0 18F01D21#EFD41A8000D51A80
(1785076513.929951) can0 0CF00400#FF7D7FB81200FFFF
(1785076513.930381) can0 19F10D13#8D81015B02840062
(1785076513.930451) can0 0CF00400#FF7D7FA01200FFFF
(1785076513.930558) can0 09F112F8#FF470E0000FF7FFD
(1785076513.931091) can0 0CF00400#FF7D7F781200FFFF
(1785076513.931153) can0 0CF00400#FF7D7F801200FFFF
(1785076513.931481) can0 0CF00400#FF7D7FA81200FFFF
(1785076513.931764) can0 18F01D21#EFD41A8000D51A80
(1785076513.931833) can0 0CF00400#FF7D7FD81200FFFF
(1785076513.932251) can0 19F10D13#8E80015B02840063
(1785076513.932315) can0 0CF00400#FF7D7FF81200FFFF
(1785076513.932744) can0 0CF00400#FF7D7F081300FFFF
(1785076513.934084) can0 0CF00400#FF7D7FF01200FFFF
(1785076513.934146) can0 09F112F8#FF060E0000FF7FFD
(1785076513.934179) can0 09F8021C#49FCEB03A800FFFF
(1785076513.934204) can0 09F8011C#9A822718B29F53C1
(1785076513.934226) can0 18FEE81C#E0021006AC633D81
(1785076513.934248) can0 0CF00400#FF7D7FC01200FFFF
(1785076513.934269) can0 18F01D21#EFD41A8000D51A80
(1785076513.934289) can0 0CF00400#FF7D7FB81200FFFF
(1785076513.934310) can0 19F10D13#8F81015B02840062
(1785076513.934331) can0 0CF00400#FF7D7FC01200FFFF
(1785076513.937600) can0 0CF00400#FF7D7F981200FFFF
(1785076513.937680) can0 0CF00400#FF7D7FA81200FFFF
(1785076513.937720) can0 0CF00400#FF7D7FB81200FFFF
(1785076513.937750) can0 18F01D21#EFD41A8000D51A80
(1785076513.937776) can0 0CF00400#FF7D7FB81200FFFF
(1785076513.937817) can0 09F112F8#FFCD0D0000FF7FFD
(1785076513.937868) can0 19F10D13#9080015B02840063
(1785076513.937912) can0 0CF00400#FF7D7FC81200FFFF
(1785076513.937955) can0 0CF00400#FF7D7FD81200FFFF
(1785076513.938012) can0 0CF00400#FF7D7FB81200FFFF
(1785076513.938068) can0 0CF00400#FF7D7FA81200FFFF
(1785076513.938098) can0 18F01D21#EFD41A8000D51A80
(1785076513.938122) can0 0CF00400#FF7D7FC01200FFFF
(1785076513.938158) can0 19F10D13#9180015B02840063
(1785076513.938394) can0 0CF00400#FF7D7FD81200FFFF
(1785076513.941218) can0 0CF00400#FF7D7FA81200FFFF
(1785076513.941316) can0 09F112F8#FF830D0000FF7FFD
(1785076513.941357) can0 0CF00400#FF7D7F981200FFFF
(1785076513.941387) can0 0CF00400#FF7D7F981200FFFF
(1785076513.941413) can0 18F01D21#EFD41A8000D51A80
(1785076513.941440) can0 0CF00400#FF7D7FA01200FFFF
(1785076513.941465) can0 19F10D13#9280015B02840063
(1785076513.941489) can0 0CF00400#FF7D7F881200FFFF
(1785076513.941512) can0 0CF00400#FF7D7F681200FFFF
(1785076513.941542) can0 0CF00400#FF7D7F381200FFFF
(1785076513.941564) can0 0CF00400#FF7D7F281200FFFF
(1785076513.941587) can0 09F112F8#FF330D0000FF7FFD
(1785076513.942570) can0 18F01D21#EFD41A8000D51A80
(1785076513.942645) can0 0CF00400#FF7D7F381200FFFF
(1785076513.942687) can0 19F10D13#9380015B02840063
(1785076513.942717) can0 0CF00400#FF7D7F301200FFFF
(1785076513.942743) can0 0CF00400#FF7D7F481200FFFF
(1785076513.944762) can0 0CF00400#FF7D7F501200FFFF
(1785076513.944847) can0 0CF00400#FF7D7F501200FFFF
(1785076513.944892) can0 09F8021C#4AFC7204AB00FFFF
(1785076513.944928) can0 09F8011C#BC822718B69F53C1
(1785076513.944957) can0 18F01D21#EFD41A8000D51A80
(1785076513.944984) can0 18FEE81C#43032806A3633C81
(1785076513.945009) can0 0CF00400#FF7D7F601200FFFF
(1785076513.945033) can0 19F10D13#9480015B02840063
(1785076513.945076) can0 0CF00400#FF7D7F981200FFFF
(1785076513.945100) can0 09F112F8#FFE00C0000FF7FFD
(1785076513.945124) can0 0CF00400#FF7D7F981200FFFF
(1785076513.945155) can0 0CF00400#FF7D7F781200FFFF
(1785076513.947960) can0 0CF00400#FF7D7F581200FFFF
(1785076513.948115) can0 18F01D21#EFD41A8000D51A80
(1785076513.948165) can0 0CF00400#FF7D7F481200FFFF
(1785076513.948197) can0 19F10D13#9580015B02840063
(1785076513.948223) can0 0CF00400#FF7D7F301200FFFF
(1785076513.948248) can0 0CF00400#FF7D7F401200FFFF
(1785076513.948280) can0 0CF00400#FF7D7F581200FFFF
(1785076513.948303) can0 09F112F8#FF840C0000FF7FFD
(1785076513.948326) can0 0CF00400#FF7D80681200FFFF
(1785076513.948349) can0 18F01D21#EFD41A8000D51A80
(1785076513.948372) can0 0CF00400#FF7D80881200FFFF
(1785076513.948395) can0 19F10D13#9680015B02840063
(1785076513.948418) can0 0CF00400#FF7D7FC81200FFFF
(1785076513.951311) can0 0CF00400#FF7D7FC01200FFFF
(1785076513.951403) can0 0CF00400#FF7D7FB81200FFFF
(1785076513.951479) can0 0CF00400#FF7D7FE01200FFFF
(1785076513.951529) can0 18F01D21#EFD41A8000D51A80
(1785076513.951635) can0 0CF00400#FF7D7FF01200FFFF
(1785076513.951685) can0 09F112F8#FF2D0C0000FF7FFD
(1785076513.951731) can0 19F10D13#9780015B02840063
(1785076513.951776) can0 0CF00400#FF7D7F181300FFFF
(1785076513.951821) can0 0CF00400#FF7D7F401300FFFF
(1785076513.951867) can0 0CF00400#FF7D7F501300FFFF
(1785076513.951929) can0 0CF00400#FF7D7F381300FFFF
(1785076513.951974) can0 18F01D21#EFD41A8000D51A80
(1785076513.952020) can0 0CF00400#FF7D7F281300FFFF
(1785076513.953197) can0 19F10D13#9880015B02840063
(1785076513.953276) can0 0CF00400#FF7D7F501300FFFF
(1785076513.953328) can0 0CF00400#FF7D7F581300FFFF
(1785076513.953359) can0 09F112F8#FFDD0B0000FF7FFD
(1785076513.953386) can0 0CF00400#FF7D7F301300FFFF
(1785076513.953421) can0 0CF00400#FF7D7F181300FFFF
(1785076513.956131) can0 18F01D21#EFD41A8000D51A80
(1785076513.956218) can0 09F8021C#4BFCBE02A800FFFF
(1785076513.956261) can0 09F8011C#18832718BC9F53C1
(1785076513.956292) can0 0CF00400#FF7D7F181300FFFF
(1785076513.956319) can0 18FEE81C#03021006A2633D81
(1785076513.956344) can0 19F10D13#9981015B02840062
(1785076513.956368) can0 0CF00400#FF7D7F201300FFFF
(1785076513.956391) can0 0CF00400#FF7D7F201300FFFF
(1785076513.956413) can0 0CF00400#FF7D7F181300FFFF
(1785076513.956443) can0 0CF00400#FF7D7F281300FFFF
(1785076513.956465) can0 09F112F8#FF8F0B0000FF7FFD
(1785076513.956487) can0 18F01D21#EFD41A8000D51A80
(1785076513.956508) can0 0CF00400#FF7D7F481300FFFF
(1785076513.956530) can0 19F10D13#9A80015B02840063
(1785076513.956551) can0 0CF00400#FF7D7F681300FFFF
(1785076513.959103) can0 0CF00400#FF7D7F581300FFFF
(1785076513.959189) can0 0CF00400#FF7D7F481300FFFF
(1785076513.959243) can0 0CF00400#FF7D7F401300FFFF
(1785076513.959273) can0 18F01D21#EFD41A8000D51A80
(1785076513.959299) can0 0CF00400#FF7D7F301300FFFF
(1785076513.959323) can0 19F10D13#9B80015B02840063
(1785076513.959346) can0 0CF00400#FF7D7F201300FFFF
(1785076513.959368) can0 09F112F8#FF460B0000FF7FFD
(1785076513.959391) can0 0CF00400#FF7D7F101300FFFF
(1785076513.959413) can0 0CF00400#FF7D7F001300FFFF
(1785076513.959443) can0 0CF00400#FF7D7FE81200FFFF
(1785076513.961559) can0 18F01D21#EFD41A8000D51A80
(1785076513.961676) can0 0CF00400#FF7D7FF81200FFFF
(1785076513.961724) can0 19F10D13#9C80015B02840063
(1785076513.961755) can0 0CF00400#FF7D7F081300FFFF
(1785076513.961782) can0 0CF00400#FF7D7FD81200FFFF
(1785076513.961806) can0 0CF00400#FF7D7FA81200FFFF
(1785076513.961829) can0 09F112F8#FFF70A0000FF7FFD
(1785076513.961860) can0 0CF00400#FF7D7FA81200FFFF
(1785076513.961882) can0 18F01D21#EFD41A8000D51A80
(1785076513.961904) can0 0CF00400#FF7D7FA81200FFFF
(1785076513.964125) can0 19F10D13#9D80015B02840063
(1785076513.964214) can0 0CF00400#FF7D7FA01200FFFF
(1785076513.964265) can0 0CF00400#FF7D7FA81200FFFF
(1785076513.964305) can0 0CF00400#FF7D7FC81200FFFF
(1785076513.964341) can0 0CF00400#FF7D7FF01200FFFF
(1785076513.964366) can0 18F01D21#EFD41A8000D51A80
(1785076513.964391) can0 0CF00400#FF7D7FF81200FFFF
(1785076513.964414) can0 09F8021C#4CFC2503AB00FFFF
(1785076513.964438) can0 09F8011C#7C832718C49F53C1
(1785076513.964461) can0 18FEE81C#4F023006A2633E81
(1785076513.964484) can0 19F10D13#9E80015B02840063
(1785076513.964507) can0 09F112F8#FFA80A0000FF7FFD
(1785076513.964530) can0 0CF00400#FF7D7F001300FFFF
(1785076513.967073) can0 0CF00400#FF7D7FF81200FFFF
(1785076513.967163) can0 0CF00400#FF7D7FD81200FFFF
(1785076513.967219) can0 0CF00400#FF7D7FB01200FFFF
(1785076513.967250) can0 18F01D21#EFD41A8000D51A80
(1785076513.967278) can0 0CF00400#FF7D7FC01200FFFF
(1785076513.967304) can0 19F10D13#9F80015B02840063
(1785076513.967329) can0 0CF00400#FF7D7FD01200FFFF
(1785076513.967353) can0 0CF00400#FF7D7FB81200FFFF
(1785076513.967377) can0 09F112F8#FF5E0A0000FF7FFD
(1785076513.967401) can0 0CF00400#FF7D7FC81200FFFF
(1785076513.967425) can0 0CF00400#FF7D7FE81200FFFF
(1785076513.968791) can0 18F01D21#EFD41A8000D51A80
(1785076513.968877) can0 0CF00400#FF7D7FF01200FFFF
(1785076513.968937) can0 19F10D13#A080015B02840063
(1785076513.968990) can0 0CF00400#FF7D7FF01200FFFF
(1785076513.969054) can0 0CF00400#FF7D7FD01200FFFF
(1785076513.969093) can0 0CF00400#FF7D7FA01200FFFF
(1785076513.971412) can0 0CF00400#FF7D7F801200FFFF
(1785076513.971515) can0 09F112F8#FF0D0A0000FF7FFD
(1785076513.971560) can0 18F01D21#EFD41A8000D51A80
(1785076513.971594) can0 0CF00400#FF7D7FA01200FFFF
(1785076513.971624) can0 19F10D13#A17F015B02840063
(1785076513.971652) can0 0CF00400#FF7D7FB01200FFFF
(1785076513.971678) can0 0CF00400#FF7D7FC01200FFFF
(1785076513.971704) can0 0CF00400#FF7D7FF01200FFFF
(1785076513.971730) can0 0CF00400#FF7D7F181300FFFF
(1785076513.971763) can0 18F01D21#EFD41A8000D51A80
(1785076513.973667) can0 18FF50E0#000080937C008003
(1785076513.974866) can0 0CF00400#FF7D7F101300FFFF
(1785076513.974953) can0 19F10D13#A27F015B02840063
(1785076513.975013) can0 0CF00400#FF7D7F101300FFFF
(1785076513.975079) can0 09F112F8#FFB7090000FF7FFD
(1785076513.975115) can0 0CF00400#FF7D7F181300FFFF
(1785076513.975143) can0 0CF00400#FF7D7F101300FFFF
(1785076513.975170) can0 0CF00400#FF7D7FF81200FFFF
(1785076513.975204) can0 18F01D21#EFD41A8000D51A80
(1785076513.975230) can0 0CF00400#FF7D7F101300FFFF
(1785076513.975254) can0 09F8021C#4DFC3C01AB00FFFF
(1785076513.975278) can0 19F10D13#A380015B02840063
(1785076513.975302) can0 09F8011C#FE832718CC9F53C1
(1785076513.975326) can0 18FEE81C#E80030069A633E81
(1785076513.975350) can0 0CF00400#FF7D7F181300FFFF
(1785076513.975375) can0 0CF00400#FF7D7F101300FFFF
(1785076513.975398) can0 0CF00400#FF7D7F301300FFFF
(1785076513.975422) can0 09F112F8#FF67090000FF7FFD
(1785076513.975446) can0 0CF00400#FF7D7F301300FFFF
(1785076513.976902) can0 18F01D21#EFD41A8000D51A80
(1785076513.976983) can0 0CF00400#FF7D7F301300FFFF
(1785076513.977022) can0 19F10D13#A480015B02840063
(1785076513.977069) can0 0CF00400#FF7D7F401300FFFF
(1785076513.977098) can0 0CF00400#FF7D7F501300FFFF
(1785076513.977124) can0 0CF00400#FF7D7F301300FFFF
(1785076513.979074) can0 0CF00400#FF7D7F281300FFFF
(1785076513.979150) can0 18F01D21#EFD41A8000D51A80
(1785076513.979210) can0 0CF00400#FF7D7F401300FFFF
(1785076513.979240) can0 09F112F8#FF19090000FF7FFD
(1785076513.979268) can0 19F10D13#A580015B02840063
(1785076513.979294) can0 0CF00400#FF7D7F481300FFFF
(1785076513.979319) can0 0CF00400#FF7D7F501300FFFF
(1785076513.979343) can0 0CF00400#FF7D7F601300FFFF
(1785076513.982813) can0 0CF00400#FF7D7F601300FFFF
(1785076513.982904) can0 18F01D21#EFD41A8000D51A80
(1785076513.982985) can0 0CF00400#FF7D7F601300FFFF
(1785076513.983054) can0 19F10D13#A680015B02840063
(1785076513.983113) can0 0CF00400#FF7D7F581300FFFF
(1785076513.983163) can0 0CF00400#FF7D7F401300FFFF
(1785076513.983212) can0 09F112F8#FFC4080000FF7FFD
(1785076513.983260) can0 0CF00400#FF7D7F181300FFFF
(1785076513.983309) can0 0CF00400#FF7D7FF81200FFFF
(1785076513.983357) can0 18F01D21#EFD41A8000D51A80
(1785076513.983423) can0 0CF00400#FF7D7F001300FFFF
(1785076513.983471) can0 19F10D13#A780015B02840063
(1785076513.983519) can0 0CF00400#FF7D7FE01200FFFF
(1785076513.983567) can0 0CF00400#FF7D7EB81200FFFF
(1785076513.983614) can0 0CF00400#FF7D7FC81200FFFF
(1785076513.983662) can0 0CF00400#FF7D7FF81200FFFF
(1785076513.983710) can0 09F112F8#FF86080000FF7FFD
(1785076513.983758) can0 18F01D21#EFD41A8000D51A80
(1785076513.984777) can0 0CF00400#FF7D7F181300FFFF
(1785076513.984866) can0 19F10D13#A881015B02840062
(1785076513.984945) can0 0CF00400#FF7D7F181300FFFF
(1785076513.984997) can0 09F8021C#4EFC7100A900FFFF
(1785076513.985062) can0 09F8011C#56842718C89F53C1
(1785076513.985097) can0 18FEE81C#530018069A633D81
(1785076513.985124) can0 0CF00400#FF7D7FE81200FFFF
(1785076513.985150) can0 0CF00400#FF7D7FC81200FFFF
(1785076513.989244) can0 0CF00400#FF7D7FC81200FFFF
(1785076513.989335) can0 18F01D21#EFD41A8000D51A80
(1785076513.989381) can0 0CF00400#FF7D7FC01200FFFF
(1785076513.989424) can0 19F10D13#A980015B02840063
(1785076513.989450) can0 0CF00400#FF7D7FA01200FFFF
(1785076513.989475) can0 09F112F8#FF3F080000FF7FFD
(1785076513.989501) can0 0CF00400#FF7D7FB81200FFFF
(1785076513.989525) can0 0CF00400#FF7D7FC81200FFFF
(1785076513.989548) can0 0CF00400#FF7D7FD81200FFFF
(1785076513.989572) can0 18F01D21#EFD41A8000D51A80
(1785076513.989595) can0 0CF00400#FF7D7FE01200FFFF
(1785076513.989627) can0 19F10D13#AA80015B02840063
(1785076513.989650) can0 0CF00400#FF7D7F901200FFFF
(1785076513.989673) can0 0CF00400#FF7D7F701200FFFF
(1785076513.989697) can0 0CF00400#FF7D7F601200FFFF
(1785076513.989720) can0 09F112F8#FFEC070000FF7FFD
(1785076513.989743) can0 0CF00400#FF7D7F381200FFFF
(1785076513.989766) can0 18F01D21#EFD41A8000D51A80
(1785076513.992723) can0 0CF00400#FF7D7F301200FFFF
(1785076513.992842) can0 19F10D13#AB80015B02840063
(1785076513.992905) can0 0CF00400#FF7D7F401200FFFF
(1785076513.992958) can0 0CF00400#FF7D7F581200FFFF
(1785076513.993009) can0 0CF00400#FF7D7F781200FFFF
(1785076513.993074) can0 0CF00400#FF7D7F981200FFFF
(1785076513.993122) can0 18F01D21#03FA1A8000701D80
(1785076513.993153) can0 0CF00400#FF7D7FA81200FFFF
(1785076513.993181) can0 09F112F8#FFAF070000FF7FFD
(1785076513.993208) can0 19F10D13#AC80015B02840063
(1785076513.993242) can0 0CF00400#FF7D7F981200FFFF
(1785076513.993267) can0 0CF00400#FF7D7F901200FFFF
(1785076513.993291) can0 0CF00400#FF7D7F981200FFFF
(1785076513.996184) can0 0CF00400#FF7D7FA81200FFFF
(1785076513.996278) can0 18F01D21#1AFD1A8000701D80
(1785076513.996325) can0 0CF00400#FF7D7FB01200FFFF
(1785076513.996359) can0 19F10D13#AD7F015B02840063
(1785076513.996399) can0 0CF00400#FF7D7FD01200FFFF
(1785076513.996426) can0 09F8021C#4FFC9500AF00FFFF
(1785076513.996453) can0 09F8011C#D8842718CC9F53C1
(1785076513.996478) can0 18FEE81C#6E0050069A633C81
(1785076513.996502) can0 0CF00400#FF7D7FC01200FFFF
(1785076513.996527) can0 09F112F8#FF74070000FF7FFD
(1785076513.996552) can0 0CF00400#FF7D7FB81200FFFF
(1785076513.996577) can0 0CF00400#FF7D7FD01200FFFF
(1785076513.996601) can0 18F01D21#1AFD1A8000701D80
(1785076513.996625) can0 0CF00400#FF7D7FE81200FFFF
(1785076513.996649) can0 19F10D13#AE80015B02840063
(1785076513.996681) can0 0CF00400#FF7D7FC81200FFFF
(1785076513.996705) can0 0CF00400#FF7D7FB81200FFFF
(1785076514.000257) can0 0CF00400#FF7D7FB81200FFFF
(1785076514.000349) can0 0CF00400#FF7D7F981200FFFF
(1785076514.000394) can0 09F112F8#FF23070000FF7FFD
(1785076514.000427) can0 18F01D21#72FD1A8000701D80
(1785076514.000455) can0 0CF00400#FF7D7F981200FFFF
(1785076514.000480) can0 19F10D13#AF7F015B02840063
(1785076514.000505) can0 0CF00400#FF7D7FA01200FFFF
(1785076514.000538) can0 0CF00400#FF7D7FA01200FFFF
(1785076514.000561) can0 0CF00400#FF7D7FA81200FFFF
(1785076514.000585) can0 0CF00400#FF7D7FC81200FFFF
(1785076514.000609) can0 18F01D21#72FD1A8000701D80
(1785076514.000633) can0 0CF00400#FF7D7FE81200FFFF
(1785076514.000656) can0 19F10D13#B080015B02840063
(1785076514.000679) can0 0CF00400#FF7D7FD81200FFFF
(1785076514.000704) can0 09F112F8#FFDD060000FF7FFD
(1785076514.000735) can0 0CF00400#FF7D7FC81200FFFF
(1785076514.004164) can0 0CF00400#FF7D7FD81200FFFF
(1785076514.004257) can0 0CF00400#FF7D7FD81200FFFF
(1785076514.004319) can0 18F01D21#72FD1A8000701D80
(1785076514.004371) can0 0CF00400#FF7D7FB01200FFFF
(1785076514.004420) can0 19F10D13#B17F015B02840063
(1785076514.004469) can0 0CF00400#FF7D7FC81200FFFF
(1785076514.004536) can0 0CF00400#FF7D7FE81200FFFF
(1785076514.004586) can0 09F112F8#FF86060000FF7FFD
(1785076514.004635) can0 0CF00400#FF7D7FF01200FFFF
(1785076514.004683) can0 0CF00400#FF7D7FF01200FFFF
(1785076514.004731) can0 18F01D21#72FD1A8000701D80
(1785076514.004780) can0 0CF00400#FF7D7F201300FFFF
(1785076514.004827) can0 19F10D13#B27F015B02840063
(1785076514.004875) can0 0CF00400#FF7D7F101300FFFF
(1785076514.004942) can0 09F8021C#50FC3CF4AD00FFFF
(1785076514.004990) can0 09F8011C#2A852718CE9F53C1
(1785076514.005038) can0 0CF00400#FF7D7FF81200FFFF
(1785076514.005091) can0 18FEE81C#22B340069A633D81
(1785076514.005118) can0 0CF00400#FF7D7F001300FFFF
(1785076514.008789) can0 0CF00400#FF7D7F101300FFFF
(1785076514.008880) can0 18F01D21#7AFE1A8000701D80
(1785076514.008942) can0 0CF00400#FF7D7FF81200FFFF
(1785076514.008997) can0 09F112F8#FF25060000FF7FFD
(1785076514.009065) can0 19F10D13#B37F015B02840063
(1785076514.009101) can0 0CF00400#FF7D7FE81200FFFF
(1785076514.009138) can0 0CF00400#FF7D7FD01200FFFF
(1785076514.009165) can0 0CF00400#FF7D7FD81200FFFF
(1785076514.009190) can0 0CF00400#FF7D7F001300FFFF
(1785076514.009216) can0 18F01D21#50041B8000701D80
(1785076514.009241) can0 0CF00400#FF7D7F101300FFFF
(1785076514.009267) can0 19F10D13#B47F015B02840063
(1785076514.009292) can0 0CF00400#FF7D7F181300FFFF
(1785076514.009326) can0 09F112F8#FFDC050000FF7FFD
(1785076514.009351) can0 0CF00400#FF7D7FF01200FFFF
(1785076514.009375) can0 0CF00400#FF7D7FC81200FFFF
(1785076514.010568) can0 0CF00400#FF7D7FC01200FFFF
(1785076514.010652) can0 18F01D21#D60A1B8000701D80
(1785076514.010697) can0 0CF00400#FF7D7FC81200FFFF
(1785076514.010734) can0 19F10D13#B57F015B02840063
(1785076514.010762) can0 0CF00400#FF7D7FA01200FFFF
(1785076514.010796) can0 0CF00400#FF7D7F881200FFFF
(1785076514.013903) can0 0CF00400#FF7D7F801200FFFF
(1785076514.013999) can0 09F112F8#FF98050000FF7FFD
(1785076514.014076) can0 0CF00400#FF7D7F881200FFFF
(1785076514.014117) can0 18F01D21#9C0E1B8000701D80
(1785076514.014146) can0 0CF00400#FF7D7F901200FFFF
(1785076514.014172) can0 19F10D13#B67F015B02840063
(1785076514.014197) can0 0CF00400#FF7D7F881200FFFF
(1785076514.014230) can0 0CF00400#FF7D7F881200FFFF
(1785076514.014255) can0 0CF00400#FF7D7F781200FFFF
(1785076514.014279) can0 0CF00400#FF7D7F581200FFFF
(1785076514.014303) can0 18F01D21#9C0E1B8000701D80
(1785076514.014327) can0 0CF00400#FF7D7F501200FFFF
(1785076514.014350) can0 09F112F8#FF4D050000FF7FFD
(1785076514.014374) can0 19F10D13#B77F015B02840063
(1785076514.014397) can0 0CF00400#FF7D7F581200FFFF
(1785076514.017627) can0 0CF00400#FF7D7F801200FFFF
(1785076514.017746) can0 09F8021C#51FCE4F4AC00FFFF
(1785076514.017822) can0 09F8011C#98852718D09F53C1
(1785076514.017874) can0 18FEE81C#9DB338069A633E81
(1785076514.017924) can0 0CF00400#FF7D7FA81200FFFF
(1785076514.017972) can0 0CF00400#FF7D7FD01200FFFF
(1785076514.018020) can0 18F01D21#9C0E1B8000701D80
(1785076514.018076) can0 0CF00400#FF7D7FD81200FFFF
(1785076514.018106) can0 19F10D13#B87F015B02840063
(1785076514.018131) can0 0CF00400#FF7D7FC81200FFFF
(1785076514.018156) can0 0CF00400#FF7D7FD01200FFFF
(1785076514.018189) can0 09F112F8#FF12050000FF7FFD
(1785076514.018213) can0 0CF00400#FF7D7FD01200FFFF
(1785076514.018237) can0 0CF00400#FF7D7FC81200FFFF
(1785076514.018261) can0 18F01D21#B3111B8000701D80
(1785076514.018286) can0 0CF00400#FF7D7FD81200FFFF
(1785076514.018309) can0 19F10D13#B97F015B02840063
(1785076514.018333) can0 0CF00400#FF7D7FB01200FFFF
(1785076514.021968) can0 0CF00400#FF7D7F981200FFFF
(1785076514.022214) can0 0CF00400#FF7D7FB01200FFFF
(1785076514.022285) can0 0CF00400#FF7D7FE01200FFFF
(1785076514.022323) can0 09F112F8#FFC9040000FF7FFD
(1785076514.022352) can0 18F01D21#63121B8000701D80
(1785076514.022378) can0 0CF00400#FF7D7FE01200FFFF
(1785076514.022403) can0 19F10D13#BA7E015B02840064
(1785076514.022428) can0 0CF00400#FF7D7FD81200FFFF
(1785076514.022453) can0 0CF00400#FF7D7FD81200FFFF
(1785076514.022485) can0 0CF00400#FF7D7FC81200FFFF
(1785076514.022509) can0 0CF00400#FF7D7FA81200FFFF
(1785076514.022533) can0 18F01D21#63121B8000701D80
(1785076514.022556) can0 0CF00400#FF7D7FC81200FFFF
(1785076514.022579) can0 19F10D13#BB7E015B02840064
(1785076514.022603) can0 0CF00400#FF7D7FD81200FFFF
(1785076514.022626) can0 09F112F8#FF91040000FF7FFD
(1785076514.022650) can0 0CF00400#FF7D7FE01200FFFF
(1785076514.026223) can0 0CF00400#FF7D7F001300FFFF
(1785076514.026306) can0 0CF00400#FF7D7F201300FFFF
(1785076514.026349) can0 18F01D21#0B121B8000701D80
(1785076514.026380) can0 0CF00400#FF7D7F181300FFFF
(1785076514.026407) can0 19F10D13#BC7F015B02840063
(1785076514.026432) can0 0CF00400#FF7D7F201300FFFF
(1785076514.026456) can0 0CF00400#FF7D7F081300FFFF
(1785076514.026481) can0 09F8021C#52FC65F4AE00FFFF
(1785076514.026512) can0 09F8011C#E0852718D29F53C1
(1785076514.026545) can0 18FEE81C#C7B240069A633F81
(1785076514.026569) can0 0CF00400#FF7D7FE01200FFFF
(1785076514.026593) can0 09F112F8#FF5A040000FF7FFD
(1785076514.026618) can0 0CF00400#FF7D7FF01200FFFF
(1785076514.026642) can0 18F01D21#63121B8000701D80
(1785076514.026666) can0 0CF00400#FF7D7F201300FFFF
(1785076514.026704) can0 19F10D13#BD7E015B02840064
(1785076514.026729) can0 0CF00400#FF7D7FD01200FFFF
(1785076514.026753) can0 0CF00400#FF7D7FD81200FFFF
(1785076514.030283) can0 0CF00400#FF7D7FF81200FFFF
(1785076514.030365) can0 0CF00400#FF7D7F081300FFFF
(1785076514.030410) can0 18F01D21#0B121B8000701D80
(1785076514.030442) can0 0CF00400#FF7D7F201300FFFF
(1785076514.030469) can0 09F112F8#FF25040000FF7FFD
(1785076514.030494) can0 19F10D13#BE7F015B02840063
(1785076514.030520) can0 0CF00400#FF7D7F301300FFFF
(1785076514.030543) can0 0CF00400#FF7D7F281300FFFF
(1785076514.030576) can0 0CF00400#FF7D7F081300FFFF
(1785076514.030600) can0 0CF00400#FF7D7FF81200FFFF
(1785076514.030624) can0 18F01D21#0B121B8000701D80
(1785076514.030647) can0 0CF00400#FF7D7F081300FFFF
(1785076514.030671) can0 19F10D13#BF7E015B02840064
(1785076514.030694) can0 0CF00400#FF7D7F201300FFFF
(1785076514.030718) can0 09F112F8#FFF0030000FF7FFD
(1785076514.030740) can0 0CF00400#FF7D7F281300FFFF
(1785076514.034033) can0 0CF00400#FF7D7F301300FFFF
(1785076514.034156) can0 0CF00400#FF7D7F381300FFFF
(1785076514.034198) can0 18F01D21#63121B8000701D80
(1785076514.034229) can0 0CF00400#FF7D7F401300FFFF
(1785076514.034257) can0 19F10D13#C07E015B02840064
(1785076514.034283) can0 0CF00400#FF7D7F281300FFFF
(1785076514.034307) can0 0CF00400#FF7D7FE81200FFFF
(1785076514.034331) can0 0CF00400#FF7D7FC81200FFFF
(1785076514.034363) can0 09F112F8#FFB3030000FF7FFD
(1785076514.034387) can0 0CF00400#FF7D7FD81200FFFF
(1785076514.034412) can0 18F01D21#BB121B8000701D80
(1785076514.034437) can0 0CF00400#FF7D7FC81200FFFF
(1785076514.034460) can0 19F10D13#C17E015B02840064
(1785076514.034483) can0 0CF00400#FF7D7FA01200FFFF
(1785076514.037604) can0 0CF00400#FF7D7FA01200FFFF
(1785076514.037701) can0 09F8021C#53FC5FF4AB00FFFF
(1785076514.037762) can0 0CF00400#FF7D7FC01200FFFF
(1785076514.037813) can0 09F8011C#50862718D09F53C1
(1785076514.037863) can0 18FEE81C#3CB328069A634081
(1785076514.037954) can0 0CF00400#FF7D7FD01200FFFF
(1785076514.038014) can0 18F01D21#A11A1B8000701D80
(1785076514.038074) can0 0CF00400#FF7D7FC81200FFFF
(1785076514.038105) can0 09F112F8#FF66030000FF7FFD
(1785076514.038131) can0 19F10D13#C27E015B02840064
(1785076514.038156) can0 0CF00400#FF7D7FB01200FFFF
(1785076514.038182) can0 0CF00400#FF7D7FB01200FFFF
(1785076514.038207) can0 0CF00400#FF7D7F981200FFFF
(1785076514.038240) can0 0CF00400#FF7D7FA81200FFFF
(1785076514.038264) can0 18F01D21#E6231B8000701D80
(1785076514.038288) can0 0CF00400#FF7D7FB01200FFFF
(1785076514.038313) can0 19F10D13#C37E015B02840064
(1785076514.038337) can0 0CF00400#FF7D7FA01200FFFF
(1785076514.042189) can0 0CF00400#FF7D7FA01200FFFF
(1785076514.042295) can0 09F112F8#FF19030000FF7FFD
(1785076514.042347) can0 0CF00400#FF7D7FE01200FFFF
(1785076514.042388) can0 0CF00400#FF7D7F081300FFFF
(1785076514.042416) can0 18F01D21#4D261B8000701D80
(1785076514.042442) can0 0CF00400#FF7D7F181300FFFF
(1785076514.042467) can0 19F10D13#C47E015B02840064
(1785076514.042492) can0 0CF00400#FF7D7F101300FFFF
(1785076514.042517) can0 0CF00400#FF7D7F201300FFFF
(1785076514.042541) can0 0CF00400#FF7D7F101300FFFF
(1785076514.042573) can0 0CF00400#FF7D7F101300FFFF
(1785076514.042598) can0 09F112F8#FFCB020000FF7FFD
(1785076514.042622) can0 18F01D21#4D261B8000701D80
(1785076514.042646) can0 0CF00400#FF7D7F001300FFFF
(1785076514.042670) can0 19F10D13#C57D015B02840064
(1785076514.042694) can0 0CF00400#FF7D7F201300FFFF
(1785076514.042717) can0 0CF00400#FF7D7F401300FFFF
(1785076514.046193) can0 0CF00400#FF7D7F301300FFFF
(1785076514.046297) can0 0CF00400#FF7D7F501300FFFF
(1785076514.046340) can0 18F01D21#5C281B8000701D80
(1785076514.046370) can0 0CF00400#FF7D7F501300FFFF
(1785076514.046398) can0 19F10D13#C67D015B02840064
(1785076514.046423) can0 09F112F8#FF94020000FF7FFD
(1785076514.046447) can0 0CF00400#FF7D7F481300FFFF
(1785076514.046472) can0 0CF00400#FF7D7F581300FFFF
(1785076514.046496) can0 0CF00400#FF7D7F781300FFFF
(1785076514.046520) can0 09F8021C#54FC7BF4A600FFFF
(1785076514.046544) can0 09F8011C#B2862718CE9F53C1
(1785076514.046568) can0 18FEE81C#50B30006B0634181
(1785076514.046592) can0 0CF00400#FF7D7FA01300FFFF
(1785076514.046624) can0 18F01D21#6C2A1B8000701D80
(1785076514.046649) can0 0CF00400#FF7D7F981300FFFF
(1785076514.046672) can0 19F10D13#C77E015B02840064
(1785076514.046695) can0 0CF00400#FF7D7F681300FFFF
(1785076514.046719) can0 0CF00400#FF7D7F181300FFFF
(1785076514.050356) can0 0CF00400#FF7D7FF81200FFFF
(1785076514.050447) can0 09F112F8#FF61020000FF7FFD
(1785076514.050493) can0 0CF00400#FF7D7F201300FFFF
(1785076514.050535) can0 18F01D21#6C2A1B8000701D80
(1785076514.050563) can0 0CF00400#FF7D7F081300FFFF
(1785076514.050587) can0 19F10D13#C87C015B02840065
(1785076514.050611) can0 0CF00400#FF7D7FF01200FFFF
(1785076514.050635) can0 0CF00400#FF7D7F081300FFFF
(1785076514.050658) can0 0CF00400#FF7D7F281300FFFF
(1785076514.050681) can0 0CF00400#FF7D7FF81200FFFF
(1785076514.050713) can0 18F01D21#6C2A1B8000701D80
(1785076514.050737) can0 09F112F8#FF21020000FF7FFD
(1785076514.050761) can0 0CF00400#FF7D7F001300FFFF
(1785076514.050783) can0 19F10D13#C97E015B02840064
(1785076514.050807) can0 0CF00400#FF7D7F181300FFFF
(1785076514.050829) can0 0CF00400#FF7D7F101300FFFF
