(1785078658.474704) can0 18F01D21#B4241C8000D11580
(1785078658.475113) can0 09F112F8#FFFF1D0000FF7FFD
(1785078658.475172) can0 0CF00400#FF7D7F001200FFFF
(1785078658.475586) can0 19F10D13#0D70015B0284006C
(1785078658.475642) can0 0CF00400#FF7D7FC81100FFFF
(1785078658.475953) can0 0CF00400#FF7D7F901100FFFF
(1785078658.476204) can0 0CF00400#FF7D7F881100FFFF
(1785078658.477473) can0 0CF00400#FF7D7FA01100FFFF
(1785078658.477510) can0 18F01D21#4BF41B8000D11580
(1785078658.477532) can0 0CF00400#FF7D80C81100FFFF
(1785078658.477558) can0 19F10D13#0E73015B0284006A
(1785078658.477575) can0 0CF00400#FF7D80F81100FFFF
(1785078658.478029) can0 09F112F8#FFFF1D0000FF7FFD
(1785078658.478081) can0 0CF00400#FF7D80181200FFFF
(1785078658.478421) can0 0CF00400#FF7D80001200FFFF
(1785078658.478611) can0 0CF00400#FF7D80E01100FFFF
(1785078658.478761) can0 18F01D21#FAC61B8000D11580
(1785078658.480116) can0 0CF00400#FF7D80D01100FFFF
(1785078658.480176) can0 19F10D13#0F74015B02840069
(1785078658.480201) can0 0CF00400#FF7D80E81100FFFF
(1785078658.480219) can0 0CF00400#FF7D80F81100FFFF
(1785078658.480235) can0 0CF00400#FF7D80081200FFFF
(1785078658.480251) can0 09F8021C#2FFC520FAB00FFFF
(1785078658.480267) can0 09F8011C#A27C2718589D53C1
(1785078658.480282) can0 18FEE81C#3D0B30061E644581
(1785078658.480860) can0 09F112F8#FF041E0000FF7FFD
(1785078658.480906) can0 0CF00400#FF7D80301200FFFF
(1785078658.480932) can0 18F01D21#6B911B8000D11580
(1785078658.480953) can0 0CF00400#FF7D80601200FFFF
(1785078658.481435) can0 19F10D13#1076015B02840068
(1785078658.481483) can0 0CF00400#FF7D80901200FFFF
(1785078658.482820) can0 0CF00400#FF7D80C01200FFFF
(1785078658.482857) can0 0CF00400#FF7D80D01200FFFF
(1785078658.482881) can0 0CF00400#FF7D80C01200FFFF
(1785078658.482898) can0 18F01D21#56551B8000D11580
(1785078658.483187) can0 0CF00400#FF7D80B01200FFFF
(1785078658.483228) can0 09F112F8#FF0F1E0000FF7FFD
(1785078658.483248) can0 19F10D13#1179015B02840067
(1785078658.483583) can0 0CF00400#FF7D80A81200FFFF
(1785078658.483804) can0 0CF00400#FF7D80E81200FFFF
(1785078658.485064) can0 0CF00400#FF7D80101300FFFF
(1785078658.485098) can0 0CF00400#FF7D80301300FFFF
(1785078658.485118) can0 18F01D21#7A151B8000AC1480
(1785078658.485135) can0 0CF00400#FF7D80581300FFFF
(1785078658.485542) can0 19F10D13#127B015B02840066
(1785078658.485586) can0 0CF00400#FF7D80781300FFFF
(1785078658.485872) can0 0CF00400#FF7D80781300FFFF
(1785078658.486047) can0 09F112F8#FF131E0000FF7FFD
(1785078658.486375) can0 0CF00400#FF7D7F601300FFFF
(1785078658.487713) can0 0CF00400#FF7D7F681300FFFF
(1785078658.487840) can0 18F01D21#DFBB1A8000AC1480
(1785078658.487915) can0 0CF00400#FF7D7F501300FFFF
(1785078658.487998) can0 19F10D13#137F015B02840063
(1785078658.488089) can0 0CF00400#FF7D7F281300FFFF
(1785078658.488148) can0 0CF00400#FF7D7F181300FFFF
(1785078658.488197) can0 0CF00400#FF7D7F101300FFFF
(1785078658.489523) can0 0CF00400#FF7D7F081300FFFF
(1785078658.489658) can0 18F01D21#3F561A8000AC1480
(1785078658.489744) can0 09F112F8#FF121E0000FF7FFD
(1785078658.489809) can0 0CF00400#FF7D7F201300FFFF
(1785078658.489882) can0 19F10D13#1482015B02840062
(1785078658.489934) can0 0CF00400#FF7D7F381300FFFF
(1785078658.489984) can0 0CF00400#FF7D7F481300FFFF
(1785078658.490395) can0 0CF00400#FF7D7F581300FFFF
(1785078658.490505) can0 09F8021C#30FC510DA900FFFF
(1785078658.490565) can0 09F8011C#C87C2718769D53C1
(1785078658.490621) can0 18FEE81C#C50918061E644381
(1785078658.490673) can0 0CF00400#FF7D7F381300FFFF
(1785078658.490723) can0 18F01D21#ABFD198000AC1480
(1785078658.492630) can0 0CF00400#FF7D7F201300FFFF
(1785078658.492764) can0 19F10D13#1585015B02840060
(1785078658.492824) can0 0CF00400#FF7D7F301300FFFF
(1785078658.492868) can0 09F112F8#FF091E0000FF7FFD
(1785078658.492907) can0 0CF00400#FF7D7F401300FFFF
(1785078658.492942) can0 0CF00400#FF7D7F201300FFFF
(1785078658.492974) can0 0CF00400#FF7D7F381300FFFF
(1785078658.493007) can0 18F01D21#59B9198000AC1480
(1785078658.493038) can0 0CF00400#FF7D7F601300FFFF
(1785078658.494586) can0 19F10D13#1689015B0284005E
(1785078658.494679) can0 0CF00400#FF7D7F601300FFFF
(1785078658.494736) can0 0CF00400#FF7D7F581300FFFF
(1785078658.494780) can0 0CF00400#FF7D7F281300FFFF
(1785078658.494818) can0 09F112F8#FFFB1D0000FF7FFD
(1785078658.494854) can0 0CF00400#FF7D7F001300FFFF
(1785078658.494887) can0 18F01D21#ED93198000AC1480
(1785078658.497351) can0 0CF00400#FF7D7FF81200FFFF
(1785078658.497437) can0 19F10D13#1789015B0284005E
(1785078658.497520) can0 0CF00400#FF7D7FF01200FFFF
(1785078658.497574) can0 0CF00400#FF7D7FC81200FFFF
(1785078658.497627) can0 0CF00400#FF7D7FA81200FFFF
(1785078658.497678) can0 0CF00400#FF7D7FA81200FFFF
(1785078658.497730) can0 18F01D21#D284198000AC1480
(1785078658.497782) can0 0CF00400#FF7D7FA01200FFFF
(1785078658.497833) can0 09F112F8#FFEB1D0000FF7FFD
(1785078658.497883) can0 19F10D13#188A015B0284005D
(1785078658.497954) can0 0CF00400#FF7D7FB01200FFFF
(1785078658.498005) can0 0CF00400#FF7D7FC81200FFFF
(1785078658.498576) can0 0CF00400#FF7D7FC01200FFFF
(1785078658.498632) can0 0CF00400#FF7D7FA81200FFFF
(1785078658.499308) can0 18F01D21#7283198000AC1480
(1785078658.499373) can0 0CF00400#FF7D7F781200FFFF
(1785078658.499413) can0 19F10D13#1989015B0284005E
(1785078658.499455) can0 0CF00400#FF7D7F901200FFFF
(1785078658.500838) can0 0CF00400#FF7D7FA01200FFFF
(1785078658.500927) can0 09F112F8#FFD31D0000FF7FFD
(1785078658.500988) can0 0CF00400#FF7D7FB01200FFFF
(1785078658.501057) can0 09F8021C#31FC1D0EA800FFFF
(1785078658.501107) can0 09F8011C#F27C27188C9D53C1
(1785078658.501135) can0 0CF00400#FF7D7FC01200FFFF
(1785078658.501163) can0 18FEE81C#5A0A10061E644381
(1785078658.501189) can0 18F01D21#6B82198000AC1480
(1785078658.501216) can0 0CF00400#FF7D7FB81200FFFF
(1785078658.501243) can0 19F10D13#1A89015B0284005E
(1785078658.502072) can0 0CF00400#FF7D7FA81200FFFF
(1785078658.502141) can0 0CF00400#FF7D7F981200FFFF
(1785078658.502172) can0 0CF00400#FF7D7F801200FFFF
(1785078658.503556) can0 0CF00400#FF7D7F401200FFFF
(1785078658.503621) can0 09F112F8#FFBD1D0000FF7FFD
(1785078658.503668) can0 18F01D21#6B82198000AC1480
(1785078658.503704) can0 0CF00400#FF7D7F401200FFFF
(1785078658.503748) can0 19F10D13#1B8A015B0284005D
(1785078658.503776) can0 0CF00400#FF7D7F481200FFFF
(1785078658.503814) can0 0CF00400#FF7D7F501200FFFF
(1785078658.504532) can0 0CF00400#FF7D7F701200FFFF
(1785078658.504583) can0 0CF00400#FF7D7F781200FFFF
(1785078658.504848) can0 18F01D21#1382198000AC1480
(1785078658.505063) can0 0CF00400#FF7D7F981200FFFF
(1785078658.506284) can0 19F10D13#1C8A015B0284005D
(1785078658.506321) can0 0CF00400#FF7D7FC81200FFFF
(1785078658.506367) can0 09F112F8#FFA51D0000FF7FFD
(1785078658.506398) can0 0CF00400#FF7D7FE81200FFFF
(1785078658.506413) can0 0CF00400#FF7D7FC01200FFFF
(1785078658.506868) can0 0CF00400#FF7D7F981200FFFF
(1785078658.506908) can0 18F01D21#1382198000AC1480
(1785078658.506960) can0 0CF00400#FF7D7FB81200FFFF
(1785078658.507269) can0 19F10D13#1D8B015B0284005D
(1785078658.507469) can0 0CF00400#FF7D7FC01200FFFF
(1785078658.508689) can0 0CF00400#FF7D7FC81200FFFF
(1785078658.508721) can0 0CF00400#FF7D7FD01200FFFF
(1785078658.508740) can0 09F112F8#FF921D0000FF7FFD
(1785078658.508756) can0 0CF00400#FF7D7FA81200FFFF
(1785078658.508772) can0 18F01D21#BB81198000AC1480
(1785078658.509235) can0 0CF00400#FF7D7FA01200FFFF
(1785078658.509362) can0 19F10D13#1E8A015B0284005D
(1785078658.509386) can0 0CF00400#FF7D7FC01200FFFF
(1785078658.510832) can0 0CF00400#FF7D7FD01200FFFF
(1785078658.510863) can0 0CF00400#FF7D7FC81200FFFF
(1785078658.510882) can0 0CF00400#FF7D7FE01200FFFF
(1785078658.510898) can0 09F8021C#32FC720EAA00FFFF
(1785078658.510912) can0 09F8011C#427D2718BC9D53C1
(1785078658.510927) can0 18F01D21#6381198000AC1480
(1785078658.510941) can0 18FEE81C#990A200620644281
(1785078658.510954) can0 0CF00400#FF7D7FF01200FFFF
(1785078658.511281) can0 09F112F8#FF831D0000FF7FFD
(1785078658.511310) can0 19F10D13#1F89015B0284005E
(1785078658.512045) can0 0CF00400#FF7D7FF81200FFFF
(1785078658.512101) can0 0CF00400#FF7D7FE81200FFFF
(1785078658.512168) can0 0CF00400#FF7D7FE01200FFFF
(1785078658.512595) can0 0CF00400#FF7D7FD81200FFFF
(1785078658.512830) can0 18F01D21#6381198000AC1480
(1785078658.513078) can0 0CF00400#FF7D7FD01200FFFF
(1785078658.513288) can0 19F10D13#208B015B0284005D
(1785078658.513334) can0 0CF00400#FF7D7FD81200FFFF
(1785078658.514787) can0 0CF00400#FF7D7FF01200FFFF
(1785078658.514821) can0 09F112F8#FF781D0000FF7FFD
(1785078658.514841) can0 0CF00400#FF7D7FF81200FFFF
(1785078658.514858) can0 0CF00400#FF7D7FF81200FFFF
(1785078658.514873) can0 18F01D21#6381198000AC1480
(1785078658.515353) can0 0CF00400#FF7D7FF81200FFFF
(1785078658.515389) can0 19F10D13#218A015B0284005D
(1785078658.515409) can0 0CF00400#FF7D7FF01200FFFF
(1785078658.516878) can0 0CF00400#FF7D7FE81200FFFF
(1785078658.516911) can0 0CF00400#FF7D7FE81200FFFF
(1785078658.516931) can0 09F112F8#FF6C1D0000FF7FFD
(1785078658.516948) can0 0CF00400#FF7D7FF01200FFFF
(1785078658.516962) can0 18F01D21#6381198000AC1480
(1785078658.516976) can0 0CF00400#FF7D7F001300FFFF
(1785078658.517499) can0 19F10D13#2289015B0284005E
(1785078658.517548) can0 0CF00400#FF7D7F101300FFFF
(1785078658.517850) can0 0CF00400#FF7D7F101300FFFF
(1785078658.519147) can0 0CF00400#FF7D7FF01200FFFF
(1785078658.519191) can0 0CF00400#FF7D7FD81200FFFF
(1785078658.519215) can0 18F01D21#6381198000AC1480
(1785078658.519233) can0 0CF00400#FF7D7FD01200FFFF
(1785078658.519249) can0 19F10D13#238A015B0284005D
(1785078658.519263) can0 09F112F8#FF571D0000FF7FFD
(1785078658.519847) can0 0CF00400#FF7D7FD01200FFFF
(1785078658.519909) can0 0CF00400#FF7D7FD81200FFFF
(1785078658.521165) can0 0CF00400#FF7D7FD01200FFFF
(1785078658.521209) can0 0CF00400#FF7D7FD81200FFFF
(1785078658.521233) can0 18F01D21#6381198000AC1480
(1785078658.521251) can0 09F8021C#33FC3F0EAC00FFFF
(1785078658.521266) can0 09F8011C#7C7D2718E29D53C1
(1785078658.521281) can0 18FEE81C#730A380620644181
(1785078658.521295) can0 0CF00400#FF7D7FF81200FFFF
(1785078658.521309) can0 19F10D13#248A015B0284005D
(1785078658.521365) can0 0CF00400#FF7D7F181300FFFF
(1785078658.522271) can0 0CF00400#FF7D7F181300FFFF
(1785078658.522316) can0 09F112F8#FF3C1D0000FF7FFD
(1785078658.522349) can0 0CF00400#FF7D7FF81200FFFF
(1785078658.522727) can0 0CF00400#FF7D7FF01200FFFF
(1785078658.522769) can0 18F01D21#6381198000AC1480
(1785078658.523027) can0 0CF00400#FF7D7FD01200FFFF
(1785078658.524258) can0 19F10D13#258A015B0284005D
(1785078658.524292) can0 0CF00400#FF7D7FE01200FFFF
(1785078658.524318) can0 0CF00400#FF7D7FC81200FFFF
(1785078658.524335) can0 0CF00400#FF7D7F901200FFFF
(1785078658.524691) can0 0CF00400#FF7D7FA01200FFFF
(1785078658.524726) can0 09F112F8#FF231D0000FF7FFD
(1785078658.524747) can0 18F01D21#6381198000AC1480
(1785078658.525091) can0 0CF00400#FF7D7FA81200FFFF
(1785078658.525294) can0 19F10D13#268A015B0284005D
(1785078658.525355) can0 0CF00400#FF7D7FB81200FFFF
(1785078658.526803) can0 0CF00400#FF7D7FB01200FFFF
(1785078658.526855) can0 0CF00400#FF7D7F801200FFFF
(1785078658.526877) can0 0CF00400#FF7D7F681200FFFF
(1785078658.526896) can0 18F01D21#0B81198000AC1480
(1785078658.527218) can0 0CF00400#FF7D7F601200FFFF
(1785078658.527255) can0 19F10D13#2789015B0284005E
(1785078658.527573) can0 0CF00400#FF7D7F701200FFFF
(1785078658.527615) can0 09F112F8#FF071D0000FF7FFD
(1785078658.527917) can0 0CF00400#FF7D7F581200FFFF
(1785078658.529174) can0 0CF00400#FF7D7F201200FFFF
(1785078658.529209) can0 0CF00400#FF7D7F401200FFFF
(1785078658.529230) can0 18F01D21#6381198000AC1480
(1785078658.529247) can0 0CF00400#FF7D7F681200FFFF
(1785078658.529262) can0 19F10D13#288A015B0284005D
(1785078658.529721) can0 0CF00400#FF7D7F901200FFFF
(1785078658.529763) can0 0CF00400#FF7D7F981200FFFF
(1785078658.531155) can0 0CF00400#FF7D7F901200FFFF
(1785078658.531195) can0 09F112F8#FFE61C0000FF7FFD
(1785078658.531219) can0 0CF00400#FF7D7F301200FFFF
(1785078658.531237) can0 18F01D21#6381198000AC1480
(1785078658.531253) can0 0CF00400#FF7D7FF01100FFFF
(1785078658.531268) can0 09F8021C#34FC0F0DA900FFFF
(1785078658.531281) can0 09F8011C#AE7D2718FE9D53C1
(1785078658.531296) can0 18FEE81C#9409180620644081
(1785078658.531309) can0 19F10D13#298A015B0284005D
(1785078658.531909) can0 0CF00400#FF7D7FF81100FFFF
(1785078658.531957) can0 0CF00400#FF7D80181200FFFF
(1785078658.532361) can0 0CF00400#FF7D80201200FFFF
(1785078658.532618) can0 0CF00400#FF7D80481200FFFF
(1785078658.532851) can0 18F01D21#0B81198000AC1480
(1785078658.533086) can0 09F112F8#FFCA1C0000FF7FFD
(1785078658.533125) can0 0CF00400#FF7D80881200FFFF
(1785078658.533399) can0 19F10D13#2A8B015B0284005D
(1785078658.533448) can0 0CF00400#FF7D80981200FFFF
(1785078658.534763) can0 0CF00400#FF7D80A81200FFFF
(1785078658.534805) can0 0CF00400#FF7D80C01200FFFF
(1785078658.534825) can0 0CF00400#FF7D80A81200FFFF
(1785078658.534841) can0 18F01D21#6381198000AC1480
(1785078658.535200) can0 0CF00400#FF7D7F881200FFFF
(1785078658.535236) can0 19F10D13#2B8A015B0284005D
(1785078658.535459) can0 0CF00400#FF7D80901200FFFF
(1785078658.536672) can0 09F112F8#FFAA1C0000FF7FFD
(1785078658.536706) can0 0CF00400#FF7D80B81200FFFF
(1785078658.536731) can0 0CF00400#FF7D7FB01200FFFF
(1785078658.536748) can0 0CF00400#FF7D7FC01200FFFF
(1785078658.536762) can0 18F01D21#0B81198000AC1480
(1785078658.537205) can0 0CF00400#FF7D7FE81200FFFF
(1785078658.537241) can0 19F10D13#2C89015B0284005E
(1785078658.537501) can0 0CF00400#FF7D7FF01200FFFF
(1785078658.538892) can0 0CF00400#FF7D7FE81200FFFF
(1785078658.538943) can0 0CF00400#FF7D7FF81200FFFF
(1785078658.538965) can0 09F112F8#FF831C0000FF7FFD
(1785078658.538982) can0 0CF00400#FF7D7FC01200FFFF
(1785078658.538997) can0 18F01D21#0B81198000AC1480
(1785078658.539011) can0 0CF00400#FF7D7F981200FFFF
(1785078658.539538) can0 19F10D13#2D89015B0284005E
(1785078658.539577) can0 0CF00400#FF7D7F781200FFFF
(1785078658.539889) can0 0CF00400#FF7D7F681200FFFF
(1785078658.541174) can0 0CF00400#FF7D7F181200FFFF
(1785078658.541208) can0 0CF00400#FF7D7F201200FFFF
(1785078658.541229) can0 18F01D21#6381198000AC1480
(1785078658.541245) can0 0CF00400#FF7D80501200FFFF
(1785078658.541260) can0 09F112F8#FF631C0000FF7FFD
(1785078658.541274) can0 09F8021C#35FCFB0DAA00FFFF
(1785078658.541287) can0 09F8021C#36FCFB0DAA00FFFF
(1785078658.541301) can0 09F8011C#D87D2718169E53C1
(1785078658.541314) can0 19F10D13#2E89015B0284005E
(1785078658.541326) can0 18FEE81C#410A200641643F81
(1785078658.541339) can0 0CF00400#FF7D80701200FFFF
(1785078658.542399) can0 0CF00400#FF7D80881200FFFF
(1785078658.542473) can0 0CF00400#FF7D80B01200FFFF
(1785078658.542768) can0 0CF00400#FF7D80981200FFFF
(1785078658.542824) can0 18F01D21#6381198000AC1480
(1785078658.543136) can0 0CF00400#FF7D80701200FFFF
(1785078658.543238) can0 19F10D13#2F89015B0284005E
(1785078658.543496) can0 0CF00400#FF7D80581200FFFF
(1785078658.543805) can0 0CF00400#FF7D80701200FFFF
(1785078658.543850) can0 09F112F8#FF451C0000FF7FFD
(1785078658.544162) can0 0CF00400#FF7D80601200FFFF
(1785078658.545421) can0 0CF00400#FF7D80581200FFFF
(1785078658.545465) can0 18F01D21#0B81198000AC1480
(1785078658.545486) can0 0CF00400#FF7D80701200FFFF
(1785078658.545502) can0 19F10D13#3089015B0284005E
(1785078658.545517) can0 0CF00400#FF7D80A01200FFFF
(1785078658.546038) can0 0CF00400#FF7D80C81200FFFF
(1785078658.546269) can0 0CF00400#FF7D80D01200FFFF
(1785078658.547595) can0 09F112F8#FF2B1C0000FF7FFD
(1785078658.547641) can0 0CF00400#FF7D80C01200FFFF
(1785078658.547671) can0 18F01D21#6381198000AC1480
(1785078658.547700) can0 0CF00400#FF7D80B81200FFFF
(1785078658.547727) can0 19F10D13#318A015B0284005D
(1785078658.547755) can0 0CF00400#FF7D80C81200FFFF
(1785078658.547781) can0 0CF00400#FF7D80C81200FFFF
(1785078658.548434) can0 0CF00400#FF7D7FB81200FFFF
(1785078658.548641) can0 0CF00400#FF7D7FD01200FFFF
(1785078658.548831) can0 18F01D21#6381198000AC1480
(1785078658.549116) can0 0CF00400#FF7D80F81200FFFF
(1785078658.549315) can0 19F10D13#328A015B0284005D
(1785078658.549360) can0 09F112F8#FF0C1C0000FF7FFD
(1785078658.549391) can0 0CF00400#FF7D80181300FFFF
(1785078658.550870) can0 0CF00400#FF7D7F081300FFFF
(1785078658.550918) can0 0CF00400#FF7D7F001300FFFF
(1785078658.550961) can0 0CF00400#FF7D7FE81200FFFF
(1785078658.550990) can0 18F01D21#6381198000AC1480
(1785078658.551017) can0 0CF00400#FF7D7FE01200FFFF
(1785078658.551490) can0 19F10D13#338A015B0284005D
(1785078658.551533) can0 0CF00400#FF7D7FD81200FFFF
(1785078658.551569) can0 09F8021C#37FC7E0DAC00FFFF
(1785078658.551587) can0 09F8011C#387E27184A9E53C1
(1785078658.551602) can0 18FEE81C#E609380645643E81
(1785078658.552159) can0 0CF00400#FF7D7F901200FFFF
(1785078658.552205) can0 09F112F8#FFEB1B0000FF7FFD
(1785078658.552230) can0 0CF00400#FF7D7F801200FFFF
(1785078658.552594) can0 0CF00400#FF7D7F801200FFFF
(1785078658.552798) can0 18F01D21#6381198000AC1480
(1785078658.553035) can0 0CF00400#FF7D7F881200FFFF
(1785078658.553281) can0 19F10D13#348A015B0284005D
(1785078658.553364) can0 0CF00400#FF7D80A01200FFFF
(1785078658.554757) can0 0CF00400#FF7D80D81200FFFF
(1785078658.554802) can0 0CF00400#FF7D7FF01200FFFF
(1785078658.554844) can0 0CF00400#FF7D7FE81200FFFF
(1785078658.554872) can0 09F112F8#FFD31B0000FF7FFD
(1785078658.554899) can0 18F01D21#6381198000AC1480
(1785078658.555379) can0 0CF00400#FF7D7FE81200FFFF
(1785078658.555421) can0 19F10D13#358A015B0284005D
(1785078658.555445) can0 0CF00400#FF7D7FE01200FFFF
(1785078658.556836) can0 0CF00400#FF7D7FF01200FFFF
(1785078658.556880) can0 0CF00400#FF7D7F101300FFFF
(1785078658.556921) can0 0CF00400#FF7D7F101300FFFF
(1785078658.556950) can0 18F01D21#6381198000AC1480
(1785078658.556977) can0 0CF00400#FF7D7F101300FFFF
(1785078658.557447) can0 19F10D13#368A015B0284005D
(1785078658.557489) can0 0CF00400#FF7D7F281300FFFF
(1785078658.557513) can0 09F112F8#FFBF1B0000FF7FFD
(1785078658.557866) can0 0CF00400#FF7D7F301300FFFF
(1785078658.559128) can0 0CF00400#FF7D7FF01200FFFF
(1785078658.559188) can0 0CF00400#FF7D7FC01200FFFF
(1785078658.559220) can0 18F01D21#0B81198000AC1480
(1785078658.559248) can0 0CF00400#FF7D7FC81200FFFF
(1785078658.559276) can0 19F10D13#378B015B0284005D
(1785078658.559743) can0 0CF00400#FF7D7FD01200FFFF
(1785078658.559788) can0 0CF00400#FF7D7FA01200FFFF
(1785078658.561068) can0 09F112F8#FFA61B0000FF7FFD
(1785078658.561112) can0 0CF00400#FF7D7FB81200FFFF
(1785078658.561154) can0 0CF00400#FF7D7FB01200FFFF
(1785078658.561183) can0 18F01D21#6381198000AC1480
(1785078658.561210) can0 0CF00400#FF7D7FA81200FFFF
(1785078658.561237) can0 19F10D13#388A015B0284005D
(1785078658.561776) can0 0CF00400#FF7D7FC01200FFFF
(1785078658.561821) can0 09F8021C#38FC540DAF00FFFF
(1785078658.561853) can0 09F8011C#6E7E2718689E53C1
(1785078658.561882) can0 18FEE81C#C709500643643D81
(1785078658.561909) can0 0CF00400#FF7D7FF01200FFFF
(1785078658.562416) can0 0CF00400#FF7D7FF01200FFFF
(1785078658.562629) can0 0CF00400#FF7D7F181300FFFF
(1785078658.562818) can0 18F01D21#6381198000AC1480
(1785078658.562865) can0 09F112F8#FF861B0000FF7FFD
(1785078658.563188) can0 0CF00400#FF7D7F301300FFFF
(1785078658.563246) can0 19F10D13#3989015B0284005E
(1785078658.563509) can0 0CF00400#FF7D7F401300FFFF
(1785078658.564774) can0 0CF00400#FF7D7F401300FFFF
(1785078658.564820) can0 0CF00400#FF7D7F381300FFFF
(1785078658.564862) can0 0CF00400#FF7D7F381300FFFF
(1785078658.564890) can0 18F01D21#6381198000AC1480
(1785078658.565342) can0 0CF00400#FF7D7F481300FFFF
(1785078658.565385) can0 19F10D13#3A8B015B0284005D
(1785078658.565408) can0 0CF00400#FF7D7F481300FFFF
(1785078658.565769) can0 09F112F8#FF661B0000FF7FFD
(1785078658.565814) can0 0CF00400#FF7D7F381300FFFF
(1785078658.567179) can0 0CF00400#FF7D7F381300FFFF
(1785078658.567235) can0 0CF00400#FF7D7F101300FFFF
(1785078658.567264) can0 18F01D21#0B81198000AC1480
(1785078658.567280) can0 0CF00400#FF7D7F081300FFFF
(1785078658.567295) can0 19F10D13#3B8A015B0284005D
(1785078658.567853) can0 0CF00400#FF7D7F001300FFFF
(1785078658.567932) can0 0CF00400#FF7D7F081300FFFF
(1785078658.568254) can0 0CF00400#FF7D7F181300FFFF
(1785078658.568448) can0 09F112F8#FF431B0000FF7FFD
(1785078658.568685) can0 0CF00400#FF7D7F281300FFFF
(1785078658.568746) can0 18F01D21#6381198000AC1480
(1785078658.569116) can0 0CF00400#FF7D7F401300FFFF
(1785078658.569309) can0 19F10D13#3C8A015B0284005D
(1785078658.569355) can0 0CF00400#FF7D7F481300FFFF
(1785078658.570700) can0 0CF00400#FF7D7F481300FFFF
(1785078658.570745) can0 0CF00400#FF7D7F381300FFFF
(1785078658.570776) can0 0CF00400#FF7D7FE81200FFFF
(1785078658.570805) can0 18F01D21#6381198000AC1480
(1785078658.571281) can0 0CF00400#FF7D7FA81200FFFF
(1785078658.571324) can0 09F112F8#FF171B0000FF7FFD
(1785078658.571347) can0 19F10D13#3D8A015B0284005D
(1785078658.571363) can0 0CF00400#FF7D7FA81200FFFF
(1785078658.571799) can0 0CF00400#FF7D7FC01200FFFF
(1785078658.571858) can0 09F8021C#39FCB70CA800FFFF
(1785078658.571890) can0 09F8011C#A07E2718849E53C1
(1785078658.572277) can0 18FEE81C#5409100643643C81
(1785078658.572320) can0 0CF00400#FF7D7FD81200FFFF
(1785078658.572607) can0 0CF00400#FF7D7FE81200FFFF
(1785078658.572815) can0 18F01D21#6381198000AC1480
(1785078658.573083) can0 0CF00400#FF7D7FF81200FFFF
(1785078658.573282) can0 19F10D13#3E89015B0284005E
(1785078658.573361) can0 0CF00400#FF7D7F301300FFFF
(1785078658.574058) can0 18FF50E0#0000800080008001
(1785078658.574379) can0 09F112F8#FFEB1A0000FF7FFD
(1785078658.574422) can0 0CF00400#FF7D7F181300FFFF
(1785078658.574453) can0 0CF00400#FF7D7FE01200FFFF
(1785078658.574816) can0 0CF00400#FF7D7FD81200FFFF
(1785078658.574862) can0 18F01D21#6381198000AC1480
(1785078658.575079) can0 0CF00400#FF7D7FA01200FFFF
(1785078658.576316) can0 19F10D13#3F8A015B0284005D
(1785078658.576349) can0 0CF00400#FF7D7FB01200FFFF
(1785078658.576367) can0 0CF00400#FF7D7FA81200FFFF
(1785078658.576383) can0 0CF00400#FF7D7FA01200FFFF
(1785078658.576754) can0 0CF00400#FF7D7FC01200FFFF
(1785078658.576798) can0 09F112F8#FFC01A0000FF7FFD
(1785078658.576817) can0 18F01D21#6381198000AC1480
(1785078658.577157) can0 0CF00400#FF7D7FE01200FFFF
(1785078658.577323) can0 19F10D13#408A015B0284005D
(1785078658.577359) can0 0CF00400#FF7D7FE01200FFFF
(1785078658.578625) can0 0CF00400#FF7D7FD81200FFFF
(1785078658.578670) can0 0CF00400#FF7D7FD81200FFFF
(1785078658.578701) can0 0CF00400#FF7D7FD81200FFFF
(1785078658.578717) can0 18F01D21#6381198000AC1480
(1785078658.579093) can0 0CF00400#FF7D7FC81200FFFF
(1785078658.579256) can0 19F10D13#418A015B0284005D
(1785078658.579431) can0 0CF00400#FF7D7FC01200FFFF
(1785078658.579461) can0 09F112F8#FF8D1A0000FF7FFD
(1785078658.580727) can0 0CF00400#FF7D7FA81200FFFF
(1785078658.580764) can0 0CF00400#FF7D7FA01200FFFF
(1785078658.580783) can0 0CF00400#FF7D7FD01200FFFF
(1785078658.580799) can0 18F01D21#0B81198000AC1480
(1785078658.581114) can0 0CF00400#FF7D7FE81200FFFF
(1785078658.581282) can0 19F10D13#428A015B0284005D
(1785078658.581332) can0 0CF00400#FF7D7FF01200FFFF
(1785078658.582790) can0 0CF00400#FF7D7FE81200FFFF
(1785078658.582834) can0 09F8021C#3AFCB60CA900FFFF
(1785078658.582858) can0 09F8011C#C67E2718929E53C1
(1785078658.582876) can0 18FEE81C#5309180643643C81
(1785078658.582892) can0 09F112F8#FF611A0000FF7FFD
(1785078658.582907) can0 0CF00400#FF7D7FC81200FFFF
(1785078658.582921) can0 0CF00400#FF7D7F901200FFFF
(1785078658.582933) can0 18F01D21#0B81198000AC1480
(1785078658.582947) can0 0CF00400#FF7D7F801200FFFF
(1785078658.583679) can0 19F10D13#4389015B0284005E
(1785078658.583736) can0 0CF00400#FF7D7F881200FFFF
(1785078658.583763) can0 0CF00400#FF7D7F881200FFFF
(1785078658.585557) can0 0CF00400#FF7D7F881200FFFF
(1785078658.585608) can0 0CF00400#FF7D7FA01200FFFF
(1785078658.585633) can0 18F01D21#6381198000AC1480
(1785078658.585653) can0 09F112F8#FF2C1A0000FF7FFD
(1785078658.585669) can0 0CF00400#FF7D7FD01200FFFF
(1785078658.585685) can0 19F10D13#448A015B0284005D
(1785078658.585704) can0 0CF00400#FF7D7FE81200FFFF
(1785078658.585832) can0 0CF00400#FF7D7FE81200FFFF
(1785078658.587185) can0 0CF00400#FF7D7FC81200FFFF
(1785078658.587232) can0 0CF00400#FF7D7F801200FFFF
(1785078658.587258) can0 18F01D21#6381198000AC1480
(1785078658.587278) can0 0CF00400#FF7D7F481200FFFF
(1785078658.587296) can0 19F10D13#4589015B0284005E
(1785078658.855633) can0 18F01D21#B4241C8000D11580
(1785078658.856021) can0 09F112F8#FFFF1D0000FF7FFD
(1785078658.856099) can0 0CF00400#FF7D7F001200FFFF
(1785078658.856529) can0 19F10D13#0D70015B0284006C
(1785078658.856586) can0 0CF00400#FF7D7FC81100FFFF
(1785078658.856871) can0 0CF00400#FF7D7F901100FFFF
(1785078658.857097) can0 0CF00400#FF7D7F881100FFFF
(1785078658.858346) can0 0CF00400#FF7D7FA01100FFFF
(1785078658.858392) can0 18F01D21#4BF41B8000D11580
(1785078658.858417) can0 0CF00400#FF7D80C81100FFFF
(1785078658.858443) can0 19F10D13#0E73015B0284006A
(1785078658.858460) can0 0CF00400#FF7D80F81100FFFF
(1785078658.858862) can0 09F112F8#FFFF1D0000FF7FFD
(1785078658.858909) can0 0CF00400#FF7D80181200FFFF
(1785078658.859240) can0 0CF00400#FF7D80001200FFFF
(1785078658.860493) can0 0CF00400#FF7D80E01100FFFF
(1785078658.860539) can0 18F01D21#FAC61B8000D11580
(1785078658.860564) can0 0CF00400#FF7D80D01100FFFF
(1785078658.860589) can0 19F10D13#0F74015B02840069
(1785078658.860612) can0 0CF00400#FF7D80E81100FFFF
(1785078658.860999) can0 0CF00400#FF7D80F81100FFFF
(1785078658.861204) can0 0CF00400#FF7D80081200FFFF
(1785078658.861249) can0 09F8021C#2FFC520FAB00FFFF
(1785078658.861274) can0 09F8011C#A27C2718589D53C1
(1785078658.861293) can0 18FEE81C#3D0B30061E644581
(1785078658.861657) can0 09F112F8#FF041E0000FF7FFD
(1785078658.861703) can0 0CF00400#FF7D80301200FFFF
(1785078658.861730) can0 18F01D21#6B911B8000D11580
(1785078658.862036) can0 0CF00400#FF7D80601200FFFF
(1785078658.862240) can0 19F10D13#1076015B02840068
(1785078658.862283) can0 0CF00400#FF7D80901200FFFF
(1785078658.863622) can0 0CF00400#FF7D80C01200FFFF
(1785078658.863667) can0 0CF00400#FF7D80D01200FFFF
(1785078658.863690) can0 0CF00400#FF7D80C01200FFFF
(1785078658.863708) can0 18F01D21#56551B8000D11580
(1785078658.864014) can0 0CF00400#FF7D80B01200FFFF
(1785078658.864209) can0 09F112F8#FF0F1E0000FF7FFD
(1785078658.864251) can0 19F10D13#1179015B02840067
(1785078658.864273) can0 0CF00400#FF7D80A81200FFFF
(1785078658.865634) can0 0CF00400#FF7D80E81200FFFF
(1785078658.865675) can0 0CF00400#FF7D80101300FFFF
(1785078658.865698) can0 0CF00400#FF7D80301300FFFF
(1785078658.865715) can0 18F01D21#7A151B8000AC1480
(1785078658.866012) can0 0CF00400#FF7D80581300FFFF
(1785078658.866202) can0 19F10D13#127B015B02840066
(1785078658.866414) can0 0CF00400#FF7D80781300FFFF
(1785078658.867703) can0 0CF00400#FF7D80781300FFFF
(1785078658.867744) can0 09F112F8#FF131E0000FF7FFD
(1785078658.867767) can0 0CF00400#FF7D7F601300FFFF
(1785078658.867784) can0 0CF00400#FF7D7F681300FFFF
(1785078658.867806) can0 18F01D21#DFBB1A8000AC1480
(1785078658.868189) can0 0CF00400#FF7D7F501300FFFF
(1785078658.868242) can0 19F10D13#137F015B02840063
(1785078658.868267) can0 0CF00400#FF7D7F281300FFFF
(1785078658.869596) can0 0CF00400#FF7D7F181300FFFF
(1785078658.869637) can0 0CF00400#FF7D7F101300FFFF
(1785078658.869660) can0 0CF00400#FF7D7F081300FFFF
(1785078658.869678) can0 18F01D21#3F561A8000AC1480
(1785078658.869959) can0 09F112F8#FF121E0000FF7FFD
(1785078658.870000) can0 0CF00400#FF7D7F201300FFFF
(1785078658.870251) can0 19F10D13#1482015B02840062
(1785078658.870289) can0 0CF00400#FF7D7F381300FFFF
(1785078658.871578) can0 0CF00400#FF7D7F481300FFFF
(1785078658.871620) can0 0CF00400#FF7D7F581300FFFF
(1785078658.871641) can0 09F8021C#30FC510DA900FFFF
(1785078658.871657) can0 09F8011C#C87C2718769D53C1
(1785078658.871672) can0 18FEE81C#C50918061E644381
(1785078658.871686) can0 0CF00400#FF7D7F381300FFFF
(1785078658.871701) can0 18F01D21#ABFD198000AC1480
(1785078658.872208) can0 0CF00400#FF7D7F201300FFFF
(1785078658.872260) can0 19F10D13#1585015B02840060
(1785078658.872284) can0 0CF00400#FF7D7F301300FFFF
(1785078658.872545) can0 09F112F8#FF091E0000FF7FFD
(1785078658.872751) can0 0CF00400#FF7D7F401300FFFF
(1785078658.874098) can0 0CF00400#FF7D7F201300FFFF
(1785078658.874179) can0 0CF00400#FF7D7F381300FFFF
(1785078658.874205) can0 18F01D21#59B9198000AC1480
(1785078658.874223) can0 0CF00400#FF7D7F601300FFFF
(1785078658.874244) can0 19F10D13#1689015B0284005E
(1785078658.874301) can0 0CF00400#FF7D7F601300FFFF
(1785078658.874739) can0 0CF00400#FF7D7F581300FFFF
(1785078658.876010) can0 0CF00400#FF7D7F281300FFFF
(1785078658.876057) can0 09F112F8#FFFB1D0000FF7FFD
(1785078658.876099) can0 0CF00400#FF7D7F001300FFFF
(1785078658.876132) can0 18F01D21#ED93198000AC1480
(1785078658.876146) can0 0CF00400#FF7D7FF81200FFFF
(1785078658.876160) can0 19F10D13#1789015B0284005E
(1785078658.876649) can0 0CF00400#FF7D7FF01200FFFF
(1785078658.876690) can0 0CF00400#FF7D7FC81200FFFF
(1785078658.877977) can0 0CF00400#FF7D7FA81200FFFF
(1785078658.878017) can0 0CF00400#FF7D7FA81200FFFF
(1785078658.878051) can0 18F01D21#D284198000AC1480
(1785078658.878088) can0 0CF00400#FF7D7FA01200FFFF
(1785078658.878119) can0 09F112F8#FFEB1D0000FF7FFD
(1785078658.878512) can0 19F10D13#188A015B0284005D
(1785078658.878563) can0 0CF00400#FF7D7FB01200FFFF
(1785078658.878828) can0 0CF00400#FF7D7FC81200FFFF
(1785078658.879089) can0 0CF00400#FF7D7FC01200FFFF
(1785078658.880329) can0 0CF00400#FF7D7FA81200FFFF
(1785078658.880368) can0 18F01D21#7283198000AC1480
(1785078658.880389) can0 0CF00400#FF7D7F781200FFFF
(1785078658.880405) can0 19F10D13#1989015B0284005E
(1785078658.880424) can0 0CF00400#FF7D7F901200FFFF
(1785078658.880795) can0 0CF00400#FF7D7FA01200FFFF
(1785078658.880856) can0 09F112F8#FFD31D0000FF7FFD
(1785078658.881134) can0 0CF00400#FF7D7FB01200FFFF
(1785078658.882375) can0 09F8021C#31FC1D0EA800FFFF
(1785078658.882414) can0 09F8011C#F27C27188C9D53C1
(1785078658.882435) can0 0CF00400#FF7D7FC01200FFFF
(1785078658.882452) can0 18FEE81C#5A0A10061E644381
(1785078658.882466) can0 18F01D21#6B82198000AC1480
(1785078658.882480) can0 0CF00400#FF7D7FB81200FFFF
(1785078658.882494) can0 19F10D13#1A89015B0284005E
(1785078658.882507) can0 0CF00400#FF7D7FA81200FFFF
(1785078658.883109) can0 0CF00400#FF7D7F981200FFFF
(1785078658.883154) can0 0CF00400#FF7D7F801200FFFF
(1785078658.884430) can0 0CF00400#FF7D7F401200FFFF
(1785078658.884472) can0 09F112F8#FFBD1D0000FF7FFD
(1785078658.884494) can0 18F01D21#6B82198000AC1480
(1785078658.884512) can0 0CF00400#FF7D7F401200FFFF
(1785078658.884527) can0 19F10D13#1B8A015B0284005D
(1785078658.884542) can0 0CF00400#FF7D7F481200FFFF
(1785078658.884979) can0 0CF00400#FF7D7F501200FFFF
(1785078658.885161) can0 0CF00400#FF7D7F701200FFFF
(1785078658.886497) can0 0CF00400#FF7D7F781200FFFF
(1785078658.886537) can0 18F01D21#1382198000AC1480
(1785078658.886559) can0 0CF00400#FF7D7F981200FFFF
(1785078658.886576) can0 19F10D13#1C8A015B0284005D
(1785078658.886591) can0 0CF00400#FF7D7FC81200FFFF
(1785078658.886610) can0 09F112F8#FFA51D0000FF7FFD
(1785078658.887046) can0 0CF00400#FF7D7FE81200FFFF
(1785078658.887091) can0 0CF00400#FF7D7FC01200FFFF
(1785078658.888377) can0 0CF00400#FF7D7F981200FFFF
(1785078658.888417) can0 18F01D21#1382198000AC1480
(1785078658.888438) can0 0CF00400#FF7D7FB81200FFFF
(1785078658.888454) can0 19F10D13#1D8B015B0284005D
(1785078658.888469) can0 0CF00400#FF7D7FC01200FFFF
(1785078658.888876) can0 0CF00400#FF7D7FC81200FFFF
(1785078658.890120) can0 0CF00400#FF7D7FD01200FFFF
(1785078658.890162) can0 09F112F8#FF921D0000FF7FFD
(1785078658.890185) can0 0CF00400#FF7D7FA81200FFFF
(1785078658.890203) can0 18F01D21#BB81198000AC1480
(1785078658.890218) can0 0CF00400#FF7D7FA01200FFFF
(1785078658.890255) can0 19F10D13#1E8A015B0284005D
(1785078658.890273) can0 0CF00400#FF7D7FC01200FFFF
(1785078658.890737) can0 0CF00400#FF7D7FD01200FFFF
(1785078658.891974) can0 0CF00400#FF7D7FC81200FFFF
(1785078658.892016) can0 0CF00400#FF7D7FE01200FFFF
(1785078658.892053) can0 09F8021C#32FC720EAA00FFFF
(1785078658.892092) can0 09F8011C#427D2718BC9D53C1
(1785078658.892124) can0 18F01D21#6381198000AC1480
(1785078658.892139) can0 18FEE81C#990A200620644281
(1785078658.892153) can0 0CF00400#FF7D7FF01200FFFF
(1785078658.892167) can0 09F112F8#FF831D0000FF7FFD
(1785078658.892180) can0 19F10D13#1F89015B0284005E
(1785078658.892767) can0 0CF00400#FF7D7FF81200FFFF
(1785078658.892833) can0 0CF00400#FF7D7FE81200FFFF
(1785078658.894137) can0 0CF00400#FF7D7FE01200FFFF
(1785078658.894177) can0 0CF00400#FF7D7FD81200FFFF
(1785078658.894200) can0 18F01D21#6381198000AC1480
(1785078658.894215) can0 0CF00400#FF7D7FD01200FFFF
(1785078658.894229) can0 19F10D13#208B015B0284005D
(1785078658.894606) can0 0CF00400#FF7D7FD81200FFFF
(1785078658.894810) can0 0CF00400#FF7D7FF01200FFFF
(1785078658.894852) can0 09F112F8#FF781D0000FF7FFD
(1785078658.895134) can0 0CF00400#FF7D7FF81200FFFF
(1785078658.896374) can0 0CF00400#FF7D7FF81200FFFF
(1785078658.896413) can0 18F01D21#6381198000AC1480
(1785078658.896435) can0 0CF00400#FF7D7FF81200FFFF
(1785078658.896451) can0 19F10D13#218A015B0284005D
(1785078658.896466) can0 0CF00400#FF7D7FF01200FFFF
(1785078658.896926) can0 0CF00400#FF7D7FE81200FFFF
(1785078658.897149) can0 0CF00400#FF7D7FE81200FFFF
(1785078658.898394) can0 09F112F8#FF6C1D0000FF7FFD
(1785078658.898435) can0 0CF00400#FF7D7FF01200FFFF
(1785078658.898458) can0 18F01D21#6381198000AC1480
(1785078658.898476) can0 0CF00400#FF7D7F001300FFFF
(1785078658.898491) can0 19F10D13#2289015B0284005E
(1785078658.898506) can0 0CF00400#FF7D7F101300FFFF
(1785078658.898918) can0 0CF00400#FF7D7F101300FFFF
(1785078658.899105) can0 0CF00400#FF7D7FF01200FFFF
(1785078658.900344) can0 0CF00400#FF7D7FD81200FFFF
(1785078658.900386) can0 18F01D21#6381198000AC1480
(1785078658.900417) can0 0CF00400#FF7D7FD01200FFFF
(1785078658.900446) can0 19F10D13#238A015B0284005D
(1785078658.900473) can0 09F112F8#FF571D0000FF7FFD
(1785078658.900501) can0 0CF00400#FF7D7FD01200FFFF
(1785078658.900929) can0 0CF00400#FF7D7FD81200FFFF
(1785078658.901122) can0 0CF00400#FF7D7FD01200FFFF
(1785078658.902445) can0 0CF00400#FF7D7FD81200FFFF
(1785078658.902488) can0 18F01D21#6381198000AC1480
(1785078658.902519) can0 09F8021C#33FC3F0EAC00FFFF
(1785078658.902547) can0 09F8011C#7C7D2718E29D53C1
(1785078658.902575) can0 18FEE81C#730A380620644181
(1785078658.902602) can0 0CF00400#FF7D7FF81200FFFF
(1785078658.902629) can0 19F10D13#248A015B0284005D
(1785078658.902656) can0 0CF00400#FF7D7F181300FFFF
(1785078658.902693) can0 0CF00400#FF7D7F181300FFFF
(1785078658.903271) can0 09F112F8#FF3C1D0000FF7FFD
(1785078658.903316) can0 0CF00400#FF7D7FF81200FFFF
(1785078658.903591) can0 0CF00400#FF7D7FF01200FFFF
(1785078658.903640) can0 18F01D21#6381198000AC1480
(1785078658.904934) can0 0CF00400#FF7D7FD01200FFFF
(1785078658.904977) can0 19F10D13#258A015B0284005D
(1785078658.905009) can0 0CF00400#FF7D7FE01200FFFF
(1785078658.905053) can0 0CF00400#FF7D7FC81200FFFF
(1785078658.905073) can0 0CF00400#FF7D7F901200FFFF
(1785078658.906462) can0 0CF00400#FF7D7FA01200FFFF
(1785078658.906503) can0 09F112F8#FF231D0000FF7FFD
(1785078658.906526) can0 18F01D21#6381198000AC1480
(1785078658.906543) can0 0CF00400#FF7D7FA81200FFFF
(1785078658.906558) can0 19F10D13#268A015B0284005D
(1785078658.906572) can0 0CF00400#FF7D7FB81200FFFF
(1785078658.906978) can0 0CF00400#FF7D7FB01200FFFF
(1785078658.907187) can0 0CF00400#FF7D7F801200FFFF
(1785078658.908508) can0 0CF00400#FF7D7F681200FFFF
(1785078658.908551) can0 18F01D21#0B81198000AC1480
(1785078658.908574) can0 0CF00400#FF7D7F601200FFFF
(1785078658.908592) can0 19F10D13#2789015B0284005E
(1785078658.908607) can0 0CF00400#FF7D7F701200FFFF
(1785078658.908622) can0 09F112F8#FF071D0000FF7FFD
(1785078658.909037) can0 0CF00400#FF7D7F581200FFFF
(1785078658.909094) can0 0CF00400#FF7D7F201200FFFF
(1785078658.910354) can0 0CF00400#FF7D7F401200FFFF
(1785078658.910396) can0 18F01D21#6381198000AC1480
(1785078658.910419) can0 0CF00400#FF7D7F681200FFFF
(1785078658.910436) can0 19F10D13#288A015B0284005D
(1785078658.910450) can0 0CF00400#FF7D7F901200FFFF
(1785078658.910802) can0 0CF00400#FF7D7F981200FFFF
(1785078658.912051) can0 0CF00400#FF7D7F901200FFFF
(1785078658.912095) can0 09F112F8#FFE61C0000FF7FFD
(1785078658.912118) can0 0CF00400#FF7D7F301200FFFF
(1785078658.912136) can0 18F01D21#6381198000AC1480
(1785078658.912151) can0 0CF00400#FF7D7FF01100FFFF
(1785078658.912166) can0 09F8021C#34FC0F0DA900FFFF
(1785078658.912180) can0 09F8011C#AE7D2718FE9D53C1
(1785078658.912194) can0 18FEE81C#9409180620644081
(1785078658.912208) can0 19F10D13#298A015B0284005D
(1785078658.912781) can0 0CF00400#FF7D7FF81100FFFF
(1785078658.912825) can0 0CF00400#FF7D80181200FFFF
(1785078658.913121) can0 0CF00400#FF7D80201200FFFF
(1785078658.914456) can0 0CF00400#FF7D80481200FFFF
(1785078658.914500) can0 18F01D21#0B81198000AC1480
(1785078658.914524) can0 09F112F8#FFCA1C0000FF7FFD
(1785078658.914541) can0 0CF00400#FF7D80881200FFFF
(1785078658.914556) can0 19F10D13#2A8B015B0284005D
(1785078658.914571) can0 0CF00400#FF7D80981200FFFF
(1785078658.914981) can0 0CF00400#FF7D80A81200FFFF
(1785078658.915178) can0 0CF00400#FF7D80C01200FFFF
(1785078658.916517) can0 0CF00400#FF7D80A81200FFFF
(1785078658.916569) can0 18F01D21#6381198000AC1480
(1785078658.916596) can0 0CF00400#FF7D7F881200FFFF
(1785078658.916614) can0 19F10D13#2B8A015B0284005D
(1785078658.916629) can0 0CF00400#FF7D80901200FFFF
(1785078658.916643) can0 09F112F8#FFAA1C0000FF7FFD
(1785078658.917119) can0 0CF00400#FF7D80B81200FFFF
(1785078658.917170) can0 0CF00400#FF7D7FB01200FFFF
(1785078658.918453) can0 0CF00400#FF7D7FC01200FFFF
(1785078658.918496) can0 18F01D21#0B81198000AC1480
(1785078658.918518) can0 0CF00400#FF7D7FE81200FFFF
(1785078658.918535) can0 19F10D13#2C89015B0284005E
(1785078658.918550) can0 0CF00400#FF7D7FF01200FFFF
(1785078658.918899) can0 0CF00400#FF7D7FE81200FFFF
(1785078658.919098) can0 0CF00400#FF7D7FF81200FFFF
(1785078658.920412) can0 09F112F8#FF831C0000FF7FFD
(1785078658.920455) can0 0CF00400#FF7D7FC01200FFFF
(1785078658.920477) can0 18F01D21#0B81198000AC1480
(1785078658.920495) can0 0CF00400#FF7D7F981200FFFF
(1785078658.920510) can0 19F10D13#2D89015B0284005E
(1785078658.920525) can0 0CF00400#FF7D7F781200FFFF
(1785078658.920941) can0 0CF00400#FF7D7F681200FFFF
(1785078658.921139) can0 0CF00400#FF7D7F181200FFFF
(1785078658.922387) can0 0CF00400#FF7D7F201200FFFF
(1785078658.922428) can0 18F01D21#6381198000AC1480
(1785078658.922451) can0 0CF00400#FF7D80501200FFFF
(1785078658.922468) can0 09F112F8#FF631C0000FF7FFD
(1785078658.922483) can0 09F8021C#35FCFB0DAA00FFFF
(1785078658.922497) can0 09F8021C#36FCFB0DAA00FFFF
(1785078658.922511) can0 09F8011C#D87D2718169E53C1
(1785078658.922524) can0 19F10D13#2E89015B0284005E
(1785078658.922538) can0 18FEE81C#410A200641643F81
(1785078658.922551) can0 0CF00400#FF7D80701200FFFF
(1785078658.923184) can0 0CF00400#FF7D80881200FFFF
(1785078658.923237) can0 0CF00400#FF7D80B01200FFFF
(1785078658.924503) can0 0CF00400#FF7D80981200FFFF
(1785078658.924546) can0 18F01D21#6381198000AC1480
(1785078658.924579) can0 0CF00400#FF7D80701200FFFF
(1785078658.924628) can0 19F10D13#2F89015B0284005E
(1785078658.924658) can0 0CF00400#FF7D80581200FFFF
(1785078658.924685) can0 0CF00400#FF7D80701200FFFF
(1785078658.924713) can0 09F112F8#FF451C0000FF7FFD
(1785078658.925195) can0 0CF00400#FF7D80601200FFFF
(1785078658.926436) can0 0CF00400#FF7D80581200FFFF
(1785078658.926480) can0 18F01D21#0B81198000AC1480
(1785078658.926511) can0 0CF00400#FF7D80701200FFFF
(1785078658.926539) can0 19F10D13#3089015B0284005E
(1785078658.926567) can0 0CF00400#FF7D80A01200FFFF
(1785078658.926925) can0 0CF00400#FF7D80C81200FFFF
(1785078658.927143) can0 0CF00400#FF7D80D01200FFFF
(1785078658.928499) can0 09F112F8#FF2B1C0000FF7FFD
(1785078658.928551) can0 0CF00400#FF7D80C01200FFFF
(1785078658.928586) can0 18F01D21#6381198000AC1480
(1785078658.928615) can0 0CF00400#FF7D80B81200FFFF
(1785078658.928643) can0 19F10D13#318A015B0284005D
(1785078658.928670) can0 0CF00400#FF7D80C81200FFFF
(1785078658.928697) can0 0CF00400#FF7D80C81200FFFF
(1785078658.929214) can0 0CF00400#FF7D7FB81200FFFF
(1785078658.930581) can0 0CF00400#FF7D7FD01200FFFF
(1785078658.930634) can0 18F01D21#6381198000AC1480
(1785078658.930668) can0 0CF00400#FF7D80F81200FFFF
(1785078658.930698) can0 19F10D13#328A015B0284005D
(1785078658.930726) can0 09F112F8#FF0C1C0000FF7FFD
(1785078658.930753) can0 0CF00400#FF7D80181300FFFF
(1785078658.930780) can0 0CF00400#FF7D7F081300FFFF
(1785078658.931302) can0 0CF00400#FF7D7F001300FFFF
(1785078658.931503) can0 0CF00400#FF7D7FE81200FFFF
(1785078658.931691) can0 18F01D21#6381198000AC1480
(1785078658.931894) can0 0CF00400#FF7D7FE01200FFFF
(1785078658.933146) can0 19F10D13#338A015B0284005D
(1785078658.933188) can0 0CF00400#FF7D7FD81200FFFF
(1785078658.933220) can0 09F8021C#37FC7E0DAC00FFFF
(1785078658.933248) can0 09F8011C#387E27184A9E53C1
(1785078658.933276) can0 18FEE81C#E609380645643E81
(1785078658.933303) can0 0CF00400#FF7D7F901200FFFF
(1785078658.933330) can0 09F112F8#FFEB1B0000FF7FFD
(1785078658.933357) can0 0CF00400#FF7D7F801200FFFF
(1785078658.933900) can0 0CF00400#FF7D7F801200FFFF
(1785078658.933945) can0 18F01D21#6381198000AC1480
(1785078658.933978) can0 0CF00400#FF7D7F881200FFFF
(1785078658.934271) can0 19F10D13#348A015B0284005D
(1785078658.934314) can0 0CF00400#FF7D80A01200FFFF
(1785078658.935606) can0 0CF00400#FF7D80D81200FFFF
(1785078658.935650) can0 0CF00400#FF7D7FF01200FFFF
(1785078658.935692) can0 0CF00400#FF7D7FE81200FFFF
(1785078658.935720) can0 09F112F8#FFD31B0000FF7FFD
(1785078658.935748) can0 18F01D21#6381198000AC1480
(1785078658.936141) can0 0CF00400#FF7D7FE81200FFFF
(1785078658.936184) can0 19F10D13#358A015B0284005D
(1785078658.936434) can0 0CF00400#FF7D7FE01200FFFF
(1785078658.937667) can0 0CF00400#FF7D7FF01200FFFF
(1785078658.937709) can0 0CF00400#FF7D7F101300FFFF
(1785078658.937751) can0 0CF00400#FF7D7F101300FFFF
(1785078658.937779) can0 18F01D21#6381198000AC1480
(1785078658.938074) can0 0CF00400#FF7D7F101300FFFF
(1785078658.938243) can0 19F10D13#368A015B0284005D
(1785078658.938282) can0 0CF00400#FF7D7F281300FFFF
(1785078658.938312) can0 09F112F8#FFBF1B0000FF7FFD
(1785078658.939659) can0 0CF00400#FF7D7F301300FFFF
(1785078658.939701) can0 0CF00400#FF7D7FF01200FFFF
(1785078658.939743) can0 0CF00400#FF7D7FC01200FFFF
(1785078658.939771) can0 18F01D21#0B81198000AC1480
(1785078658.940068) can0 0CF00400#FF7D7FC81200FFFF
(1785078658.940238) can0 19F10D13#378B015B0284005D
(1785078658.940278) can0 0CF00400#FF7D7FD01200FFFF
(1785078658.941565) can0 0CF00400#FF7D7FA01200FFFF
(1785078658.941605) can0 09F112F8#FFA61B0000FF7FFD
(1785078658.941636) can0 0CF00400#FF7D7FB81200FFFF
(1785078658.941674) can0 0CF00400#FF7D7FB01200FFFF
(1785078658.941701) can0 18F01D21#6381198000AC1480
(1785078658.942075) can0 0CF00400#FF7D7FA81200FFFF
(1785078658.942256) can0 19F10D13#388A015B0284005D
(1785078658.942298) can0 0CF00400#FF7D7FC01200FFFF
(1785078658.943586) can0 09F8021C#38FC540DAF00FFFF
(1785078658.943626) can0 09F8011C#6E7E2718689E53C1
(1785078658.943658) can0 18FEE81C#C709500643643D81
(1785078658.943686) can0 0CF00400#FF7D7FF01200FFFF
(1785078658.943714) can0 0CF00400#FF7D7FF01200FFFF
(1785078658.943751) can0 0CF00400#FF7D7F181300FFFF
(1785078658.943779) can0 18F01D21#6381198000AC1480
(1785078658.943806) can0 09F112F8#FF861B0000FF7FFD
(1785078658.944338) can0 0CF00400#FF7D7F301300FFFF
(1785078658.944385) can0 19F10D13#3989015B0284005E
(1785078658.944418) can0 0CF00400#FF7D7F401300FFFF
(1785078658.945747) can0 0CF00400#FF7D7F401300FFFF
(1785078658.945788) can0 0CF00400#FF7D7F381300FFFF
(1785078658.945830) can0 0CF00400#FF7D7F381300FFFF
(1785078658.945857) can0 18F01D21#6381198000AC1480
(1785078658.945884) can0 0CF00400#FF7D7F481300FFFF
(1785078658.946301) can0 19F10D13#3A8B015B0284005D
(1785078658.946351) can0 0CF00400#FF7D7F481300FFFF
(1785078658.946622) can0 09F112F8#FF661B0000FF7FFD
(1785078658.946852) can0 0CF00400#FF7D7F381300FFFF
(1785078658.948070) can0 0CF00400#FF7D7F381300FFFF
(1785078658.948136) can0 0CF00400#FF7D7F101300FFFF
(1785078658.948179) can0 18F01D21#0B81198000AC1480
(1785078658.948208) can0 0CF00400#FF7D7F081300FFFF
(1785078658.948235) can0 19F10D13#3B8A015B0284005D
(1785078658.948262) can0 0CF00400#FF7D7F001300FFFF
(1785078658.949762) can0 0CF00400#FF7D7F081300FFFF
(1785078658.949825) can0 0CF00400#FF7D7F181300FFFF
(1785078658.949858) can0 09F112F8#FF431B0000FF7FFD
(1785078658.949887) can0 0CF00400#FF7D7F281300FFFF
(1785078658.949926) can0 18F01D21#6381198000AC1480
(1785078658.949953) can0 0CF00400#FF7D7F401300FFFF
(1785078658.950427) can0 19F10D13#3C8A015B0284005D
(1785078658.950471) can0 0CF00400#FF7D7F481300FFFF
(1785078658.950734) can0 0CF00400#FF7D7F481300FFFF
(1785078658.952005) can0 0CF00400#FF7D7F381300FFFF
(1785078658.952063) can0 0CF00400#FF7D7FE81200FFFF
(1785078658.952097) can0 18F01D21#6381198000AC1480
(1785078658.952138) can0 0CF00400#FF7D7FA81200FFFF
(1785078658.952168) can0 09F112F8#FF171B0000FF7FFD
(1785078658.952197) can0 19F10D13#3D8A015B0284005D
(1785078658.952690) can0 0CF00400#FF7D7FA81200FFFF
(1785078658.952745) can0 0CF00400#FF7D7FC01200FFFF
(1785078658.952780) can0 09F8021C#39FCB70CA800FFFF
(1785078658.952810) can0 09F8011C#A07E2718849E53C1
(1785078658.953259) can0 18FEE81C#5409100643643C81
(1785078658.953311) can0 0CF00400#FF7D7FD81200FFFF
(1785078658.953629) can0 0CF00400#FF7D7FE81200FFFF
(1785078658.953678) can0 18F01D21#6381198000AC1480
(1785078658.954023) can0 0CF00400#FF7D7FF81200FFFF
(1785078658.954254) can0 19F10D13#3E89015B0284005E
(1785078658.954305) can0 0CF00400#FF7D7F301300FFFF
(1785078658.954907) can0 18FF50E0#0000800080008001
(1785078658.955997) can0 09F112F8#FFEB1A0000FF7FFD
(1785078658.956067) can0 0CF00400#FF7D7F181300FFFF
(1785078658.956102) can0 0CF00400#FF7D7FE01200FFFF
(1785078658.956123) can0 0CF00400#FF7D7FD81200FFFF
(1785078658.956143) can0 18F01D21#6381198000AC1480
(1785078658.956167) can0 0CF00400#FF7D7FA01200FFFF
(1785078658.956183) can0 19F10D13#3F8A015B0284005D
(1785078658.957188) can0 0CF00400#FF7D7FB01200FFFF
(1785078658.957247) can0 0CF00400#FF7D7FA81200FFFF
(1785078658.957291) can0 0CF00400#FF7D7FA01200FFFF
(1785078658.958556) can0 0CF00400#FF7D7FC01200FFFF
(1785078658.958605) can0 09F112F8#FFC01A0000FF7FFD
(1785078658.958632) can0 18F01D21#6381198000AC1480
(1785078658.958654) can0 0CF00400#FF7D7FE01200FFFF
(1785078658.958678) can0 19F10D13#408A015B0284005D
(1785078658.958695) can0 0CF00400#FF7D7FE01200FFFF
(1785078658.958747) can0 0CF00400#FF7D7FD81200FFFF
(1785078658.959723) can0 0CF00400#FF7D7FD81200FFFF
